

================================================================
== Vitis HLS Report for 'FIR_filter_transposed_1'
================================================================
* Date:           Sun Nov 16 16:33:13 2025

* Version:        2024.2 (Build 5238294 on Nov  8 2024)
* Project:        Multirate_v4
* Solution:       hls (Vivado IP Flow Target)
* Product family: zynquplus
* Target device:  xck26-sfvc784-2LV-c


================================================================
== Performance Estimates
================================================================
+ Timing: 
    * Summary: 
    +--------+----------+----------+------------+
    |  Clock |  Target  | Estimated| Uncertainty|
    +--------+----------+----------+------------+
    |ap_clk  |  10.00 ns|  3.396 ns|     2.70 ns|
    +--------+----------+----------+------------+

+ Latency: 
    * Summary: 
    +---------+---------+----------+----------+-----+-----+---------+
    |  Latency (cycles) |  Latency (absolute) |  Interval | Pipeline|
    |   min   |   max   |    min   |    max   | min | max |   Type  |
    +---------+---------+----------+----------+-----+-----+---------+
    |        0|        0|      0 ns|      0 ns|    1|    1|      yes|
    +---------+---------+----------+----------+-----+-----+---------+

    + Detail: 
        * Instance: 
        N/A

        * Loop: 
        N/A



================================================================
== Utilization Estimates
================================================================
* Summary: 
+-----------------+---------+------+--------+--------+-----+
|       Name      | BRAM_18K|  DSP |   FF   |   LUT  | URAM|
+-----------------+---------+------+--------+--------+-----+
|DSP              |        -|     -|       -|       -|    -|
|Expression       |        -|     -|       0|     156|    -|
|FIFO             |        -|     -|       -|       -|    -|
|Instance         |        -|     5|       0|      25|    -|
|Memory           |        -|     -|       -|       -|    -|
|Multiplexer      |        -|     -|       -|       -|    -|
|Register         |        -|     -|       -|       -|    -|
+-----------------+---------+------+--------+--------+-----+
|Total            |        0|     5|       0|     181|    0|
+-----------------+---------+------+--------+--------+-----+
|Available        |      288|  1248|  234240|  117120|   64|
+-----------------+---------+------+--------+--------+-----+
|Utilization (%)  |        0|    ~0|       0|      ~0|    0|
+-----------------+---------+------+--------+--------+-----+

+ Detail: 
    * Instance: 
    +------------------------+---------------------+---------+----+---+----+-----+
    |        Instance        |        Module       | BRAM_18K| DSP| FF| LUT| URAM|
    +------------------------+---------------------+---------+----+---+----+-----+
    |mul_10s_16s_25_1_1_U1   |mul_10s_16s_25_1_1   |        0|   1|  0|   5|    0|
    |mul_16s_10s_26_1_1_U5   |mul_16s_10s_26_1_1   |        0|   1|  0|   5|    0|
    |mul_16s_13s_29_1_1_U2   |mul_16s_13s_29_1_1   |        0|   1|  0|   5|    0|
    |mul_16s_13s_29_1_1_U4   |mul_16s_13s_29_1_1   |        0|   1|  0|   5|    0|
    |mul_16s_14ns_30_1_1_U3  |mul_16s_14ns_30_1_1  |        0|   1|  0|   5|    0|
    +------------------------+---------------------+---------+----+---+----+-----+
    |Total                   |                     |        0|   5|  0|  25|    0|
    +------------------------+---------------------+---------+----+---+----+-----+

    * DSP: 
    N/A

    * Memory: 
    N/A

    * FIFO: 
    N/A

    * Expression: 
    +----------------------+----------+----+---+----+------------+------------+
    |     Variable Name    | Operation| DSP| FF| LUT| Bitwidth P0| Bitwidth P1|
    +----------------------+----------+----+---+----+------------+------------+
    |add_ln84_fu_142_p2    |         +|   0|  0|  39|          32|          32|
    |add_ln87_4_fu_264_p2  |         +|   0|  0|  39|          32|          32|
    |add_ln87_5_fu_270_p2  |         +|   0|  0|  39|          32|          32|
    |add_ln87_fu_192_p2    |         +|   0|  0|  39|          32|          32|
    +----------------------+----------+----+---+----+------------+------------+
    |Total                 |          |   0|  0| 156|         128|         128|
    +----------------------+----------+----+---+----+------------+------------+

    * Multiplexer: 
    N/A

    * Register: 
    N/A



================================================================
== Interface
================================================================
* Summary: 
+--------------------+-----+-----+------------+-------------------------+--------------+
|      RTL Ports     | Dir | Bits|  Protocol  |      Source Object      |    C Type    |
+--------------------+-----+-----+------------+-------------------------+--------------+
|ap_ready            |  out|    1|  ap_ctrl_hs|  FIR_filter_transposed.1|  return value|
|ap_return_0         |  out|   16|  ap_ctrl_hs|  FIR_filter_transposed.1|  return value|
|ap_return_1         |  out|   32|  ap_ctrl_hs|  FIR_filter_transposed.1|  return value|
|ap_return_2         |  out|   32|  ap_ctrl_hs|  FIR_filter_transposed.1|  return value|
|ap_return_3         |  out|   32|  ap_ctrl_hs|  FIR_filter_transposed.1|  return value|
|ap_return_4         |  out|   32|  ap_ctrl_hs|  FIR_filter_transposed.1|  return value|
|ap_rst              |   in|    1|  ap_ctrl_hs|  FIR_filter_transposed.1|  return value|
|FIR_delays_read     |   in|   32|     ap_none|          FIR_delays_read|        scalar|
|FIR_delays_read_25  |   in|   32|     ap_none|       FIR_delays_read_25|        scalar|
|FIR_delays_read_26  |   in|   32|     ap_none|       FIR_delays_read_26|        scalar|
|FIR_delays_read_27  |   in|   32|     ap_none|       FIR_delays_read_27|        scalar|
|FIR_coe_read        |   in|   10|     ap_none|             FIR_coe_read|        scalar|
|FIR_coe_read_14     |   in|   13|     ap_none|          FIR_coe_read_14|        scalar|
|FIR_coe_read_15     |   in|   14|     ap_none|          FIR_coe_read_15|        scalar|
|FIR_coe_read_16     |   in|   13|     ap_none|          FIR_coe_read_16|        scalar|
|FIR_coe_read_17     |   in|   10|     ap_none|          FIR_coe_read_17|        scalar|
|x_n                 |   in|   16|     ap_none|                      x_n|        scalar|
+--------------------+-----+-----+------------+-------------------------+--------------+

