INFO: [SIM 2] *************** CSIM start ***************
INFO: [SIM 4] CSIM will launch CLANG as the compiler.
   Compiling ../../../../FIR_HLS_TB.cpp in debug mode
   Compiling ../../../../FIR_HLS.cpp in debug mode
   Generating csim.exe
INFO: Reading ../../../../../../Matlab/TS_HLS_normal.dat
INFO: Read 460 samples from ../../../../../../Matlab/TS_HLS_normal.dat
INFO: Reading ../../../../../../Matlab/TS_HLS_normal.res
INFO: Read 460 samples from ../../../../../../Matlab/TS_HLS_normal.res
INFO: Input and reference data lengths match.
Mismatch at sample  176: ref=-0.00701904, dut=-0.00909424
Mismatch at sample  178: ref=-0.00222778, dut=-0.0045166
Mismatch at sample  184: ref=0.0149536, dut=0.0180969
Mismatch at sample  186: ref=0.00137329, dut=0.00482178
Mismatch at sample  190: ref=-0.0353394, dut=-0.0389099
Mismatch at sample  192: ref=-0.024292, dut=-0.0335083
Mismatch at sample  194: ref=0.0320129, dut=0.0184631
Mismatch at sample  196: ref=0.143555, dut=0.128998
Mismatch at sample  198: ref=0.305847, dut=0.294525
Mismatch at sample  200: ref=0.499207, dut=0.494873
Mismatch at sample  202: ref=0.693695, dut=0.69812
Mismatch at sample  204: ref=0.857208, dut=0.869659
Mismatch at sample  206: ref=0.963898, dut=0.981598
Mismatch at sample  208: ref=0.999634, dut=-0.981049
Mismatch at sample  210: ref=0.963074, dut=0.980743
Mismatch at sample  212: ref=0.862518, dut=0.876617
Mismatch at sample  214: ref=0.710724, dut=0.720917
Mismatch at sample  216: ref=0.52066, dut=0.527557
Mismatch at sample  218: ref=0.303314, dut=0.307648
Mismatch at sample  224: ref=-0.408691, dut=-0.413086
Mismatch at sample  226: ref=-0.62207, dut=-0.630615
Mismatch at sample  228: ref=-0.797058, dut=-0.809601
Mismatch at sample  230: ref=-0.919678, dut=-0.93512
Mismatch at sample  232: ref=-0.980957, dut=-0.997711
Mismatch at sample  234: ref=-0.978027, dut=-0.994415
Mismatch at sample  236: ref=-0.913452, dut=-0.928223
Mismatch at sample  238: ref=-0.793518, dut=-0.80603
Mismatch at sample  240: ref=-0.626587, dut=-0.636597
Mismatch at sample  242: ref=-0.42218, dut=-0.429535
Mismatch at sample  244: ref=-0.191132, dut=-0.195526
Mismatch at sample  248: ref=0.297668, dut=0.300751
Mismatch at sample  250: ref=0.524231, dut=0.531464
Mismatch at sample  252: ref=0.717529, dut=0.728546
Mismatch at sample  254: ref=0.864075, dut=0.87793
Mismatch at sample  256: ref=0.954376, dut=0.969788
Mismatch at sample  258: ref=0.983673, dut=0.99939
Mismatch at sample  260: ref=0.95163, dut=0.966614
Mismatch at sample  262: ref=0.861328, dut=0.874847
Mismatch at sample  264: ref=0.718506, dut=0.730042
Mismatch at sample  266: ref=0.531281, dut=0.540344
Mismatch at sample  268: ref=0.31015, dut=0.316132
Mismatch at sample  270: ref=0.0681152, dut=0.0704346
Mismatch at sample  274: ref=-0.416443, dut=-0.422363
Mismatch at sample  276: ref=-0.626556, dut=-0.636261
Mismatch at sample  278: ref=-0.796051, dut=-0.808746
Mismatch at sample  280: ref=-0.914398, dut=-0.929047
Mismatch at sample  282: ref=-0.975006, dut=-0.99054
Mismatch at sample  284: ref=-0.974945, dut=-0.990479
Mismatch at sample  286: ref=-0.914764, dut=-0.929504
Mismatch at sample  288: ref=-0.798035, dut=-0.811249
Mismatch at sample  290: ref=-0.631317, dut=-0.642334
Mismatch at sample  292: ref=-0.424316, dut=-0.432343
Mismatch at sample  294: ref=-0.189636, dut=-0.194031
Mismatch at sample  298: ref=0.301453, dut=0.305298
Mismatch at sample  300: ref=0.525665, dut=0.533325
Mismatch at sample  302: ref=0.715942, dut=0.726807
Mismatch at sample  304: ref=0.860626, dut=0.87384
Mismatch at sample  306: ref=0.951294, dut=0.965973
Mismatch at sample  308: ref=0.982758, dut=0.998077
Mismatch at sample  310: ref=0.953278, dut=0.968353
Mismatch at sample  312: ref=0.864349, dut=0.878387
Mismatch at sample  314: ref=0.721008, dut=0.733124
Mismatch at sample  316: ref=0.531799, dut=0.541138
Mismatch at sample  318: ref=0.308472, dut=0.314362
Mismatch at sample  322: ref=-0.18158, dut=-0.183777
Mismatch at sample  324: ref=-0.416626, dut=-0.422729
Mismatch at sample  326: ref=-0.624939, dut=-0.63446
Mismatch at sample  328: ref=-0.793701, dut=-0.805969
Mismatch at sample  330: ref=-0.912811, dut=-0.927032
Mismatch at sample  332: ref=-0.975067, dut=-0.990448
Mismatch at sample  334: ref=-0.976532, dut=-0.992218
Mismatch at sample  336: ref=-0.916809, dut=-0.931885
Mismatch at sample  338: ref=-0.799255, dut=-0.812805
Mismatch at sample  340: ref=-0.631073, dut=-0.64212
Mismatch at sample  342: ref=-0.422821, dut=-0.430634
Mismatch at sample  344: ref=-0.187866, dut=-0.191895
Mismatch at sample  348: ref=0.301086, dut=0.304993
Mismatch at sample  350: ref=0.524261, dut=0.531769
Mismatch at sample  352: ref=0.714447, dut=0.725037
Mismatch at sample  354: ref=0.859955, dut=0.872955
Mismatch at sample  356: ref=0.951782, dut=0.966461
Mismatch at sample  358: ref=0.98407, dut=0.999542
Mismatch at sample  360: ref=0.954559, dut=0.969849
Mismatch at sample  362: ref=0.864838, dut=0.878998
Mismatch at sample  364: ref=0.720459, dut=0.732513
Mismatch at sample  366: ref=0.53064, dut=0.539764
Mismatch at sample  368: ref=0.307465, dut=0.31308
Mismatch at sample  372: ref=-0.180878, dut=-0.183044
Mismatch at sample  374: ref=-0.415436, dut=-0.421326
Mismatch at sample  376: ref=-0.623901, dut=-0.633148
Mismatch at sample  378: ref=-0.793274, dut=-0.805389
Mismatch at sample  380: ref=-0.912994, dut=-0.927216
Mismatch at sample  382: ref=-0.975342, dut=-0.990845
Mismatch at sample  384: ref=-0.976227, dut=-0.992035
Mismatch at sample  386: ref=-0.915344, dut=-0.930481
Mismatch at sample  388: ref=-0.796448, dut=-0.809906
Mismatch at sample  390: ref=-0.626862, dut=-0.637848
Mismatch at sample  392: ref=-0.41861, dut=-0.42572
Mismatch at sample  394: ref=-0.18338, dut=-0.187378
Mismatch at sample  398: ref=0.305145, dut=0.308929
Mismatch at sample  400: ref=0.528229, dut=0.535675
Mismatch at sample  402: ref=0.71814, dut=0.72876
Mismatch at sample  404: ref=0.862946, dut=0.876068
Mismatch at sample  406: ref=0.953522, dut=0.968323
Mismatch at sample  408: ref=0.984161, dut=0.999725
Mismatch at sample  410: ref=0.952972, dut=0.968323
Mismatch at sample  412: ref=0.861908, dut=0.876068
Mismatch at sample  414: ref=0.716675, dut=0.72876
Mismatch at sample  416: ref=0.526428, dut=0.535675
Mismatch at sample  418: ref=0.303101, dut=0.308929
Mismatch at sample  420: ref=0.0606995, dut=0.0627441
Mismatch at sample  424: ref=-0.420044, dut=-0.42572
Mismatch at sample  426: ref=-0.628174, dut=-0.637299
Mismatch at sample  428: ref=-0.796875, dut=-0.808868
Mismatch at sample  430: ref=-0.915466, dut=-0.929596
Mismatch at sample  432: ref=-0.976563, dut=-0.991913
Mismatch at sample  434: ref=-0.976288, dut=-0.991913
Mismatch at sample  436: ref=-0.914673, dut=-0.929596
Mismatch at sample  438: ref=-0.795593, dut=-0.808868
Mismatch at sample  440: ref=-0.626526, dut=-0.637299
Mismatch at sample  442: ref=-0.418091, dut=-0.42572
Mismatch at sample  444: ref=-0.18338, dut=-0.187378
Mismatch at sample  448: ref=0.305145, dut=0.308929
Mismatch at sample  450: ref=0.528229, dut=0.535675
Mismatch at sample  452: ref=0.71814, dut=0.72876
Mismatch at sample  454: ref=0.862946, dut=0.876068
Mismatch at sample  456: ref=0.953522, dut=0.968323
Mismatch at sample  458: ref=0.984161, dut=0.999725
---------------------------------------
Testbench Results
Samples processed : 460
Mismatches        : 128
Status: FAIL [!!] (128 samples out of tolerance)
---------------------------------------
INFO [HLS SIM]: The maximum depth reached by any hls::stream() instance in the design is 460
INFO: [SIM 1] CSim done with 0 errors.
INFO: [SIM 3] *************** CSIM finish ***************
