

================================================================
== Vitis HLS Report for 'Fast_Running_FIR_HLS'
================================================================
* Date:           Sat Jan 17 11:06:46 2026

* Version:        2024.2 (Build 5238294 on Nov  8 2024)
* Project:        Fast_Running_FIR_HLS
* Solution:       hls (Vivado IP Flow Target)
* Product family: zynquplus
* Target device:  xck26-sfvc784-2LV-c


================================================================
== Performance Estimates
================================================================
+ Timing: 
    * Summary: 
    +--------+----------+----------+------------+
    |  Clock |  Target  | Estimated| Uncertainty|
    +--------+----------+----------+------------+
    |ap_clk  |  10.00 ns|  5.870 ns|     2.70 ns|
    +--------+----------+----------+------------+

+ Latency: 
    * Summary: 
    +---------+---------+----------+----------+-----+-----+---------+
    |  Latency (cycles) |  Latency (absolute) |  Interval | Pipeline|
    |   min   |   max   |    min   |    max   | min | max |   Type  |
    +---------+---------+----------+----------+-----+-----+---------+
    |      200|      200|  2.000 us|  2.000 us|  201|  201|       no|
    +---------+---------+----------+----------+-----+-----+---------+

    + Detail: 
        * Instance: 
        +-----------------------------------------------------------+------------------------------------------------+---------+---------+----------+----------+-----+-----+------------------------------------------------+
        |                                                           |                                                |  Latency (cycles) |  Latency (absolute) |  Interval |                    Pipeline                    |
        |                          Instance                         |                     Module                     |   min   |   max   |    min   |    max   | min | max |                      Type                      |
        +-----------------------------------------------------------+------------------------------------------------+---------+---------+----------+----------+-----+-----+------------------------------------------------+
        |grp_Fast_Running_FIR_HLS_Pipeline_VITIS_LOOP_37_1_fu_122   |Fast_Running_FIR_HLS_Pipeline_VITIS_LOOP_37_1   |      197|      197|  1.970 us|  1.970 us|  196|  196|  loop auto-rewind stp (delay=0 clock cycles(s))|
        |grp_Fast_Running_FIR_HLS_Pipeline_VITIS_LOOP_37_11_fu_131  |Fast_Running_FIR_HLS_Pipeline_VITIS_LOOP_37_11  |      197|      197|  1.970 us|  1.970 us|  196|  196|  loop auto-rewind stp (delay=0 clock cycles(s))|
        |grp_Fast_Running_FIR_HLS_Pipeline_VITIS_LOOP_37_12_fu_140  |Fast_Running_FIR_HLS_Pipeline_VITIS_LOOP_37_12  |      197|      197|  1.970 us|  1.970 us|  196|  196|  loop auto-rewind stp (delay=0 clock cycles(s))|
        +-----------------------------------------------------------+------------------------------------------------+---------+---------+----------+----------+-----+-----+------------------------------------------------+

        * Loop: 
        N/A



================================================================
== Utilization Estimates
================================================================
* Summary: 
+-----------------+---------+------+--------+--------+-----+
|       Name      | BRAM_18K|  DSP |   FF   |   LUT  | URAM|
+-----------------+---------+------+--------+--------+-----+
|DSP              |        -|     1|       -|       -|    -|
|Expression       |        -|     -|       0|     174|    -|
|FIFO             |        -|     -|       -|       -|    -|
|Instance         |        3|     5|     147|     391|    -|
|Memory           |        6|     -|       0|       0|    0|
|Multiplexer      |        -|     -|       0|     137|    -|
|Register         |        -|     -|     155|       -|    -|
+-----------------+---------+------+--------+--------+-----+
|Total            |        9|     6|     302|     702|    0|
+-----------------+---------+------+--------+--------+-----+
|Available        |      288|  1248|  234240|  117120|   64|
+-----------------+---------+------+--------+--------+-----+
|Utilization (%)  |        3|    ~0|      ~0|      ~0|    0|
+-----------------+---------+------+--------+--------+-----+

+ Detail: 
    * Instance: 
    +-----------------------------------------------------------+------------------------------------------------+---------+----+----+-----+-----+
    |                          Instance                         |                     Module                     | BRAM_18K| DSP| FF | LUT | URAM|
    +-----------------------------------------------------------+------------------------------------------------+---------+----+----+-----+-----+
    |grp_Fast_Running_FIR_HLS_Pipeline_VITIS_LOOP_37_1_fu_122   |Fast_Running_FIR_HLS_Pipeline_VITIS_LOOP_37_1   |        1|   1|  49|  127|    0|
    |grp_Fast_Running_FIR_HLS_Pipeline_VITIS_LOOP_37_11_fu_131  |Fast_Running_FIR_HLS_Pipeline_VITIS_LOOP_37_11  |        1|   1|  49|  127|    0|
    |grp_Fast_Running_FIR_HLS_Pipeline_VITIS_LOOP_37_12_fu_140  |Fast_Running_FIR_HLS_Pipeline_VITIS_LOOP_37_12  |        1|   1|  49|  127|    0|
    |mul_16s_10s_25_1_1_U15                                     |mul_16s_10s_25_1_1                              |        0|   1|   0|    5|    0|
    |mul_16s_9s_24_1_1_U14                                      |mul_16s_9s_24_1_1                               |        0|   1|   0|    5|    0|
    +-----------------------------------------------------------+------------------------------------------------+---------+----+----+-----+-----+
    |Total                                                      |                                                |        3|   5| 147|  391|    0|
    +-----------------------------------------------------------+------------------------------------------------+---------+----+----+-----+-----+

    * DSP: 
    +-----------------------------------+-------------------------------+--------------+
    |              Instance             |             Module            |  Expression  |
    +-----------------------------------+-------------------------------+--------------+
    |mac_muladd_16s_7ns_32s_32_4_1_U16  |mac_muladd_16s_7ns_32s_32_4_1  |  i0 * i1 + i2|
    +-----------------------------------+-------------------------------+--------------+

    * Memory: 
    +-------------------+-------------------------------+---------+---+----+-----+------+-----+------+-------------+
    |       Memory      |             Module            | BRAM_18K| FF| LUT| URAM| Words| Bits| Banks| W*Bits*Banks|
    +-------------------+-------------------------------+---------+---+----+-----+------+-----+------+-------------+
    |H_filter_FIR_22_U  |H_filter_FIR_22_RAM_AUTO_1R1W  |        2|  0|   0|    0|   196|   32|     1|         6272|
    |H_filter_FIR_21_U  |H_filter_FIR_22_RAM_AUTO_1R1W  |        2|  0|   0|    0|   196|   32|     1|         6272|
    |H_filter_FIR_20_U  |H_filter_FIR_22_RAM_AUTO_1R1W  |        2|  0|   0|    0|   196|   32|     1|         6272|
    +-------------------+-------------------------------+---------+---+----+-----+------+-----+------+-------------+
    |Total              |                               |        6|  0|   0|    0|   588|   96|     3|        18816|
    +-------------------+-------------------------------+---------+---+----+-----+------+-----+------+-------------+

    * FIFO: 
    N/A

    * Expression: 
    +---------------------------------+----------+----+---+----+------------+------------+
    |          Variable Name          | Operation| DSP| FF| LUT| Bitwidth P0| Bitwidth P1|
    +---------------------------------+----------+----+---+----+------------+------------+
    |add_ln35_1_fu_191_p2             |         +|   0|  0|  39|          32|          32|
    |add_ln35_2_fu_270_p2             |         +|   0|  0|  39|          32|          32|
    |sub_ln14_fu_217_p2               |         -|   0|  0|  23|          16|          16|
    |sub_ln22_fu_290_p2               |         -|   0|  0|  23|          16|          16|
    |x_n_1_fu_251_p2                  |         -|   0|  0|  23|          16|          16|
    |x_n_fu_161_p2                    |         -|   0|  0|  23|          16|          16|
    |ap_block_state2                  |        or|   0|  0|   2|           1|           1|
    |ap_block_state4_on_subcall_done  |        or|   0|  0|   2|           1|           1|
    +---------------------------------+----------+----+---+----+------------+------------+
    |Total                            |          |   0|  0| 174|         130|         130|
    +---------------------------------+----------+----+---+----+------------+------------+

    * Multiplexer: 
    +-------------------------------------+----+-----------+-----+-----------+
    |                 Name                | LUT| Input Size| Bits| Total Bits|
    +-------------------------------------+----+-----------+-----+-----------+
    |H_filter_FIR_20_address0             |   9|          2|    8|         16|
    |H_filter_FIR_20_ce0                  |   9|          2|    1|          2|
    |H_filter_FIR_21_address0             |   9|          2|    8|         16|
    |H_filter_FIR_21_ce0                  |   9|          2|    1|          2|
    |H_filter_FIR_22_address0             |   9|          2|    8|         16|
    |H_filter_FIR_22_ce0                  |   9|          2|    1|          2|
    |ap_NS_fsm                            |  37|          7|    1|          7|
    |ap_phi_mux_storemerge_phi_fu_114_p4  |  14|          3|    1|          3|
    |input_r_TDATA_blk_n                  |   9|          2|    1|          2|
    |output_r_TDATA_blk_n                 |   9|          2|    1|          2|
    |output_r_TDATA_int_regslice          |  14|          3|   16|         48|
    +-------------------------------------+----+-----------+-----+-----------+
    |Total                                | 137|         29|   47|        116|
    +-------------------------------------+----+-----------+-----+-----------+

    * Register: 
    +------------------------------------------------------------------------+----+----+-----+-----------+
    |                                  Name                                  | FF | LUT| Bits| Const Bits|
    +------------------------------------------------------------------------+----+----+-----+-----------+
    |H_filter_FIR_21_load_reg_334                                            |  32|   0|   32|          0|
    |ap_CS_fsm                                                               |   6|   0|    6|          0|
    |grp_Fast_Running_FIR_HLS_Pipeline_VITIS_LOOP_37_11_fu_131_ap_start_reg  |   1|   0|    1|          0|
    |grp_Fast_Running_FIR_HLS_Pipeline_VITIS_LOOP_37_12_fu_140_ap_start_reg  |   1|   0|    1|          0|
    |grp_Fast_Running_FIR_HLS_Pipeline_VITIS_LOOP_37_1_fu_122_ap_start_reg   |   1|   0|    1|          0|
    |input1                                                                  |  16|   0|   16|          0|
    |input2                                                                  |  16|   0|   16|          0|
    |mod_value                                                               |   1|   0|    1|          0|
    |mod_value_load_reg_305                                                  |   1|   0|    1|          0|
    |x_n_1_reg_339                                                           |  16|   0|   16|          0|
    |x_n_2_reg_324                                                           |  16|   0|   16|          0|
    |x_n_reg_314                                                             |  16|   0|   16|          0|
    |y11                                                                     |  16|   0|   16|          0|
    |y2                                                                      |  16|   0|   16|          0|
    +------------------------------------------------------------------------+----+----+-----+-----------+
    |Total                                                                   | 155|   0|  155|          0|
    +------------------------------------------------------------------------+----+----+-----+-----------+



================================================================
== Interface
================================================================
* Summary: 
+-----------------+-----+-----+--------------+----------------------+--------------+
|    RTL Ports    | Dir | Bits|   Protocol   |     Source Object    |    C Type    |
+-----------------+-----+-----+--------------+----------------------+--------------+
|ap_clk           |   in|    1|  ap_ctrl_none|  Fast_Running_FIR_HLS|  return value|
|ap_rst_n         |   in|    1|  ap_ctrl_none|  Fast_Running_FIR_HLS|  return value|
|input_r_TDATA    |   in|   16|          axis|               input_r|       pointer|
|input_r_TVALID   |   in|    1|          axis|               input_r|       pointer|
|input_r_TREADY   |  out|    1|          axis|               input_r|       pointer|
|output_r_TDATA   |  out|   16|          axis|              output_r|       pointer|
|output_r_TVALID  |  out|    1|          axis|              output_r|       pointer|
|output_r_TREADY  |   in|    1|          axis|              output_r|       pointer|
+-----------------+-----+-----+--------------+----------------------+--------------+

============================================================
+ Verbose Summary: Synthesis Manager
============================================================
InlineROM: 1
ExposeGlobal: 0
============================================================
+ Verbose Summary: CDFG Model
============================================================
IsTopModel: 1
ResetActiveHigh: 1
IsCombinational: 2
IsDatapathOnly: 2
HasWiredReturn: 1
HasMFsm: 0
HasVarLatency: 1
IsPipeline: 0
IsRtlPipelined: 0
IsInstanceOverlapped: 0
IsDontTouch: 0
HasImplIP: 0
IsGatedGlobalClock: 0


============================================================
+ Verbose Summary: Schedule
============================================================
* Number of FSM states : 6
* Pipeline : 0
* Dataflow Pipeline: 0

* FSM state transitions: 
1 --> 2 5 
2 --> 3 
3 --> 4 
4 --> 
5 --> 6 
6 --> 4 

* FSM state operations: 

State 1 <SV = 0> <Delay = 1.84>
ST_1 : Operation 7 [1/1] (0.00ns)   --->   "%spectopmodule_ln5 = spectopmodule void @_ssdm_op_SpecTopModule, void @empty_2" [FIR_HLS.cpp:5]   --->   Operation 7 'spectopmodule' 'spectopmodule_ln5' <Predicate = true> <Delay = 0.00>
ST_1 : Operation 8 [1/1] (0.00ns)   --->   "%specinterface_ln5 = specinterface void @_ssdm_op_SpecInterface, i32 0, void @empty_3, i32 0, i32 0, void @empty_1, i32 0, i32 0, void @empty_1, void @empty_1, void @empty_1, i32 0, i32 0, i32 0, i32 0, void @empty_1, void @empty_1, i32 4294967295, i32 0, i32 0" [FIR_HLS.cpp:5]   --->   Operation 8 'specinterface' 'specinterface_ln5' <Predicate = true> <Delay = 0.00>
ST_1 : Operation 9 [1/1] (0.00ns)   --->   "%specinterface_ln0 = specinterface void @_ssdm_op_SpecInterface, i16 %input_r, void @empty, i32 1, i32 1, void @empty_0, i32 0, i32 0, void @empty_1, void @empty_1, void @empty_1, i32 0, i32 0, i32 0, i32 0, void @empty_1, void @empty_1, i32 4294967295, i32 0, i32 0"   --->   Operation 9 'specinterface' 'specinterface_ln0' <Predicate = true> <Delay = 0.00>
ST_1 : Operation 10 [1/1] (0.00ns)   --->   "%specbitsmap_ln0 = specbitsmap void @_ssdm_op_SpecBitsMap, i16 %input_r"   --->   Operation 10 'specbitsmap' 'specbitsmap_ln0' <Predicate = true> <Delay = 0.00>
ST_1 : Operation 11 [1/1] (0.00ns)   --->   "%specinterface_ln0 = specinterface void @_ssdm_op_SpecInterface, i16 %output_r, void @empty, i32 1, i32 1, void @empty_0, i32 0, i32 0, void @empty_1, void @empty_1, void @empty_1, i32 0, i32 0, i32 0, i32 0, void @empty_1, void @empty_1, i32 4294967295, i32 0, i32 0"   --->   Operation 11 'specinterface' 'specinterface_ln0' <Predicate = true> <Delay = 0.00>
ST_1 : Operation 12 [1/1] (0.00ns)   --->   "%specbitsmap_ln0 = specbitsmap void @_ssdm_op_SpecBitsMap, i16 %output_r"   --->   Operation 12 'specbitsmap' 'specbitsmap_ln0' <Predicate = true> <Delay = 0.00>
ST_1 : Operation 13 [1/1] (0.00ns)   --->   "%mod_value_load = load i1 %mod_value" [FIR_HLS.cpp:11]   --->   Operation 13 'load' 'mod_value_load' <Predicate = true> <Delay = 0.00>
ST_1 : Operation 14 [1/1] (0.00ns)   --->   "%br_ln11 = br i1 %mod_value_load, void %if.then, void %if.else" [FIR_HLS.cpp:11]   --->   Operation 14 'br' 'br_ln11' <Predicate = true> <Delay = 0.00>
ST_1 : Operation 15 [2/2] (1.23ns)   --->   "%H_filter_FIR_22_load = load i32 0" [FIR_HLS.cpp:35->FIR_HLS.cpp:13]   --->   Operation 15 'load' 'H_filter_FIR_22_load' <Predicate = (!mod_value_load)> <Delay = 1.23> <CoreInst = "RAM">   --->   Core 82 'RAM' <Latency = 1> <II = 1> <Delay = 1.23> <Storage> <Opcode : 'load' 'store'> <Ports = 2> <Width = 32> <Depth = 196> <RAM>
ST_1 : Operation 16 [1/1] (0.00ns)   --->   "%input1_load = load i16 %input1" [FIR_HLS.cpp:19]   --->   Operation 16 'load' 'input1_load' <Predicate = (mod_value_load)> <Delay = 0.00>
ST_1 : Operation 17 [1/1] (0.00ns)   --->   "%input2_load = load i16 %input2" [FIR_HLS.cpp:19]   --->   Operation 17 'load' 'input2_load' <Predicate = (mod_value_load)> <Delay = 0.00>
ST_1 : Operation 18 [1/1] (0.85ns)   --->   "%x_n = sub i16 %input1_load, i16 %input2_load" [FIR_HLS.cpp:19]   --->   Operation 18 'sub' 'x_n' <Predicate = (mod_value_load)> <Delay = 0.85> <CoreInst = "Adder">   --->   Core 1 'Adder' <Latency = 0> <II = 1> <Delay = 0.85> <FuncUnit> <Opcode : 'add' 'sub'> <InPorts = 2> <OutPorts = 1>
ST_1 : Operation 19 [1/1] (0.00ns)   --->   "%sext_ln35 = sext i16 %x_n" [FIR_HLS.cpp:35->FIR_HLS.cpp:19]   --->   Operation 19 'sext' 'sext_ln35' <Predicate = (mod_value_load)> <Delay = 0.00>
ST_1 : Operation 20 [2/2] (1.23ns)   --->   "%H_filter_FIR_21_load = load i32 0" [FIR_HLS.cpp:35->FIR_HLS.cpp:19]   --->   Operation 20 'load' 'H_filter_FIR_21_load' <Predicate = (mod_value_load)> <Delay = 1.23> <CoreInst = "RAM">   --->   Core 82 'RAM' <Latency = 1> <II = 1> <Delay = 1.23> <Storage> <Opcode : 'load' 'store'> <Ports = 2> <Width = 32> <Depth = 196> <RAM>
ST_1 : Operation 21 [3/3] (0.99ns) (grouped into DSP with root node add_ln35)   --->   "%mul_ln35 = mul i23 %sext_ln35, i23 92" [FIR_HLS.cpp:35->FIR_HLS.cpp:19]   --->   Operation 21 'mul' 'mul_ln35' <Predicate = (mod_value_load)> <Delay = 0.99> <CoreInst = "DSP48">   --->   Core 124 'DSP48' <Latency = 3> <II = 1> <Delay = 0.53> <IPBlock> <Opcode : '' 'add' 'sub' 'mul' 'select'> <InPorts = 0> <OutPorts = 1> <Sync> <CReg>
ST_1 : Operation 22 [2/2] (1.23ns)   --->   "%H_filter_FIR_20_load = load i32 0" [FIR_HLS.cpp:35->FIR_HLS.cpp:21]   --->   Operation 22 'load' 'H_filter_FIR_20_load' <Predicate = (mod_value_load)> <Delay = 1.23> <CoreInst = "RAM">   --->   Core 82 'RAM' <Latency = 1> <II = 1> <Delay = 1.23> <Storage> <Opcode : 'load' 'store'> <Ports = 2> <Width = 32> <Depth = 196> <RAM>

State 2 <SV = 1> <Delay = 4.78>
ST_2 : Operation 23 [1/1] (0.07ns)   --->   "%x_n_2 = read i16 @_ssdm_op_Read.axis.volatile.i16P128A, i16 %input_r" [FIR_HLS.cpp:12]   --->   Operation 23 'read' 'x_n_2' <Predicate = true> <Delay = 0.07> <CoreInst = "regslice">   --->   Core 147 'regslice' <Latency = 0> <II = 1> <Delay = 0.59> <Adapter> <Opcode : 'read' 'write'>
ST_2 : Operation 24 [1/1] (0.00ns)   --->   "%store_ln12 = store i16 %x_n_2, i16 %input1" [FIR_HLS.cpp:12]   --->   Operation 24 'store' 'store_ln12' <Predicate = true> <Delay = 0.00>
ST_2 : Operation 25 [1/1] (0.00ns)   --->   "%sext_ln35_1 = sext i16 %x_n_2" [FIR_HLS.cpp:35->FIR_HLS.cpp:13]   --->   Operation 25 'sext' 'sext_ln35_1' <Predicate = true> <Delay = 0.00>
ST_2 : Operation 26 [1/2] ( I:1.23ns O:1.23ns )   --->   "%H_filter_FIR_22_load = load i32 0" [FIR_HLS.cpp:35->FIR_HLS.cpp:13]   --->   Operation 26 'load' 'H_filter_FIR_22_load' <Predicate = true> <Delay = 1.23> <CoreInst = "RAM">   --->   Core 82 'RAM' <Latency = 1> <II = 1> <Delay = 1.23> <Storage> <Opcode : 'load' 'store'> <Ports = 2> <Width = 32> <Depth = 196> <RAM>
ST_2 : Operation 27 [1/1] (2.38ns)   --->   "%mul_ln35_1 = mul i24 %sext_ln35_1, i24 16777032" [FIR_HLS.cpp:35->FIR_HLS.cpp:13]   --->   Operation 27 'mul' 'mul_ln35_1' <Predicate = true> <Delay = 2.38> <CoreInst = "Multiplier">   --->   Core 3 'Multiplier' <Latency = 0> <II = 1> <Delay = 2.38> <FuncUnit> <Opcode : 'mul'> <InPorts = 2> <OutPorts = 1>
ST_2 : Operation 28 [1/1] (0.00ns)   --->   "%sext_ln35_4 = sext i24 %mul_ln35_1" [FIR_HLS.cpp:35->FIR_HLS.cpp:13]   --->   Operation 28 'sext' 'sext_ln35_4' <Predicate = true> <Delay = 0.00>
ST_2 : Operation 29 [1/1] (1.01ns)   --->   "%add_ln35_1 = add i32 %sext_ln35_4, i32 %H_filter_FIR_22_load" [FIR_HLS.cpp:35->FIR_HLS.cpp:13]   --->   Operation 29 'add' 'add_ln35_1' <Predicate = true> <Delay = 1.01> <CoreInst = "Adder">   --->   Core 1 'Adder' <Latency = 0> <II = 1> <Delay = 1.01> <FuncUnit> <Opcode : 'add' 'sub'> <InPorts = 2> <OutPorts = 1>
ST_2 : Operation 30 [1/1] (0.00ns)   --->   "%y = partselect i16 @_ssdm_op_PartSelect.i16.i32.i32.i32, i32 %add_ln35_1, i32 16, i32 31" [FIR_HLS.cpp:35->FIR_HLS.cpp:13]   --->   Operation 30 'partselect' 'y' <Predicate = true> <Delay = 0.00>
ST_2 : Operation 31 [1/1] (0.00ns)   --->   "%store_ln13 = store i16 %y, i16 %y2" [FIR_HLS.cpp:13]   --->   Operation 31 'store' 'store_ln13' <Predicate = true> <Delay = 0.00>
ST_2 : Operation 32 [1/1] (0.00ns)   --->   "%y11_load = load i16 %y11" [FIR_HLS.cpp:14]   --->   Operation 32 'load' 'y11_load' <Predicate = true> <Delay = 0.00>
ST_2 : Operation 33 [1/1] (0.85ns)   --->   "%sub_ln14 = sub i16 %y, i16 %y11_load" [FIR_HLS.cpp:14]   --->   Operation 33 'sub' 'sub_ln14' <Predicate = true> <Delay = 0.85> <CoreInst = "Adder">   --->   Core 1 'Adder' <Latency = 0> <II = 1> <Delay = 0.85> <FuncUnit> <Opcode : 'add' 'sub'> <InPorts = 2> <OutPorts = 1>
ST_2 : Operation 34 [2/2] (0.45ns)   --->   "%write_ln14 = write void @_ssdm_op_Write.axis.volatile.i16P128A, i16 %output_r, i16 %sub_ln14" [FIR_HLS.cpp:14]   --->   Operation 34 'write' 'write_ln14' <Predicate = true> <Delay = 0.45> <CoreInst = "regslice">   --->   Core 147 'regslice' <Latency = 0> <II = 1> <Delay = 0.59> <Adapter> <Opcode : 'read' 'write'>

State 3 <SV = 2> <Delay = 0.45>
ST_3 : Operation 35 [2/2] (0.00ns)   --->   "%call_ln12 = call void @Fast_Running_FIR_HLS_Pipeline_VITIS_LOOP_37_1, i16 %x_n_2, i14 %b_FIR_22, i32 %H_filter_FIR_22" [FIR_HLS.cpp:12]   --->   Operation 35 'call' 'call_ln12' <Predicate = true> <Delay = 0.00> <CoreType = "Generic">   --->   Generic Core
ST_3 : Operation 36 [1/2] (0.45ns)   --->   "%write_ln14 = write void @_ssdm_op_Write.axis.volatile.i16P128A, i16 %output_r, i16 %sub_ln14" [FIR_HLS.cpp:14]   --->   Operation 36 'write' 'write_ln14' <Predicate = true> <Delay = 0.45> <CoreInst = "regslice">   --->   Core 147 'regslice' <Latency = 0> <II = 1> <Delay = 0.59> <Adapter> <Opcode : 'read' 'write'>

State 4 <SV = 3> <Delay = 1.61>
ST_4 : Operation 37 [1/2] (1.61ns)   --->   "%call_ln12 = call void @Fast_Running_FIR_HLS_Pipeline_VITIS_LOOP_37_1, i16 %x_n_2, i14 %b_FIR_22, i32 %H_filter_FIR_22" [FIR_HLS.cpp:12]   --->   Operation 37 'call' 'call_ln12' <Predicate = (!mod_value_load)> <Delay = 1.61> <CoreType = "Generic">   --->   Generic Core
ST_4 : Operation 38 [1/1] (0.42ns)   --->   "%br_ln17 = br void %if.end" [FIR_HLS.cpp:17]   --->   Operation 38 'br' 'br_ln17' <Predicate = (!mod_value_load)> <Delay = 0.42>
ST_4 : Operation 39 [1/2] (1.61ns)   --->   "%call_ln19 = call void @Fast_Running_FIR_HLS_Pipeline_VITIS_LOOP_37_11, i16 %x_n, i14 %b_FIR_21, i32 %H_filter_FIR_21" [FIR_HLS.cpp:19]   --->   Operation 39 'call' 'call_ln19' <Predicate = (mod_value_load)> <Delay = 1.61> <CoreType = "Generic">   --->   Generic Core
ST_4 : Operation 40 [1/2] (0.64ns) (root node of the DSP)   --->   "%add_ln35 = add i32 %sext_ln35_2, i32 %H_filter_FIR_21_load" [FIR_HLS.cpp:35->FIR_HLS.cpp:19]   --->   Operation 40 'add' 'add_ln35' <Predicate = (mod_value_load)> <Delay = 0.64> <CoreInst = "DSP48">   --->   Core 124 'DSP48' <Latency = 3> <II = 1> <Delay = 0.53> <IPBlock> <Opcode : '' 'add' 'sub' 'mul' 'select'> <InPorts = 0> <OutPorts = 1> <Sync> <CReg>
ST_4 : Operation 41 [1/1] (0.00ns)   --->   "%y_1 = partselect i16 @_ssdm_op_PartSelect.i16.i32.i32.i32, i32 %add_ln35, i32 16, i32 31" [FIR_HLS.cpp:35->FIR_HLS.cpp:19]   --->   Operation 41 'partselect' 'y_1' <Predicate = (mod_value_load)> <Delay = 0.00>
ST_4 : Operation 42 [1/1] (0.00ns)   --->   "%store_ln19 = store i16 %y_1, i16 %y11" [FIR_HLS.cpp:19]   --->   Operation 42 'store' 'store_ln19' <Predicate = (mod_value_load)> <Delay = 0.00>
ST_4 : Operation 43 [1/2] (1.61ns)   --->   "%call_ln21 = call void @Fast_Running_FIR_HLS_Pipeline_VITIS_LOOP_37_12, i16 %x_n_1, i14 %b_FIR_20, i32 %H_filter_FIR_20" [FIR_HLS.cpp:21]   --->   Operation 43 'call' 'call_ln21' <Predicate = (mod_value_load)> <Delay = 1.61> <CoreType = "Generic">   --->   Generic Core
ST_4 : Operation 44 [1/1] (0.42ns)   --->   "%br_ln0 = br void %if.end"   --->   Operation 44 'br' 'br_ln0' <Predicate = (mod_value_load)> <Delay = 0.42>
ST_4 : Operation 45 [1/1] (0.00ns)   --->   "%storemerge = phi i1 0, void %if.else, i1 1, void %if.then"   --->   Operation 45 'phi' 'storemerge' <Predicate = true> <Delay = 0.00>
ST_4 : Operation 46 [1/1] (0.00ns)   --->   "%store_ln0 = store i1 %storemerge, i1 %mod_value"   --->   Operation 46 'store' 'store_ln0' <Predicate = true> <Delay = 0.00>
ST_4 : Operation 47 [1/1] (0.00ns)   --->   "%ret_ln26 = ret" [FIR_HLS.cpp:26]   --->   Operation 47 'ret' 'ret_ln26' <Predicate = true> <Delay = 0.00>

State 5 <SV = 1> <Delay = 5.63>
ST_5 : Operation 48 [1/2] ( I:1.23ns O:1.23ns )   --->   "%H_filter_FIR_21_load = load i32 0" [FIR_HLS.cpp:35->FIR_HLS.cpp:19]   --->   Operation 48 'load' 'H_filter_FIR_21_load' <Predicate = true> <Delay = 1.23> <CoreInst = "RAM">   --->   Core 82 'RAM' <Latency = 1> <II = 1> <Delay = 1.23> <Storage> <Opcode : 'load' 'store'> <Ports = 2> <Width = 32> <Depth = 196> <RAM>
ST_5 : Operation 49 [2/3] (0.99ns) (grouped into DSP with root node add_ln35)   --->   "%mul_ln35 = mul i23 %sext_ln35, i23 92" [FIR_HLS.cpp:35->FIR_HLS.cpp:19]   --->   Operation 49 'mul' 'mul_ln35' <Predicate = true> <Delay = 0.99> <CoreInst = "DSP48">   --->   Core 124 'DSP48' <Latency = 3> <II = 1> <Delay = 0.53> <IPBlock> <Opcode : '' 'add' 'sub' 'mul' 'select'> <InPorts = 0> <OutPorts = 1> <Sync> <CReg>
ST_5 : Operation 50 [1/1] (0.07ns)   --->   "%input_r_read = read i16 @_ssdm_op_Read.axis.volatile.i16P128A, i16 %input_r" [FIR_HLS.cpp:20]   --->   Operation 50 'read' 'input_r_read' <Predicate = true> <Delay = 0.07> <CoreInst = "regslice">   --->   Core 147 'regslice' <Latency = 0> <II = 1> <Delay = 0.59> <Adapter> <Opcode : 'read' 'write'>
ST_5 : Operation 51 [1/1] (0.00ns)   --->   "%store_ln20 = store i16 %input_r_read, i16 %input2" [FIR_HLS.cpp:20]   --->   Operation 51 'store' 'store_ln20' <Predicate = true> <Delay = 0.00>
ST_5 : Operation 52 [1/1] (0.85ns)   --->   "%x_n_1 = sub i16 %input1_load, i16 %input_r_read" [FIR_HLS.cpp:21]   --->   Operation 52 'sub' 'x_n_1' <Predicate = true> <Delay = 0.85> <CoreInst = "Adder">   --->   Core 1 'Adder' <Latency = 0> <II = 1> <Delay = 0.85> <FuncUnit> <Opcode : 'add' 'sub'> <InPorts = 2> <OutPorts = 1>
ST_5 : Operation 53 [1/1] (0.00ns)   --->   "%sext_ln35_3 = sext i16 %x_n_1" [FIR_HLS.cpp:35->FIR_HLS.cpp:21]   --->   Operation 53 'sext' 'sext_ln35_3' <Predicate = true> <Delay = 0.00>
ST_5 : Operation 54 [1/2] ( I:1.23ns O:1.23ns )   --->   "%H_filter_FIR_20_load = load i32 0" [FIR_HLS.cpp:35->FIR_HLS.cpp:21]   --->   Operation 54 'load' 'H_filter_FIR_20_load' <Predicate = true> <Delay = 1.23> <CoreInst = "RAM">   --->   Core 82 'RAM' <Latency = 1> <II = 1> <Delay = 1.23> <Storage> <Opcode : 'load' 'store'> <Ports = 2> <Width = 32> <Depth = 196> <RAM>
ST_5 : Operation 55 [1/1] (2.38ns)   --->   "%mul_ln35_2 = mul i25 %sext_ln35_3, i25 33554154" [FIR_HLS.cpp:35->FIR_HLS.cpp:21]   --->   Operation 55 'mul' 'mul_ln35_2' <Predicate = true> <Delay = 2.38> <CoreInst = "Multiplier">   --->   Core 3 'Multiplier' <Latency = 0> <II = 1> <Delay = 2.38> <FuncUnit> <Opcode : 'mul'> <InPorts = 2> <OutPorts = 1>
ST_5 : Operation 56 [1/1] (0.00ns)   --->   "%sext_ln35_5 = sext i25 %mul_ln35_2" [FIR_HLS.cpp:35->FIR_HLS.cpp:21]   --->   Operation 56 'sext' 'sext_ln35_5' <Predicate = true> <Delay = 0.00>
ST_5 : Operation 57 [1/1] (1.01ns)   --->   "%add_ln35_2 = add i32 %sext_ln35_5, i32 %H_filter_FIR_20_load" [FIR_HLS.cpp:35->FIR_HLS.cpp:21]   --->   Operation 57 'add' 'add_ln35_2' <Predicate = true> <Delay = 1.01> <CoreInst = "Adder">   --->   Core 1 'Adder' <Latency = 0> <II = 1> <Delay = 1.01> <FuncUnit> <Opcode : 'add' 'sub'> <InPorts = 2> <OutPorts = 1>
ST_5 : Operation 58 [1/1] (0.00ns)   --->   "%y_2 = partselect i16 @_ssdm_op_PartSelect.i16.i32.i32.i32, i32 %add_ln35_2, i32 16, i32 31" [FIR_HLS.cpp:35->FIR_HLS.cpp:21]   --->   Operation 58 'partselect' 'y_2' <Predicate = true> <Delay = 0.00>
ST_5 : Operation 59 [1/1] (0.00ns)   --->   "%y2_load = load i16 %y2" [FIR_HLS.cpp:22]   --->   Operation 59 'load' 'y2_load' <Predicate = true> <Delay = 0.00>
ST_5 : Operation 60 [1/1] (0.85ns)   --->   "%sub_ln22 = sub i16 %y2_load, i16 %y_2" [FIR_HLS.cpp:22]   --->   Operation 60 'sub' 'sub_ln22' <Predicate = true> <Delay = 0.85> <CoreInst = "Adder">   --->   Core 1 'Adder' <Latency = 0> <II = 1> <Delay = 0.85> <FuncUnit> <Opcode : 'add' 'sub'> <InPorts = 2> <OutPorts = 1>
ST_5 : Operation 61 [2/2] (0.45ns)   --->   "%write_ln22 = write void @_ssdm_op_Write.axis.volatile.i16P128A, i16 %output_r, i16 %sub_ln22" [FIR_HLS.cpp:22]   --->   Operation 61 'write' 'write_ln22' <Predicate = true> <Delay = 0.45> <CoreInst = "regslice">   --->   Core 147 'regslice' <Latency = 0> <II = 1> <Delay = 0.59> <Adapter> <Opcode : 'read' 'write'>

State 6 <SV = 2> <Delay = 0.64>
ST_6 : Operation 62 [2/2] (0.00ns)   --->   "%call_ln19 = call void @Fast_Running_FIR_HLS_Pipeline_VITIS_LOOP_37_11, i16 %x_n, i14 %b_FIR_21, i32 %H_filter_FIR_21" [FIR_HLS.cpp:19]   --->   Operation 62 'call' 'call_ln19' <Predicate = true> <Delay = 0.00> <CoreType = "Generic">   --->   Generic Core
ST_6 : Operation 63 [1/3] (0.00ns) (grouped into DSP with root node add_ln35)   --->   "%mul_ln35 = mul i23 %sext_ln35, i23 92" [FIR_HLS.cpp:35->FIR_HLS.cpp:19]   --->   Operation 63 'mul' 'mul_ln35' <Predicate = true> <Delay = 0.00> <CoreInst = "DSP48">   --->   Core 124 'DSP48' <Latency = 3> <II = 1> <Delay = 0.53> <IPBlock> <Opcode : '' 'add' 'sub' 'mul' 'select'> <InPorts = 0> <OutPorts = 1> <Sync> <CReg>
ST_6 : Operation 64 [1/1] (0.00ns) (grouped into DSP with root node add_ln35)   --->   "%sext_ln35_2 = sext i23 %mul_ln35" [FIR_HLS.cpp:35->FIR_HLS.cpp:19]   --->   Operation 64 'sext' 'sext_ln35_2' <Predicate = true> <Delay = 0.00>
ST_6 : Operation 65 [2/2] (0.64ns) (root node of the DSP)   --->   "%add_ln35 = add i32 %sext_ln35_2, i32 %H_filter_FIR_21_load" [FIR_HLS.cpp:35->FIR_HLS.cpp:19]   --->   Operation 65 'add' 'add_ln35' <Predicate = true> <Delay = 0.64> <CoreInst = "DSP48">   --->   Core 124 'DSP48' <Latency = 3> <II = 1> <Delay = 0.53> <IPBlock> <Opcode : '' 'add' 'sub' 'mul' 'select'> <InPorts = 0> <OutPorts = 1> <Sync> <CReg>
ST_6 : Operation 66 [2/2] (0.00ns)   --->   "%call_ln21 = call void @Fast_Running_FIR_HLS_Pipeline_VITIS_LOOP_37_12, i16 %x_n_1, i14 %b_FIR_20, i32 %H_filter_FIR_20" [FIR_HLS.cpp:21]   --->   Operation 66 'call' 'call_ln21' <Predicate = true> <Delay = 0.00> <CoreType = "Generic">   --->   Generic Core
ST_6 : Operation 67 [1/2] (0.45ns)   --->   "%write_ln22 = write void @_ssdm_op_Write.axis.volatile.i16P128A, i16 %output_r, i16 %sub_ln22" [FIR_HLS.cpp:22]   --->   Operation 67 'write' 'write_ln22' <Predicate = true> <Delay = 0.45> <CoreInst = "regslice">   --->   Core 147 'regslice' <Latency = 0> <II = 1> <Delay = 0.59> <Adapter> <Opcode : 'read' 'write'>


============================================================
+ Verbose Summary: Binding
============================================================
STG Binding: 
---------------- STG Properties BEGIN ----------------
- Is combinational: 0
- Is one-state seq: 0
- Is datapath-only: 0
- Is pipelined: 0
- Is top level: 1
Port [ Return ] is wired: 1; IO mode=ap_ctrl_none:ce=0
Port [ input_r]:  wired=1; compound=1; hidden=0; nouse=0; global=0; static=0; extern=0; dir=0; type=0; pingpong=0; private_global=0; IO mode=axis:ce=0
Port [ output_r]:  wired=1; compound=1; hidden=0; nouse=0; global=0; static=0; extern=0; dir=1; type=0; pingpong=0; private_global=0; IO mode=axis:ce=0
Port [ mod_value]:  wired=0; compound=0; hidden=1; nouse=0; global=1; static=1; extern=0; dir=2; type=0; pingpong=0; private_global=1; IO mode=ap_ovld:ce=0
Port [ input1]:  wired=0; compound=0; hidden=1; nouse=0; global=1; static=1; extern=0; dir=2; type=0; pingpong=0; private_global=1; IO mode=ap_ovld:ce=0
Port [ b_FIR_22]:  wired=0; compound=1; hidden=1; nouse=1; global=1; static=1; extern=0; dir=0; type=1; pingpong=0; private_global=0; MemPort=[1]; IO mode=ap_memory:ce=0
Port [ H_filter_FIR_22]:  wired=0; compound=1; hidden=1; nouse=0; global=1; static=1; extern=0; dir=2; type=1; pingpong=0; private_global=1; MemPort=[21]; IO mode=ap_memory:ce=0
Port [ y2]:  wired=0; compound=0; hidden=1; nouse=0; global=1; static=1; extern=0; dir=2; type=0; pingpong=0; private_global=1; IO mode=ap_ovld:ce=0
Port [ y11]:  wired=0; compound=0; hidden=1; nouse=0; global=1; static=1; extern=0; dir=2; type=0; pingpong=0; private_global=1; IO mode=ap_ovld:ce=0
Port [ input2]:  wired=0; compound=0; hidden=1; nouse=0; global=1; static=1; extern=0; dir=2; type=0; pingpong=0; private_global=1; IO mode=ap_ovld:ce=0
Port [ b_FIR_21]:  wired=0; compound=1; hidden=1; nouse=1; global=1; static=1; extern=0; dir=0; type=1; pingpong=0; private_global=0; MemPort=[1]; IO mode=ap_memory:ce=0
Port [ H_filter_FIR_21]:  wired=0; compound=1; hidden=1; nouse=0; global=1; static=1; extern=0; dir=2; type=1; pingpong=0; private_global=1; MemPort=[21]; IO mode=ap_memory:ce=0
Port [ b_FIR_20]:  wired=0; compound=1; hidden=1; nouse=1; global=1; static=1; extern=0; dir=0; type=1; pingpong=0; private_global=0; MemPort=[1]; IO mode=ap_memory:ce=0
Port [ H_filter_FIR_20]:  wired=0; compound=1; hidden=1; nouse=0; global=1; static=1; extern=0; dir=2; type=1; pingpong=0; private_global=1; MemPort=[21]; IO mode=ap_memory:ce=0
---------------- STG Properties END ------------------

---------------- Datapath Model BEGIN ----------------

<LifeTime>
<method=bitvector/>
spectopmodule_ln5    (spectopmodule) [ 0000000]
specinterface_ln5    (specinterface) [ 0000000]
specinterface_ln0    (specinterface) [ 0000000]
specbitsmap_ln0      (specbitsmap  ) [ 0000000]
specinterface_ln0    (specinterface) [ 0000000]
specbitsmap_ln0      (specbitsmap  ) [ 0000000]
mod_value_load       (load         ) [ 0111111]
br_ln11              (br           ) [ 0000000]
input1_load          (load         ) [ 0000010]
input2_load          (load         ) [ 0000000]
x_n                  (sub          ) [ 0011111]
sext_ln35            (sext         ) [ 0000011]
x_n_2                (read         ) [ 0001100]
store_ln12           (store        ) [ 0000000]
sext_ln35_1          (sext         ) [ 0000000]
H_filter_FIR_22_load (load         ) [ 0000000]
mul_ln35_1           (mul          ) [ 0000000]
sext_ln35_4          (sext         ) [ 0000000]
add_ln35_1           (add          ) [ 0000000]
y                    (partselect   ) [ 0000000]
store_ln13           (store        ) [ 0000000]
y11_load             (load         ) [ 0000000]
sub_ln14             (sub          ) [ 0001000]
write_ln14           (write        ) [ 0000000]
call_ln12            (call         ) [ 0000000]
br_ln17              (br           ) [ 0000000]
call_ln19            (call         ) [ 0000000]
add_ln35             (add          ) [ 0000000]
y_1                  (partselect   ) [ 0000000]
store_ln19           (store        ) [ 0000000]
call_ln21            (call         ) [ 0000000]
br_ln0               (br           ) [ 0000000]
storemerge           (phi          ) [ 0000000]
store_ln0            (store        ) [ 0000000]
ret_ln26             (ret          ) [ 0000000]
H_filter_FIR_21_load (load         ) [ 0000101]
input_r_read         (read         ) [ 0000000]
store_ln20           (store        ) [ 0000000]
x_n_1                (sub          ) [ 0000101]
sext_ln35_3          (sext         ) [ 0000000]
H_filter_FIR_20_load (load         ) [ 0000000]
mul_ln35_2           (mul          ) [ 0000000]
sext_ln35_5          (sext         ) [ 0000000]
add_ln35_2           (add          ) [ 0000000]
y_2                  (partselect   ) [ 0000000]
y2_load              (load         ) [ 0000000]
sub_ln22             (sub          ) [ 0000001]
mul_ln35             (mul          ) [ 0000000]
sext_ln35_2          (sext         ) [ 0000100]
write_ln22           (write        ) [ 0000000]
</LifeTime>

<model>

<comp_list>
<comp id="0" class="1000" name="input_r">
<pin_list>
<pin id="1" dir="1" index="0" bw="1" slack="0"/>
</pin_list>
<bind>
<StgValue><ssdm name="input_r"/></StgValue>
</bind>
</comp>

<comp id="2" class="1000" name="output_r">
<pin_list>
<pin id="3" dir="1" index="0" bw="1" slack="0"/>
</pin_list>
<bind>
<StgValue><ssdm name="output_r"/></StgValue>
</bind>
</comp>

<comp id="4" class="1000" name="mod_value">
<pin_list>
<pin id="5" dir="1" index="0" bw="1" slack="0"/>
</pin_list>
<bind>
<StgValue><ssdm name="mod_value"/></StgValue>
</bind>
</comp>

<comp id="6" class="1000" name="input1">
<pin_list>
<pin id="7" dir="1" index="0" bw="1" slack="0"/>
</pin_list>
<bind>
<StgValue><ssdm name="input1"/></StgValue>
</bind>
</comp>

<comp id="8" class="1000" name="b_FIR_22">
<pin_list>
<pin id="9" dir="1" index="0" bw="1" slack="0"/>
</pin_list>
<bind>
<StgValue><ssdm name="b_FIR_22"/><MemPortTyVec>1 </MemPortTyVec>
</StgValue>
</bind>
</comp>

<comp id="10" class="1000" name="H_filter_FIR_22">
<pin_list>
<pin id="11" dir="1" index="0" bw="1" slack="0"/>
</pin_list>
<bind>
<StgValue><ssdm name="H_filter_FIR_22"/><MemPortTyVec>2 1 </MemPortTyVec>
</StgValue>
</bind>
</comp>

<comp id="12" class="1000" name="y2">
<pin_list>
<pin id="13" dir="1" index="0" bw="1" slack="0"/>
</pin_list>
<bind>
<StgValue><ssdm name="y2"/></StgValue>
</bind>
</comp>

<comp id="14" class="1000" name="y11">
<pin_list>
<pin id="15" dir="1" index="0" bw="1" slack="0"/>
</pin_list>
<bind>
<StgValue><ssdm name="y11"/></StgValue>
</bind>
</comp>

<comp id="16" class="1000" name="input2">
<pin_list>
<pin id="17" dir="1" index="0" bw="1" slack="0"/>
</pin_list>
<bind>
<StgValue><ssdm name="input2"/></StgValue>
</bind>
</comp>

<comp id="18" class="1000" name="b_FIR_21">
<pin_list>
<pin id="19" dir="1" index="0" bw="1" slack="0"/>
</pin_list>
<bind>
<StgValue><ssdm name="b_FIR_21"/><MemPortTyVec>1 </MemPortTyVec>
</StgValue>
</bind>
</comp>

<comp id="20" class="1000" name="H_filter_FIR_21">
<pin_list>
<pin id="21" dir="1" index="0" bw="1" slack="0"/>
</pin_list>
<bind>
<StgValue><ssdm name="H_filter_FIR_21"/><MemPortTyVec>2 1 </MemPortTyVec>
</StgValue>
</bind>
</comp>

<comp id="22" class="1000" name="b_FIR_20">
<pin_list>
<pin id="23" dir="1" index="0" bw="1" slack="0"/>
</pin_list>
<bind>
<StgValue><ssdm name="b_FIR_20"/><MemPortTyVec>1 </MemPortTyVec>
</StgValue>
</bind>
</comp>

<comp id="24" class="1000" name="H_filter_FIR_20">
<pin_list>
<pin id="25" dir="1" index="0" bw="1" slack="0"/>
</pin_list>
<bind>
<StgValue><ssdm name="H_filter_FIR_20"/><MemPortTyVec>2 1 </MemPortTyVec>
</StgValue>
</bind>
</comp>

<comp id="26" class="1001" name="const_26">
<pin_list>
<pin id="27" dir="1" index="0" bw="1" slack="2147483647"/>
</pin_list>
<bind>
<StgValue><ssdm name="_ssdm_op_SpecTopModule"/></StgValue>
</bind>
</comp>

<comp id="28" class="1001" name="const_28">
<pin_list>
<pin id="29" dir="1" index="0" bw="1" slack="2147483647"/>
</pin_list>
<bind>
<StgValue><ssdm name="empty_2"/></StgValue>
</bind>
</comp>

<comp id="30" class="1001" name="const_30">
<pin_list>
<pin id="31" dir="1" index="0" bw="1" slack="2147483647"/>
</pin_list>
<bind>
<StgValue><ssdm name="_ssdm_op_SpecInterface"/></StgValue>
</bind>
</comp>

<comp id="32" class="1001" name="const_32">
<pin_list>
<pin id="33" dir="1" index="0" bw="1" slack="2147483647"/>
</pin_list>
<bind>
<StgValue><ssdm name=""/></StgValue>
</bind>
</comp>

<comp id="34" class="1001" name="const_34">
<pin_list>
<pin id="35" dir="1" index="0" bw="1" slack="2147483647"/>
</pin_list>
<bind>
<StgValue><ssdm name="empty_3"/></StgValue>
</bind>
</comp>

<comp id="36" class="1001" name="const_36">
<pin_list>
<pin id="37" dir="1" index="0" bw="1" slack="2147483647"/>
</pin_list>
<bind>
<StgValue><ssdm name="empty_1"/></StgValue>
</bind>
</comp>

<comp id="38" class="1001" name="const_38">
<pin_list>
<pin id="39" dir="1" index="0" bw="1" slack="2147483647"/>
</pin_list>
<bind>
<StgValue><ssdm name=""/></StgValue>
</bind>
</comp>

<comp id="40" class="1001" name="const_40">
<pin_list>
<pin id="41" dir="1" index="0" bw="1" slack="2147483647"/>
</pin_list>
<bind>
<StgValue><ssdm name="empty"/></StgValue>
</bind>
</comp>

<comp id="42" class="1001" name="const_42">
<pin_list>
<pin id="43" dir="1" index="0" bw="1" slack="2147483647"/>
</pin_list>
<bind>
<StgValue><ssdm name=""/></StgValue>
</bind>
</comp>

<comp id="44" class="1001" name="const_44">
<pin_list>
<pin id="45" dir="1" index="0" bw="1" slack="2147483647"/>
</pin_list>
<bind>
<StgValue><ssdm name="empty_0"/></StgValue>
</bind>
</comp>

<comp id="46" class="1001" name="const_46">
<pin_list>
<pin id="47" dir="1" index="0" bw="1" slack="2147483647"/>
</pin_list>
<bind>
<StgValue><ssdm name="_ssdm_op_SpecBitsMap"/></StgValue>
</bind>
</comp>

<comp id="48" class="1001" name="const_48">
<pin_list>
<pin id="49" dir="1" index="0" bw="1" slack="0"/>
</pin_list>
<bind>
<StgValue><ssdm name=""/></StgValue>
</bind>
</comp>

<comp id="50" class="1001" name="const_50">
<pin_list>
<pin id="51" dir="1" index="0" bw="1" slack="0"/>
</pin_list>
<bind>
<StgValue><ssdm name=""/></StgValue>
</bind>
</comp>

<comp id="52" class="1001" name="const_52">
<pin_list>
<pin id="53" dir="1" index="0" bw="1" slack="0"/>
</pin_list>
<bind>
<StgValue><ssdm name=""/></StgValue>
</bind>
</comp>

<comp id="54" class="1001" name="const_54">
<pin_list>
<pin id="55" dir="1" index="0" bw="1" slack="0"/>
</pin_list>
<bind>
<StgValue><ssdm name=""/></StgValue>
</bind>
</comp>

<comp id="56" class="1001" name="const_56">
<pin_list>
<pin id="57" dir="1" index="0" bw="1" slack="0"/>
</pin_list>
<bind>
<StgValue><ssdm name="_ssdm_op_Read.axis.volatile.i16P128A"/></StgValue>
</bind>
</comp>

<comp id="58" class="1001" name="const_58">
<pin_list>
<pin id="59" dir="1" index="0" bw="1" slack="0"/>
</pin_list>
<bind>
<StgValue><ssdm name=""/></StgValue>
</bind>
</comp>

<comp id="60" class="1001" name="const_60">
<pin_list>
<pin id="61" dir="1" index="0" bw="1" slack="0"/>
</pin_list>
<bind>
<StgValue><ssdm name="_ssdm_op_PartSelect.i16.i32.i32.i32"/></StgValue>
</bind>
</comp>

<comp id="62" class="1001" name="const_62">
<pin_list>
<pin id="63" dir="1" index="0" bw="1" slack="0"/>
</pin_list>
<bind>
<StgValue><ssdm name=""/></StgValue>
</bind>
</comp>

<comp id="64" class="1001" name="const_64">
<pin_list>
<pin id="65" dir="1" index="0" bw="1" slack="0"/>
</pin_list>
<bind>
<StgValue><ssdm name=""/></StgValue>
</bind>
</comp>

<comp id="66" class="1001" name="const_66">
<pin_list>
<pin id="67" dir="1" index="0" bw="1" slack="0"/>
</pin_list>
<bind>
<StgValue><ssdm name="_ssdm_op_Write.axis.volatile.i16P128A"/></StgValue>
</bind>
</comp>

<comp id="68" class="1001" name="const_68">
<pin_list>
<pin id="69" dir="1" index="0" bw="1" slack="0"/>
</pin_list>
<bind>
<StgValue><ssdm name="Fast_Running_FIR_HLS_Pipeline_VITIS_LOOP_37_1"/></StgValue>
</bind>
</comp>

<comp id="70" class="1001" name="const_70">
<pin_list>
<pin id="71" dir="1" index="0" bw="1" slack="0"/>
</pin_list>
<bind>
<StgValue><ssdm name="Fast_Running_FIR_HLS_Pipeline_VITIS_LOOP_37_11"/></StgValue>
</bind>
</comp>

<comp id="72" class="1001" name="const_72">
<pin_list>
<pin id="73" dir="1" index="0" bw="1" slack="0"/>
</pin_list>
<bind>
<StgValue><ssdm name="Fast_Running_FIR_HLS_Pipeline_VITIS_LOOP_37_12"/></StgValue>
</bind>
</comp>

<comp id="74" class="1001" name="const_74">
<pin_list>
<pin id="75" dir="1" index="0" bw="1" slack="0"/>
</pin_list>
<bind>
<StgValue><ssdm name=""/></StgValue>
</bind>
</comp>

<comp id="76" class="1001" name="const_76">
<pin_list>
<pin id="77" dir="1" index="0" bw="1" slack="0"/>
</pin_list>
<bind>
<StgValue><ssdm name=""/></StgValue>
</bind>
</comp>

<comp id="78" class="1001" name="const_78">
<pin_list>
<pin id="79" dir="1" index="0" bw="1" slack="0"/>
</pin_list>
<bind>
<StgValue><ssdm name=""/></StgValue>
</bind>
</comp>

<comp id="80" class="1004" name="grp_read_fu_80">
<pin_list>
<pin id="81" dir="0" index="0" bw="16" slack="0"/>
<pin id="82" dir="0" index="1" bw="16" slack="0"/>
<pin id="83" dir="1" index="2" bw="16" slack="0"/>
</pin_list>
<bind>
<opcode="read(1150) " fcode="read"/>
<opset="x_n_2/2 input_r_read/5 "/>
</bind>
</comp>

<comp id="86" class="1004" name="grp_write_fu_86">
<pin_list>
<pin id="87" dir="0" index="0" bw="0" slack="0"/>
<pin id="88" dir="0" index="1" bw="16" slack="0"/>
<pin id="89" dir="0" index="2" bw="16" slack="0"/>
<pin id="90" dir="1" index="3" bw="0" slack="2147483647"/>
</pin_list>
<bind>
<opcode="write(1151) " fcode="write"/>
<opset="write_ln14/2 write_ln22/5 "/>
</bind>
</comp>

<comp id="93" class="1004" name="grp_access_fu_93">
<pin_list>
<pin id="94" dir="0" index="0" bw="32" slack="0"/>
<pin id="95" dir="0" index="1" bw="32" slack="2147483647"/>
<pin id="96" dir="0" index="2" bw="0" slack="2147483647"/>
<pin id="97" dir="1" index="3" bw="32" slack="0"/>
</pin_list>
<bind>
<opcode="load(27) " fcode="load"/>
<opset="H_filter_FIR_22_load/1 "/>
</bind>
</comp>

<comp id="99" class="1004" name="grp_access_fu_99">
<pin_list>
<pin id="100" dir="0" index="0" bw="32" slack="0"/>
<pin id="101" dir="0" index="1" bw="32" slack="2147483647"/>
<pin id="102" dir="0" index="2" bw="0" slack="2147483647"/>
<pin id="103" dir="1" index="3" bw="32" slack="1"/>
</pin_list>
<bind>
<opcode="load(27) " fcode="load"/>
<opset="H_filter_FIR_21_load/1 "/>
</bind>
</comp>

<comp id="105" class="1004" name="grp_access_fu_105">
<pin_list>
<pin id="106" dir="0" index="0" bw="32" slack="0"/>
<pin id="107" dir="0" index="1" bw="32" slack="2147483647"/>
<pin id="108" dir="0" index="2" bw="0" slack="2147483647"/>
<pin id="109" dir="1" index="3" bw="32" slack="0"/>
</pin_list>
<bind>
<opcode="load(27) " fcode="load"/>
<opset="H_filter_FIR_20_load/1 "/>
</bind>
</comp>

<comp id="111" class="1005" name="storemerge_reg_111">
<pin_list>
<pin id="112" dir="0" index="0" bw="1" slack="2147483647"/>
<pin id="113" dir="1" index="1" bw="1" slack="2147483647"/>
</pin_list>
<bind>
<opset="storemerge (phireg) "/>
</bind>
</comp>

<comp id="114" class="1004" name="storemerge_phi_fu_114">
<pin_list>
<pin id="115" dir="0" index="0" bw="1" slack="0"/>
<pin id="116" dir="0" index="1" bw="0" slack="2147483647"/>
<pin id="117" dir="0" index="2" bw="1" slack="0"/>
<pin id="118" dir="0" index="3" bw="0" slack="2147483647"/>
<pin id="119" dir="1" index="4" bw="1" slack="0"/>
</pin_list>
<bind>
<opcode="phi(47) " fcode="phi"/>
<opset="storemerge/4 "/>
</bind>
</comp>

<comp id="122" class="1004" name="grp_Fast_Running_FIR_HLS_Pipeline_VITIS_LOOP_37_1_fu_122">
<pin_list>
<pin id="123" dir="0" index="0" bw="0" slack="0"/>
<pin id="124" dir="0" index="1" bw="16" slack="1"/>
<pin id="125" dir="0" index="2" bw="14" slack="0"/>
<pin id="126" dir="0" index="3" bw="32" slack="0"/>
<pin id="127" dir="1" index="4" bw="0" slack="2147483647"/>
</pin_list>
<bind>
<opcode="call(48) " fcode="call"/>
<opset="call_ln12/3 "/>
</bind>
</comp>

<comp id="131" class="1004" name="grp_Fast_Running_FIR_HLS_Pipeline_VITIS_LOOP_37_11_fu_131">
<pin_list>
<pin id="132" dir="0" index="0" bw="0" slack="0"/>
<pin id="133" dir="0" index="1" bw="16" slack="2"/>
<pin id="134" dir="0" index="2" bw="14" slack="0"/>
<pin id="135" dir="0" index="3" bw="32" slack="0"/>
<pin id="136" dir="1" index="4" bw="0" slack="2147483647"/>
</pin_list>
<bind>
<opcode="call(48) " fcode="call"/>
<opset="call_ln19/6 "/>
</bind>
</comp>

<comp id="140" class="1004" name="grp_Fast_Running_FIR_HLS_Pipeline_VITIS_LOOP_37_12_fu_140">
<pin_list>
<pin id="141" dir="0" index="0" bw="0" slack="0"/>
<pin id="142" dir="0" index="1" bw="16" slack="1"/>
<pin id="143" dir="0" index="2" bw="14" slack="0"/>
<pin id="144" dir="0" index="3" bw="32" slack="0"/>
<pin id="145" dir="1" index="4" bw="0" slack="2147483647"/>
</pin_list>
<bind>
<opcode="call(48) " fcode="call"/>
<opset="call_ln21/6 "/>
</bind>
</comp>

<comp id="149" class="1004" name="mod_value_load_load_fu_149">
<pin_list>
<pin id="150" dir="0" index="0" bw="1" slack="0"/>
<pin id="151" dir="1" index="1" bw="1" slack="3"/>
</pin_list>
<bind>
<opcode="load(27) " fcode="load"/>
<opset="mod_value_load/1 "/>
</bind>
</comp>

<comp id="153" class="1004" name="input1_load_load_fu_153">
<pin_list>
<pin id="154" dir="0" index="0" bw="16" slack="0"/>
<pin id="155" dir="1" index="1" bw="16" slack="0"/>
</pin_list>
<bind>
<opcode="load(27) " fcode="load"/>
<opset="input1_load/1 "/>
</bind>
</comp>

<comp id="157" class="1004" name="input2_load_load_fu_157">
<pin_list>
<pin id="158" dir="0" index="0" bw="16" slack="0"/>
<pin id="159" dir="1" index="1" bw="16" slack="0"/>
</pin_list>
<bind>
<opcode="load(27) " fcode="load"/>
<opset="input2_load/1 "/>
</bind>
</comp>

<comp id="161" class="1004" name="x_n_fu_161">
<pin_list>
<pin id="162" dir="0" index="0" bw="16" slack="0"/>
<pin id="163" dir="0" index="1" bw="16" slack="0"/>
<pin id="164" dir="1" index="2" bw="16" slack="0"/>
</pin_list>
<bind>
<opcode="sub(10) " fcode="sub"/>
<opset="x_n/1 "/>
</bind>
</comp>

<comp id="167" class="1004" name="sext_ln35_fu_167">
<pin_list>
<pin id="168" dir="0" index="0" bw="16" slack="0"/>
<pin id="169" dir="1" index="1" bw="23" slack="0"/>
</pin_list>
<bind>
<opcode="sext(35) " fcode="sext"/>
<opset="sext_ln35/1 "/>
</bind>
</comp>

<comp id="171" class="1004" name="store_ln12_store_fu_171">
<pin_list>
<pin id="172" dir="0" index="0" bw="16" slack="0"/>
<pin id="173" dir="0" index="1" bw="16" slack="0"/>
<pin id="174" dir="1" index="2" bw="0" slack="2147483647"/>
</pin_list>
<bind>
<opcode="store(28) " fcode="store"/>
<opset="store_ln12/2 "/>
</bind>
</comp>

<comp id="177" class="1004" name="sext_ln35_1_fu_177">
<pin_list>
<pin id="178" dir="0" index="0" bw="16" slack="0"/>
<pin id="179" dir="1" index="1" bw="24" slack="0"/>
</pin_list>
<bind>
<opcode="sext(35) " fcode="sext"/>
<opset="sext_ln35_1/2 "/>
</bind>
</comp>

<comp id="181" class="1004" name="mul_ln35_1_fu_181">
<pin_list>
<pin id="182" dir="0" index="0" bw="16" slack="0"/>
<pin id="183" dir="0" index="1" bw="9" slack="0"/>
<pin id="184" dir="1" index="2" bw="24" slack="0"/>
</pin_list>
<bind>
<opcode="mul(12) " fcode="mul"/>
<opset="mul_ln35_1/2 "/>
</bind>
</comp>

<comp id="187" class="1004" name="sext_ln35_4_fu_187">
<pin_list>
<pin id="188" dir="0" index="0" bw="24" slack="0"/>
<pin id="189" dir="1" index="1" bw="32" slack="0"/>
</pin_list>
<bind>
<opcode="sext(35) " fcode="sext"/>
<opset="sext_ln35_4/2 "/>
</bind>
</comp>

<comp id="191" class="1004" name="add_ln35_1_fu_191">
<pin_list>
<pin id="192" dir="0" index="0" bw="24" slack="0"/>
<pin id="193" dir="0" index="1" bw="32" slack="0"/>
<pin id="194" dir="1" index="2" bw="32" slack="0"/>
</pin_list>
<bind>
<opcode="add(8) " fcode="add"/>
<opset="add_ln35_1/2 "/>
</bind>
</comp>

<comp id="197" class="1004" name="y_fu_197">
<pin_list>
<pin id="198" dir="0" index="0" bw="16" slack="0"/>
<pin id="199" dir="0" index="1" bw="32" slack="0"/>
<pin id="200" dir="0" index="2" bw="6" slack="0"/>
<pin id="201" dir="0" index="3" bw="6" slack="0"/>
<pin id="202" dir="1" index="4" bw="16" slack="0"/>
</pin_list>
<bind>
<opcode="partselect(1002) " fcode="partselect"/>
<opset="y/2 "/>
</bind>
</comp>

<comp id="207" class="1004" name="store_ln13_store_fu_207">
<pin_list>
<pin id="208" dir="0" index="0" bw="16" slack="0"/>
<pin id="209" dir="0" index="1" bw="16" slack="0"/>
<pin id="210" dir="1" index="2" bw="0" slack="2147483647"/>
</pin_list>
<bind>
<opcode="store(28) " fcode="store"/>
<opset="store_ln13/2 "/>
</bind>
</comp>

<comp id="213" class="1004" name="y11_load_load_fu_213">
<pin_list>
<pin id="214" dir="0" index="0" bw="16" slack="0"/>
<pin id="215" dir="1" index="1" bw="16" slack="0"/>
</pin_list>
<bind>
<opcode="load(27) " fcode="load"/>
<opset="y11_load/2 "/>
</bind>
</comp>

<comp id="217" class="1004" name="sub_ln14_fu_217">
<pin_list>
<pin id="218" dir="0" index="0" bw="16" slack="0"/>
<pin id="219" dir="0" index="1" bw="16" slack="0"/>
<pin id="220" dir="1" index="2" bw="16" slack="0"/>
</pin_list>
<bind>
<opcode="sub(10) " fcode="sub"/>
<opset="sub_ln14/2 "/>
</bind>
</comp>

<comp id="224" class="1004" name="y_1_fu_224">
<pin_list>
<pin id="225" dir="0" index="0" bw="16" slack="0"/>
<pin id="226" dir="0" index="1" bw="32" slack="0"/>
<pin id="227" dir="0" index="2" bw="6" slack="0"/>
<pin id="228" dir="0" index="3" bw="6" slack="0"/>
<pin id="229" dir="1" index="4" bw="16" slack="0"/>
</pin_list>
<bind>
<opcode="partselect(1002) " fcode="partselect"/>
<opset="y_1/4 "/>
</bind>
</comp>

<comp id="233" class="1004" name="store_ln19_store_fu_233">
<pin_list>
<pin id="234" dir="0" index="0" bw="16" slack="0"/>
<pin id="235" dir="0" index="1" bw="16" slack="0"/>
<pin id="236" dir="1" index="2" bw="0" slack="2147483647"/>
</pin_list>
<bind>
<opcode="store(28) " fcode="store"/>
<opset="store_ln19/4 "/>
</bind>
</comp>

<comp id="239" class="1004" name="store_ln0_store_fu_239">
<pin_list>
<pin id="240" dir="0" index="0" bw="1" slack="0"/>
<pin id="241" dir="0" index="1" bw="1" slack="0"/>
<pin id="242" dir="1" index="2" bw="0" slack="2147483647"/>
</pin_list>
<bind>
<opcode="store(28) " fcode="store"/>
<opset="store_ln0/4 "/>
</bind>
</comp>

<comp id="245" class="1004" name="store_ln20_store_fu_245">
<pin_list>
<pin id="246" dir="0" index="0" bw="16" slack="0"/>
<pin id="247" dir="0" index="1" bw="16" slack="0"/>
<pin id="248" dir="1" index="2" bw="0" slack="2147483647"/>
</pin_list>
<bind>
<opcode="store(28) " fcode="store"/>
<opset="store_ln20/5 "/>
</bind>
</comp>

<comp id="251" class="1004" name="x_n_1_fu_251">
<pin_list>
<pin id="252" dir="0" index="0" bw="16" slack="1"/>
<pin id="253" dir="0" index="1" bw="16" slack="0"/>
<pin id="254" dir="1" index="2" bw="16" slack="0"/>
</pin_list>
<bind>
<opcode="sub(10) " fcode="sub"/>
<opset="x_n_1/5 "/>
</bind>
</comp>

<comp id="256" class="1004" name="sext_ln35_3_fu_256">
<pin_list>
<pin id="257" dir="0" index="0" bw="16" slack="0"/>
<pin id="258" dir="1" index="1" bw="25" slack="0"/>
</pin_list>
<bind>
<opcode="sext(35) " fcode="sext"/>
<opset="sext_ln35_3/5 "/>
</bind>
</comp>

<comp id="260" class="1004" name="mul_ln35_2_fu_260">
<pin_list>
<pin id="261" dir="0" index="0" bw="16" slack="0"/>
<pin id="262" dir="0" index="1" bw="10" slack="0"/>
<pin id="263" dir="1" index="2" bw="25" slack="0"/>
</pin_list>
<bind>
<opcode="mul(12) " fcode="mul"/>
<opset="mul_ln35_2/5 "/>
</bind>
</comp>

<comp id="266" class="1004" name="sext_ln35_5_fu_266">
<pin_list>
<pin id="267" dir="0" index="0" bw="25" slack="0"/>
<pin id="268" dir="1" index="1" bw="32" slack="0"/>
</pin_list>
<bind>
<opcode="sext(35) " fcode="sext"/>
<opset="sext_ln35_5/5 "/>
</bind>
</comp>

<comp id="270" class="1004" name="add_ln35_2_fu_270">
<pin_list>
<pin id="271" dir="0" index="0" bw="25" slack="0"/>
<pin id="272" dir="0" index="1" bw="32" slack="0"/>
<pin id="273" dir="1" index="2" bw="32" slack="0"/>
</pin_list>
<bind>
<opcode="add(8) " fcode="add"/>
<opset="add_ln35_2/5 "/>
</bind>
</comp>

<comp id="276" class="1004" name="y_2_fu_276">
<pin_list>
<pin id="277" dir="0" index="0" bw="16" slack="0"/>
<pin id="278" dir="0" index="1" bw="32" slack="0"/>
<pin id="279" dir="0" index="2" bw="6" slack="0"/>
<pin id="280" dir="0" index="3" bw="6" slack="0"/>
<pin id="281" dir="1" index="4" bw="16" slack="0"/>
</pin_list>
<bind>
<opcode="partselect(1002) " fcode="partselect"/>
<opset="y_2/5 "/>
</bind>
</comp>

<comp id="286" class="1004" name="y2_load_load_fu_286">
<pin_list>
<pin id="287" dir="0" index="0" bw="16" slack="0"/>
<pin id="288" dir="1" index="1" bw="16" slack="0"/>
</pin_list>
<bind>
<opcode="load(27) " fcode="load"/>
<opset="y2_load/5 "/>
</bind>
</comp>

<comp id="290" class="1004" name="sub_ln22_fu_290">
<pin_list>
<pin id="291" dir="0" index="0" bw="16" slack="0"/>
<pin id="292" dir="0" index="1" bw="16" slack="0"/>
<pin id="293" dir="1" index="2" bw="16" slack="0"/>
</pin_list>
<bind>
<opcode="sub(10) " fcode="sub"/>
<opset="sub_ln22/5 "/>
</bind>
</comp>

<comp id="297" class="1007" name="grp_fu_297">
<pin_list>
<pin id="298" dir="0" index="0" bw="16" slack="0"/>
<pin id="299" dir="0" index="1" bw="7" slack="0"/>
<pin id="300" dir="0" index="2" bw="32" slack="2147483647"/>
<pin id="301" dir="1" index="3" bw="32" slack="0"/>
</pin_list>
<bind>
<opcode="muladd(1172) " fcode="muladd"/>
<opset="mul_ln35/1 sext_ln35_2/6 add_ln35/6 "/>
</bind>
</comp>

<comp id="305" class="1005" name="mod_value_load_reg_305">
<pin_list>
<pin id="306" dir="0" index="0" bw="1" slack="3"/>
<pin id="307" dir="1" index="1" bw="1" slack="2147483647"/>
</pin_list>
<bind>
<opset="mod_value_load "/>
</bind>
</comp>

<comp id="309" class="1005" name="input1_load_reg_309">
<pin_list>
<pin id="310" dir="0" index="0" bw="16" slack="1"/>
<pin id="311" dir="1" index="1" bw="16" slack="1"/>
</pin_list>
<bind>
<opset="input1_load "/>
</bind>
</comp>

<comp id="314" class="1005" name="x_n_reg_314">
<pin_list>
<pin id="315" dir="0" index="0" bw="16" slack="2"/>
<pin id="316" dir="1" index="1" bw="16" slack="2"/>
</pin_list>
<bind>
<opset="x_n "/>
</bind>
</comp>

<comp id="319" class="1005" name="sext_ln35_reg_319">
<pin_list>
<pin id="320" dir="0" index="0" bw="23" slack="1"/>
<pin id="321" dir="1" index="1" bw="23" slack="1"/>
</pin_list>
<bind>
<opset="sext_ln35 "/>
</bind>
</comp>

<comp id="324" class="1005" name="x_n_2_reg_324">
<pin_list>
<pin id="325" dir="0" index="0" bw="16" slack="1"/>
<pin id="326" dir="1" index="1" bw="16" slack="1"/>
</pin_list>
<bind>
<opset="x_n_2 "/>
</bind>
</comp>

<comp id="329" class="1005" name="sub_ln14_reg_329">
<pin_list>
<pin id="330" dir="0" index="0" bw="16" slack="1"/>
<pin id="331" dir="1" index="1" bw="16" slack="1"/>
</pin_list>
<bind>
<opset="sub_ln14 "/>
</bind>
</comp>

<comp id="334" class="1005" name="H_filter_FIR_21_load_reg_334">
<pin_list>
<pin id="335" dir="0" index="0" bw="32" slack="1"/>
<pin id="336" dir="1" index="1" bw="32" slack="1"/>
</pin_list>
<bind>
<opset="H_filter_FIR_21_load "/>
</bind>
</comp>

<comp id="339" class="1005" name="x_n_1_reg_339">
<pin_list>
<pin id="340" dir="0" index="0" bw="16" slack="1"/>
<pin id="341" dir="1" index="1" bw="16" slack="1"/>
</pin_list>
<bind>
<opset="x_n_1 "/>
</bind>
</comp>

<comp id="344" class="1005" name="sub_ln22_reg_344">
<pin_list>
<pin id="345" dir="0" index="0" bw="16" slack="1"/>
<pin id="346" dir="1" index="1" bw="16" slack="1"/>
</pin_list>
<bind>
<opset="sub_ln22 "/>
</bind>
</comp>

</comp_list>

<net_list>
<net id="84"><net_src comp="56" pin="0"/><net_sink comp="80" pin=0"/></net>

<net id="85"><net_src comp="0" pin="0"/><net_sink comp="80" pin=1"/></net>

<net id="91"><net_src comp="66" pin="0"/><net_sink comp="86" pin=0"/></net>

<net id="92"><net_src comp="2" pin="0"/><net_sink comp="86" pin=1"/></net>

<net id="98"><net_src comp="48" pin="0"/><net_sink comp="93" pin=0"/></net>

<net id="104"><net_src comp="50" pin="0"/><net_sink comp="99" pin=0"/></net>

<net id="110"><net_src comp="54" pin="0"/><net_sink comp="105" pin=0"/></net>

<net id="120"><net_src comp="74" pin="0"/><net_sink comp="114" pin=0"/></net>

<net id="121"><net_src comp="76" pin="0"/><net_sink comp="114" pin=2"/></net>

<net id="128"><net_src comp="68" pin="0"/><net_sink comp="122" pin=0"/></net>

<net id="129"><net_src comp="8" pin="0"/><net_sink comp="122" pin=2"/></net>

<net id="130"><net_src comp="10" pin="0"/><net_sink comp="122" pin=3"/></net>

<net id="137"><net_src comp="70" pin="0"/><net_sink comp="131" pin=0"/></net>

<net id="138"><net_src comp="18" pin="0"/><net_sink comp="131" pin=2"/></net>

<net id="139"><net_src comp="20" pin="0"/><net_sink comp="131" pin=3"/></net>

<net id="146"><net_src comp="72" pin="0"/><net_sink comp="140" pin=0"/></net>

<net id="147"><net_src comp="22" pin="0"/><net_sink comp="140" pin=2"/></net>

<net id="148"><net_src comp="24" pin="0"/><net_sink comp="140" pin=3"/></net>

<net id="152"><net_src comp="4" pin="0"/><net_sink comp="149" pin=0"/></net>

<net id="156"><net_src comp="6" pin="0"/><net_sink comp="153" pin=0"/></net>

<net id="160"><net_src comp="16" pin="0"/><net_sink comp="157" pin=0"/></net>

<net id="165"><net_src comp="153" pin="1"/><net_sink comp="161" pin=0"/></net>

<net id="166"><net_src comp="157" pin="1"/><net_sink comp="161" pin=1"/></net>

<net id="170"><net_src comp="161" pin="2"/><net_sink comp="167" pin=0"/></net>

<net id="175"><net_src comp="80" pin="2"/><net_sink comp="171" pin=0"/></net>

<net id="176"><net_src comp="6" pin="0"/><net_sink comp="171" pin=1"/></net>

<net id="180"><net_src comp="80" pin="2"/><net_sink comp="177" pin=0"/></net>

<net id="185"><net_src comp="177" pin="1"/><net_sink comp="181" pin=0"/></net>

<net id="186"><net_src comp="58" pin="0"/><net_sink comp="181" pin=1"/></net>

<net id="190"><net_src comp="181" pin="2"/><net_sink comp="187" pin=0"/></net>

<net id="195"><net_src comp="187" pin="1"/><net_sink comp="191" pin=0"/></net>

<net id="196"><net_src comp="93" pin="3"/><net_sink comp="191" pin=1"/></net>

<net id="203"><net_src comp="60" pin="0"/><net_sink comp="197" pin=0"/></net>

<net id="204"><net_src comp="191" pin="2"/><net_sink comp="197" pin=1"/></net>

<net id="205"><net_src comp="62" pin="0"/><net_sink comp="197" pin=2"/></net>

<net id="206"><net_src comp="64" pin="0"/><net_sink comp="197" pin=3"/></net>

<net id="211"><net_src comp="197" pin="4"/><net_sink comp="207" pin=0"/></net>

<net id="212"><net_src comp="12" pin="0"/><net_sink comp="207" pin=1"/></net>

<net id="216"><net_src comp="14" pin="0"/><net_sink comp="213" pin=0"/></net>

<net id="221"><net_src comp="197" pin="4"/><net_sink comp="217" pin=0"/></net>

<net id="222"><net_src comp="213" pin="1"/><net_sink comp="217" pin=1"/></net>

<net id="223"><net_src comp="217" pin="2"/><net_sink comp="86" pin=2"/></net>

<net id="230"><net_src comp="60" pin="0"/><net_sink comp="224" pin=0"/></net>

<net id="231"><net_src comp="62" pin="0"/><net_sink comp="224" pin=2"/></net>

<net id="232"><net_src comp="64" pin="0"/><net_sink comp="224" pin=3"/></net>

<net id="237"><net_src comp="224" pin="4"/><net_sink comp="233" pin=0"/></net>

<net id="238"><net_src comp="14" pin="0"/><net_sink comp="233" pin=1"/></net>

<net id="243"><net_src comp="114" pin="4"/><net_sink comp="239" pin=0"/></net>

<net id="244"><net_src comp="4" pin="0"/><net_sink comp="239" pin=1"/></net>

<net id="249"><net_src comp="80" pin="2"/><net_sink comp="245" pin=0"/></net>

<net id="250"><net_src comp="16" pin="0"/><net_sink comp="245" pin=1"/></net>

<net id="255"><net_src comp="80" pin="2"/><net_sink comp="251" pin=1"/></net>

<net id="259"><net_src comp="251" pin="2"/><net_sink comp="256" pin=0"/></net>

<net id="264"><net_src comp="256" pin="1"/><net_sink comp="260" pin=0"/></net>

<net id="265"><net_src comp="78" pin="0"/><net_sink comp="260" pin=1"/></net>

<net id="269"><net_src comp="260" pin="2"/><net_sink comp="266" pin=0"/></net>

<net id="274"><net_src comp="266" pin="1"/><net_sink comp="270" pin=0"/></net>

<net id="275"><net_src comp="105" pin="3"/><net_sink comp="270" pin=1"/></net>

<net id="282"><net_src comp="60" pin="0"/><net_sink comp="276" pin=0"/></net>

<net id="283"><net_src comp="270" pin="2"/><net_sink comp="276" pin=1"/></net>

<net id="284"><net_src comp="62" pin="0"/><net_sink comp="276" pin=2"/></net>

<net id="285"><net_src comp="64" pin="0"/><net_sink comp="276" pin=3"/></net>

<net id="289"><net_src comp="12" pin="0"/><net_sink comp="286" pin=0"/></net>

<net id="294"><net_src comp="286" pin="1"/><net_sink comp="290" pin=0"/></net>

<net id="295"><net_src comp="276" pin="4"/><net_sink comp="290" pin=1"/></net>

<net id="296"><net_src comp="290" pin="2"/><net_sink comp="86" pin=2"/></net>

<net id="302"><net_src comp="167" pin="1"/><net_sink comp="297" pin=0"/></net>

<net id="303"><net_src comp="52" pin="0"/><net_sink comp="297" pin=1"/></net>

<net id="304"><net_src comp="297" pin="3"/><net_sink comp="224" pin=1"/></net>

<net id="308"><net_src comp="149" pin="1"/><net_sink comp="305" pin=0"/></net>

<net id="312"><net_src comp="153" pin="1"/><net_sink comp="309" pin=0"/></net>

<net id="313"><net_src comp="309" pin="1"/><net_sink comp="251" pin=0"/></net>

<net id="317"><net_src comp="161" pin="2"/><net_sink comp="314" pin=0"/></net>

<net id="318"><net_src comp="314" pin="1"/><net_sink comp="131" pin=1"/></net>

<net id="322"><net_src comp="167" pin="1"/><net_sink comp="319" pin=0"/></net>

<net id="323"><net_src comp="319" pin="1"/><net_sink comp="297" pin=0"/></net>

<net id="327"><net_src comp="80" pin="2"/><net_sink comp="324" pin=0"/></net>

<net id="328"><net_src comp="324" pin="1"/><net_sink comp="122" pin=1"/></net>

<net id="332"><net_src comp="217" pin="2"/><net_sink comp="329" pin=0"/></net>

<net id="333"><net_src comp="329" pin="1"/><net_sink comp="86" pin=2"/></net>

<net id="337"><net_src comp="99" pin="3"/><net_sink comp="334" pin=0"/></net>

<net id="338"><net_src comp="334" pin="1"/><net_sink comp="297" pin=1"/></net>

<net id="342"><net_src comp="251" pin="2"/><net_sink comp="339" pin=0"/></net>

<net id="343"><net_src comp="339" pin="1"/><net_sink comp="140" pin=1"/></net>

<net id="347"><net_src comp="290" pin="2"/><net_sink comp="344" pin=0"/></net>

<net id="348"><net_src comp="344" pin="1"/><net_sink comp="86" pin=2"/></net>

</net_list>

</model> 
---------------- Datapath Model END ------------------

* FSMD analyzer results:
  - Output states:
	Port: output_r | {3 6 }
	Port: mod_value | {4 }
	Port: input1 | {2 }
	Port: H_filter_FIR_22 | {3 4 }
	Port: y2 | {2 }
	Port: y11 | {4 }
	Port: input2 | {5 }
	Port: H_filter_FIR_21 | {4 6 }
	Port: H_filter_FIR_20 | {4 6 }
 - Input state : 
	Port: Fast_Running_FIR_HLS : input_r | {2 5 }
	Port: Fast_Running_FIR_HLS : mod_value | {1 }
	Port: Fast_Running_FIR_HLS : input1 | {1 }
	Port: Fast_Running_FIR_HLS : b_FIR_22 | {3 4 }
	Port: Fast_Running_FIR_HLS : H_filter_FIR_22 | {1 2 3 4 }
	Port: Fast_Running_FIR_HLS : y2 | {5 }
	Port: Fast_Running_FIR_HLS : y11 | {2 }
	Port: Fast_Running_FIR_HLS : input2 | {1 }
	Port: Fast_Running_FIR_HLS : b_FIR_21 | {4 6 }
	Port: Fast_Running_FIR_HLS : H_filter_FIR_21 | {1 4 5 6 }
	Port: Fast_Running_FIR_HLS : b_FIR_20 | {4 6 }
	Port: Fast_Running_FIR_HLS : H_filter_FIR_20 | {1 4 5 6 }
  - Chain level:
	State 1
		br_ln11 : 1
		x_n : 1
		sext_ln35 : 2
		mul_ln35 : 3
	State 2
		mul_ln35_1 : 1
		sext_ln35_4 : 2
		add_ln35_1 : 3
		y : 4
		store_ln13 : 5
		sub_ln14 : 5
		write_ln14 : 6
	State 3
	State 4
		y_1 : 1
		store_ln19 : 2
		storemerge : 1
		store_ln0 : 2
	State 5
		sext_ln35_3 : 1
		mul_ln35_2 : 2
		sext_ln35_5 : 3
		add_ln35_2 : 4
		y_2 : 5
		sub_ln22 : 6
		write_ln22 : 7
	State 6
		sext_ln35_2 : 1
		add_ln35 : 2


============================================================
+ Verbose Summary: Datapath Resource usage 
============================================================

* Functional unit list:
|----------|-----------------------------------------------------------|---------|---------|---------|---------|
| Operation|                      Functional Unit                      |   DSP   |  Delay  |    FF   |   LUT   |
|----------|-----------------------------------------------------------|---------|---------|---------|---------|
|          |  grp_Fast_Running_FIR_HLS_Pipeline_VITIS_LOOP_37_1_fu_122 |    1    |  0.854  |    62   |   107   |
|   call   | grp_Fast_Running_FIR_HLS_Pipeline_VITIS_LOOP_37_11_fu_131 |    1    |  0.854  |    62   |   107   |
|          | grp_Fast_Running_FIR_HLS_Pipeline_VITIS_LOOP_37_12_fu_140 |    1    |  0.854  |    62   |   107   |
|----------|-----------------------------------------------------------|---------|---------|---------|---------|
|          |                         x_n_fu_161                        |    0    |    0    |    0    |    23   |
|    sub   |                      sub_ln14_fu_217                      |    0    |    0    |    0    |    23   |
|          |                        x_n_1_fu_251                       |    0    |    0    |    0    |    23   |
|          |                      sub_ln22_fu_290                      |    0    |    0    |    0    |    23   |
|----------|-----------------------------------------------------------|---------|---------|---------|---------|
|    add   |                     add_ln35_1_fu_191                     |    0    |    0    |    0    |    39   |
|          |                     add_ln35_2_fu_270                     |    0    |    0    |    0    |    39   |
|----------|-----------------------------------------------------------|---------|---------|---------|---------|
|    mul   |                     mul_ln35_1_fu_181                     |    1    |    0    |    0    |    5    |
|          |                     mul_ln35_2_fu_260                     |    1    |    0    |    0    |    5    |
|----------|-----------------------------------------------------------|---------|---------|---------|---------|
|  muladd  |                         grp_fu_297                        |    1    |    0    |    0    |    0    |
|----------|-----------------------------------------------------------|---------|---------|---------|---------|
|   read   |                       grp_read_fu_80                      |    0    |    0    |    0    |    0    |
|----------|-----------------------------------------------------------|---------|---------|---------|---------|
|   write  |                      grp_write_fu_86                      |    0    |    0    |    0    |    0    |
|----------|-----------------------------------------------------------|---------|---------|---------|---------|
|          |                      sext_ln35_fu_167                     |    0    |    0    |    0    |    0    |
|          |                     sext_ln35_1_fu_177                    |    0    |    0    |    0    |    0    |
|   sext   |                     sext_ln35_4_fu_187                    |    0    |    0    |    0    |    0    |
|          |                     sext_ln35_3_fu_256                    |    0    |    0    |    0    |    0    |
|          |                     sext_ln35_5_fu_266                    |    0    |    0    |    0    |    0    |
|----------|-----------------------------------------------------------|---------|---------|---------|---------|
|          |                          y_fu_197                         |    0    |    0    |    0    |    0    |
|partselect|                         y_1_fu_224                        |    0    |    0    |    0    |    0    |
|          |                         y_2_fu_276                        |    0    |    0    |    0    |    0    |
|----------|-----------------------------------------------------------|---------|---------|---------|---------|
|   Total  |                                                           |    6    |  2.562  |   186   |   501   |
|----------|-----------------------------------------------------------|---------|---------|---------|---------|

Memories:
+---------------+--------+--------+--------+--------+
|               |  BRAM  |   FF   |   LUT  |  URAM  |
+---------------+--------+--------+--------+--------+
|H_filter_FIR_20|    2   |    0   |    0   |    0   |
|H_filter_FIR_21|    2   |    0   |    0   |    0   |
|H_filter_FIR_22|    2   |    0   |    0   |    0   |
|    b_FIR_20   |    1   |    0   |    0   |    -   |
|    b_FIR_21   |    1   |    0   |    0   |    -   |
|    b_FIR_22   |    1   |    0   |    0   |    -   |
+---------------+--------+--------+--------+--------+
|     Total     |    9   |    0   |    0   |    0   |
+---------------+--------+--------+--------+--------+

* Register list:
+----------------------------+--------+
|                            |   FF   |
+----------------------------+--------+
|H_filter_FIR_21_load_reg_334|   32   |
|     input1_load_reg_309    |   16   |
|   mod_value_load_reg_305   |    1   |
|      sext_ln35_reg_319     |   23   |
|     storemerge_reg_111     |    1   |
|      sub_ln14_reg_329      |   16   |
|      sub_ln22_reg_344      |   16   |
|        x_n_1_reg_339       |   16   |
|        x_n_2_reg_324       |   16   |
|         x_n_reg_314        |   16   |
+----------------------------+--------+
|            Total           |   153  |
+----------------------------+--------+

* Multiplexer (MUX) list: 
|-----------------|------|------|------|--------||---------||---------||---------|
|       Comp      |  Pin | Size |  BW  | S x BW ||  Delay  ||    FF   ||   LUT   |
|-----------------|------|------|------|--------||---------||---------||---------|
| grp_write_fu_86 |  p2  |   4  |  16  |   64   ||    0    ||    20   |
|    grp_fu_297   |  p0  |   2  |  16  |   32   ||    0    ||    9    |
|    grp_fu_297   |  p1  |   2  |   7  |   14   ||    0    ||    9    |
|-----------------|------|------|------|--------||---------||---------||---------|
|      Total      |      |      |      |   110  ||  1.379  ||    0    ||    38   |
|-----------------|------|------|------|--------||---------||---------||---------|



* Summary:
+-----------+--------+--------+--------+--------+--------+--------+
|           |  BRAM  |   DSP  |  Delay |   FF   |   LUT  |  URAM  |
+-----------+--------+--------+--------+--------+--------+--------+
|  Function |    -   |    6   |    2   |   186  |   501  |    -   |
|   Memory  |    9   |    -   |    -   |    0   |    0   |    0   |
|Multiplexer|    -   |    -   |    1   |    0   |   38   |    -   |
|  Register |    -   |    -   |    -   |   153  |    -   |    -   |
+-----------+--------+--------+--------+--------+--------+--------+
|   Total   |    9   |    6   |    3   |   339  |   539  |    0   |
+-----------+--------+--------+--------+--------+--------+--------+
