

================================================================
== Vitis HLS Report for 'Fast_Running_FIR_HLS'
================================================================
* Date:           Sat Jan 17 11:06:43 2026

* Version:        2024.2 (Build 5238294 on Nov  8 2024)
* Project:        Fast_Running_FIR_HLS
* Solution:       hls (Vivado IP Flow Target)
* Product family: zynquplus
* Target device:  xck26-sfvc784-2LV-c


================================================================
== Performance Estimates
================================================================
+ Timing: 
    * Summary: 
    +--------+----------+----------+------------+
    |  Clock |  Target  | Estimated| Uncertainty|
    +--------+----------+----------+------------+
    |ap_clk  |  10.00 ns|  5.870 ns|     2.70 ns|
    +--------+----------+----------+------------+

+ Latency: 
    * Summary: 
    +---------+---------+----------+----------+-----+-----+---------+
    |  Latency (cycles) |  Latency (absolute) |  Interval | Pipeline|
    |   min   |   max   |    min   |    max   | min | max |   Type  |
    +---------+---------+----------+----------+-----+-----+---------+
    |      200|      200|  2.000 us|  2.000 us|  201|  201|       no|
    +---------+---------+----------+----------+-----+-----+---------+

    + Detail: 
        * Instance: 
        N/A

        * Loop: 
        N/A

============================================================
+ Verbose Summary: Synthesis Manager
============================================================
InlineROM: 1
ExposeGlobal: 0
============================================================
+ Verbose Summary: CDFG Model
============================================================
IsTopModel: 1
ResetActiveHigh: 1
IsCombinational: 0
IsDatapathOnly: 0
HasWiredReturn: 1
HasMFsm: 0
HasVarLatency: 1
IsPipeline: 0
IsRtlPipelined: 0
IsInstanceOverlapped: 0
IsDontTouch: 0
HasImplIP: 0
IsGatedGlobalClock: 0


============================================================
+ Verbose Summary: Schedule
============================================================
* Number of FSM states : 6
* Pipeline : 0
* Dataflow Pipeline: 0

* FSM state transitions: 
1 --> 2 5 
2 --> 3 
3 --> 4 
4 --> 
5 --> 6 
6 --> 4 

* FSM state operations: 

State 1 <SV = 0> <Delay = 1.84>
ST_1 : Operation 7 [1/1] (0.00ns)   --->   "%spectopmodule_ln5 = spectopmodule void @_ssdm_op_SpecTopModule, void @empty_2" [FIR_HLS.cpp:5]   --->   Operation 7 'spectopmodule' 'spectopmodule_ln5' <Predicate = true> <Delay = 0.00>
ST_1 : Operation 8 [1/1] (0.00ns)   --->   "%specinterface_ln5 = specinterface void @_ssdm_op_SpecInterface, i32 0, void @empty_3, i32 0, i32 0, void @empty_1, i32 0, i32 0, void @empty_1, void @empty_1, void @empty_1, i32 0, i32 0, i32 0, i32 0, void @empty_1, void @empty_1, i32 4294967295, i32 0, i32 0" [FIR_HLS.cpp:5]   --->   Operation 8 'specinterface' 'specinterface_ln5' <Predicate = true> <Delay = 0.00>
ST_1 : Operation 9 [1/1] (0.00ns)   --->   "%specinterface_ln0 = specinterface void @_ssdm_op_SpecInterface, i16 %input_r, void @empty, i32 1, i32 1, void @empty_0, i32 0, i32 0, void @empty_1, void @empty_1, void @empty_1, i32 0, i32 0, i32 0, i32 0, void @empty_1, void @empty_1, i32 4294967295, i32 0, i32 0"   --->   Operation 9 'specinterface' 'specinterface_ln0' <Predicate = true> <Delay = 0.00>
ST_1 : Operation 10 [1/1] (0.00ns)   --->   "%specbitsmap_ln0 = specbitsmap void @_ssdm_op_SpecBitsMap, i16 %input_r"   --->   Operation 10 'specbitsmap' 'specbitsmap_ln0' <Predicate = true> <Delay = 0.00>
ST_1 : Operation 11 [1/1] (0.00ns)   --->   "%specinterface_ln0 = specinterface void @_ssdm_op_SpecInterface, i16 %output_r, void @empty, i32 1, i32 1, void @empty_0, i32 0, i32 0, void @empty_1, void @empty_1, void @empty_1, i32 0, i32 0, i32 0, i32 0, void @empty_1, void @empty_1, i32 4294967295, i32 0, i32 0"   --->   Operation 11 'specinterface' 'specinterface_ln0' <Predicate = true> <Delay = 0.00>
ST_1 : Operation 12 [1/1] (0.00ns)   --->   "%specbitsmap_ln0 = specbitsmap void @_ssdm_op_SpecBitsMap, i16 %output_r"   --->   Operation 12 'specbitsmap' 'specbitsmap_ln0' <Predicate = true> <Delay = 0.00>
ST_1 : Operation 13 [1/1] (0.00ns)   --->   "%mod_value_load = load i1 %mod_value" [FIR_HLS.cpp:11]   --->   Operation 13 'load' 'mod_value_load' <Predicate = true> <Delay = 0.00>
ST_1 : Operation 14 [1/1] (0.00ns)   --->   "%br_ln11 = br i1 %mod_value_load, void %if.then, void %if.else" [FIR_HLS.cpp:11]   --->   Operation 14 'br' 'br_ln11' <Predicate = true> <Delay = 0.00>
ST_1 : Operation 15 [2/2] (1.23ns)   --->   "%H_filter_FIR_22_load = load i32 0" [FIR_HLS.cpp:35->FIR_HLS.cpp:13]   --->   Operation 15 'load' 'H_filter_FIR_22_load' <Predicate = (!mod_value_load)> <Delay = 1.23> <CoreInst = "RAM">   --->   Core 82 'RAM' <Latency = 1> <II = 1> <Delay = 1.23> <Storage> <Opcode : 'load' 'store'> <Ports = 2> <Width = 32> <Depth = 196> <RAM>
ST_1 : Operation 16 [1/1] (0.00ns)   --->   "%input1_load = load i16 %input1" [FIR_HLS.cpp:19]   --->   Operation 16 'load' 'input1_load' <Predicate = (mod_value_load)> <Delay = 0.00>
ST_1 : Operation 17 [1/1] (0.00ns)   --->   "%input2_load = load i16 %input2" [FIR_HLS.cpp:19]   --->   Operation 17 'load' 'input2_load' <Predicate = (mod_value_load)> <Delay = 0.00>
ST_1 : Operation 18 [1/1] (0.85ns)   --->   "%x_n = sub i16 %input1_load, i16 %input2_load" [FIR_HLS.cpp:19]   --->   Operation 18 'sub' 'x_n' <Predicate = (mod_value_load)> <Delay = 0.85> <CoreInst = "Adder">   --->   Core 1 'Adder' <Latency = 0> <II = 1> <Delay = 0.85> <FuncUnit> <Opcode : 'add' 'sub'> <InPorts = 2> <OutPorts = 1>
ST_1 : Operation 19 [1/1] (0.00ns)   --->   "%sext_ln35 = sext i16 %x_n" [FIR_HLS.cpp:35->FIR_HLS.cpp:19]   --->   Operation 19 'sext' 'sext_ln35' <Predicate = (mod_value_load)> <Delay = 0.00>
ST_1 : Operation 20 [2/2] (1.23ns)   --->   "%H_filter_FIR_21_load = load i32 0" [FIR_HLS.cpp:35->FIR_HLS.cpp:19]   --->   Operation 20 'load' 'H_filter_FIR_21_load' <Predicate = (mod_value_load)> <Delay = 1.23> <CoreInst = "RAM">   --->   Core 82 'RAM' <Latency = 1> <II = 1> <Delay = 1.23> <Storage> <Opcode : 'load' 'store'> <Ports = 2> <Width = 32> <Depth = 196> <RAM>
ST_1 : Operation 21 [3/3] (0.99ns) (grouped into DSP with root node add_ln35)   --->   "%mul_ln35 = mul i23 %sext_ln35, i23 92" [FIR_HLS.cpp:35->FIR_HLS.cpp:19]   --->   Operation 21 'mul' 'mul_ln35' <Predicate = (mod_value_load)> <Delay = 0.99> <CoreInst = "DSP48">   --->   Core 124 'DSP48' <Latency = 3> <II = 1> <Delay = 0.53> <IPBlock> <Opcode : '' 'add' 'sub' 'mul' 'select'> <InPorts = 0> <OutPorts = 1> <Sync> <CReg>
ST_1 : Operation 22 [2/2] (1.23ns)   --->   "%H_filter_FIR_20_load = load i32 0" [FIR_HLS.cpp:35->FIR_HLS.cpp:21]   --->   Operation 22 'load' 'H_filter_FIR_20_load' <Predicate = (mod_value_load)> <Delay = 1.23> <CoreInst = "RAM">   --->   Core 82 'RAM' <Latency = 1> <II = 1> <Delay = 1.23> <Storage> <Opcode : 'load' 'store'> <Ports = 2> <Width = 32> <Depth = 196> <RAM>

State 2 <SV = 1> <Delay = 4.78>
ST_2 : Operation 23 [1/1] (0.07ns)   --->   "%x_n_2 = read i16 @_ssdm_op_Read.axis.volatile.i16P128A, i16 %input_r" [FIR_HLS.cpp:12]   --->   Operation 23 'read' 'x_n_2' <Predicate = true> <Delay = 0.07> <CoreInst = "regslice">   --->   Core 147 'regslice' <Latency = 0> <II = 1> <Delay = 0.59> <Adapter> <Opcode : 'read' 'write'>
ST_2 : Operation 24 [1/1] (0.00ns)   --->   "%store_ln12 = store i16 %x_n_2, i16 %input1" [FIR_HLS.cpp:12]   --->   Operation 24 'store' 'store_ln12' <Predicate = true> <Delay = 0.00>
ST_2 : Operation 25 [1/1] (0.00ns)   --->   "%sext_ln35_1 = sext i16 %x_n_2" [FIR_HLS.cpp:35->FIR_HLS.cpp:13]   --->   Operation 25 'sext' 'sext_ln35_1' <Predicate = true> <Delay = 0.00>
ST_2 : Operation 26 [1/2] ( I:1.23ns O:1.23ns )   --->   "%H_filter_FIR_22_load = load i32 0" [FIR_HLS.cpp:35->FIR_HLS.cpp:13]   --->   Operation 26 'load' 'H_filter_FIR_22_load' <Predicate = true> <Delay = 1.23> <CoreInst = "RAM">   --->   Core 82 'RAM' <Latency = 1> <II = 1> <Delay = 1.23> <Storage> <Opcode : 'load' 'store'> <Ports = 2> <Width = 32> <Depth = 196> <RAM>
ST_2 : Operation 27 [1/1] (2.38ns)   --->   "%mul_ln35_1 = mul i24 %sext_ln35_1, i24 16777032" [FIR_HLS.cpp:35->FIR_HLS.cpp:13]   --->   Operation 27 'mul' 'mul_ln35_1' <Predicate = true> <Delay = 2.38> <CoreInst = "Multiplier">   --->   Core 3 'Multiplier' <Latency = 0> <II = 1> <Delay = 2.38> <FuncUnit> <Opcode : 'mul'> <InPorts = 2> <OutPorts = 1>
ST_2 : Operation 28 [1/1] (0.00ns)   --->   "%sext_ln35_4 = sext i24 %mul_ln35_1" [FIR_HLS.cpp:35->FIR_HLS.cpp:13]   --->   Operation 28 'sext' 'sext_ln35_4' <Predicate = true> <Delay = 0.00>
ST_2 : Operation 29 [1/1] (1.01ns)   --->   "%add_ln35_1 = add i32 %sext_ln35_4, i32 %H_filter_FIR_22_load" [FIR_HLS.cpp:35->FIR_HLS.cpp:13]   --->   Operation 29 'add' 'add_ln35_1' <Predicate = true> <Delay = 1.01> <CoreInst = "Adder">   --->   Core 1 'Adder' <Latency = 0> <II = 1> <Delay = 1.01> <FuncUnit> <Opcode : 'add' 'sub'> <InPorts = 2> <OutPorts = 1>
ST_2 : Operation 30 [1/1] (0.00ns)   --->   "%y = partselect i16 @_ssdm_op_PartSelect.i16.i32.i32.i32, i32 %add_ln35_1, i32 16, i32 31" [FIR_HLS.cpp:35->FIR_HLS.cpp:13]   --->   Operation 30 'partselect' 'y' <Predicate = true> <Delay = 0.00>
ST_2 : Operation 31 [1/1] (0.00ns)   --->   "%store_ln13 = store i16 %y, i16 %y2" [FIR_HLS.cpp:13]   --->   Operation 31 'store' 'store_ln13' <Predicate = true> <Delay = 0.00>
ST_2 : Operation 32 [1/1] (0.00ns)   --->   "%y11_load = load i16 %y11" [FIR_HLS.cpp:14]   --->   Operation 32 'load' 'y11_load' <Predicate = true> <Delay = 0.00>
ST_2 : Operation 33 [1/1] (0.85ns)   --->   "%sub_ln14 = sub i16 %y, i16 %y11_load" [FIR_HLS.cpp:14]   --->   Operation 33 'sub' 'sub_ln14' <Predicate = true> <Delay = 0.85> <CoreInst = "Adder">   --->   Core 1 'Adder' <Latency = 0> <II = 1> <Delay = 0.85> <FuncUnit> <Opcode : 'add' 'sub'> <InPorts = 2> <OutPorts = 1>
ST_2 : Operation 34 [2/2] (0.45ns)   --->   "%write_ln14 = write void @_ssdm_op_Write.axis.volatile.i16P128A, i16 %output_r, i16 %sub_ln14" [FIR_HLS.cpp:14]   --->   Operation 34 'write' 'write_ln14' <Predicate = true> <Delay = 0.45> <CoreInst = "regslice">   --->   Core 147 'regslice' <Latency = 0> <II = 1> <Delay = 0.59> <Adapter> <Opcode : 'read' 'write'>

State 3 <SV = 2> <Delay = 0.45>
ST_3 : Operation 35 [2/2] (0.00ns)   --->   "%call_ln12 = call void @Fast_Running_FIR_HLS_Pipeline_VITIS_LOOP_37_1, i16 %x_n_2, i14 %b_FIR_22, i32 %H_filter_FIR_22" [FIR_HLS.cpp:12]   --->   Operation 35 'call' 'call_ln12' <Predicate = true> <Delay = 0.00> <CoreType = "Generic">   --->   Generic Core
ST_3 : Operation 36 [1/2] (0.45ns)   --->   "%write_ln14 = write void @_ssdm_op_Write.axis.volatile.i16P128A, i16 %output_r, i16 %sub_ln14" [FIR_HLS.cpp:14]   --->   Operation 36 'write' 'write_ln14' <Predicate = true> <Delay = 0.45> <CoreInst = "regslice">   --->   Core 147 'regslice' <Latency = 0> <II = 1> <Delay = 0.59> <Adapter> <Opcode : 'read' 'write'>

State 4 <SV = 3> <Delay = 1.61>
ST_4 : Operation 37 [1/2] (1.61ns)   --->   "%call_ln12 = call void @Fast_Running_FIR_HLS_Pipeline_VITIS_LOOP_37_1, i16 %x_n_2, i14 %b_FIR_22, i32 %H_filter_FIR_22" [FIR_HLS.cpp:12]   --->   Operation 37 'call' 'call_ln12' <Predicate = (!mod_value_load)> <Delay = 1.61> <CoreType = "Generic">   --->   Generic Core
ST_4 : Operation 38 [1/1] (0.42ns)   --->   "%br_ln17 = br void %if.end" [FIR_HLS.cpp:17]   --->   Operation 38 'br' 'br_ln17' <Predicate = (!mod_value_load)> <Delay = 0.42>
ST_4 : Operation 39 [1/2] (1.61ns)   --->   "%call_ln19 = call void @Fast_Running_FIR_HLS_Pipeline_VITIS_LOOP_37_11, i16 %x_n, i14 %b_FIR_21, i32 %H_filter_FIR_21" [FIR_HLS.cpp:19]   --->   Operation 39 'call' 'call_ln19' <Predicate = (mod_value_load)> <Delay = 1.61> <CoreType = "Generic">   --->   Generic Core
ST_4 : Operation 40 [1/2] (0.64ns) (root node of the DSP)   --->   "%add_ln35 = add i32 %sext_ln35_2, i32 %H_filter_FIR_21_load" [FIR_HLS.cpp:35->FIR_HLS.cpp:19]   --->   Operation 40 'add' 'add_ln35' <Predicate = (mod_value_load)> <Delay = 0.64> <CoreInst = "DSP48">   --->   Core 124 'DSP48' <Latency = 3> <II = 1> <Delay = 0.53> <IPBlock> <Opcode : '' 'add' 'sub' 'mul' 'select'> <InPorts = 0> <OutPorts = 1> <Sync> <CReg>
ST_4 : Operation 41 [1/1] (0.00ns)   --->   "%y_1 = partselect i16 @_ssdm_op_PartSelect.i16.i32.i32.i32, i32 %add_ln35, i32 16, i32 31" [FIR_HLS.cpp:35->FIR_HLS.cpp:19]   --->   Operation 41 'partselect' 'y_1' <Predicate = (mod_value_load)> <Delay = 0.00>
ST_4 : Operation 42 [1/1] (0.00ns)   --->   "%store_ln19 = store i16 %y_1, i16 %y11" [FIR_HLS.cpp:19]   --->   Operation 42 'store' 'store_ln19' <Predicate = (mod_value_load)> <Delay = 0.00>
ST_4 : Operation 43 [1/2] (1.61ns)   --->   "%call_ln21 = call void @Fast_Running_FIR_HLS_Pipeline_VITIS_LOOP_37_12, i16 %x_n_1, i14 %b_FIR_20, i32 %H_filter_FIR_20" [FIR_HLS.cpp:21]   --->   Operation 43 'call' 'call_ln21' <Predicate = (mod_value_load)> <Delay = 1.61> <CoreType = "Generic">   --->   Generic Core
ST_4 : Operation 44 [1/1] (0.42ns)   --->   "%br_ln0 = br void %if.end"   --->   Operation 44 'br' 'br_ln0' <Predicate = (mod_value_load)> <Delay = 0.42>
ST_4 : Operation 45 [1/1] (0.00ns)   --->   "%storemerge = phi i1 0, void %if.else, i1 1, void %if.then"   --->   Operation 45 'phi' 'storemerge' <Predicate = true> <Delay = 0.00>
ST_4 : Operation 46 [1/1] (0.00ns)   --->   "%store_ln0 = store i1 %storemerge, i1 %mod_value"   --->   Operation 46 'store' 'store_ln0' <Predicate = true> <Delay = 0.00>
ST_4 : Operation 47 [1/1] (0.00ns)   --->   "%ret_ln26 = ret" [FIR_HLS.cpp:26]   --->   Operation 47 'ret' 'ret_ln26' <Predicate = true> <Delay = 0.00>

State 5 <SV = 1> <Delay = 5.63>
ST_5 : Operation 48 [1/2] ( I:1.23ns O:1.23ns )   --->   "%H_filter_FIR_21_load = load i32 0" [FIR_HLS.cpp:35->FIR_HLS.cpp:19]   --->   Operation 48 'load' 'H_filter_FIR_21_load' <Predicate = true> <Delay = 1.23> <CoreInst = "RAM">   --->   Core 82 'RAM' <Latency = 1> <II = 1> <Delay = 1.23> <Storage> <Opcode : 'load' 'store'> <Ports = 2> <Width = 32> <Depth = 196> <RAM>
ST_5 : Operation 49 [2/3] (0.99ns) (grouped into DSP with root node add_ln35)   --->   "%mul_ln35 = mul i23 %sext_ln35, i23 92" [FIR_HLS.cpp:35->FIR_HLS.cpp:19]   --->   Operation 49 'mul' 'mul_ln35' <Predicate = true> <Delay = 0.99> <CoreInst = "DSP48">   --->   Core 124 'DSP48' <Latency = 3> <II = 1> <Delay = 0.53> <IPBlock> <Opcode : '' 'add' 'sub' 'mul' 'select'> <InPorts = 0> <OutPorts = 1> <Sync> <CReg>
ST_5 : Operation 50 [1/1] (0.07ns)   --->   "%input_r_read = read i16 @_ssdm_op_Read.axis.volatile.i16P128A, i16 %input_r" [FIR_HLS.cpp:20]   --->   Operation 50 'read' 'input_r_read' <Predicate = true> <Delay = 0.07> <CoreInst = "regslice">   --->   Core 147 'regslice' <Latency = 0> <II = 1> <Delay = 0.59> <Adapter> <Opcode : 'read' 'write'>
ST_5 : Operation 51 [1/1] (0.00ns)   --->   "%store_ln20 = store i16 %input_r_read, i16 %input2" [FIR_HLS.cpp:20]   --->   Operation 51 'store' 'store_ln20' <Predicate = true> <Delay = 0.00>
ST_5 : Operation 52 [1/1] (0.85ns)   --->   "%x_n_1 = sub i16 %input1_load, i16 %input_r_read" [FIR_HLS.cpp:21]   --->   Operation 52 'sub' 'x_n_1' <Predicate = true> <Delay = 0.85> <CoreInst = "Adder">   --->   Core 1 'Adder' <Latency = 0> <II = 1> <Delay = 0.85> <FuncUnit> <Opcode : 'add' 'sub'> <InPorts = 2> <OutPorts = 1>
ST_5 : Operation 53 [1/1] (0.00ns)   --->   "%sext_ln35_3 = sext i16 %x_n_1" [FIR_HLS.cpp:35->FIR_HLS.cpp:21]   --->   Operation 53 'sext' 'sext_ln35_3' <Predicate = true> <Delay = 0.00>
ST_5 : Operation 54 [1/2] ( I:1.23ns O:1.23ns )   --->   "%H_filter_FIR_20_load = load i32 0" [FIR_HLS.cpp:35->FIR_HLS.cpp:21]   --->   Operation 54 'load' 'H_filter_FIR_20_load' <Predicate = true> <Delay = 1.23> <CoreInst = "RAM">   --->   Core 82 'RAM' <Latency = 1> <II = 1> <Delay = 1.23> <Storage> <Opcode : 'load' 'store'> <Ports = 2> <Width = 32> <Depth = 196> <RAM>
ST_5 : Operation 55 [1/1] (2.38ns)   --->   "%mul_ln35_2 = mul i25 %sext_ln35_3, i25 33554154" [FIR_HLS.cpp:35->FIR_HLS.cpp:21]   --->   Operation 55 'mul' 'mul_ln35_2' <Predicate = true> <Delay = 2.38> <CoreInst = "Multiplier">   --->   Core 3 'Multiplier' <Latency = 0> <II = 1> <Delay = 2.38> <FuncUnit> <Opcode : 'mul'> <InPorts = 2> <OutPorts = 1>
ST_5 : Operation 56 [1/1] (0.00ns)   --->   "%sext_ln35_5 = sext i25 %mul_ln35_2" [FIR_HLS.cpp:35->FIR_HLS.cpp:21]   --->   Operation 56 'sext' 'sext_ln35_5' <Predicate = true> <Delay = 0.00>
ST_5 : Operation 57 [1/1] (1.01ns)   --->   "%add_ln35_2 = add i32 %sext_ln35_5, i32 %H_filter_FIR_20_load" [FIR_HLS.cpp:35->FIR_HLS.cpp:21]   --->   Operation 57 'add' 'add_ln35_2' <Predicate = true> <Delay = 1.01> <CoreInst = "Adder">   --->   Core 1 'Adder' <Latency = 0> <II = 1> <Delay = 1.01> <FuncUnit> <Opcode : 'add' 'sub'> <InPorts = 2> <OutPorts = 1>
ST_5 : Operation 58 [1/1] (0.00ns)   --->   "%y_2 = partselect i16 @_ssdm_op_PartSelect.i16.i32.i32.i32, i32 %add_ln35_2, i32 16, i32 31" [FIR_HLS.cpp:35->FIR_HLS.cpp:21]   --->   Operation 58 'partselect' 'y_2' <Predicate = true> <Delay = 0.00>
ST_5 : Operation 59 [1/1] (0.00ns)   --->   "%y2_load = load i16 %y2" [FIR_HLS.cpp:22]   --->   Operation 59 'load' 'y2_load' <Predicate = true> <Delay = 0.00>
ST_5 : Operation 60 [1/1] (0.85ns)   --->   "%sub_ln22 = sub i16 %y2_load, i16 %y_2" [FIR_HLS.cpp:22]   --->   Operation 60 'sub' 'sub_ln22' <Predicate = true> <Delay = 0.85> <CoreInst = "Adder">   --->   Core 1 'Adder' <Latency = 0> <II = 1> <Delay = 0.85> <FuncUnit> <Opcode : 'add' 'sub'> <InPorts = 2> <OutPorts = 1>
ST_5 : Operation 61 [2/2] (0.45ns)   --->   "%write_ln22 = write void @_ssdm_op_Write.axis.volatile.i16P128A, i16 %output_r, i16 %sub_ln22" [FIR_HLS.cpp:22]   --->   Operation 61 'write' 'write_ln22' <Predicate = true> <Delay = 0.45> <CoreInst = "regslice">   --->   Core 147 'regslice' <Latency = 0> <II = 1> <Delay = 0.59> <Adapter> <Opcode : 'read' 'write'>

State 6 <SV = 2> <Delay = 0.64>
ST_6 : Operation 62 [2/2] (0.00ns)   --->   "%call_ln19 = call void @Fast_Running_FIR_HLS_Pipeline_VITIS_LOOP_37_11, i16 %x_n, i14 %b_FIR_21, i32 %H_filter_FIR_21" [FIR_HLS.cpp:19]   --->   Operation 62 'call' 'call_ln19' <Predicate = true> <Delay = 0.00> <CoreType = "Generic">   --->   Generic Core
ST_6 : Operation 63 [1/3] (0.00ns) (grouped into DSP with root node add_ln35)   --->   "%mul_ln35 = mul i23 %sext_ln35, i23 92" [FIR_HLS.cpp:35->FIR_HLS.cpp:19]   --->   Operation 63 'mul' 'mul_ln35' <Predicate = true> <Delay = 0.00> <CoreInst = "DSP48">   --->   Core 124 'DSP48' <Latency = 3> <II = 1> <Delay = 0.53> <IPBlock> <Opcode : '' 'add' 'sub' 'mul' 'select'> <InPorts = 0> <OutPorts = 1> <Sync> <CReg>
ST_6 : Operation 64 [1/1] (0.00ns) (grouped into DSP with root node add_ln35)   --->   "%sext_ln35_2 = sext i23 %mul_ln35" [FIR_HLS.cpp:35->FIR_HLS.cpp:19]   --->   Operation 64 'sext' 'sext_ln35_2' <Predicate = true> <Delay = 0.00>
ST_6 : Operation 65 [2/2] (0.64ns) (root node of the DSP)   --->   "%add_ln35 = add i32 %sext_ln35_2, i32 %H_filter_FIR_21_load" [FIR_HLS.cpp:35->FIR_HLS.cpp:19]   --->   Operation 65 'add' 'add_ln35' <Predicate = true> <Delay = 0.64> <CoreInst = "DSP48">   --->   Core 124 'DSP48' <Latency = 3> <II = 1> <Delay = 0.53> <IPBlock> <Opcode : '' 'add' 'sub' 'mul' 'select'> <InPorts = 0> <OutPorts = 1> <Sync> <CReg>
ST_6 : Operation 66 [2/2] (0.00ns)   --->   "%call_ln21 = call void @Fast_Running_FIR_HLS_Pipeline_VITIS_LOOP_37_12, i16 %x_n_1, i14 %b_FIR_20, i32 %H_filter_FIR_20" [FIR_HLS.cpp:21]   --->   Operation 66 'call' 'call_ln21' <Predicate = true> <Delay = 0.00> <CoreType = "Generic">   --->   Generic Core
ST_6 : Operation 67 [1/2] (0.45ns)   --->   "%write_ln22 = write void @_ssdm_op_Write.axis.volatile.i16P128A, i16 %output_r, i16 %sub_ln22" [FIR_HLS.cpp:22]   --->   Operation 67 'write' 'write_ln22' <Predicate = true> <Delay = 0.45> <CoreInst = "regslice">   --->   Core 147 'regslice' <Latency = 0> <II = 1> <Delay = 0.59> <Adapter> <Opcode : 'read' 'write'>


============================================================
+ Verbose Summary: Timing violations
============================================================
Target clock period: 10.000ns, clock uncertainty: 2.700ns.

 <State 1>: 1.849ns
The critical path consists of the following:
	'load' operation 16 bit ('input1_load', FIR_HLS.cpp:19) on static variable 'input1' [38]  (0.000 ns)
	'sub' operation 16 bit ('x_n', FIR_HLS.cpp:19) [40]  (0.853 ns)
	'mul' operation 23 bit of DSP[46] ('mul_ln35', FIR_HLS.cpp:35->FIR_HLS.cpp:19) [44]  (0.996 ns)

 <State 2>: 4.781ns
The critical path consists of the following:
	axis read operation ('x_n', FIR_HLS.cpp:12) on port 'input_r' (FIR_HLS.cpp:12) [23]  (0.079 ns)
	'mul' operation 24 bit ('mul_ln35_1', FIR_HLS.cpp:35->FIR_HLS.cpp:13) [28]  (2.380 ns)
	'add' operation 32 bit ('add_ln35_1', FIR_HLS.cpp:35->FIR_HLS.cpp:13) [30]  (1.016 ns)
	'sub' operation 16 bit ('sub_ln14', FIR_HLS.cpp:14) [34]  (0.853 ns)
	axis write operation ('write_ln14', FIR_HLS.cpp:14) on port 'output_r' (FIR_HLS.cpp:14) [35]  (0.453 ns)

 <State 3>: 0.453ns
The critical path consists of the following:
	axis write operation ('write_ln14', FIR_HLS.cpp:14) on port 'output_r' (FIR_HLS.cpp:14) [35]  (0.453 ns)

 <State 4>: 1.619ns
The critical path consists of the following:
	'call' operation 0 bit ('call_ln12', FIR_HLS.cpp:12) to 'Fast_Running_FIR_HLS_Pipeline_VITIS_LOOP_37_1' [27]  (1.619 ns)

 <State 5>: 5.634ns
The critical path consists of the following:
	axis read operation ('input_r_read', FIR_HLS.cpp:20) on port 'input_r' (FIR_HLS.cpp:20) [49]  (0.079 ns)
	'sub' operation 16 bit ('x_n', FIR_HLS.cpp:21) [51]  (0.853 ns)
	'mul' operation 25 bit ('mul_ln35_2', FIR_HLS.cpp:35->FIR_HLS.cpp:21) [55]  (2.380 ns)
	'add' operation 32 bit ('add_ln35_2', FIR_HLS.cpp:35->FIR_HLS.cpp:21) [57]  (1.016 ns)
	'sub' operation 16 bit ('sub_ln22', FIR_HLS.cpp:22) [60]  (0.853 ns)
	axis write operation ('write_ln22', FIR_HLS.cpp:22) on port 'output_r' (FIR_HLS.cpp:22) [61]  (0.453 ns)

 <State 6>: 0.645ns
The critical path consists of the following:
	'mul' operation 23 bit of DSP[46] ('mul_ln35', FIR_HLS.cpp:35->FIR_HLS.cpp:19) [44]  (0.000 ns)
	'add' operation 32 bit of DSP[46] ('add_ln35', FIR_HLS.cpp:35->FIR_HLS.cpp:19) [46]  (0.645 ns)


============================================================
+ Verbose Summary: Binding
============================================================
N/A
* FSMD analyzer results:
  - Output states:
 - Input state : 
  - Chain level:
	State 1
	State 2
	State 3
	State 4
	State 5
	State 6


============================================================
+ Verbose Summary: Datapath Resource usage 
============================================================
N/A
