

================================================================
== Synthesis Summary Report of 'Fast_Running_FIR_HLS'
================================================================
+ General Information: 
    * Date:           Sat Jan 17 11:06:46 2026
    * Version:        2024.2 (Build 5238294 on Nov  8 2024)
    * Project:        Fast_Running_FIR_HLS
    * Solution:       hls (Vivado IP Flow Target)
    * Product family: zynquplus
    * Target device:  xck26-sfvc784-2LV-c
    

+ Performance & Resource Estimates: 
    
    PS: '+' for module; 'o' for loop; '*' for dataflow
    +---------------------------------------------------+------+------+---------+-----------+----------+---------+------+----------+---------+---------+-----------+-----------+-----+
    |                      Modules                      | Issue|      | Latency |  Latency  | Iteration|         | Trip |          |         |         |           |           |     |
    |                      & Loops                      | Type | Slack| (cycles)|    (ns)   |  Latency | Interval| Count| Pipelined|  BRAM   |   DSP   |     FF    |    LUT    | URAM|
    +---------------------------------------------------+------+------+---------+-----------+----------+---------+------+----------+---------+---------+-----------+-----------+-----+
    |+ Fast_Running_FIR_HLS                             |     -|  1.43|      200|  2.000e+03|         -|      201|     -|        no|   9 (3%)|  6 (~0%)|  302 (~0%)|  702 (~0%)|    -|
    | + Fast_Running_FIR_HLS_Pipeline_VITIS_LOOP_37_1   |     -|  1.43|      197|  1.970e+03|         -|      197|     -|        no|  1 (~0%)|  1 (~0%)|   49 (~0%)|  127 (~0%)|    -|
    |  o VITIS_LOOP_37_1                                |     -|  7.30|      195|  1.950e+03|         2|        1|   195|       yes|        -|        -|          -|          -|    -|
    | + Fast_Running_FIR_HLS_Pipeline_VITIS_LOOP_37_11  |     -|  1.43|      197|  1.970e+03|         -|      197|     -|        no|  1 (~0%)|  1 (~0%)|   49 (~0%)|  127 (~0%)|    -|
    |  o VITIS_LOOP_37_1                                |     -|  7.30|      195|  1.950e+03|         2|        1|   195|       yes|        -|        -|          -|          -|    -|
    | + Fast_Running_FIR_HLS_Pipeline_VITIS_LOOP_37_12  |     -|  1.43|      197|  1.970e+03|         -|      197|     -|        no|  1 (~0%)|  1 (~0%)|   49 (~0%)|  127 (~0%)|    -|
    |  o VITIS_LOOP_37_1                                |     -|  7.30|      195|  1.950e+03|         2|        1|   195|       yes|        -|        -|          -|          -|    -|
    +---------------------------------------------------+------+------+---------+-----------+----------+---------+------+----------+---------+---------+-----------+-----------+-----+


================================================================
== HW Interfaces
================================================================
* AXIS
+-----------+-----------+---------------+-------+--------+--------+
| Interface | Direction | Register Mode | TDATA | TREADY | TVALID |
+-----------+-----------+---------------+-------+--------+--------+
| input_r   | in        | both          | 16    | 1      | 1      |
| output_r  | out       | both          | 16    | 1      | 1      |
+-----------+-----------+---------------+-------+--------+--------+

* TOP LEVEL CONTROL
+-----------+--------------+----------+
| Interface | Type         | Ports    |
+-----------+--------------+----------+
| ap_clk    | clock        | ap_clk   |
| ap_rst_n  | reset        | ap_rst_n |
| ap_ctrl   | ap_ctrl_none |          |
+-----------+--------------+----------+


================================================================
== SW I/O Information
================================================================
* Top Function Arguments
+----------+-----------+-------------------------------------------------+
| Argument | Direction | Datatype                                        |
+----------+-----------+-------------------------------------------------+
| input    | in        | stream<ap_fixed<16, 1, AP_TRN, AP_WRAP, 0>, 0>& |
| output   | out       | stream<ap_fixed<16, 1, AP_TRN, AP_WRAP, 0>, 0>& |
+----------+-----------+-------------------------------------------------+

* SW-to-HW Mapping
+----------+--------------+-----------+
| Argument | HW Interface | HW Type   |
+----------+--------------+-----------+
| input    | input_r      | interface |
| output   | output_r     | interface |
+----------+--------------+-----------+


================================================================
== Bind Op Report
================================================================
+---------------------------------------------------+-----+--------+-------------+-------+-----------+---------+
| Name                                              | DSP | Pragma | Variable    | Op    | Impl      | Latency |
+---------------------------------------------------+-----+--------+-------------+-------+-----------+---------+
| + Fast_Running_FIR_HLS                            | 6   |        |             |       |           |         |
|   mul_16s_9s_24_1_1_U14                           | 1   |        | mul_ln35_1  | mul   | auto      | 0       |
|   add_ln35_1_fu_191_p2                            |     |        | add_ln35_1  | add   | fabric    | 0       |
|   sub_ln14_fu_217_p2                              |     |        | sub_ln14    | sub   | fabric    | 0       |
|   x_n_fu_161_p2                                   |     |        | x_n         | sub   | fabric    | 0       |
|   mac_muladd_16s_7ns_32s_32_4_1_U16               | 1   |        | mul_ln35    | mul   | dsp_slice | 3       |
|   mac_muladd_16s_7ns_32s_32_4_1_U16               | 1   |        | sext_ln35_2 | sext  | dsp_slice | 3       |
|   mac_muladd_16s_7ns_32s_32_4_1_U16               | 1   |        | add_ln35    | add   | dsp_slice | 3       |
|   x_n_1_fu_251_p2                                 |     |        | x_n_1       | sub   | fabric    | 0       |
|   mul_16s_10s_25_1_1_U15                          | 1   |        | mul_ln35_2  | mul   | auto      | 0       |
|   add_ln35_2_fu_270_p2                            |     |        | add_ln35_2  | add   | fabric    | 0       |
|   sub_ln22_fu_290_p2                              |     |        | sub_ln22    | sub   | fabric    | 0       |
|  + Fast_Running_FIR_HLS_Pipeline_VITIS_LOOP_37_1  | 1   |        |             |       |           |         |
|    icmp_ln37_fu_98_p2                             |     |        | icmp_ln37   | seteq | auto      | 0       |
|    mul_16s_14s_30_1_1_U1                          | 1   |        | mul_ln38    | mul   | auto      | 0       |
|    add_ln38_fu_142_p2                             |     |        | add_ln38    | add   | fabric    | 0       |
|    add_ln38_2_fu_149_p2                           |     |        | add_ln38_2  | add   | fabric    | 0       |
|    add_ln37_fu_110_p2                             |     |        | add_ln37    | add   | fabric    | 0       |
|  + Fast_Running_FIR_HLS_Pipeline_VITIS_LOOP_37_11 | 1   |        |             |       |           |         |
|    icmp_ln37_fu_98_p2                             |     |        | icmp_ln37   | seteq | auto      | 0       |
|    mul_16s_14s_30_1_1_U6                          | 1   |        | mul_ln38    | mul   | auto      | 0       |
|    add_ln38_fu_142_p2                             |     |        | add_ln38    | add   | fabric    | 0       |
|    add_ln38_1_fu_149_p2                           |     |        | add_ln38_1  | add   | fabric    | 0       |
|    add_ln37_fu_110_p2                             |     |        | add_ln37    | add   | fabric    | 0       |
|  + Fast_Running_FIR_HLS_Pipeline_VITIS_LOOP_37_12 | 1   |        |             |       |           |         |
|    icmp_ln37_fu_98_p2                             |     |        | icmp_ln37   | seteq | auto      | 0       |
|    mul_16s_14s_30_1_1_U10                         | 1   |        | mul_ln38    | mul   | auto      | 0       |
|    add_ln38_fu_142_p2                             |     |        | add_ln38    | add   | fabric    | 0       |
|    add_ln38_1_fu_149_p2                           |     |        | add_ln38_1  | add   | fabric    | 0       |
|    add_ln37_fu_110_p2                             |     |        | add_ln37    | add   | fabric    | 0       |
+---------------------------------------------------+-----+--------+-------------+-------+-----------+---------+


================================================================
== Storage Report
================================================================
+---------------------------------------------------+--------+------+------+------+--------+-----------------+------+---------+------------------+
| Name                                              | Usage  | Type | BRAM | URAM | Pragma | Variable        | Impl | Latency | Bitwidth, Depth, |
|                                                   |        |      |      |      |        |                 |      |         | Banks            |
+---------------------------------------------------+--------+------+------+------+--------+-----------------+------+---------+------------------+
| + Fast_Running_FIR_HLS                            |        |      | 9    | 0    |        |                 |      |         |                  |
|   H_filter_FIR_22_U                               | ram_2p |      | 2    |      |        | H_filter_FIR_22 | auto | 1       | 32, 196, 1       |
|   H_filter_FIR_21_U                               | ram_2p |      | 2    |      |        | H_filter_FIR_21 | auto | 1       | 32, 196, 1       |
|   H_filter_FIR_20_U                               | ram_2p |      | 2    |      |        | H_filter_FIR_20 | auto | 1       | 32, 196, 1       |
|  + Fast_Running_FIR_HLS_Pipeline_VITIS_LOOP_37_1  |        |      | 1    | 0    |        |                 |      |         |                  |
|    b_FIR_22_U                                     | rom_1p |      | 1    |      |        | b_FIR_22        | auto | 1       | 14, 196, 1       |
|  + Fast_Running_FIR_HLS_Pipeline_VITIS_LOOP_37_11 |        |      | 1    | 0    |        |                 |      |         |                  |
|    b_FIR_21_U                                     | rom_1p |      | 1    |      |        | b_FIR_21        | auto | 1       | 14, 196, 1       |
|  + Fast_Running_FIR_HLS_Pipeline_VITIS_LOOP_37_12 |        |      | 1    | 0    |        |                 |      |         |                  |
|    b_FIR_20_U                                     | rom_1p |      | 1    |      |        | b_FIR_20        | auto | 1       | 14, 196, 1       |
+---------------------------------------------------+--------+------+------+------+--------+-----------------+------+---------+------------------+


================================================================
== Pragma Report
================================================================
* Valid Pragma Syntax
+-----------+-------------------------------+-----------------------------------------------+
| Type      | Options                       | Location                                      |
+-----------+-------------------------------+-----------------------------------------------+
| interface | mode=axis port=input          | FIR_HLS.cpp:6 in fast_running_fir_hls, input  |
| interface | mode=axis port=output         | FIR_HLS.cpp:7 in fast_running_fir_hls, output |
| interface | mode=ap_ctrl_none port=return | FIR_HLS.cpp:8 in fast_running_fir_hls, return |
+-----------+-------------------------------+-----------------------------------------------+


