================================================================
== Design Size Report
================================================================

* Total Instructions per Compilation Phase
+---------------+-----------------------------+--------------+----------------------------------------------------------------------------------------+
| Phase         | Step                        | Instructions | Description                                                                            |
+---------------+-----------------------------+--------------+----------------------------------------------------------------------------------------+
| Compile/Link  |                             | 3,372        | After all functions are compiled and linked into a single design                       |
|               |                             |              |                                                                                        |
| Unroll/Inline |                             |              | After user unroll and inline pragmas are applied                                       |
|               | (1) unroll                  |   463        | user unroll pragmas are applied                                                        |
|               | (2) simplification          |   166        | simplification of applied user unroll pragmas                                          |
|               | (3) inline                  |   128        | user inline pragmas are applied                                                        |
|               | (4) simplification          |   110        | simplification of applied user inline pragmas                                          |
|               |                             |              |                                                                                        |
| Array/Struct  |                             |              | After user array partition and struct aggregate/disaggregate pragmas are applied       |
|               | (1) array partition         |   110        | user array partition pragmas are applied                                               |
|               | (2) simplification          |   110        | simplification of applied user array partition & struct aggregate/disaggregate pragmas |
|               | (3) aggregate/disaggregate  |   110        | user struct aggregate/disaggregate pragmas are applied                                 |
|               | (4) array reshape           |   110        | apply array reshape pragmas                                                            |
|               | (5) access patterns         |   110        | array access pattern optmizations                                                      |
|               |                             |              |                                                                                        |
| Performance   |                             |              | After transformations are applied to meet performance pragma targets                   |
|               | (1) loop simplification     |   110        | loop and instruction simplification                                                    |
|               | (2) parallelization         |   110        | loops are unrolled or pipelined to meet performance targets                            |
|               | (3) array partition         |   110        | arrays are partitioned to meet performance targets                                     |
|               | (4) simplification          |   110        | simplification of design after performance transformations                             |
|               |                             |              |                                                                                        |
| HW Transforms |                             |              | After hardware transfomations                                                          |
|               | (1) lowering                |   112        | initial conversion to HW specific instructions                                         |
|               | (2) optimizations           |   133        | high level synthesis optimizations                                                     |
+---------------+-----------------------------+--------------+----------------------------------------------------------------------------------------+

* Instructions per Function for each Compilation Phase
+------------------------+----------------+-----------------+---------------+--------------+-------------+---------------+
| Function               | Location       | Compile/Link    | Unroll/Inline | Array/Struct | Performance | HW Transforms |
+------------------------+----------------+-----------------+---------------+--------------+-------------+---------------+
| + Fast_Running_FIR_HLS | FIR_HLS.cpp:5  | 3,372           | 110           | 110          | 110         | 133           |
|    FIR_filter          | FIR_HLS.cpp:31 | 2,397 (3 calls) |               |              |             |               |
+------------------------+----------------+-----------------+---------------+--------------+-------------+---------------+

* Design Size Message Settings
+---------------------------------------------+--------+------------------------------------------------------------------+
| Message Setting                             | Value  | Description                                                      |
+---------------------------------------------+--------+------------------------------------------------------------------+
| config_compile -design_size_maximum_warning | 100000 | Show a warning when total design instructions exceeds this value |
+---------------------------------------------+--------+------------------------------------------------------------------+


