

================================================================
== Vitis HLS Report for 'Fast_Running_FIR_HLS'
================================================================
* Date:           Sat Jan 17 11:06:46 2026

* Version:        2024.2 (Build 5238294 on Nov  8 2024)
* Project:        Fast_Running_FIR_HLS
* Solution:       hls (Vivado IP Flow Target)
* Product family: zynquplus
* Target device:  xck26-sfvc784-2LV-c


================================================================
== Performance Estimates
================================================================
+ Timing: 
    * Summary: 
    +--------+----------+----------+------------+
    |  Clock |  Target  | Estimated| Uncertainty|
    +--------+----------+----------+------------+
    |ap_clk  |  10.00 ns|  5.870 ns|     2.70 ns|
    +--------+----------+----------+------------+

+ Latency: 
    * Summary: 
    +---------+---------+----------+----------+-----+-----+---------+
    |  Latency (cycles) |  Latency (absolute) |  Interval | Pipeline|
    |   min   |   max   |    min   |    max   | min | max |   Type  |
    +---------+---------+----------+----------+-----+-----+---------+
    |      200|      200|  2.000 us|  2.000 us|  201|  201|       no|
    +---------+---------+----------+----------+-----+-----+---------+

    + Detail: 
        * Instance: 
        +-----------------------------------------------------------+------------------------------------------------+---------+---------+----------+----------+-----+-----+------------------------------------------------+
        |                                                           |                                                |  Latency (cycles) |  Latency (absolute) |  Interval |                    Pipeline                    |
        |                          Instance                         |                     Module                     |   min   |   max   |    min   |    max   | min | max |                      Type                      |
        +-----------------------------------------------------------+------------------------------------------------+---------+---------+----------+----------+-----+-----+------------------------------------------------+
        |grp_Fast_Running_FIR_HLS_Pipeline_VITIS_LOOP_37_1_fu_122   |Fast_Running_FIR_HLS_Pipeline_VITIS_LOOP_37_1   |      197|      197|  1.970 us|  1.970 us|  196|  196|  loop auto-rewind stp (delay=0 clock cycles(s))|
        |grp_Fast_Running_FIR_HLS_Pipeline_VITIS_LOOP_37_11_fu_131  |Fast_Running_FIR_HLS_Pipeline_VITIS_LOOP_37_11  |      197|      197|  1.970 us|  1.970 us|  196|  196|  loop auto-rewind stp (delay=0 clock cycles(s))|
        |grp_Fast_Running_FIR_HLS_Pipeline_VITIS_LOOP_37_12_fu_140  |Fast_Running_FIR_HLS_Pipeline_VITIS_LOOP_37_12  |      197|      197|  1.970 us|  1.970 us|  196|  196|  loop auto-rewind stp (delay=0 clock cycles(s))|
        +-----------------------------------------------------------+------------------------------------------------+---------+---------+----------+----------+-----+-----+------------------------------------------------+

        * Loop: 
        N/A



================================================================
== Utilization Estimates
================================================================
* Summary: 
+-----------------+---------+------+--------+--------+-----+
|       Name      | BRAM_18K|  DSP |   FF   |   LUT  | URAM|
+-----------------+---------+------+--------+--------+-----+
|DSP              |        -|     1|       -|       -|    -|
|Expression       |        -|     -|       0|     174|    -|
|FIFO             |        -|     -|       -|       -|    -|
|Instance         |        3|     5|     147|     391|    -|
|Memory           |        6|     -|       0|       0|    0|
|Multiplexer      |        -|     -|       0|     137|    -|
|Register         |        -|     -|     155|       -|    -|
+-----------------+---------+------+--------+--------+-----+
|Total            |        9|     6|     302|     702|    0|
+-----------------+---------+------+--------+--------+-----+
|Available        |      288|  1248|  234240|  117120|   64|
+-----------------+---------+------+--------+--------+-----+
|Utilization (%)  |        3|    ~0|      ~0|      ~0|    0|
+-----------------+---------+------+--------+--------+-----+

+ Detail: 
    * Instance: 
    +-----------------------------------------------------------+------------------------------------------------+---------+----+----+-----+-----+
    |                          Instance                         |                     Module                     | BRAM_18K| DSP| FF | LUT | URAM|
    +-----------------------------------------------------------+------------------------------------------------+---------+----+----+-----+-----+
    |grp_Fast_Running_FIR_HLS_Pipeline_VITIS_LOOP_37_1_fu_122   |Fast_Running_FIR_HLS_Pipeline_VITIS_LOOP_37_1   |        1|   1|  49|  127|    0|
    |grp_Fast_Running_FIR_HLS_Pipeline_VITIS_LOOP_37_11_fu_131  |Fast_Running_FIR_HLS_Pipeline_VITIS_LOOP_37_11  |        1|   1|  49|  127|    0|
    |grp_Fast_Running_FIR_HLS_Pipeline_VITIS_LOOP_37_12_fu_140  |Fast_Running_FIR_HLS_Pipeline_VITIS_LOOP_37_12  |        1|   1|  49|  127|    0|
    |mul_16s_10s_25_1_1_U15                                     |mul_16s_10s_25_1_1                              |        0|   1|   0|    5|    0|
    |mul_16s_9s_24_1_1_U14                                      |mul_16s_9s_24_1_1                               |        0|   1|   0|    5|    0|
    +-----------------------------------------------------------+------------------------------------------------+---------+----+----+-----+-----+
    |Total                                                      |                                                |        3|   5| 147|  391|    0|
    +-----------------------------------------------------------+------------------------------------------------+---------+----+----+-----+-----+

    * DSP: 
    +-----------------------------------+-------------------------------+--------------+
    |              Instance             |             Module            |  Expression  |
    +-----------------------------------+-------------------------------+--------------+
    |mac_muladd_16s_7ns_32s_32_4_1_U16  |mac_muladd_16s_7ns_32s_32_4_1  |  i0 * i1 + i2|
    +-----------------------------------+-------------------------------+--------------+

    * Memory: 
    +-------------------+-------------------------------+---------+---+----+-----+------+-----+------+-------------+
    |       Memory      |             Module            | BRAM_18K| FF| LUT| URAM| Words| Bits| Banks| W*Bits*Banks|
    +-------------------+-------------------------------+---------+---+----+-----+------+-----+------+-------------+
    |H_filter_FIR_22_U  |H_filter_FIR_22_RAM_AUTO_1R1W  |        2|  0|   0|    0|   196|   32|     1|         6272|
    |H_filter_FIR_21_U  |H_filter_FIR_22_RAM_AUTO_1R1W  |        2|  0|   0|    0|   196|   32|     1|         6272|
    |H_filter_FIR_20_U  |H_filter_FIR_22_RAM_AUTO_1R1W  |        2|  0|   0|    0|   196|   32|     1|         6272|
    +-------------------+-------------------------------+---------+---+----+-----+------+-----+------+-------------+
    |Total              |                               |        6|  0|   0|    0|   588|   96|     3|        18816|
    +-------------------+-------------------------------+---------+---+----+-----+------+-----+------+-------------+

    * FIFO: 
    N/A

    * Expression: 
    +---------------------------------+----------+----+---+----+------------+------------+
    |          Variable Name          | Operation| DSP| FF| LUT| Bitwidth P0| Bitwidth P1|
    +---------------------------------+----------+----+---+----+------------+------------+
    |add_ln35_1_fu_191_p2             |         +|   0|  0|  39|          32|          32|
    |add_ln35_2_fu_270_p2             |         +|   0|  0|  39|          32|          32|
    |sub_ln14_fu_217_p2               |         -|   0|  0|  23|          16|          16|
    |sub_ln22_fu_290_p2               |         -|   0|  0|  23|          16|          16|
    |x_n_1_fu_251_p2                  |         -|   0|  0|  23|          16|          16|
    |x_n_fu_161_p2                    |         -|   0|  0|  23|          16|          16|
    |ap_block_state2                  |        or|   0|  0|   2|           1|           1|
    |ap_block_state4_on_subcall_done  |        or|   0|  0|   2|           1|           1|
    +---------------------------------+----------+----+---+----+------------+------------+
    |Total                            |          |   0|  0| 174|         130|         130|
    +---------------------------------+----------+----+---+----+------------+------------+

    * Multiplexer: 
    +-------------------------------------+----+-----------+-----+-----------+
    |                 Name                | LUT| Input Size| Bits| Total Bits|
    +-------------------------------------+----+-----------+-----+-----------+
    |H_filter_FIR_20_address0             |   9|          2|    8|         16|
    |H_filter_FIR_20_ce0                  |   9|          2|    1|          2|
    |H_filter_FIR_21_address0             |   9|          2|    8|         16|
    |H_filter_FIR_21_ce0                  |   9|          2|    1|          2|
    |H_filter_FIR_22_address0             |   9|          2|    8|         16|
    |H_filter_FIR_22_ce0                  |   9|          2|    1|          2|
    |ap_NS_fsm                            |  37|          7|    1|          7|
    |ap_phi_mux_storemerge_phi_fu_114_p4  |  14|          3|    1|          3|
    |input_r_TDATA_blk_n                  |   9|          2|    1|          2|
    |output_r_TDATA_blk_n                 |   9|          2|    1|          2|
    |output_r_TDATA_int_regslice          |  14|          3|   16|         48|
    +-------------------------------------+----+-----------+-----+-----------+
    |Total                                | 137|         29|   47|        116|
    +-------------------------------------+----+-----------+-----+-----------+

    * Register: 
    +------------------------------------------------------------------------+----+----+-----+-----------+
    |                                  Name                                  | FF | LUT| Bits| Const Bits|
    +------------------------------------------------------------------------+----+----+-----+-----------+
    |H_filter_FIR_21_load_reg_334                                            |  32|   0|   32|          0|
    |ap_CS_fsm                                                               |   6|   0|    6|          0|
    |grp_Fast_Running_FIR_HLS_Pipeline_VITIS_LOOP_37_11_fu_131_ap_start_reg  |   1|   0|    1|          0|
    |grp_Fast_Running_FIR_HLS_Pipeline_VITIS_LOOP_37_12_fu_140_ap_start_reg  |   1|   0|    1|          0|
    |grp_Fast_Running_FIR_HLS_Pipeline_VITIS_LOOP_37_1_fu_122_ap_start_reg   |   1|   0|    1|          0|
    |input1                                                                  |  16|   0|   16|          0|
    |input2                                                                  |  16|   0|   16|          0|
    |mod_value                                                               |   1|   0|    1|          0|
    |mod_value_load_reg_305                                                  |   1|   0|    1|          0|
    |x_n_1_reg_339                                                           |  16|   0|   16|          0|
    |x_n_2_reg_324                                                           |  16|   0|   16|          0|
    |x_n_reg_314                                                             |  16|   0|   16|          0|
    |y11                                                                     |  16|   0|   16|          0|
    |y2                                                                      |  16|   0|   16|          0|
    +------------------------------------------------------------------------+----+----+-----+-----------+
    |Total                                                                   | 155|   0|  155|          0|
    +------------------------------------------------------------------------+----+----+-----+-----------+



================================================================
== Interface
================================================================
* Summary: 
+-----------------+-----+-----+--------------+----------------------+--------------+
|    RTL Ports    | Dir | Bits|   Protocol   |     Source Object    |    C Type    |
+-----------------+-----+-----+--------------+----------------------+--------------+
|ap_clk           |   in|    1|  ap_ctrl_none|  Fast_Running_FIR_HLS|  return value|
|ap_rst_n         |   in|    1|  ap_ctrl_none|  Fast_Running_FIR_HLS|  return value|
|input_r_TDATA    |   in|   16|          axis|               input_r|       pointer|
|input_r_TVALID   |   in|    1|          axis|               input_r|       pointer|
|input_r_TREADY   |  out|    1|          axis|               input_r|       pointer|
|output_r_TDATA   |  out|   16|          axis|              output_r|       pointer|
|output_r_TVALID  |  out|    1|          axis|              output_r|       pointer|
|output_r_TREADY  |   in|    1|          axis|              output_r|       pointer|
+-----------------+-----+-----+--------------+----------------------+--------------+

