

================================================================
== Vitis HLS Report for 'Fast_Running_FIR_HLS_Pipeline_VITIS_LOOP_37_12'
================================================================
* Date:           Sat Jan 17 11:06:45 2026

* Version:        2024.2 (Build 5238294 on Nov  8 2024)
* Project:        Fast_Running_FIR_HLS
* Solution:       hls (Vivado IP Flow Target)
* Product family: zynquplus
* Target device:  xck26-sfvc784-2LV-c


================================================================
== Performance Estimates
================================================================
+ Timing: 
    * Summary: 
    +--------+----------+----------+------------+
    |  Clock |  Target  | Estimated| Uncertainty|
    +--------+----------+----------+------------+
    |ap_clk  |  10.00 ns|  5.870 ns|     2.70 ns|
    +--------+----------+----------+------------+

+ Latency: 
    * Summary: 
    +---------+---------+----------+----------+-----+-----+------------------------------------------------+
    |  Latency (cycles) |  Latency (absolute) |  Interval |                    Pipeline                    |
    |   min   |   max   |    min   |    max   | min | max |                      Type                      |
    +---------+---------+----------+----------+-----+-----+------------------------------------------------+
    |      197|      197|  1.970 us|  1.970 us|  196|  196|  loop auto-rewind stp (delay=0 clock cycles(s))|
    +---------+---------+----------+----------+-----+-----+------------------------------------------------+

    + Detail: 
        * Instance: 
        N/A

        * Loop: 
        +-------------------+---------+---------+----------+-----------+-----------+------+----------+
        |                   |  Latency (cycles) | Iteration|  Initiation Interval  | Trip |          |
        |     Loop Name     |   min   |   max   |  Latency |  achieved |   target  | Count| Pipelined|
        +-------------------+---------+---------+----------+-----------+-----------+------+----------+
        |- VITIS_LOOP_37_1  |      195|      195|         2|          1|          1|   195|       yes|
        +-------------------+---------+---------+----------+-----------+-----------+------+----------+



================================================================
== Utilization Estimates
================================================================
* Summary: 
+-----------------+---------+------+--------+--------+-----+
|       Name      | BRAM_18K|  DSP |   FF   |   LUT  | URAM|
+-----------------+---------+------+--------+--------+-----+
|DSP              |        -|     -|       -|       -|    -|
|Expression       |        -|     -|       0|      86|    -|
|FIFO             |        -|     -|       -|       -|    -|
|Instance         |        -|     1|       0|       5|    -|
|Memory           |        1|     -|       0|       0|    -|
|Multiplexer      |        -|     -|       0|      36|    -|
|Register         |        -|     -|      49|       -|    -|
+-----------------+---------+------+--------+--------+-----+
|Total            |        1|     1|      49|     127|    0|
+-----------------+---------+------+--------+--------+-----+
|Available        |      288|  1248|  234240|  117120|   64|
+-----------------+---------+------+--------+--------+-----+
|Utilization (%)  |       ~0|    ~0|      ~0|      ~0|    0|
+-----------------+---------+------+--------+--------+-----+

+ Detail: 
    * Instance: 
    +------------------------+--------------------+---------+----+---+----+-----+
    |        Instance        |       Module       | BRAM_18K| DSP| FF| LUT| URAM|
    +------------------------+--------------------+---------+----+---+----+-----+
    |mul_16s_14s_30_1_1_U10  |mul_16s_14s_30_1_1  |        0|   1|  0|   5|    0|
    +------------------------+--------------------+---------+----+---+----+-----+
    |Total                   |                    |        0|   1|  0|   5|    0|
    +------------------------+--------------------+---------+----+---+----+-----+

    * DSP: 
    N/A

    * Memory: 
    +------------+---------------------------------------------------------------------+---------+---+----+-----+------+-----+------+-------------+
    |   Memory   |                                Module                               | BRAM_18K| FF| LUT| URAM| Words| Bits| Banks| W*Bits*Banks|
    +------------+---------------------------------------------------------------------+---------+---+----+-----+------+-----+------+-------------+
    |b_FIR_20_U  |Fast_Running_FIR_HLS_Pipeline_VITIS_LOOP_37_12_b_FIR_20_ROM_AUTO_1R  |        1|  0|   0|    0|   196|   14|     1|         2744|
    +------------+---------------------------------------------------------------------+---------+---+----+-----+------+-----+------+-------------+
    |Total       |                                                                     |        1|  0|   0|    0|   196|   14|     1|         2744|
    +------------+---------------------------------------------------------------------+---------+---+----+-----+------+-----+------+-------------+

    * FIFO: 
    N/A

    * Expression: 
    +----------------------+----------+----+---+----+------------+------------+
    |     Variable Name    | Operation| DSP| FF| LUT| Bitwidth P0| Bitwidth P1|
    +----------------------+----------+----+---+----+------------+------------+
    |add_ln37_fu_110_p2    |         +|   0|  0|  15|           8|           1|
    |add_ln38_1_fu_149_p2  |         +|   0|  0|  15|           8|           2|
    |add_ln38_fu_142_p2    |         +|   0|  0|  39|          32|          32|
    |icmp_ln37_fu_98_p2    |      icmp|   0|  0|  15|           8|           7|
    |ap_enable_pp0         |       xor|   0|  0|   2|           1|           2|
    +----------------------+----------+----+---+----+------------+------------+
    |Total                 |          |   0|  0|  86|          57|          44|
    +----------------------+----------+----+---+----+------------+------------+

    * Multiplexer: 
    +-------------------------+----+-----------+-----+-----------+
    |           Name          | LUT| Input Size| Bits| Total Bits|
    +-------------------------+----+-----------+-----+-----------+
    |ap_done_int              |   9|          2|    1|          2|
    |ap_enable_reg_pp0_iter1  |   9|          2|    1|          2|
    |ap_sig_allocacmp_i_1     |   9|          2|    8|         16|
    |i_fu_38                  |   9|          2|    8|         16|
    +-------------------------+----+-----------+-----+-----------+
    |Total                    |  36|          8|   18|         36|
    +-------------------------+----+-----------+-----+-----------+

    * Register: 
    +--------------------------+----+----+-----+-----------+
    |           Name           | FF | LUT| Bits| Const Bits|
    +--------------------------+----+----+-----+-----------+
    |ap_CS_fsm                 |   1|   0|    1|          0|
    |ap_done_reg               |   1|   0|    1|          0|
    |ap_enable_reg_pp0_iter1   |   1|   0|    1|          0|
    |i_1_reg_171               |   8|   0|    8|          0|
    |i_fu_38                   |   8|   0|    8|          0|
    |sext_ln37_2_cast_reg_166  |  30|   0|   30|          0|
    +--------------------------+----+----+-----+-----------+
    |Total                     |  49|   0|   49|          0|
    +--------------------------+----+----+-----+-----------+



================================================================
== Interface
================================================================
* Summary: 
+--------------------------+-----+-----+------------+------------------------------------------------+--------------+
|         RTL Ports        | Dir | Bits|  Protocol  |                  Source Object                 |    C Type    |
+--------------------------+-----+-----+------------+------------------------------------------------+--------------+
|ap_clk                    |   in|    1|  ap_ctrl_hs|  Fast_Running_FIR_HLS_Pipeline_VITIS_LOOP_37_12|  return value|
|ap_rst                    |   in|    1|  ap_ctrl_hs|  Fast_Running_FIR_HLS_Pipeline_VITIS_LOOP_37_12|  return value|
|ap_start                  |   in|    1|  ap_ctrl_hs|  Fast_Running_FIR_HLS_Pipeline_VITIS_LOOP_37_12|  return value|
|ap_done                   |  out|    1|  ap_ctrl_hs|  Fast_Running_FIR_HLS_Pipeline_VITIS_LOOP_37_12|  return value|
|ap_idle                   |  out|    1|  ap_ctrl_hs|  Fast_Running_FIR_HLS_Pipeline_VITIS_LOOP_37_12|  return value|
|ap_ready                  |  out|    1|  ap_ctrl_hs|  Fast_Running_FIR_HLS_Pipeline_VITIS_LOOP_37_12|  return value|
|sext_ln37_2               |   in|   16|     ap_none|                                     sext_ln37_2|        scalar|
|H_filter_FIR_20_address0  |  out|    8|   ap_memory|                                 H_filter_FIR_20|         array|
|H_filter_FIR_20_ce0       |  out|    1|   ap_memory|                                 H_filter_FIR_20|         array|
|H_filter_FIR_20_we0       |  out|    1|   ap_memory|                                 H_filter_FIR_20|         array|
|H_filter_FIR_20_d0        |  out|   32|   ap_memory|                                 H_filter_FIR_20|         array|
|H_filter_FIR_20_address1  |  out|    8|   ap_memory|                                 H_filter_FIR_20|         array|
|H_filter_FIR_20_ce1       |  out|    1|   ap_memory|                                 H_filter_FIR_20|         array|
|H_filter_FIR_20_q1        |   in|   32|   ap_memory|                                 H_filter_FIR_20|         array|
+--------------------------+-----+-----+------------+------------------------------------------------+--------------+

