

================================================================
== Vitis HLS Report for 'FIR_HLS'
================================================================
* Date:           Sat Jan 17 13:34:11 2026

* Version:        2024.2 (Build 5238294 on Nov  8 2024)
* Project:        Transposed_Folded_FIR_HLS
* Solution:       hls (Vivado IP Flow Target)
* Product family: zynquplus
* Target device:  xck26-sfvc784-2LV-c


================================================================
== Performance Estimates
================================================================
+ Timing: 
    * Summary: 
    +--------+----------+----------+------------+
    |  Clock |  Target  | Estimated| Uncertainty|
    +--------+----------+----------+------------+
    |ap_clk  |  10.00 ns|  5.870 ns|     2.70 ns|
    +--------+----------+----------+------------+

+ Latency: 
    * Summary: 
    +---------+---------+----------+----------+-----+-----+---------+
    |  Latency (cycles) |  Latency (absolute) |  Interval | Pipeline|
    |   min   |   max   |    min   |    max   | min | max |   Type  |
    +---------+---------+----------+----------+-----+-----+---------+
    |        ?|        ?|         ?|         ?|    ?|    ?|       no|
    +---------+---------+----------+----------+-----+-----+---------+

    + Detail: 
        * Instance: 
        +--------------------------------------------+----------------------------------+---------+---------+----------+----------+-----+-----+---------+
        |                                            |                                  |  Latency (cycles) |  Latency (absolute) |  Interval | Pipeline|
        |                  Instance                  |              Module              |   min   |   max   |    min   |    max   | min | max |   Type  |
        +--------------------------------------------+----------------------------------+---------+---------+----------+----------+-----+-----+---------+
        |grp_FIR_HLS_Pipeline_VITIS_LOOP_28_2_fu_40  |FIR_HLS_Pipeline_VITIS_LOOP_28_2  |        ?|        ?|         ?|         ?|    ?|    ?|       no|
        +--------------------------------------------+----------------------------------+---------+---------+----------+----------+-----+-----+---------+

        * Loop: 
        N/A



================================================================
== Utilization Estimates
================================================================
* Summary: 
+-----------------+---------+------+--------+--------+-----+
|       Name      | BRAM_18K|  DSP |   FF   |   LUT  | URAM|
+-----------------+---------+------+--------+--------+-----+
|DSP              |        -|     -|       -|       -|    -|
|Expression       |        -|     -|       -|       -|    -|
|FIFO             |        -|     -|       -|       -|    -|
|Instance         |        2|     1|     107|     165|    0|
|Memory           |        -|     -|       -|       -|    -|
|Multiplexer      |        -|     -|       0|      23|    -|
|Register         |        -|     -|      19|       -|    -|
+-----------------+---------+------+--------+--------+-----+
|Total            |        2|     1|     126|     188|    0|
+-----------------+---------+------+--------+--------+-----+
|Available        |      288|  1248|  234240|  117120|   64|
+-----------------+---------+------+--------+--------+-----+
|Utilization (%)  |       ~0|    ~0|      ~0|      ~0|    0|
+-----------------+---------+------+--------+--------+-----+

+ Detail: 
    * Instance: 
    +--------------------------------------------+----------------------------------+---------+----+-----+-----+-----+
    |                  Instance                  |              Module              | BRAM_18K| DSP|  FF | LUT | URAM|
    +--------------------------------------------+----------------------------------+---------+----+-----+-----+-----+
    |grp_FIR_HLS_Pipeline_VITIS_LOOP_28_2_fu_40  |FIR_HLS_Pipeline_VITIS_LOOP_28_2  |        2|   1|  107|  165|    0|
    +--------------------------------------------+----------------------------------+---------+----+-----+-----+-----+
    |Total                                       |                                  |        2|   1|  107|  165|    0|
    +--------------------------------------------+----------------------------------+---------+----+-----+-----+-----+

    * DSP: 
    N/A

    * Memory: 
    N/A

    * FIFO: 
    N/A

    * Expression: 
    N/A

    * Multiplexer: 
    +---------------------+----+-----------+-----+-----------+
    |         Name        | LUT| Input Size| Bits| Total Bits|
    +---------------------+----+-----------+-----+-----------+
    |ap_NS_fsm            |  14|          3|    1|          3|
    |input_r_TDATA_blk_n  |   9|          2|    1|          2|
    +---------------------+----+-----------+-----+-----------+
    |Total                |  23|          5|    2|          5|
    +---------------------+----+-----------+-----+-----------+

    * Register: 
    +---------------------------------------------------------+----+----+-----+-----------+
    |                           Name                          | FF | LUT| Bits| Const Bits|
    +---------------------------------------------------------+----+----+-----+-----------+
    |ap_CS_fsm                                                |   2|   0|    2|          0|
    |grp_FIR_HLS_Pipeline_VITIS_LOOP_28_2_fu_40_ap_start_reg  |   1|   0|    1|          0|
    |x_n_reg_50                                               |  16|   0|   16|          0|
    +---------------------------------------------------------+----+----+-----+-----------+
    |Total                                                    |  19|   0|   19|          0|
    +---------------------------------------------------------+----+----+-----+-----------+



================================================================
== Interface
================================================================
* Summary: 
+-----------------+-----+-----+--------------+--------------+--------------+
|    RTL Ports    | Dir | Bits|   Protocol   | Source Object|    C Type    |
+-----------------+-----+-----+--------------+--------------+--------------+
|ap_clk           |   in|    1|  ap_ctrl_none|       FIR_HLS|  return value|
|ap_rst_n         |   in|    1|  ap_ctrl_none|       FIR_HLS|  return value|
|input_r_TDATA    |   in|   16|          axis|       input_r|       pointer|
|input_r_TVALID   |   in|    1|          axis|       input_r|       pointer|
|input_r_TREADY   |  out|    1|          axis|       input_r|       pointer|
|output_r_TDATA   |   in|   16|          axis|      output_r|       pointer|
|output_r_TVALID  |   in|    1|          axis|      output_r|       pointer|
|output_r_TREADY  |  out|    1|          axis|      output_r|       pointer|
+-----------------+-----+-----+--------------+--------------+--------------+

