

================================================================
== Vitis HLS Report for 'FIR_HLS_Pipeline_VITIS_LOOP_28_2'
================================================================
* Date:           Sat Jan 17 13:34:11 2026

* Version:        2024.2 (Build 5238294 on Nov  8 2024)
* Project:        Transposed_Folded_FIR_HLS
* Solution:       hls (Vivado IP Flow Target)
* Product family: zynquplus
* Target device:  xck26-sfvc784-2LV-c


================================================================
== Performance Estimates
================================================================
+ Timing: 
    * Summary: 
    +--------+----------+----------+------------+
    |  Clock |  Target  | Estimated| Uncertainty|
    +--------+----------+----------+------------+
    |ap_clk  |  10.00 ns|  5.870 ns|     2.70 ns|
    +--------+----------+----------+------------+

+ Latency: 
    * Summary: 
    +---------+---------+----------+----------+-----+-----+---------+
    |  Latency (cycles) |  Latency (absolute) |  Interval | Pipeline|
    |   min   |   max   |    min   |    max   | min | max |   Type  |
    +---------+---------+----------+----------+-----+-----+---------+
    |        ?|        ?|         ?|         ?|    ?|    ?|       no|
    +---------+---------+----------+----------+-----+-----+---------+

    + Detail: 
        * Instance: 
        N/A

        * Loop: 
        +-------------------+---------+---------+----------+-----------+-----------+------+----------+
        |                   |  Latency (cycles) | Iteration|  Initiation Interval  | Trip |          |
        |     Loop Name     |   min   |   max   |  Latency |  achieved |   target  | Count| Pipelined|
        +-------------------+---------+---------+----------+-----------+-----------+------+----------+
        |- VITIS_LOOP_28_2  |      392|      392|         2|          1|          1|   391|       yes|
        +-------------------+---------+---------+----------+-----------+-----------+------+----------+



================================================================
== Utilization Estimates
================================================================
* Summary: 
+-----------------+---------+------+--------+--------+-----+
|       Name      | BRAM_18K|  DSP |   FF   |   LUT  | URAM|
+-----------------+---------+------+--------+--------+-----+
|DSP              |        -|     -|       -|       -|    -|
|Expression       |        -|     -|       0|     128|    -|
|FIFO             |        -|     -|       -|       -|    -|
|Instance         |        -|     1|       0|       5|    -|
|Memory           |        2|     -|       0|       0|    0|
|Multiplexer      |        -|     -|       0|      32|    -|
|Register         |        -|     -|     107|       -|    -|
+-----------------+---------+------+--------+--------+-----+
|Total            |        2|     1|     107|     165|    0|
+-----------------+---------+------+--------+--------+-----+
|Available        |      288|  1248|  234240|  117120|   64|
+-----------------+---------+------+--------+--------+-----+
|Utilization (%)  |       ~0|    ~0|      ~0|      ~0|    0|
+-----------------+---------+------+--------+--------+-----+

+ Detail: 
    * Instance: 
    +-----------------------+--------------------+---------+----+---+----+-----+
    |        Instance       |       Module       | BRAM_18K| DSP| FF| LUT| URAM|
    +-----------------------+--------------------+---------+----+---+----+-----+
    |mul_16s_14s_30_1_1_U1  |mul_16s_14s_30_1_1  |        0|   1|  0|   5|    0|
    +-----------------------+--------------------+---------+----+---+----+-----+
    |Total                  |                    |        0|   1|  0|   5|    0|
    +-----------------------+--------------------+---------+----+---+----+-----+

    * DSP: 
    N/A

    * Memory: 
    +---------------+------------------------------------------------------------+---------+---+----+-----+------+-----+------+-------------+
    |     Memory    |                           Module                           | BRAM_18K| FF| LUT| URAM| Words| Bits| Banks| W*Bits*Banks|
    +---------------+------------------------------------------------------------+---------+---+----+-----+------+-----+------+-------------+
    |H_accu_FIR1_U  |FIR_HLS_Pipeline_VITIS_LOOP_28_2_H_accu_FIR1_RAM_AUTO_1R1W  |        1|  0|   0|    0|   392|   32|     1|        12544|
    |b_FIR_U        |FIR_HLS_Pipeline_VITIS_LOOP_28_2_b_FIR_ROM_AUTO_1R          |        1|  0|   0|    0|   392|   14|     1|         5488|
    +---------------+------------------------------------------------------------+---------+---+----+-----+------+-----+------+-------------+
    |Total          |                                                            |        2|  0|   0|    0|   784|   46|     2|        18032|
    +---------------+------------------------------------------------------------+---------+---+----+-----+------+-----+------+-------------+

    * FIFO: 
    N/A

    * Expression: 
    +----------------------+----------+----+---+----+------------+------------+
    |     Variable Name    | Operation| DSP| FF| LUT| Bitwidth P0| Bitwidth P1|
    +----------------------+----------+----+---+----+------------+------------+
    |add_ln28_fu_102_p2    |         +|   0|  0|  71|          64|           1|
    |add_ln31_1_fu_144_p2  |         +|   0|  0|  39|          32|          32|
    |add_ln31_fu_134_p2    |         +|   0|  0|  16|           9|           2|
    |ap_enable_pp0         |       xor|   0|  0|   2|           1|           2|
    +----------------------+----------+----+---+----+------------+------------+
    |Total                 |          |   0|  0| 128|         106|          37|
    +----------------------+----------+----+---+----+------------+------------+

    * Multiplexer: 
    +-------------------------+----+-----------+-----+-----------+
    |           Name          | LUT| Input Size| Bits| Total Bits|
    +-------------------------+----+-----------+-----+-----------+
    |ap_NS_fsm                |  14|          3|    1|          3|
    |ap_enable_reg_pp0_iter1  |   9|          2|    1|          2|
    |i_fu_36                  |   9|          2|   64|        128|
    +-------------------------+----+-----------+-----+-----------+
    |Total                    |  32|          7|   66|        133|
    +-------------------------+----+-----------+-----+-----------+

    * Register: 
    +-------------------------+----+----+-----+-----------+
    |           Name          | FF | LUT| Bits| Const Bits|
    +-------------------------+----+----+-----+-----------+
    |ap_CS_fsm                |   2|   0|    2|          0|
    |ap_enable_reg_pp0_iter0  |   1|   0|    1|          0|
    |ap_enable_reg_pp0_iter1  |   1|   0|    1|          0|
    |i_fu_36                  |  64|   0|   64|          0|
    |sext_ln28_cast_reg_158   |  30|   0|   30|          0|
    |trunc_ln28_reg_163       |   9|   0|    9|          0|
    +-------------------------+----+----+-----+-----------+
    |Total                    | 107|   0|  107|          0|
    +-------------------------+----+----+-----+-----------+



================================================================
== Interface
================================================================
* Summary: 
+-----------+-----+-----+------------+----------------------------------+--------------+
| RTL Ports | Dir | Bits|  Protocol  |           Source Object          |    C Type    |
+-----------+-----+-----+------------+----------------------------------+--------------+
|ap_clk     |   in|    1|  ap_ctrl_hs|  FIR_HLS_Pipeline_VITIS_LOOP_28_2|  return value|
|ap_rst     |   in|    1|  ap_ctrl_hs|  FIR_HLS_Pipeline_VITIS_LOOP_28_2|  return value|
|ap_start   |   in|    1|  ap_ctrl_hs|  FIR_HLS_Pipeline_VITIS_LOOP_28_2|  return value|
|ap_done    |  out|    1|  ap_ctrl_hs|  FIR_HLS_Pipeline_VITIS_LOOP_28_2|  return value|
|ap_idle    |  out|    1|  ap_ctrl_hs|  FIR_HLS_Pipeline_VITIS_LOOP_28_2|  return value|
|ap_ready   |  out|    1|  ap_ctrl_hs|  FIR_HLS_Pipeline_VITIS_LOOP_28_2|  return value|
|sext_ln28  |   in|   16|     ap_none|                         sext_ln28|        scalar|
+-----------+-----+-----+------------+----------------------------------+--------------+

