Copyright 1986-2022 Xilinx, Inc. All Rights Reserved. Copyright 2022-2024 Advanced Micro Devices, Inc. All Rights Reserved.
--------------------------------------------------------------------------------------------------------------------------------------------------
| Tool Version      : Vivado v.2024.2 (win64) Build 5239630 Fri Nov 08 22:35:27 MST 2024
| Date              : Sat Jan 17 11:15:30 2026
| Host              : DESKTOP-92OKADH running 64-bit major release  (build 9200)
| Command           : report_timing_summary -file ./report/Fast_Running_FIR_HLS_timing_routed.rpt
| Design            : bd_0_wrapper
| Device            : xck26-sfvc784
| Speed File        : -2LV  PRODUCTION 1.30 05-15-2022
| Design State      : Routed
| Temperature Grade : C
--------------------------------------------------------------------------------------------------------------------------------------------------

Timing Summary Report

------------------------------------------------------------------------------------------------
| Timer Settings
| --------------
------------------------------------------------------------------------------------------------

  Enable Multi Corner Analysis               :  Yes
  Enable Pessimism Removal                   :  Yes
  Pessimism Removal Resolution               :  Nearest Common Node
  Enable Input Delay Default Clock           :  No
  Enable Preset / Clear Arcs                 :  No
  Disable Flight Delays                      :  No
  Ignore I/O Paths                           :  No
  Timing Early Launch at Borrowing Latches   :  No
  Borrow Time for Max Delay Exceptions       :  Yes
  Merge Timing Exceptions                    :  Yes
  Inter-SLR Compensation                     :  Conservative

  Corner  Analyze    Analyze    
  Name    Max Paths  Min Paths  
  ------  ---------  ---------  
  Slow    Yes        Yes        
  Fast    Yes        Yes        


------------------------------------------------------------------------------------------------
| Report Methodology
| ------------------
------------------------------------------------------------------------------------------------

Rule       Severity  Description                    Violations  
---------  --------  -----------------------------  ----------  
TIMING-18  Warning   Missing input or output delay  37          

Note: This report is based on the most recent report_methodology run and may not be up-to-date. Run report_methodology on the current design for the latest report.



check_timing report

Table of Contents
-----------------
1. checking no_clock (0)
2. checking constant_clock (0)
3. checking pulse_width_clock (0)
4. checking unconstrained_internal_endpoints (0)
5. checking no_input_delay (19)
6. checking no_output_delay (18)
7. checking multiple_clock (0)
8. checking generated_clocks (0)
9. checking loops (0)
10. checking partial_input_delay (0)
11. checking partial_output_delay (0)
12. checking latch_loops (0)

1. checking no_clock (0)
------------------------
 There are 0 register/latch pins with no clock.


2. checking constant_clock (0)
------------------------------
 There are 0 register/latch pins with constant_clock.


3. checking pulse_width_clock (0)
---------------------------------
 There are 0 register/latch pins which need pulse_width check


4. checking unconstrained_internal_endpoints (0)
------------------------------------------------
 There are 0 pins that are not constrained for maximum delay.

 There are 0 pins that are not constrained for maximum delay due to constant clock.


5. checking no_input_delay (19)
-------------------------------
 There are 19 input ports with no input delay specified. (HIGH)

 There are 0 input ports with no input delay but user has a false path constraint.


6. checking no_output_delay (18)
--------------------------------
 There are 18 ports with no output delay specified. (HIGH)

 There are 0 ports with no output delay but user has a false path constraint

 There are 0 ports with no output delay but with a timing clock defined on it or propagating through it


7. checking multiple_clock (0)
------------------------------
 There are 0 register/latch pins with multiple clocks.


8. checking generated_clocks (0)
--------------------------------
 There are 0 generated clocks that are not connected to a clock source.


9. checking loops (0)
---------------------
 There are 0 combinational loops in the design.


10. checking partial_input_delay (0)
------------------------------------
 There are 0 input ports with partial input delay specified.


11. checking partial_output_delay (0)
-------------------------------------
 There are 0 ports with partial output delay specified.


12. checking latch_loops (0)
----------------------------
 There are 0 combinational latch loops in the design through latch input



------------------------------------------------------------------------------------------------
| Design Timing Summary
| ---------------------
------------------------------------------------------------------------------------------------

    WNS(ns)      TNS(ns)  TNS Failing Endpoints  TNS Total Endpoints      WHS(ns)      THS(ns)  THS Failing Endpoints  THS Total Endpoints     WPWS(ns)     TPWS(ns)  TPWS Failing Endpoints  TPWS Total Endpoints  
    -------      -------  ---------------------  -------------------      -------      -------  ---------------------  -------------------     --------     --------  ----------------------  --------------------  
      4.185        0.000                      0                 7306        0.087        0.000                      0                 7306        4.238        0.000                       0                  1170  


All user specified timing constraints are met.


------------------------------------------------------------------------------------------------
| Clock Summary
| -------------
------------------------------------------------------------------------------------------------

Clock   Waveform(ns)       Period(ns)      Frequency(MHz)
-----   ------------       ----------      --------------
ap_clk  {0.000 5.000}      10.000          100.000         


------------------------------------------------------------------------------------------------
| Intra Clock Table
| -----------------
------------------------------------------------------------------------------------------------

Clock             WNS(ns)      TNS(ns)  TNS Failing Endpoints  TNS Total Endpoints      WHS(ns)      THS(ns)  THS Failing Endpoints  THS Total Endpoints     WPWS(ns)     TPWS(ns)  TPWS Failing Endpoints  TPWS Total Endpoints  
-----             -------      -------  ---------------------  -------------------      -------      -------  ---------------------  -------------------     --------     --------  ----------------------  --------------------  
ap_clk              4.185        0.000                      0                 7306        0.087        0.000                      0                 7306        4.238        0.000                       0                  1170  


------------------------------------------------------------------------------------------------
| Inter Clock Table
| -----------------
------------------------------------------------------------------------------------------------

From Clock    To Clock          WNS(ns)      TNS(ns)  TNS Failing Endpoints  TNS Total Endpoints      WHS(ns)      THS(ns)  THS Failing Endpoints  THS Total Endpoints  
----------    --------          -------      -------  ---------------------  -------------------      -------      -------  ---------------------  -------------------  


------------------------------------------------------------------------------------------------
| Other Path Groups Table
| -----------------------
------------------------------------------------------------------------------------------------

Path Group    From Clock    To Clock          WNS(ns)      TNS(ns)  TNS Failing Endpoints  TNS Total Endpoints      WHS(ns)      THS(ns)  THS Failing Endpoints  THS Total Endpoints  
----------    ----------    --------          -------      -------  ---------------------  -------------------      -------      -------  ---------------------  -------------------  


------------------------------------------------------------------------------------------------
| Timing Details
| --------------
------------------------------------------------------------------------------------------------


---------------------------------------------------------------------------------------------------
From Clock:  ap_clk
  To Clock:  ap_clk

Setup :            0  Failing Endpoints,  Worst Slack        4.185ns,  Total Violation        0.000ns
Hold  :            0  Failing Endpoints,  Worst Slack        0.087ns,  Total Violation        0.000ns
PW    :            0  Failing Endpoints,  Worst Slack        4.238ns,  Total Violation        0.000ns
---------------------------------------------------------------------------------------------------


Max Delay Paths
--------------------------------------------------------------------------------------
Slack (MET) :             4.185ns  (required time - arrival time)
  Source:                 bd_0_i/hls_inst/inst/regslice_both_input_r_U/data_p1_reg[2]/C
                            (rising edge-triggered cell FDRE clocked by ap_clk  {rise@0.000ns fall@5.000ns period=10.000ns})
  Destination:            bd_0_i/hls_inst/inst/regslice_both_output_r_U/data_p1_reg[15]/D
                            (rising edge-triggered cell FDRE clocked by ap_clk  {rise@0.000ns fall@5.000ns period=10.000ns})
  Path Group:             ap_clk
  Path Type:              Setup (Max at Slow Process Corner)
  Requirement:            10.000ns  (ap_clk rise@10.000ns - ap_clk rise@0.000ns)
  Data Path Delay:        5.810ns  (logic 3.640ns (62.654%)  route 2.170ns (37.346%))
  Logic Levels:           15  (CARRY8=5 DSP_A_B_DATA=1 DSP_ALU=1 DSP_M_DATA=1 DSP_MULTIPLIER=1 DSP_OUTPUT=1 DSP_PREADD_DATA=1 LUT2=2 LUT4=1 LUT5=1)
  Clock Path Skew:        -0.013ns (DCD - SCD + CPR)
    Destination Clock Delay (DCD):    0.030ns = ( 10.030 - 10.000 ) 
    Source Clock Delay      (SCD):    0.043ns
    Clock Pessimism Removal (CPR):    0.000ns
  Clock Uncertainty:      0.035ns  ((TSJ^2 + TIJ^2)^1/2 + DJ) / 2 + PE
    Total System Jitter     (TSJ):    0.071ns
    Total Input Jitter      (TIJ):    0.000ns
    Discrete Jitter          (DJ):    0.000ns
    Phase Error              (PE):    0.000ns

    Location             Delay type                Incr(ns)  Path(ns)    Netlist Resource(s)
  -------------------------------------------------------------------    -------------------
                         (clock ap_clk rise edge)     0.000     0.000 r  
                                                      0.000     0.000 r  ap_clk (IN)
                         net (fo=1195, unset)         0.043     0.043    bd_0_i/hls_inst/inst/regslice_both_input_r_U/ap_clk
    SLICE_X43Y36         FDRE                                         r  bd_0_i/hls_inst/inst/regslice_both_input_r_U/data_p1_reg[2]/C
  -------------------------------------------------------------------    -------------------
    SLICE_X43Y36         FDRE (Prop_EFF_SLICEM_C_Q)
                                                      0.113     0.156 r  bd_0_i/hls_inst/inst/regslice_both_input_r_U/data_p1_reg[2]/Q
                         net (fo=4, routed)           0.404     0.560    bd_0_i/hls_inst/inst/regslice_both_input_r_U/data_p1_reg[15]_0[2]
    SLICE_X43Y39         LUT2 (Prop_C6LUT_SLICEM_I1_O)
                                                      0.056     0.616 r  bd_0_i/hls_inst/inst/regslice_both_input_r_U/tmp_product_i_58__0/O
                         net (fo=1, routed)           0.029     0.645    bd_0_i/hls_inst/inst/regslice_both_input_r_U/tmp_product_i_58__0_n_3
    SLICE_X43Y39         CARRY8 (Prop_CARRY8_SLICEM_S[2]_O[4])
                                                      0.238     0.883 f  bd_0_i/hls_inst/inst/regslice_both_input_r_U/tmp_product_i_16__0/O[4]
                         net (fo=2, routed)           0.709     1.591    bd_0_i/hls_inst/inst/mul_16s_10s_25_1_1_U15/tmp_product/A[4]
    DSP48E2_X10Y10       DSP_A_B_DATA (Prop_DSP_A_B_DATA_DSP48E2_A[4]_A2_DATA[4])
                                                      0.258     1.849 r  bd_0_i/hls_inst/inst/mul_16s_10s_25_1_1_U15/tmp_product/DSP_A_B_DATA_INST/A2_DATA[4]
                         net (fo=1, routed)           0.000     1.849    bd_0_i/hls_inst/inst/mul_16s_10s_25_1_1_U15/tmp_product/DSP_A_B_DATA.A2_DATA<4>
    DSP48E2_X10Y10       DSP_PREADD_DATA (Prop_DSP_PREADD_DATA_DSP48E2_A2_DATA[4]_A2A1[4])
                                                      0.114     1.963 r  bd_0_i/hls_inst/inst/mul_16s_10s_25_1_1_U15/tmp_product/DSP_PREADD_DATA_INST/A2A1[4]
                         net (fo=1, routed)           0.000     1.963    bd_0_i/hls_inst/inst/mul_16s_10s_25_1_1_U15/tmp_product/DSP_PREADD_DATA.A2A1<4>
    DSP48E2_X10Y10       DSP_MULTIPLIER (Prop_DSP_MULTIPLIER_DSP48E2_A2A1[4]_U[8])
                                                      0.700     2.663 f  bd_0_i/hls_inst/inst/mul_16s_10s_25_1_1_U15/tmp_product/DSP_MULTIPLIER_INST/U[8]
                         net (fo=1, routed)           0.000     2.663    bd_0_i/hls_inst/inst/mul_16s_10s_25_1_1_U15/tmp_product/DSP_MULTIPLIER.U<8>
    DSP48E2_X10Y10       DSP_M_DATA (Prop_DSP_M_DATA_DSP48E2_U[8]_U_DATA[8])
                                                      0.067     2.730 r  bd_0_i/hls_inst/inst/mul_16s_10s_25_1_1_U15/tmp_product/DSP_M_DATA_INST/U_DATA[8]
                         net (fo=1, routed)           0.000     2.730    bd_0_i/hls_inst/inst/mul_16s_10s_25_1_1_U15/tmp_product/DSP_M_DATA.U_DATA<8>
    DSP48E2_X10Y10       DSP_ALU (Prop_DSP_ALU_DSP48E2_U_DATA[8]_ALU_OUT[8])
                                                      0.727     3.457 f  bd_0_i/hls_inst/inst/mul_16s_10s_25_1_1_U15/tmp_product/DSP_ALU_INST/ALU_OUT[8]
                         net (fo=1, routed)           0.000     3.457    bd_0_i/hls_inst/inst/mul_16s_10s_25_1_1_U15/tmp_product/DSP_ALU.ALU_OUT<8>
    DSP48E2_X10Y10       DSP_OUTPUT (Prop_DSP_OUTPUT_DSP48E2_ALU_OUT[8]_P[8])
                                                      0.146     3.603 r  bd_0_i/hls_inst/inst/mul_16s_10s_25_1_1_U15/tmp_product/DSP_OUTPUT_INST/P[8]
                         net (fo=2, routed)           0.201     3.805    bd_0_i/hls_inst/inst/mul_16s_10s_25_1_1_U15/tmp_product_n_100
    SLICE_X36Y26         LUT2 (Prop_A6LUT_SLICEL_I0_O)
                                                      0.152     3.957 r  bd_0_i/hls_inst/inst/mul_16s_10s_25_1_1_U15/data_p2[7]_i_36/O
                         net (fo=1, routed)           0.014     3.971    bd_0_i/hls_inst/inst/mul_16s_10s_25_1_1_U15/data_p2[7]_i_36_n_3
    SLICE_X36Y26         CARRY8 (Prop_CARRY8_SLICEL_S[0]_CO[7])
                                                      0.278     4.249 r  bd_0_i/hls_inst/inst/mul_16s_10s_25_1_1_U15/data_p2_reg[7]_i_19/CO[7]
                         net (fo=1, routed)           0.030     4.279    bd_0_i/hls_inst/inst/mul_16s_10s_25_1_1_U15/data_p2_reg[7]_i_19_n_3
    SLICE_X36Y27         CARRY8 (Prop_CARRY8_SLICEL_CI_O[1])
                                                      0.106     4.385 r  bd_0_i/hls_inst/inst/mul_16s_10s_25_1_1_U15/data_p2_reg[7]_i_18/O[1]
                         net (fo=1, routed)           0.412     4.797    bd_0_i/hls_inst/inst/mul_16s_9s_24_1_1_U14/O[1]
    SLICE_X36Y40         LUT5 (Prop_B6LUT_SLICEL_I4_O)
                                                      0.188     4.985 r  bd_0_i/hls_inst/inst/mul_16s_9s_24_1_1_U14/data_p2[7]_i_16/O
                         net (fo=1, routed)           0.013     4.998    bd_0_i/hls_inst/inst/regslice_both_input_r_U/S[1]
    SLICE_X36Y40         CARRY8 (Prop_CARRY8_SLICEL_S[1]_CO[7])
                                                      0.261     5.259 r  bd_0_i/hls_inst/inst/regslice_both_input_r_U/data_p2_reg[7]_i_1/CO[7]
                         net (fo=1, routed)           0.030     5.289    bd_0_i/hls_inst/inst/regslice_both_input_r_U/data_p2_reg[7]_i_1_n_3
    SLICE_X36Y41         CARRY8 (Prop_CARRY8_SLICEL_CI_O[7])
                                                      0.179     5.468 r  bd_0_i/hls_inst/inst/regslice_both_input_r_U/data_p2_reg[15]_i_2/O[7]
                         net (fo=2, routed)           0.247     5.715    bd_0_i/hls_inst/inst/regslice_both_output_r_U/data_p2_reg[15]_0[15]
    SLICE_X35Y41         LUT4 (Prop_B6LUT_SLICEM_I3_O)
                                                      0.057     5.772 r  bd_0_i/hls_inst/inst/regslice_both_output_r_U/data_p1[15]_i_2/O
                         net (fo=1, routed)           0.081     5.853    bd_0_i/hls_inst/inst/regslice_both_output_r_U/data_p1[15]_i_2_n_3
    SLICE_X35Y41         FDRE                                         r  bd_0_i/hls_inst/inst/regslice_both_output_r_U/data_p1_reg[15]/D
  -------------------------------------------------------------------    -------------------

                         (clock ap_clk rise edge)    10.000    10.000 r  
                                                      0.000    10.000 r  ap_clk (IN)
                         net (fo=1195, unset)         0.030    10.030    bd_0_i/hls_inst/inst/regslice_both_output_r_U/ap_clk
    SLICE_X35Y41         FDRE                                         r  bd_0_i/hls_inst/inst/regslice_both_output_r_U/data_p1_reg[15]/C
                         clock pessimism              0.000    10.030    
                         clock uncertainty           -0.035     9.995    
    SLICE_X35Y41         FDRE (Setup_BFF_SLICEM_C_D)
                                                      0.043    10.038    bd_0_i/hls_inst/inst/regslice_both_output_r_U/data_p1_reg[15]
  -------------------------------------------------------------------
                         required time                         10.038    
                         arrival time                          -5.853    
  -------------------------------------------------------------------
                         slack                                  4.185    





Min Delay Paths
--------------------------------------------------------------------------------------
Slack (MET) :             0.087ns  (arrival time - required time)
  Source:                 bd_0_i/hls_inst/inst/grp_Fast_Running_FIR_HLS_Pipeline_VITIS_LOOP_37_11_fu_131/i_2_reg_171_reg[4]/C
                            (rising edge-triggered cell FDRE clocked by ap_clk  {rise@0.000ns fall@5.000ns period=10.000ns})
  Destination:            bd_0_i/hls_inst/inst/H_filter_FIR_21_U/ram_reg_0_127_0_0__24/DP.HIGH/WADR4
                            (rising edge-triggered cell RAMD64E clocked by ap_clk  {rise@0.000ns fall@5.000ns period=10.000ns})
  Path Group:             ap_clk
  Path Type:              Hold (Min at Fast Process Corner)
  Requirement:            0.000ns  (ap_clk rise@0.000ns - ap_clk rise@0.000ns)
  Data Path Delay:        0.219ns  (logic 0.105ns (47.955%)  route 0.114ns (52.045%))
  Logic Levels:           1  (LUT6=1)
  Clock Path Skew:        0.043ns (DCD - SCD - CPR)
    Destination Clock Delay (DCD):    0.057ns
    Source Clock Delay      (SCD):    0.014ns
    Clock Pessimism Removal (CPR):    -0.000ns

    Location             Delay type                Incr(ns)  Path(ns)    Netlist Resource(s)
  -------------------------------------------------------------------    -------------------
                         (clock ap_clk rise edge)     0.000     0.000 r  
                                                      0.000     0.000 r  ap_clk (IN)
                         net (fo=1195, unset)         0.014     0.014    bd_0_i/hls_inst/inst/grp_Fast_Running_FIR_HLS_Pipeline_VITIS_LOOP_37_11_fu_131/ap_clk
    SLICE_X36Y55         FDRE                                         r  bd_0_i/hls_inst/inst/grp_Fast_Running_FIR_HLS_Pipeline_VITIS_LOOP_37_11_fu_131/i_2_reg_171_reg[4]/C
  -------------------------------------------------------------------    -------------------
    SLICE_X36Y55         FDRE (Prop_EFF_SLICEL_C_Q)
                                                      0.084     0.098 r  bd_0_i/hls_inst/inst/grp_Fast_Running_FIR_HLS_Pipeline_VITIS_LOOP_37_11_fu_131/i_2_reg_171_reg[4]/Q
                         net (fo=5, routed)           0.052     0.150    bd_0_i/hls_inst/inst/grp_Fast_Running_FIR_HLS_Pipeline_VITIS_LOOP_37_11_fu_131/i_2_reg_171[4]
    SLICE_X36Y54         LUT6 (Prop_H6LUT_SLICEL_I5_O)
                                                      0.021     0.171 r  bd_0_i/hls_inst/inst/grp_Fast_Running_FIR_HLS_Pipeline_VITIS_LOOP_37_11_fu_131/ram_reg_0_127_0_0_i_5/O
                         net (fo=288, routed)         0.062     0.233    bd_0_i/hls_inst/inst/H_filter_FIR_21_U/ram_reg_0_127_0_0__24/A4
    SLICE_X37Y54         RAMD64E                                      r  bd_0_i/hls_inst/inst/H_filter_FIR_21_U/ram_reg_0_127_0_0__24/DP.HIGH/WADR4
  -------------------------------------------------------------------    -------------------

                         (clock ap_clk rise edge)     0.000     0.000 r  
                                                      0.000     0.000 r  ap_clk (IN)
                         net (fo=1195, unset)         0.057     0.057    bd_0_i/hls_inst/inst/H_filter_FIR_21_U/ram_reg_0_127_0_0__24/WCLK
    SLICE_X37Y54         RAMD64E                                      r  bd_0_i/hls_inst/inst/H_filter_FIR_21_U/ram_reg_0_127_0_0__24/DP.HIGH/CLK
                         clock pessimism              0.000     0.057    
    SLICE_X37Y54         RAMD64E (Hold_E6LUT_SLICEM_CLK_WADR4)
                                                      0.089     0.146    bd_0_i/hls_inst/inst/H_filter_FIR_21_U/ram_reg_0_127_0_0__24/DP.HIGH
  -------------------------------------------------------------------
                         required time                         -0.146    
                         arrival time                           0.233    
  -------------------------------------------------------------------
                         slack                                  0.087    





Pulse Width Checks
--------------------------------------------------------------------------------------
Clock Name:         ap_clk
Waveform(ns):       { 0.000 5.000 }
Period(ns):         10.000
Sources:            { ap_clk }

Check Type        Corner  Lib Pin      Reference Pin  Required(ns)  Actual(ns)  Slack(ns)  Location      Pin
Min Period        n/a     RAMD64E/CLK  n/a            1.524         10.000      8.476      SLICE_X35Y17  bd_0_i/hls_inst/inst/H_filter_FIR_20_U/ram_reg_0_127_0_0/DP.HIGH/CLK
Low Pulse Width   Slow    RAMD64E/CLK  n/a            0.762         5.000       4.238      SLICE_X35Y17  bd_0_i/hls_inst/inst/H_filter_FIR_20_U/ram_reg_0_127_0_0/DP.HIGH/CLK
High Pulse Width  Slow    RAMD64E/CLK  n/a            0.762         5.000       4.238      SLICE_X35Y17  bd_0_i/hls_inst/inst/H_filter_FIR_20_U/ram_reg_0_127_0_0/DP.HIGH/CLK



