Copyright 1986-2022 Xilinx, Inc. All Rights Reserved. Copyright 2022-2024 Advanced Micro Devices, Inc. All Rights Reserved.
--------------------------------------------------------------------------------------------------------------------------------------------------
| Tool Version      : Vivado v.2024.2 (win64) Build 5239630 Fri Nov 08 22:35:27 MST 2024
| Date              : Sat Jan 17 11:15:34 2026
| Host              : DESKTOP-92OKADH running 64-bit major release  (build 9200)
| Command           : report_timing -max_paths 10 -file ./report/Fast_Running_FIR_HLS_timing_paths_routed.rpt
| Design            : bd_0_wrapper
| Device            : xck26-sfvc784
| Speed File        : -2LV  PRODUCTION 1.30 05-15-2022
| Design State      : Routed
| Temperature Grade : C
--------------------------------------------------------------------------------------------------------------------------------------------------

Timing Report

Slack (MET) :             4.185ns  (required time - arrival time)
  Source:                 bd_0_i/hls_inst/inst/regslice_both_input_r_U/data_p1_reg[2]/C
                            (rising edge-triggered cell FDRE clocked by ap_clk  {rise@0.000ns fall@5.000ns period=10.000ns})
  Destination:            bd_0_i/hls_inst/inst/regslice_both_output_r_U/data_p1_reg[15]/D
                            (rising edge-triggered cell FDRE clocked by ap_clk  {rise@0.000ns fall@5.000ns period=10.000ns})
  Path Group:             ap_clk
  Path Type:              Setup (Max at Slow Process Corner)
  Requirement:            10.000ns  (ap_clk rise@10.000ns - ap_clk rise@0.000ns)
  Data Path Delay:        5.810ns  (logic 3.640ns (62.654%)  route 2.170ns (37.346%))
  Logic Levels:           15  (CARRY8=5 DSP_A_B_DATA=1 DSP_ALU=1 DSP_M_DATA=1 DSP_MULTIPLIER=1 DSP_OUTPUT=1 DSP_PREADD_DATA=1 LUT2=2 LUT4=1 LUT5=1)
  Clock Path Skew:        -0.013ns (DCD - SCD + CPR)
    Destination Clock Delay (DCD):    0.030ns = ( 10.030 - 10.000 ) 
    Source Clock Delay      (SCD):    0.043ns
    Clock Pessimism Removal (CPR):    0.000ns
  Clock Uncertainty:      0.035ns  ((TSJ^2 + TIJ^2)^1/2 + DJ) / 2 + PE
    Total System Jitter     (TSJ):    0.071ns
    Total Input Jitter      (TIJ):    0.000ns
    Discrete Jitter          (DJ):    0.000ns
    Phase Error              (PE):    0.000ns

    Location             Delay type                Incr(ns)  Path(ns)    Netlist Resource(s)
  -------------------------------------------------------------------    -------------------
                         (clock ap_clk rise edge)     0.000     0.000 r  
                                                      0.000     0.000 r  ap_clk (IN)
                         net (fo=1195, unset)         0.043     0.043    bd_0_i/hls_inst/inst/regslice_both_input_r_U/ap_clk
    SLICE_X43Y36         FDRE                                         r  bd_0_i/hls_inst/inst/regslice_both_input_r_U/data_p1_reg[2]/C
  -------------------------------------------------------------------    -------------------
    SLICE_X43Y36         FDRE (Prop_EFF_SLICEM_C_Q)
                                                      0.113     0.156 r  bd_0_i/hls_inst/inst/regslice_both_input_r_U/data_p1_reg[2]/Q
                         net (fo=4, routed)           0.404     0.560    bd_0_i/hls_inst/inst/regslice_both_input_r_U/data_p1_reg[15]_0[2]
    SLICE_X43Y39         LUT2 (Prop_C6LUT_SLICEM_I1_O)
                                                      0.056     0.616 r  bd_0_i/hls_inst/inst/regslice_both_input_r_U/tmp_product_i_58__0/O
                         net (fo=1, routed)           0.029     0.645    bd_0_i/hls_inst/inst/regslice_both_input_r_U/tmp_product_i_58__0_n_3
    SLICE_X43Y39         CARRY8 (Prop_CARRY8_SLICEM_S[2]_O[4])
                                                      0.238     0.883 f  bd_0_i/hls_inst/inst/regslice_both_input_r_U/tmp_product_i_16__0/O[4]
                         net (fo=2, routed)           0.709     1.591    bd_0_i/hls_inst/inst/mul_16s_10s_25_1_1_U15/tmp_product/A[4]
    DSP48E2_X10Y10       DSP_A_B_DATA (Prop_DSP_A_B_DATA_DSP48E2_A[4]_A2_DATA[4])
                                                      0.258     1.849 r  bd_0_i/hls_inst/inst/mul_16s_10s_25_1_1_U15/tmp_product/DSP_A_B_DATA_INST/A2_DATA[4]
                         net (fo=1, routed)           0.000     1.849    bd_0_i/hls_inst/inst/mul_16s_10s_25_1_1_U15/tmp_product/DSP_A_B_DATA.A2_DATA<4>
    DSP48E2_X10Y10       DSP_PREADD_DATA (Prop_DSP_PREADD_DATA_DSP48E2_A2_DATA[4]_A2A1[4])
                                                      0.114     1.963 r  bd_0_i/hls_inst/inst/mul_16s_10s_25_1_1_U15/tmp_product/DSP_PREADD_DATA_INST/A2A1[4]
                         net (fo=1, routed)           0.000     1.963    bd_0_i/hls_inst/inst/mul_16s_10s_25_1_1_U15/tmp_product/DSP_PREADD_DATA.A2A1<4>
    DSP48E2_X10Y10       DSP_MULTIPLIER (Prop_DSP_MULTIPLIER_DSP48E2_A2A1[4]_U[8])
                                                      0.700     2.663 f  bd_0_i/hls_inst/inst/mul_16s_10s_25_1_1_U15/tmp_product/DSP_MULTIPLIER_INST/U[8]
                         net (fo=1, routed)           0.000     2.663    bd_0_i/hls_inst/inst/mul_16s_10s_25_1_1_U15/tmp_product/DSP_MULTIPLIER.U<8>
    DSP48E2_X10Y10       DSP_M_DATA (Prop_DSP_M_DATA_DSP48E2_U[8]_U_DATA[8])
                                                      0.067     2.730 r  bd_0_i/hls_inst/inst/mul_16s_10s_25_1_1_U15/tmp_product/DSP_M_DATA_INST/U_DATA[8]
                         net (fo=1, routed)           0.000     2.730    bd_0_i/hls_inst/inst/mul_16s_10s_25_1_1_U15/tmp_product/DSP_M_DATA.U_DATA<8>
    DSP48E2_X10Y10       DSP_ALU (Prop_DSP_ALU_DSP48E2_U_DATA[8]_ALU_OUT[8])
                                                      0.727     3.457 f  bd_0_i/hls_inst/inst/mul_16s_10s_25_1_1_U15/tmp_product/DSP_ALU_INST/ALU_OUT[8]
                         net (fo=1, routed)           0.000     3.457    bd_0_i/hls_inst/inst/mul_16s_10s_25_1_1_U15/tmp_product/DSP_ALU.ALU_OUT<8>
    DSP48E2_X10Y10       DSP_OUTPUT (Prop_DSP_OUTPUT_DSP48E2_ALU_OUT[8]_P[8])
                                                      0.146     3.603 r  bd_0_i/hls_inst/inst/mul_16s_10s_25_1_1_U15/tmp_product/DSP_OUTPUT_INST/P[8]
                         net (fo=2, routed)           0.201     3.805    bd_0_i/hls_inst/inst/mul_16s_10s_25_1_1_U15/tmp_product_n_100
    SLICE_X36Y26         LUT2 (Prop_A6LUT_SLICEL_I0_O)
                                                      0.152     3.957 r  bd_0_i/hls_inst/inst/mul_16s_10s_25_1_1_U15/data_p2[7]_i_36/O
                         net (fo=1, routed)           0.014     3.971    bd_0_i/hls_inst/inst/mul_16s_10s_25_1_1_U15/data_p2[7]_i_36_n_3
    SLICE_X36Y26         CARRY8 (Prop_CARRY8_SLICEL_S[0]_CO[7])
                                                      0.278     4.249 r  bd_0_i/hls_inst/inst/mul_16s_10s_25_1_1_U15/data_p2_reg[7]_i_19/CO[7]
                         net (fo=1, routed)           0.030     4.279    bd_0_i/hls_inst/inst/mul_16s_10s_25_1_1_U15/data_p2_reg[7]_i_19_n_3
    SLICE_X36Y27         CARRY8 (Prop_CARRY8_SLICEL_CI_O[1])
                                                      0.106     4.385 r  bd_0_i/hls_inst/inst/mul_16s_10s_25_1_1_U15/data_p2_reg[7]_i_18/O[1]
                         net (fo=1, routed)           0.412     4.797    bd_0_i/hls_inst/inst/mul_16s_9s_24_1_1_U14/O[1]
    SLICE_X36Y40         LUT5 (Prop_B6LUT_SLICEL_I4_O)
                                                      0.188     4.985 r  bd_0_i/hls_inst/inst/mul_16s_9s_24_1_1_U14/data_p2[7]_i_16/O
                         net (fo=1, routed)           0.013     4.998    bd_0_i/hls_inst/inst/regslice_both_input_r_U/S[1]
    SLICE_X36Y40         CARRY8 (Prop_CARRY8_SLICEL_S[1]_CO[7])
                                                      0.261     5.259 r  bd_0_i/hls_inst/inst/regslice_both_input_r_U/data_p2_reg[7]_i_1/CO[7]
                         net (fo=1, routed)           0.030     5.289    bd_0_i/hls_inst/inst/regslice_both_input_r_U/data_p2_reg[7]_i_1_n_3
    SLICE_X36Y41         CARRY8 (Prop_CARRY8_SLICEL_CI_O[7])
                                                      0.179     5.468 r  bd_0_i/hls_inst/inst/regslice_both_input_r_U/data_p2_reg[15]_i_2/O[7]
                         net (fo=2, routed)           0.247     5.715    bd_0_i/hls_inst/inst/regslice_both_output_r_U/data_p2_reg[15]_0[15]
    SLICE_X35Y41         LUT4 (Prop_B6LUT_SLICEM_I3_O)
                                                      0.057     5.772 r  bd_0_i/hls_inst/inst/regslice_both_output_r_U/data_p1[15]_i_2/O
                         net (fo=1, routed)           0.081     5.853    bd_0_i/hls_inst/inst/regslice_both_output_r_U/data_p1[15]_i_2_n_3
    SLICE_X35Y41         FDRE                                         r  bd_0_i/hls_inst/inst/regslice_both_output_r_U/data_p1_reg[15]/D
  -------------------------------------------------------------------    -------------------

                         (clock ap_clk rise edge)    10.000    10.000 r  
                                                      0.000    10.000 r  ap_clk (IN)
                         net (fo=1195, unset)         0.030    10.030    bd_0_i/hls_inst/inst/regslice_both_output_r_U/ap_clk
    SLICE_X35Y41         FDRE                                         r  bd_0_i/hls_inst/inst/regslice_both_output_r_U/data_p1_reg[15]/C
                         clock pessimism              0.000    10.030    
                         clock uncertainty           -0.035     9.995    
    SLICE_X35Y41         FDRE (Setup_BFF_SLICEM_C_D)
                                                      0.043    10.038    bd_0_i/hls_inst/inst/regslice_both_output_r_U/data_p1_reg[15]
  -------------------------------------------------------------------
                         required time                         10.038    
                         arrival time                          -5.853    
  -------------------------------------------------------------------
                         slack                                  4.185    

Slack (MET) :             4.248ns  (required time - arrival time)
  Source:                 bd_0_i/hls_inst/inst/regslice_both_input_r_U/data_p1_reg[2]/C
                            (rising edge-triggered cell FDRE clocked by ap_clk  {rise@0.000ns fall@5.000ns period=10.000ns})
  Destination:            bd_0_i/hls_inst/inst/regslice_both_output_r_U/data_p1_reg[8]/D
                            (rising edge-triggered cell FDRE clocked by ap_clk  {rise@0.000ns fall@5.000ns period=10.000ns})
  Path Group:             ap_clk
  Path Type:              Setup (Max at Slow Process Corner)
  Requirement:            10.000ns  (ap_clk rise@10.000ns - ap_clk rise@0.000ns)
  Data Path Delay:        5.748ns  (logic 3.679ns (64.008%)  route 2.069ns (35.992%))
  Logic Levels:           15  (CARRY8=5 DSP_A_B_DATA=1 DSP_ALU=1 DSP_M_DATA=1 DSP_MULTIPLIER=1 DSP_OUTPUT=1 DSP_PREADD_DATA=1 LUT2=2 LUT4=1 LUT5=1)
  Clock Path Skew:        -0.013ns (DCD - SCD + CPR)
    Destination Clock Delay (DCD):    0.030ns = ( 10.030 - 10.000 ) 
    Source Clock Delay      (SCD):    0.043ns
    Clock Pessimism Removal (CPR):    0.000ns
  Clock Uncertainty:      0.035ns  ((TSJ^2 + TIJ^2)^1/2 + DJ) / 2 + PE
    Total System Jitter     (TSJ):    0.071ns
    Total Input Jitter      (TIJ):    0.000ns
    Discrete Jitter          (DJ):    0.000ns
    Phase Error              (PE):    0.000ns

    Location             Delay type                Incr(ns)  Path(ns)    Netlist Resource(s)
  -------------------------------------------------------------------    -------------------
                         (clock ap_clk rise edge)     0.000     0.000 r  
                                                      0.000     0.000 r  ap_clk (IN)
                         net (fo=1195, unset)         0.043     0.043    bd_0_i/hls_inst/inst/regslice_both_input_r_U/ap_clk
    SLICE_X43Y36         FDRE                                         r  bd_0_i/hls_inst/inst/regslice_both_input_r_U/data_p1_reg[2]/C
  -------------------------------------------------------------------    -------------------
    SLICE_X43Y36         FDRE (Prop_EFF_SLICEM_C_Q)
                                                      0.113     0.156 r  bd_0_i/hls_inst/inst/regslice_both_input_r_U/data_p1_reg[2]/Q
                         net (fo=4, routed)           0.404     0.560    bd_0_i/hls_inst/inst/regslice_both_input_r_U/data_p1_reg[15]_0[2]
    SLICE_X43Y39         LUT2 (Prop_C6LUT_SLICEM_I1_O)
                                                      0.056     0.616 r  bd_0_i/hls_inst/inst/regslice_both_input_r_U/tmp_product_i_58__0/O
                         net (fo=1, routed)           0.029     0.645    bd_0_i/hls_inst/inst/regslice_both_input_r_U/tmp_product_i_58__0_n_3
    SLICE_X43Y39         CARRY8 (Prop_CARRY8_SLICEM_S[2]_O[4])
                                                      0.238     0.883 f  bd_0_i/hls_inst/inst/regslice_both_input_r_U/tmp_product_i_16__0/O[4]
                         net (fo=2, routed)           0.709     1.591    bd_0_i/hls_inst/inst/mul_16s_10s_25_1_1_U15/tmp_product/A[4]
    DSP48E2_X10Y10       DSP_A_B_DATA (Prop_DSP_A_B_DATA_DSP48E2_A[4]_A2_DATA[4])
                                                      0.258     1.849 r  bd_0_i/hls_inst/inst/mul_16s_10s_25_1_1_U15/tmp_product/DSP_A_B_DATA_INST/A2_DATA[4]
                         net (fo=1, routed)           0.000     1.849    bd_0_i/hls_inst/inst/mul_16s_10s_25_1_1_U15/tmp_product/DSP_A_B_DATA.A2_DATA<4>
    DSP48E2_X10Y10       DSP_PREADD_DATA (Prop_DSP_PREADD_DATA_DSP48E2_A2_DATA[4]_A2A1[4])
                                                      0.114     1.963 r  bd_0_i/hls_inst/inst/mul_16s_10s_25_1_1_U15/tmp_product/DSP_PREADD_DATA_INST/A2A1[4]
                         net (fo=1, routed)           0.000     1.963    bd_0_i/hls_inst/inst/mul_16s_10s_25_1_1_U15/tmp_product/DSP_PREADD_DATA.A2A1<4>
    DSP48E2_X10Y10       DSP_MULTIPLIER (Prop_DSP_MULTIPLIER_DSP48E2_A2A1[4]_U[8])
                                                      0.700     2.663 f  bd_0_i/hls_inst/inst/mul_16s_10s_25_1_1_U15/tmp_product/DSP_MULTIPLIER_INST/U[8]
                         net (fo=1, routed)           0.000     2.663    bd_0_i/hls_inst/inst/mul_16s_10s_25_1_1_U15/tmp_product/DSP_MULTIPLIER.U<8>
    DSP48E2_X10Y10       DSP_M_DATA (Prop_DSP_M_DATA_DSP48E2_U[8]_U_DATA[8])
                                                      0.067     2.730 r  bd_0_i/hls_inst/inst/mul_16s_10s_25_1_1_U15/tmp_product/DSP_M_DATA_INST/U_DATA[8]
                         net (fo=1, routed)           0.000     2.730    bd_0_i/hls_inst/inst/mul_16s_10s_25_1_1_U15/tmp_product/DSP_M_DATA.U_DATA<8>
    DSP48E2_X10Y10       DSP_ALU (Prop_DSP_ALU_DSP48E2_U_DATA[8]_ALU_OUT[8])
                                                      0.727     3.457 f  bd_0_i/hls_inst/inst/mul_16s_10s_25_1_1_U15/tmp_product/DSP_ALU_INST/ALU_OUT[8]
                         net (fo=1, routed)           0.000     3.457    bd_0_i/hls_inst/inst/mul_16s_10s_25_1_1_U15/tmp_product/DSP_ALU.ALU_OUT<8>
    DSP48E2_X10Y10       DSP_OUTPUT (Prop_DSP_OUTPUT_DSP48E2_ALU_OUT[8]_P[8])
                                                      0.146     3.603 r  bd_0_i/hls_inst/inst/mul_16s_10s_25_1_1_U15/tmp_product/DSP_OUTPUT_INST/P[8]
                         net (fo=2, routed)           0.201     3.805    bd_0_i/hls_inst/inst/mul_16s_10s_25_1_1_U15/tmp_product_n_100
    SLICE_X36Y26         LUT2 (Prop_A6LUT_SLICEL_I0_O)
                                                      0.152     3.957 r  bd_0_i/hls_inst/inst/mul_16s_10s_25_1_1_U15/data_p2[7]_i_36/O
                         net (fo=1, routed)           0.014     3.971    bd_0_i/hls_inst/inst/mul_16s_10s_25_1_1_U15/data_p2[7]_i_36_n_3
    SLICE_X36Y26         CARRY8 (Prop_CARRY8_SLICEL_S[0]_CO[7])
                                                      0.278     4.249 r  bd_0_i/hls_inst/inst/mul_16s_10s_25_1_1_U15/data_p2_reg[7]_i_19/CO[7]
                         net (fo=1, routed)           0.030     4.279    bd_0_i/hls_inst/inst/mul_16s_10s_25_1_1_U15/data_p2_reg[7]_i_19_n_3
    SLICE_X36Y27         CARRY8 (Prop_CARRY8_SLICEL_CI_O[1])
                                                      0.106     4.385 r  bd_0_i/hls_inst/inst/mul_16s_10s_25_1_1_U15/data_p2_reg[7]_i_18/O[1]
                         net (fo=1, routed)           0.412     4.797    bd_0_i/hls_inst/inst/mul_16s_9s_24_1_1_U14/O[1]
    SLICE_X36Y40         LUT5 (Prop_B6LUT_SLICEL_I4_O)
                                                      0.188     4.985 r  bd_0_i/hls_inst/inst/mul_16s_9s_24_1_1_U14/data_p2[7]_i_16/O
                         net (fo=1, routed)           0.013     4.998    bd_0_i/hls_inst/inst/regslice_both_input_r_U/S[1]
    SLICE_X36Y40         CARRY8 (Prop_CARRY8_SLICEL_S[1]_CO[7])
                                                      0.261     5.259 r  bd_0_i/hls_inst/inst/regslice_both_input_r_U/data_p2_reg[7]_i_1/CO[7]
                         net (fo=1, routed)           0.030     5.289    bd_0_i/hls_inst/inst/regslice_both_input_r_U/data_p2_reg[7]_i_1_n_3
    SLICE_X36Y41         CARRY8 (Prop_CARRY8_SLICEL_CI_O[0])
                                                      0.086     5.375 r  bd_0_i/hls_inst/inst/regslice_both_input_r_U/data_p2_reg[15]_i_2/O[0]
                         net (fo=2, routed)           0.154     5.529    bd_0_i/hls_inst/inst/regslice_both_output_r_U/data_p2_reg[15]_0[8]
    SLICE_X35Y41         LUT4 (Prop_A6LUT_SLICEM_I3_O)
                                                      0.189     5.718 r  bd_0_i/hls_inst/inst/regslice_both_output_r_U/data_p1[8]_i_1/O
                         net (fo=1, routed)           0.073     5.791    bd_0_i/hls_inst/inst/regslice_both_output_r_U/data_p1[8]_i_1_n_3
    SLICE_X35Y41         FDRE                                         r  bd_0_i/hls_inst/inst/regslice_both_output_r_U/data_p1_reg[8]/D
  -------------------------------------------------------------------    -------------------

                         (clock ap_clk rise edge)    10.000    10.000 r  
                                                      0.000    10.000 r  ap_clk (IN)
                         net (fo=1195, unset)         0.030    10.030    bd_0_i/hls_inst/inst/regslice_both_output_r_U/ap_clk
    SLICE_X35Y41         FDRE                                         r  bd_0_i/hls_inst/inst/regslice_both_output_r_U/data_p1_reg[8]/C
                         clock pessimism              0.000    10.030    
                         clock uncertainty           -0.035     9.995    
    SLICE_X35Y41         FDRE (Setup_AFF_SLICEM_C_D)
                                                      0.044    10.039    bd_0_i/hls_inst/inst/regslice_both_output_r_U/data_p1_reg[8]
  -------------------------------------------------------------------
                         required time                         10.039    
                         arrival time                          -5.791    
  -------------------------------------------------------------------
                         slack                                  4.248    

Slack (MET) :             4.268ns  (required time - arrival time)
  Source:                 bd_0_i/hls_inst/inst/regslice_both_input_r_U/data_p1_reg[2]/C
                            (rising edge-triggered cell FDRE clocked by ap_clk  {rise@0.000ns fall@5.000ns period=10.000ns})
  Destination:            bd_0_i/hls_inst/inst/regslice_both_output_r_U/data_p1_reg[11]/D
                            (rising edge-triggered cell FDRE clocked by ap_clk  {rise@0.000ns fall@5.000ns period=10.000ns})
  Path Group:             ap_clk
  Path Type:              Setup (Max at Slow Process Corner)
  Requirement:            10.000ns  (ap_clk rise@10.000ns - ap_clk rise@0.000ns)
  Data Path Delay:        5.728ns  (logic 3.608ns (62.992%)  route 2.120ns (37.008%))
  Logic Levels:           15  (CARRY8=5 DSP_A_B_DATA=1 DSP_ALU=1 DSP_M_DATA=1 DSP_MULTIPLIER=1 DSP_OUTPUT=1 DSP_PREADD_DATA=1 LUT2=2 LUT4=1 LUT5=1)
  Clock Path Skew:        -0.012ns (DCD - SCD + CPR)
    Destination Clock Delay (DCD):    0.031ns = ( 10.031 - 10.000 ) 
    Source Clock Delay      (SCD):    0.043ns
    Clock Pessimism Removal (CPR):    0.000ns
  Clock Uncertainty:      0.035ns  ((TSJ^2 + TIJ^2)^1/2 + DJ) / 2 + PE
    Total System Jitter     (TSJ):    0.071ns
    Total Input Jitter      (TIJ):    0.000ns
    Discrete Jitter          (DJ):    0.000ns
    Phase Error              (PE):    0.000ns

    Location             Delay type                Incr(ns)  Path(ns)    Netlist Resource(s)
  -------------------------------------------------------------------    -------------------
                         (clock ap_clk rise edge)     0.000     0.000 r  
                                                      0.000     0.000 r  ap_clk (IN)
                         net (fo=1195, unset)         0.043     0.043    bd_0_i/hls_inst/inst/regslice_both_input_r_U/ap_clk
    SLICE_X43Y36         FDRE                                         r  bd_0_i/hls_inst/inst/regslice_both_input_r_U/data_p1_reg[2]/C
  -------------------------------------------------------------------    -------------------
    SLICE_X43Y36         FDRE (Prop_EFF_SLICEM_C_Q)
                                                      0.113     0.156 r  bd_0_i/hls_inst/inst/regslice_both_input_r_U/data_p1_reg[2]/Q
                         net (fo=4, routed)           0.404     0.560    bd_0_i/hls_inst/inst/regslice_both_input_r_U/data_p1_reg[15]_0[2]
    SLICE_X43Y39         LUT2 (Prop_C6LUT_SLICEM_I1_O)
                                                      0.056     0.616 r  bd_0_i/hls_inst/inst/regslice_both_input_r_U/tmp_product_i_58__0/O
                         net (fo=1, routed)           0.029     0.645    bd_0_i/hls_inst/inst/regslice_both_input_r_U/tmp_product_i_58__0_n_3
    SLICE_X43Y39         CARRY8 (Prop_CARRY8_SLICEM_S[2]_O[4])
                                                      0.238     0.883 f  bd_0_i/hls_inst/inst/regslice_both_input_r_U/tmp_product_i_16__0/O[4]
                         net (fo=2, routed)           0.709     1.591    bd_0_i/hls_inst/inst/mul_16s_10s_25_1_1_U15/tmp_product/A[4]
    DSP48E2_X10Y10       DSP_A_B_DATA (Prop_DSP_A_B_DATA_DSP48E2_A[4]_A2_DATA[4])
                                                      0.258     1.849 r  bd_0_i/hls_inst/inst/mul_16s_10s_25_1_1_U15/tmp_product/DSP_A_B_DATA_INST/A2_DATA[4]
                         net (fo=1, routed)           0.000     1.849    bd_0_i/hls_inst/inst/mul_16s_10s_25_1_1_U15/tmp_product/DSP_A_B_DATA.A2_DATA<4>
    DSP48E2_X10Y10       DSP_PREADD_DATA (Prop_DSP_PREADD_DATA_DSP48E2_A2_DATA[4]_A2A1[4])
                                                      0.114     1.963 r  bd_0_i/hls_inst/inst/mul_16s_10s_25_1_1_U15/tmp_product/DSP_PREADD_DATA_INST/A2A1[4]
                         net (fo=1, routed)           0.000     1.963    bd_0_i/hls_inst/inst/mul_16s_10s_25_1_1_U15/tmp_product/DSP_PREADD_DATA.A2A1<4>
    DSP48E2_X10Y10       DSP_MULTIPLIER (Prop_DSP_MULTIPLIER_DSP48E2_A2A1[4]_U[8])
                                                      0.700     2.663 f  bd_0_i/hls_inst/inst/mul_16s_10s_25_1_1_U15/tmp_product/DSP_MULTIPLIER_INST/U[8]
                         net (fo=1, routed)           0.000     2.663    bd_0_i/hls_inst/inst/mul_16s_10s_25_1_1_U15/tmp_product/DSP_MULTIPLIER.U<8>
    DSP48E2_X10Y10       DSP_M_DATA (Prop_DSP_M_DATA_DSP48E2_U[8]_U_DATA[8])
                                                      0.067     2.730 r  bd_0_i/hls_inst/inst/mul_16s_10s_25_1_1_U15/tmp_product/DSP_M_DATA_INST/U_DATA[8]
                         net (fo=1, routed)           0.000     2.730    bd_0_i/hls_inst/inst/mul_16s_10s_25_1_1_U15/tmp_product/DSP_M_DATA.U_DATA<8>
    DSP48E2_X10Y10       DSP_ALU (Prop_DSP_ALU_DSP48E2_U_DATA[8]_ALU_OUT[8])
                                                      0.727     3.457 f  bd_0_i/hls_inst/inst/mul_16s_10s_25_1_1_U15/tmp_product/DSP_ALU_INST/ALU_OUT[8]
                         net (fo=1, routed)           0.000     3.457    bd_0_i/hls_inst/inst/mul_16s_10s_25_1_1_U15/tmp_product/DSP_ALU.ALU_OUT<8>
    DSP48E2_X10Y10       DSP_OUTPUT (Prop_DSP_OUTPUT_DSP48E2_ALU_OUT[8]_P[8])
                                                      0.146     3.603 r  bd_0_i/hls_inst/inst/mul_16s_10s_25_1_1_U15/tmp_product/DSP_OUTPUT_INST/P[8]
                         net (fo=2, routed)           0.201     3.805    bd_0_i/hls_inst/inst/mul_16s_10s_25_1_1_U15/tmp_product_n_100
    SLICE_X36Y26         LUT2 (Prop_A6LUT_SLICEL_I0_O)
                                                      0.152     3.957 r  bd_0_i/hls_inst/inst/mul_16s_10s_25_1_1_U15/data_p2[7]_i_36/O
                         net (fo=1, routed)           0.014     3.971    bd_0_i/hls_inst/inst/mul_16s_10s_25_1_1_U15/data_p2[7]_i_36_n_3
    SLICE_X36Y26         CARRY8 (Prop_CARRY8_SLICEL_S[0]_CO[7])
                                                      0.278     4.249 r  bd_0_i/hls_inst/inst/mul_16s_10s_25_1_1_U15/data_p2_reg[7]_i_19/CO[7]
                         net (fo=1, routed)           0.030     4.279    bd_0_i/hls_inst/inst/mul_16s_10s_25_1_1_U15/data_p2_reg[7]_i_19_n_3
    SLICE_X36Y27         CARRY8 (Prop_CARRY8_SLICEL_CI_O[1])
                                                      0.106     4.385 r  bd_0_i/hls_inst/inst/mul_16s_10s_25_1_1_U15/data_p2_reg[7]_i_18/O[1]
                         net (fo=1, routed)           0.412     4.797    bd_0_i/hls_inst/inst/mul_16s_9s_24_1_1_U14/O[1]
    SLICE_X36Y40         LUT5 (Prop_B6LUT_SLICEL_I4_O)
                                                      0.188     4.985 r  bd_0_i/hls_inst/inst/mul_16s_9s_24_1_1_U14/data_p2[7]_i_16/O
                         net (fo=1, routed)           0.013     4.998    bd_0_i/hls_inst/inst/regslice_both_input_r_U/S[1]
    SLICE_X36Y40         CARRY8 (Prop_CARRY8_SLICEL_S[1]_CO[7])
                                                      0.261     5.259 r  bd_0_i/hls_inst/inst/regslice_both_input_r_U/data_p2_reg[7]_i_1/CO[7]
                         net (fo=1, routed)           0.030     5.289    bd_0_i/hls_inst/inst/regslice_both_input_r_U/data_p2_reg[7]_i_1_n_3
    SLICE_X36Y41         CARRY8 (Prop_CARRY8_SLICEL_CI_O[3])
                                                      0.122     5.411 r  bd_0_i/hls_inst/inst/regslice_both_input_r_U/data_p2_reg[15]_i_2/O[3]
                         net (fo=2, routed)           0.198     5.609    bd_0_i/hls_inst/inst/regslice_both_output_r_U/data_p2_reg[15]_0[11]
    SLICE_X35Y41         LUT4 (Prop_G6LUT_SLICEM_I3_O)
                                                      0.082     5.691 r  bd_0_i/hls_inst/inst/regslice_both_output_r_U/data_p1[11]_i_1/O
                         net (fo=1, routed)           0.080     5.771    bd_0_i/hls_inst/inst/regslice_both_output_r_U/data_p1[11]_i_1_n_3
    SLICE_X35Y41         FDRE                                         r  bd_0_i/hls_inst/inst/regslice_both_output_r_U/data_p1_reg[11]/D
  -------------------------------------------------------------------    -------------------

                         (clock ap_clk rise edge)    10.000    10.000 r  
                                                      0.000    10.000 r  ap_clk (IN)
                         net (fo=1195, unset)         0.031    10.031    bd_0_i/hls_inst/inst/regslice_both_output_r_U/ap_clk
    SLICE_X35Y41         FDRE                                         r  bd_0_i/hls_inst/inst/regslice_both_output_r_U/data_p1_reg[11]/C
                         clock pessimism              0.000    10.031    
                         clock uncertainty           -0.035     9.996    
    SLICE_X35Y41         FDRE (Setup_GFF_SLICEM_C_D)
                                                      0.043    10.039    bd_0_i/hls_inst/inst/regslice_both_output_r_U/data_p1_reg[11]
  -------------------------------------------------------------------
                         required time                         10.039    
                         arrival time                          -5.771    
  -------------------------------------------------------------------
                         slack                                  4.268    

Slack (MET) :             4.278ns  (required time - arrival time)
  Source:                 bd_0_i/hls_inst/inst/regslice_both_input_r_U/data_p1_reg[2]/C
                            (rising edge-triggered cell FDRE clocked by ap_clk  {rise@0.000ns fall@5.000ns period=10.000ns})
  Destination:            bd_0_i/hls_inst/inst/regslice_both_output_r_U/data_p1_reg[13]/D
                            (rising edge-triggered cell FDRE clocked by ap_clk  {rise@0.000ns fall@5.000ns period=10.000ns})
  Path Group:             ap_clk
  Path Type:              Setup (Max at Slow Process Corner)
  Requirement:            10.000ns  (ap_clk rise@10.000ns - ap_clk rise@0.000ns)
  Data Path Delay:        5.717ns  (logic 3.629ns (63.480%)  route 2.088ns (36.520%))
  Logic Levels:           15  (CARRY8=5 DSP_A_B_DATA=1 DSP_ALU=1 DSP_M_DATA=1 DSP_MULTIPLIER=1 DSP_OUTPUT=1 DSP_PREADD_DATA=1 LUT2=2 LUT4=1 LUT5=1)
  Clock Path Skew:        -0.013ns (DCD - SCD + CPR)
    Destination Clock Delay (DCD):    0.030ns = ( 10.030 - 10.000 ) 
    Source Clock Delay      (SCD):    0.043ns
    Clock Pessimism Removal (CPR):    0.000ns
  Clock Uncertainty:      0.035ns  ((TSJ^2 + TIJ^2)^1/2 + DJ) / 2 + PE
    Total System Jitter     (TSJ):    0.071ns
    Total Input Jitter      (TIJ):    0.000ns
    Discrete Jitter          (DJ):    0.000ns
    Phase Error              (PE):    0.000ns

    Location             Delay type                Incr(ns)  Path(ns)    Netlist Resource(s)
  -------------------------------------------------------------------    -------------------
                         (clock ap_clk rise edge)     0.000     0.000 r  
                                                      0.000     0.000 r  ap_clk (IN)
                         net (fo=1195, unset)         0.043     0.043    bd_0_i/hls_inst/inst/regslice_both_input_r_U/ap_clk
    SLICE_X43Y36         FDRE                                         r  bd_0_i/hls_inst/inst/regslice_both_input_r_U/data_p1_reg[2]/C
  -------------------------------------------------------------------    -------------------
    SLICE_X43Y36         FDRE (Prop_EFF_SLICEM_C_Q)
                                                      0.113     0.156 r  bd_0_i/hls_inst/inst/regslice_both_input_r_U/data_p1_reg[2]/Q
                         net (fo=4, routed)           0.404     0.560    bd_0_i/hls_inst/inst/regslice_both_input_r_U/data_p1_reg[15]_0[2]
    SLICE_X43Y39         LUT2 (Prop_C6LUT_SLICEM_I1_O)
                                                      0.056     0.616 r  bd_0_i/hls_inst/inst/regslice_both_input_r_U/tmp_product_i_58__0/O
                         net (fo=1, routed)           0.029     0.645    bd_0_i/hls_inst/inst/regslice_both_input_r_U/tmp_product_i_58__0_n_3
    SLICE_X43Y39         CARRY8 (Prop_CARRY8_SLICEM_S[2]_O[4])
                                                      0.238     0.883 f  bd_0_i/hls_inst/inst/regslice_both_input_r_U/tmp_product_i_16__0/O[4]
                         net (fo=2, routed)           0.709     1.591    bd_0_i/hls_inst/inst/mul_16s_10s_25_1_1_U15/tmp_product/A[4]
    DSP48E2_X10Y10       DSP_A_B_DATA (Prop_DSP_A_B_DATA_DSP48E2_A[4]_A2_DATA[4])
                                                      0.258     1.849 r  bd_0_i/hls_inst/inst/mul_16s_10s_25_1_1_U15/tmp_product/DSP_A_B_DATA_INST/A2_DATA[4]
                         net (fo=1, routed)           0.000     1.849    bd_0_i/hls_inst/inst/mul_16s_10s_25_1_1_U15/tmp_product/DSP_A_B_DATA.A2_DATA<4>
    DSP48E2_X10Y10       DSP_PREADD_DATA (Prop_DSP_PREADD_DATA_DSP48E2_A2_DATA[4]_A2A1[4])
                                                      0.114     1.963 r  bd_0_i/hls_inst/inst/mul_16s_10s_25_1_1_U15/tmp_product/DSP_PREADD_DATA_INST/A2A1[4]
                         net (fo=1, routed)           0.000     1.963    bd_0_i/hls_inst/inst/mul_16s_10s_25_1_1_U15/tmp_product/DSP_PREADD_DATA.A2A1<4>
    DSP48E2_X10Y10       DSP_MULTIPLIER (Prop_DSP_MULTIPLIER_DSP48E2_A2A1[4]_U[8])
                                                      0.700     2.663 f  bd_0_i/hls_inst/inst/mul_16s_10s_25_1_1_U15/tmp_product/DSP_MULTIPLIER_INST/U[8]
                         net (fo=1, routed)           0.000     2.663    bd_0_i/hls_inst/inst/mul_16s_10s_25_1_1_U15/tmp_product/DSP_MULTIPLIER.U<8>
    DSP48E2_X10Y10       DSP_M_DATA (Prop_DSP_M_DATA_DSP48E2_U[8]_U_DATA[8])
                                                      0.067     2.730 r  bd_0_i/hls_inst/inst/mul_16s_10s_25_1_1_U15/tmp_product/DSP_M_DATA_INST/U_DATA[8]
                         net (fo=1, routed)           0.000     2.730    bd_0_i/hls_inst/inst/mul_16s_10s_25_1_1_U15/tmp_product/DSP_M_DATA.U_DATA<8>
    DSP48E2_X10Y10       DSP_ALU (Prop_DSP_ALU_DSP48E2_U_DATA[8]_ALU_OUT[8])
                                                      0.727     3.457 f  bd_0_i/hls_inst/inst/mul_16s_10s_25_1_1_U15/tmp_product/DSP_ALU_INST/ALU_OUT[8]
                         net (fo=1, routed)           0.000     3.457    bd_0_i/hls_inst/inst/mul_16s_10s_25_1_1_U15/tmp_product/DSP_ALU.ALU_OUT<8>
    DSP48E2_X10Y10       DSP_OUTPUT (Prop_DSP_OUTPUT_DSP48E2_ALU_OUT[8]_P[8])
                                                      0.146     3.603 r  bd_0_i/hls_inst/inst/mul_16s_10s_25_1_1_U15/tmp_product/DSP_OUTPUT_INST/P[8]
                         net (fo=2, routed)           0.201     3.805    bd_0_i/hls_inst/inst/mul_16s_10s_25_1_1_U15/tmp_product_n_100
    SLICE_X36Y26         LUT2 (Prop_A6LUT_SLICEL_I0_O)
                                                      0.152     3.957 r  bd_0_i/hls_inst/inst/mul_16s_10s_25_1_1_U15/data_p2[7]_i_36/O
                         net (fo=1, routed)           0.014     3.971    bd_0_i/hls_inst/inst/mul_16s_10s_25_1_1_U15/data_p2[7]_i_36_n_3
    SLICE_X36Y26         CARRY8 (Prop_CARRY8_SLICEL_S[0]_CO[7])
                                                      0.278     4.249 r  bd_0_i/hls_inst/inst/mul_16s_10s_25_1_1_U15/data_p2_reg[7]_i_19/CO[7]
                         net (fo=1, routed)           0.030     4.279    bd_0_i/hls_inst/inst/mul_16s_10s_25_1_1_U15/data_p2_reg[7]_i_19_n_3
    SLICE_X36Y27         CARRY8 (Prop_CARRY8_SLICEL_CI_O[1])
                                                      0.106     4.385 r  bd_0_i/hls_inst/inst/mul_16s_10s_25_1_1_U15/data_p2_reg[7]_i_18/O[1]
                         net (fo=1, routed)           0.412     4.797    bd_0_i/hls_inst/inst/mul_16s_9s_24_1_1_U14/O[1]
    SLICE_X36Y40         LUT5 (Prop_B6LUT_SLICEL_I4_O)
                                                      0.188     4.985 r  bd_0_i/hls_inst/inst/mul_16s_9s_24_1_1_U14/data_p2[7]_i_16/O
                         net (fo=1, routed)           0.013     4.998    bd_0_i/hls_inst/inst/regslice_both_input_r_U/S[1]
    SLICE_X36Y40         CARRY8 (Prop_CARRY8_SLICEL_S[1]_CO[7])
                                                      0.261     5.259 r  bd_0_i/hls_inst/inst/regslice_both_input_r_U/data_p2_reg[7]_i_1/CO[7]
                         net (fo=1, routed)           0.030     5.289    bd_0_i/hls_inst/inst/regslice_both_input_r_U/data_p2_reg[7]_i_1_n_3
    SLICE_X36Y41         CARRY8 (Prop_CARRY8_SLICEL_CI_O[5])
                                                      0.169     5.458 r  bd_0_i/hls_inst/inst/regslice_both_input_r_U/data_p2_reg[15]_i_2/O[5]
                         net (fo=2, routed)           0.150     5.608    bd_0_i/hls_inst/inst/regslice_both_output_r_U/data_p2_reg[15]_0[13]
    SLICE_X35Y41         LUT4 (Prop_D6LUT_SLICEM_I3_O)
                                                      0.056     5.664 r  bd_0_i/hls_inst/inst/regslice_both_output_r_U/data_p1[13]_i_1/O
                         net (fo=1, routed)           0.096     5.760    bd_0_i/hls_inst/inst/regslice_both_output_r_U/data_p1[13]_i_1_n_3
    SLICE_X35Y41         FDRE                                         r  bd_0_i/hls_inst/inst/regslice_both_output_r_U/data_p1_reg[13]/D
  -------------------------------------------------------------------    -------------------

                         (clock ap_clk rise edge)    10.000    10.000 r  
                                                      0.000    10.000 r  ap_clk (IN)
                         net (fo=1195, unset)         0.030    10.030    bd_0_i/hls_inst/inst/regslice_both_output_r_U/ap_clk
    SLICE_X35Y41         FDRE                                         r  bd_0_i/hls_inst/inst/regslice_both_output_r_U/data_p1_reg[13]/C
                         clock pessimism              0.000    10.030    
                         clock uncertainty           -0.035     9.995    
    SLICE_X35Y41         FDRE (Setup_DFF_SLICEM_C_D)
                                                      0.043    10.038    bd_0_i/hls_inst/inst/regslice_both_output_r_U/data_p1_reg[13]
  -------------------------------------------------------------------
                         required time                         10.038    
                         arrival time                          -5.760    
  -------------------------------------------------------------------
                         slack                                  4.278    

Slack (MET) :             4.286ns  (required time - arrival time)
  Source:                 bd_0_i/hls_inst/inst/regslice_both_input_r_U/data_p1_reg[2]/C
                            (rising edge-triggered cell FDRE clocked by ap_clk  {rise@0.000ns fall@5.000ns period=10.000ns})
  Destination:            bd_0_i/hls_inst/inst/regslice_both_output_r_U/data_p1_reg[9]/D
                            (rising edge-triggered cell FDRE clocked by ap_clk  {rise@0.000ns fall@5.000ns period=10.000ns})
  Path Group:             ap_clk
  Path Type:              Setup (Max at Slow Process Corner)
  Requirement:            10.000ns  (ap_clk rise@10.000ns - ap_clk rise@0.000ns)
  Data Path Delay:        5.709ns  (logic 3.654ns (64.007%)  route 2.055ns (35.993%))
  Logic Levels:           15  (CARRY8=5 DSP_A_B_DATA=1 DSP_ALU=1 DSP_M_DATA=1 DSP_MULTIPLIER=1 DSP_OUTPUT=1 DSP_PREADD_DATA=1 LUT2=2 LUT4=1 LUT5=1)
  Clock Path Skew:        -0.014ns (DCD - SCD + CPR)
    Destination Clock Delay (DCD):    0.029ns = ( 10.029 - 10.000 ) 
    Source Clock Delay      (SCD):    0.043ns
    Clock Pessimism Removal (CPR):    0.000ns
  Clock Uncertainty:      0.035ns  ((TSJ^2 + TIJ^2)^1/2 + DJ) / 2 + PE
    Total System Jitter     (TSJ):    0.071ns
    Total Input Jitter      (TIJ):    0.000ns
    Discrete Jitter          (DJ):    0.000ns
    Phase Error              (PE):    0.000ns

    Location             Delay type                Incr(ns)  Path(ns)    Netlist Resource(s)
  -------------------------------------------------------------------    -------------------
                         (clock ap_clk rise edge)     0.000     0.000 r  
                                                      0.000     0.000 r  ap_clk (IN)
                         net (fo=1195, unset)         0.043     0.043    bd_0_i/hls_inst/inst/regslice_both_input_r_U/ap_clk
    SLICE_X43Y36         FDRE                                         r  bd_0_i/hls_inst/inst/regslice_both_input_r_U/data_p1_reg[2]/C
  -------------------------------------------------------------------    -------------------
    SLICE_X43Y36         FDRE (Prop_EFF_SLICEM_C_Q)
                                                      0.113     0.156 r  bd_0_i/hls_inst/inst/regslice_both_input_r_U/data_p1_reg[2]/Q
                         net (fo=4, routed)           0.404     0.560    bd_0_i/hls_inst/inst/regslice_both_input_r_U/data_p1_reg[15]_0[2]
    SLICE_X43Y39         LUT2 (Prop_C6LUT_SLICEM_I1_O)
                                                      0.056     0.616 r  bd_0_i/hls_inst/inst/regslice_both_input_r_U/tmp_product_i_58__0/O
                         net (fo=1, routed)           0.029     0.645    bd_0_i/hls_inst/inst/regslice_both_input_r_U/tmp_product_i_58__0_n_3
    SLICE_X43Y39         CARRY8 (Prop_CARRY8_SLICEM_S[2]_O[4])
                                                      0.238     0.883 f  bd_0_i/hls_inst/inst/regslice_both_input_r_U/tmp_product_i_16__0/O[4]
                         net (fo=2, routed)           0.709     1.591    bd_0_i/hls_inst/inst/mul_16s_10s_25_1_1_U15/tmp_product/A[4]
    DSP48E2_X10Y10       DSP_A_B_DATA (Prop_DSP_A_B_DATA_DSP48E2_A[4]_A2_DATA[4])
                                                      0.258     1.849 r  bd_0_i/hls_inst/inst/mul_16s_10s_25_1_1_U15/tmp_product/DSP_A_B_DATA_INST/A2_DATA[4]
                         net (fo=1, routed)           0.000     1.849    bd_0_i/hls_inst/inst/mul_16s_10s_25_1_1_U15/tmp_product/DSP_A_B_DATA.A2_DATA<4>
    DSP48E2_X10Y10       DSP_PREADD_DATA (Prop_DSP_PREADD_DATA_DSP48E2_A2_DATA[4]_A2A1[4])
                                                      0.114     1.963 r  bd_0_i/hls_inst/inst/mul_16s_10s_25_1_1_U15/tmp_product/DSP_PREADD_DATA_INST/A2A1[4]
                         net (fo=1, routed)           0.000     1.963    bd_0_i/hls_inst/inst/mul_16s_10s_25_1_1_U15/tmp_product/DSP_PREADD_DATA.A2A1<4>
    DSP48E2_X10Y10       DSP_MULTIPLIER (Prop_DSP_MULTIPLIER_DSP48E2_A2A1[4]_U[8])
                                                      0.700     2.663 f  bd_0_i/hls_inst/inst/mul_16s_10s_25_1_1_U15/tmp_product/DSP_MULTIPLIER_INST/U[8]
                         net (fo=1, routed)           0.000     2.663    bd_0_i/hls_inst/inst/mul_16s_10s_25_1_1_U15/tmp_product/DSP_MULTIPLIER.U<8>
    DSP48E2_X10Y10       DSP_M_DATA (Prop_DSP_M_DATA_DSP48E2_U[8]_U_DATA[8])
                                                      0.067     2.730 r  bd_0_i/hls_inst/inst/mul_16s_10s_25_1_1_U15/tmp_product/DSP_M_DATA_INST/U_DATA[8]
                         net (fo=1, routed)           0.000     2.730    bd_0_i/hls_inst/inst/mul_16s_10s_25_1_1_U15/tmp_product/DSP_M_DATA.U_DATA<8>
    DSP48E2_X10Y10       DSP_ALU (Prop_DSP_ALU_DSP48E2_U_DATA[8]_ALU_OUT[8])
                                                      0.727     3.457 f  bd_0_i/hls_inst/inst/mul_16s_10s_25_1_1_U15/tmp_product/DSP_ALU_INST/ALU_OUT[8]
                         net (fo=1, routed)           0.000     3.457    bd_0_i/hls_inst/inst/mul_16s_10s_25_1_1_U15/tmp_product/DSP_ALU.ALU_OUT<8>
    DSP48E2_X10Y10       DSP_OUTPUT (Prop_DSP_OUTPUT_DSP48E2_ALU_OUT[8]_P[8])
                                                      0.146     3.603 r  bd_0_i/hls_inst/inst/mul_16s_10s_25_1_1_U15/tmp_product/DSP_OUTPUT_INST/P[8]
                         net (fo=2, routed)           0.201     3.805    bd_0_i/hls_inst/inst/mul_16s_10s_25_1_1_U15/tmp_product_n_100
    SLICE_X36Y26         LUT2 (Prop_A6LUT_SLICEL_I0_O)
                                                      0.152     3.957 r  bd_0_i/hls_inst/inst/mul_16s_10s_25_1_1_U15/data_p2[7]_i_36/O
                         net (fo=1, routed)           0.014     3.971    bd_0_i/hls_inst/inst/mul_16s_10s_25_1_1_U15/data_p2[7]_i_36_n_3
    SLICE_X36Y26         CARRY8 (Prop_CARRY8_SLICEL_S[0]_CO[7])
                                                      0.278     4.249 r  bd_0_i/hls_inst/inst/mul_16s_10s_25_1_1_U15/data_p2_reg[7]_i_19/CO[7]
                         net (fo=1, routed)           0.030     4.279    bd_0_i/hls_inst/inst/mul_16s_10s_25_1_1_U15/data_p2_reg[7]_i_19_n_3
    SLICE_X36Y27         CARRY8 (Prop_CARRY8_SLICEL_CI_O[1])
                                                      0.106     4.385 r  bd_0_i/hls_inst/inst/mul_16s_10s_25_1_1_U15/data_p2_reg[7]_i_18/O[1]
                         net (fo=1, routed)           0.412     4.797    bd_0_i/hls_inst/inst/mul_16s_9s_24_1_1_U14/O[1]
    SLICE_X36Y40         LUT5 (Prop_B6LUT_SLICEL_I4_O)
                                                      0.188     4.985 r  bd_0_i/hls_inst/inst/mul_16s_9s_24_1_1_U14/data_p2[7]_i_16/O
                         net (fo=1, routed)           0.013     4.998    bd_0_i/hls_inst/inst/regslice_both_input_r_U/S[1]
    SLICE_X36Y40         CARRY8 (Prop_CARRY8_SLICEL_S[1]_CO[7])
                                                      0.261     5.259 r  bd_0_i/hls_inst/inst/regslice_both_input_r_U/data_p2_reg[7]_i_1/CO[7]
                         net (fo=1, routed)           0.030     5.289    bd_0_i/hls_inst/inst/regslice_both_input_r_U/data_p2_reg[7]_i_1_n_3
    SLICE_X36Y41         CARRY8 (Prop_CARRY8_SLICEL_CI_O[1])
                                                      0.114     5.403 r  bd_0_i/hls_inst/inst/regslice_both_input_r_U/data_p2_reg[15]_i_2/O[1]
                         net (fo=2, routed)           0.146     5.549    bd_0_i/hls_inst/inst/regslice_both_output_r_U/data_p2_reg[15]_0[9]
    SLICE_X36Y42         LUT4 (Prop_D6LUT_SLICEL_I3_O)
                                                      0.136     5.685 r  bd_0_i/hls_inst/inst/regslice_both_output_r_U/data_p1[9]_i_1/O
                         net (fo=1, routed)           0.067     5.752    bd_0_i/hls_inst/inst/regslice_both_output_r_U/data_p1[9]_i_1_n_3
    SLICE_X36Y42         FDRE                                         r  bd_0_i/hls_inst/inst/regslice_both_output_r_U/data_p1_reg[9]/D
  -------------------------------------------------------------------    -------------------

                         (clock ap_clk rise edge)    10.000    10.000 r  
                                                      0.000    10.000 r  ap_clk (IN)
                         net (fo=1195, unset)         0.029    10.029    bd_0_i/hls_inst/inst/regslice_both_output_r_U/ap_clk
    SLICE_X36Y42         FDRE                                         r  bd_0_i/hls_inst/inst/regslice_both_output_r_U/data_p1_reg[9]/C
                         clock pessimism              0.000    10.029    
                         clock uncertainty           -0.035     9.994    
    SLICE_X36Y42         FDRE (Setup_DFF_SLICEL_C_D)
                                                      0.044    10.038    bd_0_i/hls_inst/inst/regslice_both_output_r_U/data_p1_reg[9]
  -------------------------------------------------------------------
                         required time                         10.038    
                         arrival time                          -5.752    
  -------------------------------------------------------------------
                         slack                                  4.286    

Slack (MET) :             4.295ns  (required time - arrival time)
  Source:                 bd_0_i/hls_inst/inst/regslice_both_input_r_U/data_p1_reg[2]/C
                            (rising edge-triggered cell FDRE clocked by ap_clk  {rise@0.000ns fall@5.000ns period=10.000ns})
  Destination:            bd_0_i/hls_inst/inst/regslice_both_output_r_U/data_p1_reg[14]/D
                            (rising edge-triggered cell FDRE clocked by ap_clk  {rise@0.000ns fall@5.000ns period=10.000ns})
  Path Group:             ap_clk
  Path Type:              Setup (Max at Slow Process Corner)
  Requirement:            10.000ns  (ap_clk rise@10.000ns - ap_clk rise@0.000ns)
  Data Path Delay:        5.700ns  (logic 3.625ns (63.600%)  route 2.075ns (36.400%))
  Logic Levels:           15  (CARRY8=5 DSP_A_B_DATA=1 DSP_ALU=1 DSP_M_DATA=1 DSP_MULTIPLIER=1 DSP_OUTPUT=1 DSP_PREADD_DATA=1 LUT2=2 LUT4=1 LUT5=1)
  Clock Path Skew:        -0.013ns (DCD - SCD + CPR)
    Destination Clock Delay (DCD):    0.030ns = ( 10.030 - 10.000 ) 
    Source Clock Delay      (SCD):    0.043ns
    Clock Pessimism Removal (CPR):    0.000ns
  Clock Uncertainty:      0.035ns  ((TSJ^2 + TIJ^2)^1/2 + DJ) / 2 + PE
    Total System Jitter     (TSJ):    0.071ns
    Total Input Jitter      (TIJ):    0.000ns
    Discrete Jitter          (DJ):    0.000ns
    Phase Error              (PE):    0.000ns

    Location             Delay type                Incr(ns)  Path(ns)    Netlist Resource(s)
  -------------------------------------------------------------------    -------------------
                         (clock ap_clk rise edge)     0.000     0.000 r  
                                                      0.000     0.000 r  ap_clk (IN)
                         net (fo=1195, unset)         0.043     0.043    bd_0_i/hls_inst/inst/regslice_both_input_r_U/ap_clk
    SLICE_X43Y36         FDRE                                         r  bd_0_i/hls_inst/inst/regslice_both_input_r_U/data_p1_reg[2]/C
  -------------------------------------------------------------------    -------------------
    SLICE_X43Y36         FDRE (Prop_EFF_SLICEM_C_Q)
                                                      0.113     0.156 r  bd_0_i/hls_inst/inst/regslice_both_input_r_U/data_p1_reg[2]/Q
                         net (fo=4, routed)           0.404     0.560    bd_0_i/hls_inst/inst/regslice_both_input_r_U/data_p1_reg[15]_0[2]
    SLICE_X43Y39         LUT2 (Prop_C6LUT_SLICEM_I1_O)
                                                      0.056     0.616 r  bd_0_i/hls_inst/inst/regslice_both_input_r_U/tmp_product_i_58__0/O
                         net (fo=1, routed)           0.029     0.645    bd_0_i/hls_inst/inst/regslice_both_input_r_U/tmp_product_i_58__0_n_3
    SLICE_X43Y39         CARRY8 (Prop_CARRY8_SLICEM_S[2]_O[4])
                                                      0.238     0.883 f  bd_0_i/hls_inst/inst/regslice_both_input_r_U/tmp_product_i_16__0/O[4]
                         net (fo=2, routed)           0.709     1.591    bd_0_i/hls_inst/inst/mul_16s_10s_25_1_1_U15/tmp_product/A[4]
    DSP48E2_X10Y10       DSP_A_B_DATA (Prop_DSP_A_B_DATA_DSP48E2_A[4]_A2_DATA[4])
                                                      0.258     1.849 r  bd_0_i/hls_inst/inst/mul_16s_10s_25_1_1_U15/tmp_product/DSP_A_B_DATA_INST/A2_DATA[4]
                         net (fo=1, routed)           0.000     1.849    bd_0_i/hls_inst/inst/mul_16s_10s_25_1_1_U15/tmp_product/DSP_A_B_DATA.A2_DATA<4>
    DSP48E2_X10Y10       DSP_PREADD_DATA (Prop_DSP_PREADD_DATA_DSP48E2_A2_DATA[4]_A2A1[4])
                                                      0.114     1.963 r  bd_0_i/hls_inst/inst/mul_16s_10s_25_1_1_U15/tmp_product/DSP_PREADD_DATA_INST/A2A1[4]
                         net (fo=1, routed)           0.000     1.963    bd_0_i/hls_inst/inst/mul_16s_10s_25_1_1_U15/tmp_product/DSP_PREADD_DATA.A2A1<4>
    DSP48E2_X10Y10       DSP_MULTIPLIER (Prop_DSP_MULTIPLIER_DSP48E2_A2A1[4]_U[8])
                                                      0.700     2.663 f  bd_0_i/hls_inst/inst/mul_16s_10s_25_1_1_U15/tmp_product/DSP_MULTIPLIER_INST/U[8]
                         net (fo=1, routed)           0.000     2.663    bd_0_i/hls_inst/inst/mul_16s_10s_25_1_1_U15/tmp_product/DSP_MULTIPLIER.U<8>
    DSP48E2_X10Y10       DSP_M_DATA (Prop_DSP_M_DATA_DSP48E2_U[8]_U_DATA[8])
                                                      0.067     2.730 r  bd_0_i/hls_inst/inst/mul_16s_10s_25_1_1_U15/tmp_product/DSP_M_DATA_INST/U_DATA[8]
                         net (fo=1, routed)           0.000     2.730    bd_0_i/hls_inst/inst/mul_16s_10s_25_1_1_U15/tmp_product/DSP_M_DATA.U_DATA<8>
    DSP48E2_X10Y10       DSP_ALU (Prop_DSP_ALU_DSP48E2_U_DATA[8]_ALU_OUT[8])
                                                      0.727     3.457 f  bd_0_i/hls_inst/inst/mul_16s_10s_25_1_1_U15/tmp_product/DSP_ALU_INST/ALU_OUT[8]
                         net (fo=1, routed)           0.000     3.457    bd_0_i/hls_inst/inst/mul_16s_10s_25_1_1_U15/tmp_product/DSP_ALU.ALU_OUT<8>
    DSP48E2_X10Y10       DSP_OUTPUT (Prop_DSP_OUTPUT_DSP48E2_ALU_OUT[8]_P[8])
                                                      0.146     3.603 r  bd_0_i/hls_inst/inst/mul_16s_10s_25_1_1_U15/tmp_product/DSP_OUTPUT_INST/P[8]
                         net (fo=2, routed)           0.201     3.805    bd_0_i/hls_inst/inst/mul_16s_10s_25_1_1_U15/tmp_product_n_100
    SLICE_X36Y26         LUT2 (Prop_A6LUT_SLICEL_I0_O)
                                                      0.152     3.957 r  bd_0_i/hls_inst/inst/mul_16s_10s_25_1_1_U15/data_p2[7]_i_36/O
                         net (fo=1, routed)           0.014     3.971    bd_0_i/hls_inst/inst/mul_16s_10s_25_1_1_U15/data_p2[7]_i_36_n_3
    SLICE_X36Y26         CARRY8 (Prop_CARRY8_SLICEL_S[0]_CO[7])
                                                      0.278     4.249 r  bd_0_i/hls_inst/inst/mul_16s_10s_25_1_1_U15/data_p2_reg[7]_i_19/CO[7]
                         net (fo=1, routed)           0.030     4.279    bd_0_i/hls_inst/inst/mul_16s_10s_25_1_1_U15/data_p2_reg[7]_i_19_n_3
    SLICE_X36Y27         CARRY8 (Prop_CARRY8_SLICEL_CI_O[1])
                                                      0.106     4.385 r  bd_0_i/hls_inst/inst/mul_16s_10s_25_1_1_U15/data_p2_reg[7]_i_18/O[1]
                         net (fo=1, routed)           0.412     4.797    bd_0_i/hls_inst/inst/mul_16s_9s_24_1_1_U14/O[1]
    SLICE_X36Y40         LUT5 (Prop_B6LUT_SLICEL_I4_O)
                                                      0.188     4.985 r  bd_0_i/hls_inst/inst/mul_16s_9s_24_1_1_U14/data_p2[7]_i_16/O
                         net (fo=1, routed)           0.013     4.998    bd_0_i/hls_inst/inst/regslice_both_input_r_U/S[1]
    SLICE_X36Y40         CARRY8 (Prop_CARRY8_SLICEL_S[1]_CO[7])
                                                      0.261     5.259 r  bd_0_i/hls_inst/inst/regslice_both_input_r_U/data_p2_reg[7]_i_1/CO[7]
                         net (fo=1, routed)           0.030     5.289    bd_0_i/hls_inst/inst/regslice_both_input_r_U/data_p2_reg[7]_i_1_n_3
    SLICE_X36Y41         CARRY8 (Prop_CARRY8_SLICEL_CI_O[6])
                                                      0.165     5.454 r  bd_0_i/hls_inst/inst/regslice_both_input_r_U/data_p2_reg[15]_i_2/O[6]
                         net (fo=2, routed)           0.138     5.592    bd_0_i/hls_inst/inst/regslice_both_output_r_U/data_p2_reg[15]_0[14]
    SLICE_X35Y41         LUT4 (Prop_C6LUT_SLICEM_I3_O)
                                                      0.056     5.648 r  bd_0_i/hls_inst/inst/regslice_both_output_r_U/data_p1[14]_i_1/O
                         net (fo=1, routed)           0.095     5.743    bd_0_i/hls_inst/inst/regslice_both_output_r_U/data_p1[14]_i_1_n_3
    SLICE_X35Y41         FDRE                                         r  bd_0_i/hls_inst/inst/regslice_both_output_r_U/data_p1_reg[14]/D
  -------------------------------------------------------------------    -------------------

                         (clock ap_clk rise edge)    10.000    10.000 r  
                                                      0.000    10.000 r  ap_clk (IN)
                         net (fo=1195, unset)         0.030    10.030    bd_0_i/hls_inst/inst/regslice_both_output_r_U/ap_clk
    SLICE_X35Y41         FDRE                                         r  bd_0_i/hls_inst/inst/regslice_both_output_r_U/data_p1_reg[14]/C
                         clock pessimism              0.000    10.030    
                         clock uncertainty           -0.035     9.995    
    SLICE_X35Y41         FDRE (Setup_CFF_SLICEM_C_D)
                                                      0.043    10.038    bd_0_i/hls_inst/inst/regslice_both_output_r_U/data_p1_reg[14]
  -------------------------------------------------------------------
                         required time                         10.038    
                         arrival time                          -5.743    
  -------------------------------------------------------------------
                         slack                                  4.295    

Slack (MET) :             4.336ns  (required time - arrival time)
  Source:                 bd_0_i/hls_inst/inst/regslice_both_input_r_U/data_p1_reg[2]/C
                            (rising edge-triggered cell FDRE clocked by ap_clk  {rise@0.000ns fall@5.000ns period=10.000ns})
  Destination:            bd_0_i/hls_inst/inst/regslice_both_output_r_U/data_p1_reg[12]/D
                            (rising edge-triggered cell FDRE clocked by ap_clk  {rise@0.000ns fall@5.000ns period=10.000ns})
  Path Group:             ap_clk
  Path Type:              Setup (Max at Slow Process Corner)
  Requirement:            10.000ns  (ap_clk rise@10.000ns - ap_clk rise@0.000ns)
  Data Path Delay:        5.660ns  (logic 3.587ns (63.378%)  route 2.073ns (36.622%))
  Logic Levels:           15  (CARRY8=5 DSP_A_B_DATA=1 DSP_ALU=1 DSP_M_DATA=1 DSP_MULTIPLIER=1 DSP_OUTPUT=1 DSP_PREADD_DATA=1 LUT2=2 LUT4=1 LUT5=1)
  Clock Path Skew:        -0.012ns (DCD - SCD + CPR)
    Destination Clock Delay (DCD):    0.031ns = ( 10.031 - 10.000 ) 
    Source Clock Delay      (SCD):    0.043ns
    Clock Pessimism Removal (CPR):    0.000ns
  Clock Uncertainty:      0.035ns  ((TSJ^2 + TIJ^2)^1/2 + DJ) / 2 + PE
    Total System Jitter     (TSJ):    0.071ns
    Total Input Jitter      (TIJ):    0.000ns
    Discrete Jitter          (DJ):    0.000ns
    Phase Error              (PE):    0.000ns

    Location             Delay type                Incr(ns)  Path(ns)    Netlist Resource(s)
  -------------------------------------------------------------------    -------------------
                         (clock ap_clk rise edge)     0.000     0.000 r  
                                                      0.000     0.000 r  ap_clk (IN)
                         net (fo=1195, unset)         0.043     0.043    bd_0_i/hls_inst/inst/regslice_both_input_r_U/ap_clk
    SLICE_X43Y36         FDRE                                         r  bd_0_i/hls_inst/inst/regslice_both_input_r_U/data_p1_reg[2]/C
  -------------------------------------------------------------------    -------------------
    SLICE_X43Y36         FDRE (Prop_EFF_SLICEM_C_Q)
                                                      0.113     0.156 r  bd_0_i/hls_inst/inst/regslice_both_input_r_U/data_p1_reg[2]/Q
                         net (fo=4, routed)           0.404     0.560    bd_0_i/hls_inst/inst/regslice_both_input_r_U/data_p1_reg[15]_0[2]
    SLICE_X43Y39         LUT2 (Prop_C6LUT_SLICEM_I1_O)
                                                      0.056     0.616 r  bd_0_i/hls_inst/inst/regslice_both_input_r_U/tmp_product_i_58__0/O
                         net (fo=1, routed)           0.029     0.645    bd_0_i/hls_inst/inst/regslice_both_input_r_U/tmp_product_i_58__0_n_3
    SLICE_X43Y39         CARRY8 (Prop_CARRY8_SLICEM_S[2]_O[4])
                                                      0.238     0.883 f  bd_0_i/hls_inst/inst/regslice_both_input_r_U/tmp_product_i_16__0/O[4]
                         net (fo=2, routed)           0.709     1.591    bd_0_i/hls_inst/inst/mul_16s_10s_25_1_1_U15/tmp_product/A[4]
    DSP48E2_X10Y10       DSP_A_B_DATA (Prop_DSP_A_B_DATA_DSP48E2_A[4]_A2_DATA[4])
                                                      0.258     1.849 r  bd_0_i/hls_inst/inst/mul_16s_10s_25_1_1_U15/tmp_product/DSP_A_B_DATA_INST/A2_DATA[4]
                         net (fo=1, routed)           0.000     1.849    bd_0_i/hls_inst/inst/mul_16s_10s_25_1_1_U15/tmp_product/DSP_A_B_DATA.A2_DATA<4>
    DSP48E2_X10Y10       DSP_PREADD_DATA (Prop_DSP_PREADD_DATA_DSP48E2_A2_DATA[4]_A2A1[4])
                                                      0.114     1.963 r  bd_0_i/hls_inst/inst/mul_16s_10s_25_1_1_U15/tmp_product/DSP_PREADD_DATA_INST/A2A1[4]
                         net (fo=1, routed)           0.000     1.963    bd_0_i/hls_inst/inst/mul_16s_10s_25_1_1_U15/tmp_product/DSP_PREADD_DATA.A2A1<4>
    DSP48E2_X10Y10       DSP_MULTIPLIER (Prop_DSP_MULTIPLIER_DSP48E2_A2A1[4]_U[8])
                                                      0.700     2.663 f  bd_0_i/hls_inst/inst/mul_16s_10s_25_1_1_U15/tmp_product/DSP_MULTIPLIER_INST/U[8]
                         net (fo=1, routed)           0.000     2.663    bd_0_i/hls_inst/inst/mul_16s_10s_25_1_1_U15/tmp_product/DSP_MULTIPLIER.U<8>
    DSP48E2_X10Y10       DSP_M_DATA (Prop_DSP_M_DATA_DSP48E2_U[8]_U_DATA[8])
                                                      0.067     2.730 r  bd_0_i/hls_inst/inst/mul_16s_10s_25_1_1_U15/tmp_product/DSP_M_DATA_INST/U_DATA[8]
                         net (fo=1, routed)           0.000     2.730    bd_0_i/hls_inst/inst/mul_16s_10s_25_1_1_U15/tmp_product/DSP_M_DATA.U_DATA<8>
    DSP48E2_X10Y10       DSP_ALU (Prop_DSP_ALU_DSP48E2_U_DATA[8]_ALU_OUT[8])
                                                      0.727     3.457 f  bd_0_i/hls_inst/inst/mul_16s_10s_25_1_1_U15/tmp_product/DSP_ALU_INST/ALU_OUT[8]
                         net (fo=1, routed)           0.000     3.457    bd_0_i/hls_inst/inst/mul_16s_10s_25_1_1_U15/tmp_product/DSP_ALU.ALU_OUT<8>
    DSP48E2_X10Y10       DSP_OUTPUT (Prop_DSP_OUTPUT_DSP48E2_ALU_OUT[8]_P[8])
                                                      0.146     3.603 r  bd_0_i/hls_inst/inst/mul_16s_10s_25_1_1_U15/tmp_product/DSP_OUTPUT_INST/P[8]
                         net (fo=2, routed)           0.201     3.805    bd_0_i/hls_inst/inst/mul_16s_10s_25_1_1_U15/tmp_product_n_100
    SLICE_X36Y26         LUT2 (Prop_A6LUT_SLICEL_I0_O)
                                                      0.152     3.957 r  bd_0_i/hls_inst/inst/mul_16s_10s_25_1_1_U15/data_p2[7]_i_36/O
                         net (fo=1, routed)           0.014     3.971    bd_0_i/hls_inst/inst/mul_16s_10s_25_1_1_U15/data_p2[7]_i_36_n_3
    SLICE_X36Y26         CARRY8 (Prop_CARRY8_SLICEL_S[0]_CO[7])
                                                      0.278     4.249 r  bd_0_i/hls_inst/inst/mul_16s_10s_25_1_1_U15/data_p2_reg[7]_i_19/CO[7]
                         net (fo=1, routed)           0.030     4.279    bd_0_i/hls_inst/inst/mul_16s_10s_25_1_1_U15/data_p2_reg[7]_i_19_n_3
    SLICE_X36Y27         CARRY8 (Prop_CARRY8_SLICEL_CI_O[1])
                                                      0.106     4.385 r  bd_0_i/hls_inst/inst/mul_16s_10s_25_1_1_U15/data_p2_reg[7]_i_18/O[1]
                         net (fo=1, routed)           0.412     4.797    bd_0_i/hls_inst/inst/mul_16s_9s_24_1_1_U14/O[1]
    SLICE_X36Y40         LUT5 (Prop_B6LUT_SLICEL_I4_O)
                                                      0.188     4.985 r  bd_0_i/hls_inst/inst/mul_16s_9s_24_1_1_U14/data_p2[7]_i_16/O
                         net (fo=1, routed)           0.013     4.998    bd_0_i/hls_inst/inst/regslice_both_input_r_U/S[1]
    SLICE_X36Y40         CARRY8 (Prop_CARRY8_SLICEL_S[1]_CO[7])
                                                      0.261     5.259 r  bd_0_i/hls_inst/inst/regslice_both_input_r_U/data_p2_reg[7]_i_1/CO[7]
                         net (fo=1, routed)           0.030     5.289    bd_0_i/hls_inst/inst/regslice_both_input_r_U/data_p2_reg[7]_i_1_n_3
    SLICE_X36Y41         CARRY8 (Prop_CARRY8_SLICEL_CI_O[4])
                                                      0.127     5.416 r  bd_0_i/hls_inst/inst/regslice_both_input_r_U/data_p2_reg[15]_i_2/O[4]
                         net (fo=2, routed)           0.136     5.552    bd_0_i/hls_inst/inst/regslice_both_output_r_U/data_p2_reg[15]_0[12]
    SLICE_X35Y41         LUT4 (Prop_F6LUT_SLICEM_I3_O)
                                                      0.056     5.608 r  bd_0_i/hls_inst/inst/regslice_both_output_r_U/data_p1[12]_i_1/O
                         net (fo=1, routed)           0.095     5.703    bd_0_i/hls_inst/inst/regslice_both_output_r_U/data_p1[12]_i_1_n_3
    SLICE_X35Y41         FDRE                                         r  bd_0_i/hls_inst/inst/regslice_both_output_r_U/data_p1_reg[12]/D
  -------------------------------------------------------------------    -------------------

                         (clock ap_clk rise edge)    10.000    10.000 r  
                                                      0.000    10.000 r  ap_clk (IN)
                         net (fo=1195, unset)         0.031    10.031    bd_0_i/hls_inst/inst/regslice_both_output_r_U/ap_clk
    SLICE_X35Y41         FDRE                                         r  bd_0_i/hls_inst/inst/regslice_both_output_r_U/data_p1_reg[12]/C
                         clock pessimism              0.000    10.031    
                         clock uncertainty           -0.035     9.996    
    SLICE_X35Y41         FDRE (Setup_FFF_SLICEM_C_D)
                                                      0.043    10.039    bd_0_i/hls_inst/inst/regslice_both_output_r_U/data_p1_reg[12]
  -------------------------------------------------------------------
                         required time                         10.039    
                         arrival time                          -5.703    
  -------------------------------------------------------------------
                         slack                                  4.336    

Slack (MET) :             4.354ns  (required time - arrival time)
  Source:                 bd_0_i/hls_inst/inst/regslice_both_input_r_U/data_p1_reg[2]/C
                            (rising edge-triggered cell FDRE clocked by ap_clk  {rise@0.000ns fall@5.000ns period=10.000ns})
  Destination:            bd_0_i/hls_inst/inst/regslice_both_output_r_U/data_p1_reg[6]/D
                            (rising edge-triggered cell FDRE clocked by ap_clk  {rise@0.000ns fall@5.000ns period=10.000ns})
  Path Group:             ap_clk
  Path Type:              Setup (Max at Slow Process Corner)
  Requirement:            10.000ns  (ap_clk rise@10.000ns - ap_clk rise@0.000ns)
  Data Path Delay:        5.641ns  (logic 3.610ns (63.999%)  route 2.031ns (36.001%))
  Logic Levels:           14  (CARRY8=4 DSP_A_B_DATA=1 DSP_ALU=1 DSP_M_DATA=1 DSP_MULTIPLIER=1 DSP_OUTPUT=1 DSP_PREADD_DATA=1 LUT2=2 LUT4=1 LUT5=1)
  Clock Path Skew:        -0.014ns (DCD - SCD + CPR)
    Destination Clock Delay (DCD):    0.029ns = ( 10.029 - 10.000 ) 
    Source Clock Delay      (SCD):    0.043ns
    Clock Pessimism Removal (CPR):    0.000ns
  Clock Uncertainty:      0.035ns  ((TSJ^2 + TIJ^2)^1/2 + DJ) / 2 + PE
    Total System Jitter     (TSJ):    0.071ns
    Total Input Jitter      (TIJ):    0.000ns
    Discrete Jitter          (DJ):    0.000ns
    Phase Error              (PE):    0.000ns

    Location             Delay type                Incr(ns)  Path(ns)    Netlist Resource(s)
  -------------------------------------------------------------------    -------------------
                         (clock ap_clk rise edge)     0.000     0.000 r  
                                                      0.000     0.000 r  ap_clk (IN)
                         net (fo=1195, unset)         0.043     0.043    bd_0_i/hls_inst/inst/regslice_both_input_r_U/ap_clk
    SLICE_X43Y36         FDRE                                         r  bd_0_i/hls_inst/inst/regslice_both_input_r_U/data_p1_reg[2]/C
  -------------------------------------------------------------------    -------------------
    SLICE_X43Y36         FDRE (Prop_EFF_SLICEM_C_Q)
                                                      0.113     0.156 r  bd_0_i/hls_inst/inst/regslice_both_input_r_U/data_p1_reg[2]/Q
                         net (fo=4, routed)           0.404     0.560    bd_0_i/hls_inst/inst/regslice_both_input_r_U/data_p1_reg[15]_0[2]
    SLICE_X43Y39         LUT2 (Prop_C6LUT_SLICEM_I1_O)
                                                      0.056     0.616 r  bd_0_i/hls_inst/inst/regslice_both_input_r_U/tmp_product_i_58__0/O
                         net (fo=1, routed)           0.029     0.645    bd_0_i/hls_inst/inst/regslice_both_input_r_U/tmp_product_i_58__0_n_3
    SLICE_X43Y39         CARRY8 (Prop_CARRY8_SLICEM_S[2]_O[4])
                                                      0.238     0.883 f  bd_0_i/hls_inst/inst/regslice_both_input_r_U/tmp_product_i_16__0/O[4]
                         net (fo=2, routed)           0.709     1.591    bd_0_i/hls_inst/inst/mul_16s_10s_25_1_1_U15/tmp_product/A[4]
    DSP48E2_X10Y10       DSP_A_B_DATA (Prop_DSP_A_B_DATA_DSP48E2_A[4]_A2_DATA[4])
                                                      0.258     1.849 r  bd_0_i/hls_inst/inst/mul_16s_10s_25_1_1_U15/tmp_product/DSP_A_B_DATA_INST/A2_DATA[4]
                         net (fo=1, routed)           0.000     1.849    bd_0_i/hls_inst/inst/mul_16s_10s_25_1_1_U15/tmp_product/DSP_A_B_DATA.A2_DATA<4>
    DSP48E2_X10Y10       DSP_PREADD_DATA (Prop_DSP_PREADD_DATA_DSP48E2_A2_DATA[4]_A2A1[4])
                                                      0.114     1.963 r  bd_0_i/hls_inst/inst/mul_16s_10s_25_1_1_U15/tmp_product/DSP_PREADD_DATA_INST/A2A1[4]
                         net (fo=1, routed)           0.000     1.963    bd_0_i/hls_inst/inst/mul_16s_10s_25_1_1_U15/tmp_product/DSP_PREADD_DATA.A2A1<4>
    DSP48E2_X10Y10       DSP_MULTIPLIER (Prop_DSP_MULTIPLIER_DSP48E2_A2A1[4]_U[8])
                                                      0.700     2.663 f  bd_0_i/hls_inst/inst/mul_16s_10s_25_1_1_U15/tmp_product/DSP_MULTIPLIER_INST/U[8]
                         net (fo=1, routed)           0.000     2.663    bd_0_i/hls_inst/inst/mul_16s_10s_25_1_1_U15/tmp_product/DSP_MULTIPLIER.U<8>
    DSP48E2_X10Y10       DSP_M_DATA (Prop_DSP_M_DATA_DSP48E2_U[8]_U_DATA[8])
                                                      0.067     2.730 r  bd_0_i/hls_inst/inst/mul_16s_10s_25_1_1_U15/tmp_product/DSP_M_DATA_INST/U_DATA[8]
                         net (fo=1, routed)           0.000     2.730    bd_0_i/hls_inst/inst/mul_16s_10s_25_1_1_U15/tmp_product/DSP_M_DATA.U_DATA<8>
    DSP48E2_X10Y10       DSP_ALU (Prop_DSP_ALU_DSP48E2_U_DATA[8]_ALU_OUT[8])
                                                      0.727     3.457 f  bd_0_i/hls_inst/inst/mul_16s_10s_25_1_1_U15/tmp_product/DSP_ALU_INST/ALU_OUT[8]
                         net (fo=1, routed)           0.000     3.457    bd_0_i/hls_inst/inst/mul_16s_10s_25_1_1_U15/tmp_product/DSP_ALU.ALU_OUT<8>
    DSP48E2_X10Y10       DSP_OUTPUT (Prop_DSP_OUTPUT_DSP48E2_ALU_OUT[8]_P[8])
                                                      0.146     3.603 r  bd_0_i/hls_inst/inst/mul_16s_10s_25_1_1_U15/tmp_product/DSP_OUTPUT_INST/P[8]
                         net (fo=2, routed)           0.201     3.805    bd_0_i/hls_inst/inst/mul_16s_10s_25_1_1_U15/tmp_product_n_100
    SLICE_X36Y26         LUT2 (Prop_A6LUT_SLICEL_I0_O)
                                                      0.152     3.957 r  bd_0_i/hls_inst/inst/mul_16s_10s_25_1_1_U15/data_p2[7]_i_36/O
                         net (fo=1, routed)           0.014     3.971    bd_0_i/hls_inst/inst/mul_16s_10s_25_1_1_U15/data_p2[7]_i_36_n_3
    SLICE_X36Y26         CARRY8 (Prop_CARRY8_SLICEL_S[0]_CO[7])
                                                      0.278     4.249 r  bd_0_i/hls_inst/inst/mul_16s_10s_25_1_1_U15/data_p2_reg[7]_i_19/CO[7]
                         net (fo=1, routed)           0.030     4.279    bd_0_i/hls_inst/inst/mul_16s_10s_25_1_1_U15/data_p2_reg[7]_i_19_n_3
    SLICE_X36Y27         CARRY8 (Prop_CARRY8_SLICEL_CI_O[1])
                                                      0.106     4.385 r  bd_0_i/hls_inst/inst/mul_16s_10s_25_1_1_U15/data_p2_reg[7]_i_18/O[1]
                         net (fo=1, routed)           0.412     4.797    bd_0_i/hls_inst/inst/mul_16s_9s_24_1_1_U14/O[1]
    SLICE_X36Y40         LUT5 (Prop_B6LUT_SLICEL_I4_O)
                                                      0.188     4.985 r  bd_0_i/hls_inst/inst/mul_16s_9s_24_1_1_U14/data_p2[7]_i_16/O
                         net (fo=1, routed)           0.013     4.998    bd_0_i/hls_inst/inst/regslice_both_input_r_U/S[1]
    SLICE_X36Y40         CARRY8 (Prop_CARRY8_SLICEL_S[1]_O[6])
                                                      0.314     5.312 r  bd_0_i/hls_inst/inst/regslice_both_input_r_U/data_p2_reg[7]_i_1/O[6]
                         net (fo=2, routed)           0.149     5.461    bd_0_i/hls_inst/inst/regslice_both_output_r_U/data_p2_reg[15]_0[6]
    SLICE_X36Y39         LUT4 (Prop_H6LUT_SLICEL_I3_O)
                                                      0.153     5.614 r  bd_0_i/hls_inst/inst/regslice_both_output_r_U/data_p1[6]_i_1/O
                         net (fo=1, routed)           0.070     5.684    bd_0_i/hls_inst/inst/regslice_both_output_r_U/data_p1[6]_i_1_n_3
    SLICE_X36Y39         FDRE                                         r  bd_0_i/hls_inst/inst/regslice_both_output_r_U/data_p1_reg[6]/D
  -------------------------------------------------------------------    -------------------

                         (clock ap_clk rise edge)    10.000    10.000 r  
                                                      0.000    10.000 r  ap_clk (IN)
                         net (fo=1195, unset)         0.029    10.029    bd_0_i/hls_inst/inst/regslice_both_output_r_U/ap_clk
    SLICE_X36Y39         FDRE                                         r  bd_0_i/hls_inst/inst/regslice_both_output_r_U/data_p1_reg[6]/C
                         clock pessimism              0.000    10.029    
                         clock uncertainty           -0.035     9.994    
    SLICE_X36Y39         FDRE (Setup_HFF_SLICEL_C_D)
                                                      0.044    10.038    bd_0_i/hls_inst/inst/regslice_both_output_r_U/data_p1_reg[6]
  -------------------------------------------------------------------
                         required time                         10.038    
                         arrival time                          -5.684    
  -------------------------------------------------------------------
                         slack                                  4.354    

Slack (MET) :             4.357ns  (required time - arrival time)
  Source:                 bd_0_i/hls_inst/inst/regslice_both_input_r_U/data_p1_reg[2]/C
                            (rising edge-triggered cell FDRE clocked by ap_clk  {rise@0.000ns fall@5.000ns period=10.000ns})
  Destination:            bd_0_i/hls_inst/inst/regslice_both_output_r_U/data_p1_reg[7]/D
                            (rising edge-triggered cell FDRE clocked by ap_clk  {rise@0.000ns fall@5.000ns period=10.000ns})
  Path Group:             ap_clk
  Path Type:              Setup (Max at Slow Process Corner)
  Requirement:            10.000ns  (ap_clk rise@10.000ns - ap_clk rise@0.000ns)
  Data Path Delay:        5.638ns  (logic 3.560ns (63.146%)  route 2.078ns (36.854%))
  Logic Levels:           14  (CARRY8=4 DSP_A_B_DATA=1 DSP_ALU=1 DSP_M_DATA=1 DSP_MULTIPLIER=1 DSP_OUTPUT=1 DSP_PREADD_DATA=1 LUT2=2 LUT4=1 LUT5=1)
  Clock Path Skew:        -0.014ns (DCD - SCD + CPR)
    Destination Clock Delay (DCD):    0.029ns = ( 10.029 - 10.000 ) 
    Source Clock Delay      (SCD):    0.043ns
    Clock Pessimism Removal (CPR):    0.000ns
  Clock Uncertainty:      0.035ns  ((TSJ^2 + TIJ^2)^1/2 + DJ) / 2 + PE
    Total System Jitter     (TSJ):    0.071ns
    Total Input Jitter      (TIJ):    0.000ns
    Discrete Jitter          (DJ):    0.000ns
    Phase Error              (PE):    0.000ns

    Location             Delay type                Incr(ns)  Path(ns)    Netlist Resource(s)
  -------------------------------------------------------------------    -------------------
                         (clock ap_clk rise edge)     0.000     0.000 r  
                                                      0.000     0.000 r  ap_clk (IN)
                         net (fo=1195, unset)         0.043     0.043    bd_0_i/hls_inst/inst/regslice_both_input_r_U/ap_clk
    SLICE_X43Y36         FDRE                                         r  bd_0_i/hls_inst/inst/regslice_both_input_r_U/data_p1_reg[2]/C
  -------------------------------------------------------------------    -------------------
    SLICE_X43Y36         FDRE (Prop_EFF_SLICEM_C_Q)
                                                      0.113     0.156 r  bd_0_i/hls_inst/inst/regslice_both_input_r_U/data_p1_reg[2]/Q
                         net (fo=4, routed)           0.404     0.560    bd_0_i/hls_inst/inst/regslice_both_input_r_U/data_p1_reg[15]_0[2]
    SLICE_X43Y39         LUT2 (Prop_C6LUT_SLICEM_I1_O)
                                                      0.056     0.616 r  bd_0_i/hls_inst/inst/regslice_both_input_r_U/tmp_product_i_58__0/O
                         net (fo=1, routed)           0.029     0.645    bd_0_i/hls_inst/inst/regslice_both_input_r_U/tmp_product_i_58__0_n_3
    SLICE_X43Y39         CARRY8 (Prop_CARRY8_SLICEM_S[2]_O[4])
                                                      0.238     0.883 f  bd_0_i/hls_inst/inst/regslice_both_input_r_U/tmp_product_i_16__0/O[4]
                         net (fo=2, routed)           0.709     1.591    bd_0_i/hls_inst/inst/mul_16s_10s_25_1_1_U15/tmp_product/A[4]
    DSP48E2_X10Y10       DSP_A_B_DATA (Prop_DSP_A_B_DATA_DSP48E2_A[4]_A2_DATA[4])
                                                      0.258     1.849 r  bd_0_i/hls_inst/inst/mul_16s_10s_25_1_1_U15/tmp_product/DSP_A_B_DATA_INST/A2_DATA[4]
                         net (fo=1, routed)           0.000     1.849    bd_0_i/hls_inst/inst/mul_16s_10s_25_1_1_U15/tmp_product/DSP_A_B_DATA.A2_DATA<4>
    DSP48E2_X10Y10       DSP_PREADD_DATA (Prop_DSP_PREADD_DATA_DSP48E2_A2_DATA[4]_A2A1[4])
                                                      0.114     1.963 r  bd_0_i/hls_inst/inst/mul_16s_10s_25_1_1_U15/tmp_product/DSP_PREADD_DATA_INST/A2A1[4]
                         net (fo=1, routed)           0.000     1.963    bd_0_i/hls_inst/inst/mul_16s_10s_25_1_1_U15/tmp_product/DSP_PREADD_DATA.A2A1<4>
    DSP48E2_X10Y10       DSP_MULTIPLIER (Prop_DSP_MULTIPLIER_DSP48E2_A2A1[4]_U[8])
                                                      0.700     2.663 f  bd_0_i/hls_inst/inst/mul_16s_10s_25_1_1_U15/tmp_product/DSP_MULTIPLIER_INST/U[8]
                         net (fo=1, routed)           0.000     2.663    bd_0_i/hls_inst/inst/mul_16s_10s_25_1_1_U15/tmp_product/DSP_MULTIPLIER.U<8>
    DSP48E2_X10Y10       DSP_M_DATA (Prop_DSP_M_DATA_DSP48E2_U[8]_U_DATA[8])
                                                      0.067     2.730 r  bd_0_i/hls_inst/inst/mul_16s_10s_25_1_1_U15/tmp_product/DSP_M_DATA_INST/U_DATA[8]
                         net (fo=1, routed)           0.000     2.730    bd_0_i/hls_inst/inst/mul_16s_10s_25_1_1_U15/tmp_product/DSP_M_DATA.U_DATA<8>
    DSP48E2_X10Y10       DSP_ALU (Prop_DSP_ALU_DSP48E2_U_DATA[8]_ALU_OUT[8])
                                                      0.727     3.457 f  bd_0_i/hls_inst/inst/mul_16s_10s_25_1_1_U15/tmp_product/DSP_ALU_INST/ALU_OUT[8]
                         net (fo=1, routed)           0.000     3.457    bd_0_i/hls_inst/inst/mul_16s_10s_25_1_1_U15/tmp_product/DSP_ALU.ALU_OUT<8>
    DSP48E2_X10Y10       DSP_OUTPUT (Prop_DSP_OUTPUT_DSP48E2_ALU_OUT[8]_P[8])
                                                      0.146     3.603 r  bd_0_i/hls_inst/inst/mul_16s_10s_25_1_1_U15/tmp_product/DSP_OUTPUT_INST/P[8]
                         net (fo=2, routed)           0.201     3.805    bd_0_i/hls_inst/inst/mul_16s_10s_25_1_1_U15/tmp_product_n_100
    SLICE_X36Y26         LUT2 (Prop_A6LUT_SLICEL_I0_O)
                                                      0.152     3.957 r  bd_0_i/hls_inst/inst/mul_16s_10s_25_1_1_U15/data_p2[7]_i_36/O
                         net (fo=1, routed)           0.014     3.971    bd_0_i/hls_inst/inst/mul_16s_10s_25_1_1_U15/data_p2[7]_i_36_n_3
    SLICE_X36Y26         CARRY8 (Prop_CARRY8_SLICEL_S[0]_CO[7])
                                                      0.278     4.249 r  bd_0_i/hls_inst/inst/mul_16s_10s_25_1_1_U15/data_p2_reg[7]_i_19/CO[7]
                         net (fo=1, routed)           0.030     4.279    bd_0_i/hls_inst/inst/mul_16s_10s_25_1_1_U15/data_p2_reg[7]_i_19_n_3
    SLICE_X36Y27         CARRY8 (Prop_CARRY8_SLICEL_CI_O[1])
                                                      0.106     4.385 r  bd_0_i/hls_inst/inst/mul_16s_10s_25_1_1_U15/data_p2_reg[7]_i_18/O[1]
                         net (fo=1, routed)           0.412     4.797    bd_0_i/hls_inst/inst/mul_16s_9s_24_1_1_U14/O[1]
    SLICE_X36Y40         LUT5 (Prop_B6LUT_SLICEL_I4_O)
                                                      0.188     4.985 r  bd_0_i/hls_inst/inst/mul_16s_9s_24_1_1_U14/data_p2[7]_i_16/O
                         net (fo=1, routed)           0.013     4.998    bd_0_i/hls_inst/inst/regslice_both_input_r_U/S[1]
    SLICE_X36Y40         CARRY8 (Prop_CARRY8_SLICEL_S[1]_O[7])
                                                      0.335     5.333 r  bd_0_i/hls_inst/inst/regslice_both_input_r_U/data_p2_reg[7]_i_1/O[7]
                         net (fo=2, routed)           0.200     5.533    bd_0_i/hls_inst/inst/regslice_both_output_r_U/data_p2_reg[15]_0[7]
    SLICE_X36Y39         LUT4 (Prop_G6LUT_SLICEL_I3_O)
                                                      0.082     5.615 r  bd_0_i/hls_inst/inst/regslice_both_output_r_U/data_p1[7]_i_1/O
                         net (fo=1, routed)           0.066     5.681    bd_0_i/hls_inst/inst/regslice_both_output_r_U/data_p1[7]_i_1_n_3
    SLICE_X36Y39         FDRE                                         r  bd_0_i/hls_inst/inst/regslice_both_output_r_U/data_p1_reg[7]/D
  -------------------------------------------------------------------    -------------------

                         (clock ap_clk rise edge)    10.000    10.000 r  
                                                      0.000    10.000 r  ap_clk (IN)
                         net (fo=1195, unset)         0.029    10.029    bd_0_i/hls_inst/inst/regslice_both_output_r_U/ap_clk
    SLICE_X36Y39         FDRE                                         r  bd_0_i/hls_inst/inst/regslice_both_output_r_U/data_p1_reg[7]/C
                         clock pessimism              0.000    10.029    
                         clock uncertainty           -0.035     9.994    
    SLICE_X36Y39         FDRE (Setup_GFF_SLICEL_C_D)
                                                      0.044    10.038    bd_0_i/hls_inst/inst/regslice_both_output_r_U/data_p1_reg[7]
  -------------------------------------------------------------------
                         required time                         10.038    
                         arrival time                          -5.681    
  -------------------------------------------------------------------
                         slack                                  4.357    

Slack (MET) :             4.361ns  (required time - arrival time)
  Source:                 bd_0_i/hls_inst/inst/regslice_both_input_r_U/data_p1_reg[2]/C
                            (rising edge-triggered cell FDRE clocked by ap_clk  {rise@0.000ns fall@5.000ns period=10.000ns})
  Destination:            bd_0_i/hls_inst/inst/regslice_both_output_r_U/data_p1_reg[10]/D
                            (rising edge-triggered cell FDRE clocked by ap_clk  {rise@0.000ns fall@5.000ns period=10.000ns})
  Path Group:             ap_clk
  Path Type:              Setup (Max at Slow Process Corner)
  Requirement:            10.000ns  (ap_clk rise@10.000ns - ap_clk rise@0.000ns)
  Data Path Delay:        5.636ns  (logic 3.565ns (63.257%)  route 2.071ns (36.743%))
  Logic Levels:           15  (CARRY8=5 DSP_A_B_DATA=1 DSP_ALU=1 DSP_M_DATA=1 DSP_MULTIPLIER=1 DSP_OUTPUT=1 DSP_PREADD_DATA=1 LUT2=2 LUT4=1 LUT5=1)
  Clock Path Skew:        -0.012ns (DCD - SCD + CPR)
    Destination Clock Delay (DCD):    0.031ns = ( 10.031 - 10.000 ) 
    Source Clock Delay      (SCD):    0.043ns
    Clock Pessimism Removal (CPR):    0.000ns
  Clock Uncertainty:      0.035ns  ((TSJ^2 + TIJ^2)^1/2 + DJ) / 2 + PE
    Total System Jitter     (TSJ):    0.071ns
    Total Input Jitter      (TIJ):    0.000ns
    Discrete Jitter          (DJ):    0.000ns
    Phase Error              (PE):    0.000ns

    Location             Delay type                Incr(ns)  Path(ns)    Netlist Resource(s)
  -------------------------------------------------------------------    -------------------
                         (clock ap_clk rise edge)     0.000     0.000 r  
                                                      0.000     0.000 r  ap_clk (IN)
                         net (fo=1195, unset)         0.043     0.043    bd_0_i/hls_inst/inst/regslice_both_input_r_U/ap_clk
    SLICE_X43Y36         FDRE                                         r  bd_0_i/hls_inst/inst/regslice_both_input_r_U/data_p1_reg[2]/C
  -------------------------------------------------------------------    -------------------
    SLICE_X43Y36         FDRE (Prop_EFF_SLICEM_C_Q)
                                                      0.113     0.156 r  bd_0_i/hls_inst/inst/regslice_both_input_r_U/data_p1_reg[2]/Q
                         net (fo=4, routed)           0.404     0.560    bd_0_i/hls_inst/inst/regslice_both_input_r_U/data_p1_reg[15]_0[2]
    SLICE_X43Y39         LUT2 (Prop_C6LUT_SLICEM_I1_O)
                                                      0.056     0.616 r  bd_0_i/hls_inst/inst/regslice_both_input_r_U/tmp_product_i_58__0/O
                         net (fo=1, routed)           0.029     0.645    bd_0_i/hls_inst/inst/regslice_both_input_r_U/tmp_product_i_58__0_n_3
    SLICE_X43Y39         CARRY8 (Prop_CARRY8_SLICEM_S[2]_O[4])
                                                      0.238     0.883 f  bd_0_i/hls_inst/inst/regslice_both_input_r_U/tmp_product_i_16__0/O[4]
                         net (fo=2, routed)           0.709     1.591    bd_0_i/hls_inst/inst/mul_16s_10s_25_1_1_U15/tmp_product/A[4]
    DSP48E2_X10Y10       DSP_A_B_DATA (Prop_DSP_A_B_DATA_DSP48E2_A[4]_A2_DATA[4])
                                                      0.258     1.849 r  bd_0_i/hls_inst/inst/mul_16s_10s_25_1_1_U15/tmp_product/DSP_A_B_DATA_INST/A2_DATA[4]
                         net (fo=1, routed)           0.000     1.849    bd_0_i/hls_inst/inst/mul_16s_10s_25_1_1_U15/tmp_product/DSP_A_B_DATA.A2_DATA<4>
    DSP48E2_X10Y10       DSP_PREADD_DATA (Prop_DSP_PREADD_DATA_DSP48E2_A2_DATA[4]_A2A1[4])
                                                      0.114     1.963 r  bd_0_i/hls_inst/inst/mul_16s_10s_25_1_1_U15/tmp_product/DSP_PREADD_DATA_INST/A2A1[4]
                         net (fo=1, routed)           0.000     1.963    bd_0_i/hls_inst/inst/mul_16s_10s_25_1_1_U15/tmp_product/DSP_PREADD_DATA.A2A1<4>
    DSP48E2_X10Y10       DSP_MULTIPLIER (Prop_DSP_MULTIPLIER_DSP48E2_A2A1[4]_U[8])
                                                      0.700     2.663 f  bd_0_i/hls_inst/inst/mul_16s_10s_25_1_1_U15/tmp_product/DSP_MULTIPLIER_INST/U[8]
                         net (fo=1, routed)           0.000     2.663    bd_0_i/hls_inst/inst/mul_16s_10s_25_1_1_U15/tmp_product/DSP_MULTIPLIER.U<8>
    DSP48E2_X10Y10       DSP_M_DATA (Prop_DSP_M_DATA_DSP48E2_U[8]_U_DATA[8])
                                                      0.067     2.730 r  bd_0_i/hls_inst/inst/mul_16s_10s_25_1_1_U15/tmp_product/DSP_M_DATA_INST/U_DATA[8]
                         net (fo=1, routed)           0.000     2.730    bd_0_i/hls_inst/inst/mul_16s_10s_25_1_1_U15/tmp_product/DSP_M_DATA.U_DATA<8>
    DSP48E2_X10Y10       DSP_ALU (Prop_DSP_ALU_DSP48E2_U_DATA[8]_ALU_OUT[8])
                                                      0.727     3.457 f  bd_0_i/hls_inst/inst/mul_16s_10s_25_1_1_U15/tmp_product/DSP_ALU_INST/ALU_OUT[8]
                         net (fo=1, routed)           0.000     3.457    bd_0_i/hls_inst/inst/mul_16s_10s_25_1_1_U15/tmp_product/DSP_ALU.ALU_OUT<8>
    DSP48E2_X10Y10       DSP_OUTPUT (Prop_DSP_OUTPUT_DSP48E2_ALU_OUT[8]_P[8])
                                                      0.146     3.603 r  bd_0_i/hls_inst/inst/mul_16s_10s_25_1_1_U15/tmp_product/DSP_OUTPUT_INST/P[8]
                         net (fo=2, routed)           0.201     3.805    bd_0_i/hls_inst/inst/mul_16s_10s_25_1_1_U15/tmp_product_n_100
    SLICE_X36Y26         LUT2 (Prop_A6LUT_SLICEL_I0_O)
                                                      0.152     3.957 r  bd_0_i/hls_inst/inst/mul_16s_10s_25_1_1_U15/data_p2[7]_i_36/O
                         net (fo=1, routed)           0.014     3.971    bd_0_i/hls_inst/inst/mul_16s_10s_25_1_1_U15/data_p2[7]_i_36_n_3
    SLICE_X36Y26         CARRY8 (Prop_CARRY8_SLICEL_S[0]_CO[7])
                                                      0.278     4.249 r  bd_0_i/hls_inst/inst/mul_16s_10s_25_1_1_U15/data_p2_reg[7]_i_19/CO[7]
                         net (fo=1, routed)           0.030     4.279    bd_0_i/hls_inst/inst/mul_16s_10s_25_1_1_U15/data_p2_reg[7]_i_19_n_3
    SLICE_X36Y27         CARRY8 (Prop_CARRY8_SLICEL_CI_O[1])
                                                      0.106     4.385 r  bd_0_i/hls_inst/inst/mul_16s_10s_25_1_1_U15/data_p2_reg[7]_i_18/O[1]
                         net (fo=1, routed)           0.412     4.797    bd_0_i/hls_inst/inst/mul_16s_9s_24_1_1_U14/O[1]
    SLICE_X36Y40         LUT5 (Prop_B6LUT_SLICEL_I4_O)
                                                      0.188     4.985 r  bd_0_i/hls_inst/inst/mul_16s_9s_24_1_1_U14/data_p2[7]_i_16/O
                         net (fo=1, routed)           0.013     4.998    bd_0_i/hls_inst/inst/regslice_both_input_r_U/S[1]
    SLICE_X36Y40         CARRY8 (Prop_CARRY8_SLICEL_S[1]_CO[7])
                                                      0.261     5.259 r  bd_0_i/hls_inst/inst/regslice_both_input_r_U/data_p2_reg[7]_i_1/CO[7]
                         net (fo=1, routed)           0.030     5.289    bd_0_i/hls_inst/inst/regslice_both_input_r_U/data_p2_reg[7]_i_1_n_3
    SLICE_X36Y41         CARRY8 (Prop_CARRY8_SLICEL_CI_O[2])
                                                      0.101     5.390 r  bd_0_i/hls_inst/inst/regslice_both_input_r_U/data_p2_reg[15]_i_2/O[2]
                         net (fo=2, routed)           0.149     5.539    bd_0_i/hls_inst/inst/regslice_both_output_r_U/data_p2_reg[15]_0[10]
    SLICE_X35Y41         LUT4 (Prop_H6LUT_SLICEM_I3_O)
                                                      0.060     5.599 r  bd_0_i/hls_inst/inst/regslice_both_output_r_U/data_p1[10]_i_1/O
                         net (fo=1, routed)           0.080     5.679    bd_0_i/hls_inst/inst/regslice_both_output_r_U/data_p1[10]_i_1_n_3
    SLICE_X35Y41         FDRE                                         r  bd_0_i/hls_inst/inst/regslice_both_output_r_U/data_p1_reg[10]/D
  -------------------------------------------------------------------    -------------------

                         (clock ap_clk rise edge)    10.000    10.000 r  
                                                      0.000    10.000 r  ap_clk (IN)
                         net (fo=1195, unset)         0.031    10.031    bd_0_i/hls_inst/inst/regslice_both_output_r_U/ap_clk
    SLICE_X35Y41         FDRE                                         r  bd_0_i/hls_inst/inst/regslice_both_output_r_U/data_p1_reg[10]/C
                         clock pessimism              0.000    10.031    
                         clock uncertainty           -0.035     9.996    
    SLICE_X35Y41         FDRE (Setup_HFF_SLICEM_C_D)
                                                      0.044    10.040    bd_0_i/hls_inst/inst/regslice_both_output_r_U/data_p1_reg[10]
  -------------------------------------------------------------------
                         required time                         10.040    
                         arrival time                          -5.679    
  -------------------------------------------------------------------
                         slack                                  4.361    




