Copyright 1986-2022 Xilinx, Inc. All Rights Reserved. Copyright 2022-2024 Advanced Micro Devices, Inc. All Rights Reserved.
---------------------------------------------------------------------------------------------------------------------------------------------
| Tool Version : Vivado v.2024.2 (win64) Build 5239630 Fri Nov 08 22:35:27 MST 2024
| Date         : Sat Jan 17 11:11:52 2026
| Host         : DESKTOP-92OKADH running 64-bit major release  (build 9200)
| Command      : report_design_analysis -file ./report/Fast_Running_FIR_HLS_design_analysis_synth.rpt
| Design       : bd_0_wrapper
| Device       : xck26
| Design State : Synthesized
---------------------------------------------------------------------------------------------------------------------------------------------

Report Design Analysis

Table of Contents
-----------------
1. Setup Path Characteristics 1-1
2. Logic Level Distribution
3. Placer Final Level Congestion Reporting
4. SLR Net Crossing Reporting

1. Setup Path Characteristics 1-1
---------------------------------

+---------------------------+-------------------------------------------------------------------------------------------------------------------------------------------------------------------------------+
|      Characteristics      |                                                                                    Path #1                                                                                    |
+---------------------------+-------------------------------------------------------------------------------------------------------------------------------------------------------------------------------+
| Requirement               | 10.000                                                                                                                                                                        |
| Path Delay                | 4.794                                                                                                                                                                         |
| Logic Delay               | 3.518(74%)                                                                                                                                                                    |
| Net Delay                 | 1.276(26%)                                                                                                                                                                    |
| Clock Skew                | -0.012                                                                                                                                                                        |
| Slack                     | 5.203                                                                                                                                                                         |
| Clock Uncertainty         | 0.035                                                                                                                                                                         |
| Clock Relationship        | Timed                                                                                                                                                                         |
| Clock Delay Group         | Same Clock                                                                                                                                                                    |
| Logic Levels              | 16                                                                                                                                                                            |
| Routes                    | NA                                                                                                                                                                            |
| Logical Path              | FDRE/C-(4)-LUT2-(1)-CARRY8-CARRY8-DSP_A_B_DATA-(1)-DSP_PREADD_DATA-DSP_MULTIPLIER-DSP_M_DATA-DSP_ALU-DSP_OUTPUT-LUT2-(1)-CARRY8-CARRY8-LUT5-(1)-CARRY8-CARRY8-LUT4-(1)-FDRE/D |
| Start Point Clock         | ap_clk                                                                                                                                                                        |
| End Point Clock           | ap_clk                                                                                                                                                                        |
| DSP Block                 | Comb                                                                                                                                                                          |
| RAM Registers             | None-None                                                                                                                                                                     |
| IO Crossings              | 0                                                                                                                                                                             |
| SLR Crossings             | 0                                                                                                                                                                             |
| PBlocks                   | 0                                                                                                                                                                             |
| High Fanout               | 4                                                                                                                                                                             |
| Dont Touch                | 0                                                                                                                                                                             |
| Mark Debug                | 0                                                                                                                                                                             |
| Start Point Pin Primitive | FDRE/C                                                                                                                                                                        |
| End Point Pin Primitive   | FDRE/D                                                                                                                                                                        |
| Start Point Pin           | data_p1_reg[0]/C                                                                                                                                                              |
| End Point Pin             | data_p1_reg[12]/D                                                                                                                                                             |
+---------------------------+-------------------------------------------------------------------------------------------------------------------------------------------------------------------------------+
* Bounding box calculated as % of dimensions for the target device (2818, 498)


2. Logic Level Distribution
---------------------------

+-----------------+-------------+-----+----+-----+-----+-----+-----+----+----+----+
| End Point Clock | Requirement |  3  |  4 |  7  |  8  |  9  |  10 | 14 | 15 | 16 |
+-----------------+-------------+-----+----+-----+-----+-----+-----+----+----+----+
| ap_clk          | 10.000ns    | 194 | 14 | 168 | 192 | 200 | 200 |  8 | 16 |  8 |
+-----------------+-------------+-----+----+-----+-----+-----+-----+----+----+----+
* Columns represent the logic levels per end point clock
** Distribution is for top worst 1000 paths


3. Placer Final Level Congestion Reporting
------------------------------------------

+-----------+------+-------+--------+---------------+---------------+-----+--------+------+------+------+------+-----+-------+-----+------------+
| Direction | Type | Level | Window | Combined LUTs | Avg LUT Input | LUT | LUTRAM | Flop | MUXF | RAMB | URAM | DSP | CARRY | SRL | Cell Names |
+-----------+------+-------+--------+---------------+---------------+-----+--------+------+------+------+------+-----+-------+-----+------------+
* The design has not been placed, hence congestion data is not available. The command report_design_analysis -congestion should be run only after place_design has completed.


4. SLR Net Crossing Reporting
-----------------------------

+------------+-----------------------------+
| Cell Names | Number of Nets crossing SLR |
+------------+-----------------------------+
* The current part is not an SSI device


