Copyright 1986-2022 Xilinx, Inc. All Rights Reserved. Copyright 2022-2024 Advanced Micro Devices, Inc. All Rights Reserved.
--------------------------------------------------------------------------------------------------------------------------------------------------
| Tool Version      : Vivado v.2024.2 (win64) Build 5239630 Fri Nov 08 22:35:27 MST 2024
| Date              : Sat Jan 17 11:11:52 2026
| Host              : DESKTOP-92OKADH running 64-bit major release  (build 9200)
| Command           : report_timing -max_paths 10 -file ./report/Fast_Running_FIR_HLS_timing_paths_synth.rpt
| Design            : bd_0_wrapper
| Device            : xck26-sfvc784
| Speed File        : -2LV  PRODUCTION 1.30 05-15-2022
| Design State      : Synthesized
| Temperature Grade : C
--------------------------------------------------------------------------------------------------------------------------------------------------

Timing Report

Slack (MET) :             5.203ns  (required time - arrival time)
  Source:                 bd_0_i/hls_inst/inst/regslice_both_input_r_U/data_p1_reg[0]/C
                            (rising edge-triggered cell FDRE clocked by ap_clk  {rise@0.000ns fall@5.000ns period=10.000ns})
  Destination:            bd_0_i/hls_inst/inst/regslice_both_output_r_U/data_p1_reg[12]/D
                            (rising edge-triggered cell FDRE clocked by ap_clk  {rise@0.000ns fall@5.000ns period=10.000ns})
  Path Group:             ap_clk
  Path Type:              Setup (Max at Slow Process Corner)
  Requirement:            10.000ns  (ap_clk rise@10.000ns - ap_clk rise@0.000ns)
  Data Path Delay:        4.794ns  (logic 3.518ns (73.383%)  route 1.276ns (26.617%))
  Logic Levels:           16  (CARRY8=6 DSP_A_B_DATA=1 DSP_ALU=1 DSP_M_DATA=1 DSP_MULTIPLIER=1 DSP_OUTPUT=1 DSP_PREADD_DATA=1 LUT2=2 LUT4=1 LUT5=1)
  Clock Path Skew:        -0.012ns (DCD - SCD + CPR)
    Destination Clock Delay (DCD):    0.029ns = ( 10.029 - 10.000 ) 
    Source Clock Delay      (SCD):    0.041ns
    Clock Pessimism Removal (CPR):    0.000ns
  Clock Uncertainty:      0.035ns  ((TSJ^2 + TIJ^2)^1/2 + DJ) / 2 + PE
    Total System Jitter     (TSJ):    0.071ns
    Total Input Jitter      (TIJ):    0.000ns
    Discrete Jitter          (DJ):    0.000ns
    Phase Error              (PE):    0.000ns

    Location             Delay type                Incr(ns)  Path(ns)    Netlist Resource(s)
  -------------------------------------------------------------------    -------------------
                         (clock ap_clk rise edge)     0.000     0.000 r  
                                                      0.000     0.000 r  ap_clk (IN)
                         net (fo=1195, unset)         0.041     0.041    bd_0_i/hls_inst/inst/regslice_both_input_r_U/ap_clk
                         FDRE                                         r  bd_0_i/hls_inst/inst/regslice_both_input_r_U/data_p1_reg[0]/C
  -------------------------------------------------------------------    -------------------
                         FDRE (Prop_FDRE_C_Q)         0.114     0.155 r  bd_0_i/hls_inst/inst/regslice_both_input_r_U/data_p1_reg[0]/Q
                         net (fo=4, unplaced)         0.166     0.321    bd_0_i/hls_inst/inst/regslice_both_input_r_U/data_p1_reg[15]_0[0]
                         LUT2 (Prop_LUT2_I1_O)        0.058     0.379 r  bd_0_i/hls_inst/inst/regslice_both_input_r_U/tmp_product_i_60__0/O
                         net (fo=1, unplaced)         0.025     0.404    bd_0_i/hls_inst/inst/regslice_both_input_r_U/tmp_product_i_60__0_n_3
                         CARRY8 (Prop_CARRY8_S[0]_CO[7])
                                                      0.289     0.693 r  bd_0_i/hls_inst/inst/regslice_both_input_r_U/tmp_product_i_16__0/CO[7]
                         net (fo=1, unplaced)         0.006     0.699    bd_0_i/hls_inst/inst/regslice_both_input_r_U/tmp_product_i_16__0_n_3
                         CARRY8 (Prop_CARRY8_CI_O[7])
                                                      0.171     0.870 f  bd_0_i/hls_inst/inst/regslice_both_input_r_U/tmp_product_i_15__0/O[7]
                         net (fo=30, unplaced)        0.264     1.134    bd_0_i/hls_inst/inst/mul_16s_10s_25_1_1_U15/tmp_product/A[15]
                         DSP_A_B_DATA (Prop_DSP_A_B_DATA_A[15]_A2_DATA[15])
                                                      0.258     1.392 r  bd_0_i/hls_inst/inst/mul_16s_10s_25_1_1_U15/tmp_product/DSP_A_B_DATA_INST/A2_DATA[15]
                         net (fo=1, unplaced)         0.000     1.392    bd_0_i/hls_inst/inst/mul_16s_10s_25_1_1_U15/tmp_product/DSP_A_B_DATA.A2_DATA<15>
                         DSP_PREADD_DATA (Prop_DSP_PREADD_DATA_A2_DATA[15]_A2A1[15])
                                                      0.114     1.506 r  bd_0_i/hls_inst/inst/mul_16s_10s_25_1_1_U15/tmp_product/DSP_PREADD_DATA_INST/A2A1[15]
                         net (fo=1, unplaced)         0.000     1.506    bd_0_i/hls_inst/inst/mul_16s_10s_25_1_1_U15/tmp_product/DSP_PREADD_DATA.A2A1<15>
                         DSP_MULTIPLIER (Prop_DSP_MULTIPLIER_A2A1[15]_V[15])
                                                      0.699     2.205 f  bd_0_i/hls_inst/inst/mul_16s_10s_25_1_1_U15/tmp_product/DSP_MULTIPLIER_INST/V[15]
                         net (fo=1, unplaced)         0.000     2.205    bd_0_i/hls_inst/inst/mul_16s_10s_25_1_1_U15/tmp_product/DSP_MULTIPLIER.V<15>
                         DSP_M_DATA (Prop_DSP_M_DATA_V[15]_V_DATA[15])
                                                      0.065     2.270 r  bd_0_i/hls_inst/inst/mul_16s_10s_25_1_1_U15/tmp_product/DSP_M_DATA_INST/V_DATA[15]
                         net (fo=1, unplaced)         0.000     2.270    bd_0_i/hls_inst/inst/mul_16s_10s_25_1_1_U15/tmp_product/DSP_M_DATA.V_DATA<15>
                         DSP_ALU (Prop_DSP_ALU_V_DATA[15]_ALU_OUT[15])
                                                      0.722     2.992 f  bd_0_i/hls_inst/inst/mul_16s_10s_25_1_1_U15/tmp_product/DSP_ALU_INST/ALU_OUT[15]
                         net (fo=1, unplaced)         0.000     2.992    bd_0_i/hls_inst/inst/mul_16s_10s_25_1_1_U15/tmp_product/DSP_ALU.ALU_OUT<15>
                         DSP_OUTPUT (Prop_DSP_OUTPUT_ALU_OUT[15]_P[15])
                                                      0.146     3.138 r  bd_0_i/hls_inst/inst/mul_16s_10s_25_1_1_U15/tmp_product/DSP_OUTPUT_INST/P[15]
                         net (fo=2, unplaced)         0.259     3.397    bd_0_i/hls_inst/inst/mul_16s_10s_25_1_1_U15/tmp_product_n_93
                         LUT2 (Prop_LUT2_I0_O)        0.084     3.481 r  bd_0_i/hls_inst/inst/mul_16s_10s_25_1_1_U15/data_p2[7]_i_29/O
                         net (fo=1, unplaced)         0.029     3.510    bd_0_i/hls_inst/inst/mul_16s_10s_25_1_1_U15/data_p2[7]_i_29_n_3
                         CARRY8 (Prop_CARRY8_S[7]_CO[7])
                                                      0.183     3.693 r  bd_0_i/hls_inst/inst/mul_16s_10s_25_1_1_U15/data_p2_reg[7]_i_19/CO[7]
                         net (fo=1, unplaced)         0.006     3.699    bd_0_i/hls_inst/inst/mul_16s_10s_25_1_1_U15/data_p2_reg[7]_i_19_n_3
                         CARRY8 (Prop_CARRY8_CI_O[1])
                                                      0.106     3.805 r  bd_0_i/hls_inst/inst/mul_16s_10s_25_1_1_U15/data_p2_reg[7]_i_18/O[1]
                         net (fo=1, unplaced)         0.209     4.014    bd_0_i/hls_inst/inst/mul_16s_9s_24_1_1_U14/O[1]
                         LUT5 (Prop_LUT5_I4_O)        0.057     4.071 r  bd_0_i/hls_inst/inst/mul_16s_9s_24_1_1_U14/data_p2[7]_i_16/O
                         net (fo=1, unplaced)         0.030     4.101    bd_0_i/hls_inst/inst/regslice_both_input_r_U/S[1]
                         CARRY8 (Prop_CARRY8_S[1]_CO[7])
                                                      0.275     4.376 r  bd_0_i/hls_inst/inst/regslice_both_input_r_U/data_p2_reg[7]_i_1/CO[7]
                         net (fo=1, unplaced)         0.006     4.382    bd_0_i/hls_inst/inst/regslice_both_input_r_U/data_p2_reg[7]_i_1_n_3
                         CARRY8 (Prop_CARRY8_CI_O[4])
                                                      0.119     4.501 r  bd_0_i/hls_inst/inst/regslice_both_input_r_U/data_p2_reg[15]_i_2/O[4]
                         net (fo=2, unplaced)         0.209     4.710    bd_0_i/hls_inst/inst/regslice_both_output_r_U/data_p2_reg[15]_0[12]
                         LUT4 (Prop_LUT4_I3_O)        0.058     4.768 r  bd_0_i/hls_inst/inst/regslice_both_output_r_U/data_p1[12]_i_1/O
                         net (fo=1, unplaced)         0.067     4.835    bd_0_i/hls_inst/inst/regslice_both_output_r_U/data_p1[12]_i_1_n_3
                         FDRE                                         r  bd_0_i/hls_inst/inst/regslice_both_output_r_U/data_p1_reg[12]/D
  -------------------------------------------------------------------    -------------------

                         (clock ap_clk rise edge)    10.000    10.000 r  
                                                      0.000    10.000 r  ap_clk (IN)
                         net (fo=1195, unset)         0.029    10.029    bd_0_i/hls_inst/inst/regslice_both_output_r_U/ap_clk
                         FDRE                                         r  bd_0_i/hls_inst/inst/regslice_both_output_r_U/data_p1_reg[12]/C
                         clock pessimism              0.000    10.029    
                         clock uncertainty           -0.035     9.994    
                         FDRE (Setup_FDRE_C_D)        0.044    10.038    bd_0_i/hls_inst/inst/regslice_both_output_r_U/data_p1_reg[12]
  -------------------------------------------------------------------
                         required time                         10.038    
                         arrival time                          -4.835    
  -------------------------------------------------------------------
                         slack                                  5.203    

Slack (MET) :             5.209ns  (required time - arrival time)
  Source:                 bd_0_i/hls_inst/inst/regslice_both_input_r_U/data_p1_reg[0]/C
                            (rising edge-triggered cell FDRE clocked by ap_clk  {rise@0.000ns fall@5.000ns period=10.000ns})
  Destination:            bd_0_i/hls_inst/inst/regslice_both_output_r_U/data_p1_reg[15]/D
                            (rising edge-triggered cell FDRE clocked by ap_clk  {rise@0.000ns fall@5.000ns period=10.000ns})
  Path Group:             ap_clk
  Path Type:              Setup (Max at Slow Process Corner)
  Requirement:            10.000ns  (ap_clk rise@10.000ns - ap_clk rise@0.000ns)
  Data Path Delay:        4.788ns  (logic 3.570ns (74.561%)  route 1.218ns (25.439%))
  Logic Levels:           16  (CARRY8=6 DSP_A_B_DATA=1 DSP_ALU=1 DSP_M_DATA=1 DSP_MULTIPLIER=1 DSP_OUTPUT=1 DSP_PREADD_DATA=1 LUT2=2 LUT4=1 LUT5=1)
  Clock Path Skew:        -0.012ns (DCD - SCD + CPR)
    Destination Clock Delay (DCD):    0.029ns = ( 10.029 - 10.000 ) 
    Source Clock Delay      (SCD):    0.041ns
    Clock Pessimism Removal (CPR):    0.000ns
  Clock Uncertainty:      0.035ns  ((TSJ^2 + TIJ^2)^1/2 + DJ) / 2 + PE
    Total System Jitter     (TSJ):    0.071ns
    Total Input Jitter      (TIJ):    0.000ns
    Discrete Jitter          (DJ):    0.000ns
    Phase Error              (PE):    0.000ns

    Location             Delay type                Incr(ns)  Path(ns)    Netlist Resource(s)
  -------------------------------------------------------------------    -------------------
                         (clock ap_clk rise edge)     0.000     0.000 r  
                                                      0.000     0.000 r  ap_clk (IN)
                         net (fo=1195, unset)         0.041     0.041    bd_0_i/hls_inst/inst/regslice_both_input_r_U/ap_clk
                         FDRE                                         r  bd_0_i/hls_inst/inst/regslice_both_input_r_U/data_p1_reg[0]/C
  -------------------------------------------------------------------    -------------------
                         FDRE (Prop_FDRE_C_Q)         0.114     0.155 r  bd_0_i/hls_inst/inst/regslice_both_input_r_U/data_p1_reg[0]/Q
                         net (fo=4, unplaced)         0.166     0.321    bd_0_i/hls_inst/inst/regslice_both_input_r_U/data_p1_reg[15]_0[0]
                         LUT2 (Prop_LUT2_I1_O)        0.058     0.379 r  bd_0_i/hls_inst/inst/regslice_both_input_r_U/tmp_product_i_60__0/O
                         net (fo=1, unplaced)         0.025     0.404    bd_0_i/hls_inst/inst/regslice_both_input_r_U/tmp_product_i_60__0_n_3
                         CARRY8 (Prop_CARRY8_S[0]_CO[7])
                                                      0.289     0.693 r  bd_0_i/hls_inst/inst/regslice_both_input_r_U/tmp_product_i_16__0/CO[7]
                         net (fo=1, unplaced)         0.006     0.699    bd_0_i/hls_inst/inst/regslice_both_input_r_U/tmp_product_i_16__0_n_3
                         CARRY8 (Prop_CARRY8_CI_O[7])
                                                      0.171     0.870 f  bd_0_i/hls_inst/inst/regslice_both_input_r_U/tmp_product_i_15__0/O[7]
                         net (fo=30, unplaced)        0.264     1.134    bd_0_i/hls_inst/inst/mul_16s_10s_25_1_1_U15/tmp_product/A[15]
                         DSP_A_B_DATA (Prop_DSP_A_B_DATA_A[15]_A2_DATA[15])
                                                      0.258     1.392 r  bd_0_i/hls_inst/inst/mul_16s_10s_25_1_1_U15/tmp_product/DSP_A_B_DATA_INST/A2_DATA[15]
                         net (fo=1, unplaced)         0.000     1.392    bd_0_i/hls_inst/inst/mul_16s_10s_25_1_1_U15/tmp_product/DSP_A_B_DATA.A2_DATA<15>
                         DSP_PREADD_DATA (Prop_DSP_PREADD_DATA_A2_DATA[15]_A2A1[15])
                                                      0.114     1.506 r  bd_0_i/hls_inst/inst/mul_16s_10s_25_1_1_U15/tmp_product/DSP_PREADD_DATA_INST/A2A1[15]
                         net (fo=1, unplaced)         0.000     1.506    bd_0_i/hls_inst/inst/mul_16s_10s_25_1_1_U15/tmp_product/DSP_PREADD_DATA.A2A1<15>
                         DSP_MULTIPLIER (Prop_DSP_MULTIPLIER_A2A1[15]_V[15])
                                                      0.699     2.205 f  bd_0_i/hls_inst/inst/mul_16s_10s_25_1_1_U15/tmp_product/DSP_MULTIPLIER_INST/V[15]
                         net (fo=1, unplaced)         0.000     2.205    bd_0_i/hls_inst/inst/mul_16s_10s_25_1_1_U15/tmp_product/DSP_MULTIPLIER.V<15>
                         DSP_M_DATA (Prop_DSP_M_DATA_V[15]_V_DATA[15])
                                                      0.065     2.270 r  bd_0_i/hls_inst/inst/mul_16s_10s_25_1_1_U15/tmp_product/DSP_M_DATA_INST/V_DATA[15]
                         net (fo=1, unplaced)         0.000     2.270    bd_0_i/hls_inst/inst/mul_16s_10s_25_1_1_U15/tmp_product/DSP_M_DATA.V_DATA<15>
                         DSP_ALU (Prop_DSP_ALU_V_DATA[15]_ALU_OUT[15])
                                                      0.722     2.992 f  bd_0_i/hls_inst/inst/mul_16s_10s_25_1_1_U15/tmp_product/DSP_ALU_INST/ALU_OUT[15]
                         net (fo=1, unplaced)         0.000     2.992    bd_0_i/hls_inst/inst/mul_16s_10s_25_1_1_U15/tmp_product/DSP_ALU.ALU_OUT<15>
                         DSP_OUTPUT (Prop_DSP_OUTPUT_ALU_OUT[15]_P[15])
                                                      0.146     3.138 r  bd_0_i/hls_inst/inst/mul_16s_10s_25_1_1_U15/tmp_product/DSP_OUTPUT_INST/P[15]
                         net (fo=2, unplaced)         0.259     3.397    bd_0_i/hls_inst/inst/mul_16s_10s_25_1_1_U15/tmp_product_n_93
                         LUT2 (Prop_LUT2_I0_O)        0.084     3.481 r  bd_0_i/hls_inst/inst/mul_16s_10s_25_1_1_U15/data_p2[7]_i_29/O
                         net (fo=1, unplaced)         0.029     3.510    bd_0_i/hls_inst/inst/mul_16s_10s_25_1_1_U15/data_p2[7]_i_29_n_3
                         CARRY8 (Prop_CARRY8_S[7]_CO[7])
                                                      0.183     3.693 r  bd_0_i/hls_inst/inst/mul_16s_10s_25_1_1_U15/data_p2_reg[7]_i_19/CO[7]
                         net (fo=1, unplaced)         0.006     3.699    bd_0_i/hls_inst/inst/mul_16s_10s_25_1_1_U15/data_p2_reg[7]_i_19_n_3
                         CARRY8 (Prop_CARRY8_CI_O[1])
                                                      0.106     3.805 r  bd_0_i/hls_inst/inst/mul_16s_10s_25_1_1_U15/data_p2_reg[7]_i_18/O[1]
                         net (fo=1, unplaced)         0.209     4.014    bd_0_i/hls_inst/inst/mul_16s_9s_24_1_1_U14/O[1]
                         LUT5 (Prop_LUT5_I4_O)        0.057     4.071 r  bd_0_i/hls_inst/inst/mul_16s_9s_24_1_1_U14/data_p2[7]_i_16/O
                         net (fo=1, unplaced)         0.030     4.101    bd_0_i/hls_inst/inst/regslice_both_input_r_U/S[1]
                         CARRY8 (Prop_CARRY8_S[1]_CO[7])
                                                      0.275     4.376 r  bd_0_i/hls_inst/inst/regslice_both_input_r_U/data_p2_reg[7]_i_1/CO[7]
                         net (fo=1, unplaced)         0.006     4.382    bd_0_i/hls_inst/inst/regslice_both_input_r_U/data_p2_reg[7]_i_1_n_3
                         CARRY8 (Prop_CARRY8_CI_O[7])
                                                      0.171     4.553 r  bd_0_i/hls_inst/inst/regslice_both_input_r_U/data_p2_reg[15]_i_2/O[7]
                         net (fo=2, unplaced)         0.151     4.704    bd_0_i/hls_inst/inst/regslice_both_output_r_U/data_p2_reg[15]_0[15]
                         LUT4 (Prop_LUT4_I3_O)        0.058     4.762 r  bd_0_i/hls_inst/inst/regslice_both_output_r_U/data_p1[15]_i_2/O
                         net (fo=1, unplaced)         0.067     4.829    bd_0_i/hls_inst/inst/regslice_both_output_r_U/data_p1[15]_i_2_n_3
                         FDRE                                         r  bd_0_i/hls_inst/inst/regslice_both_output_r_U/data_p1_reg[15]/D
  -------------------------------------------------------------------    -------------------

                         (clock ap_clk rise edge)    10.000    10.000 r  
                                                      0.000    10.000 r  ap_clk (IN)
                         net (fo=1195, unset)         0.029    10.029    bd_0_i/hls_inst/inst/regslice_both_output_r_U/ap_clk
                         FDRE                                         r  bd_0_i/hls_inst/inst/regslice_both_output_r_U/data_p1_reg[15]/C
                         clock pessimism              0.000    10.029    
                         clock uncertainty           -0.035     9.994    
                         FDRE (Setup_FDRE_C_D)        0.044    10.038    bd_0_i/hls_inst/inst/regslice_both_output_r_U/data_p1_reg[15]
  -------------------------------------------------------------------
                         required time                         10.038    
                         arrival time                          -4.829    
  -------------------------------------------------------------------
                         slack                                  5.209    

Slack (MET) :             5.216ns  (required time - arrival time)
  Source:                 bd_0_i/hls_inst/inst/regslice_both_input_r_U/data_p1_reg[0]/C
                            (rising edge-triggered cell FDRE clocked by ap_clk  {rise@0.000ns fall@5.000ns period=10.000ns})
  Destination:            bd_0_i/hls_inst/inst/regslice_both_output_r_U/data_p1_reg[9]/D
                            (rising edge-triggered cell FDRE clocked by ap_clk  {rise@0.000ns fall@5.000ns period=10.000ns})
  Path Group:             ap_clk
  Path Type:              Setup (Max at Slow Process Corner)
  Requirement:            10.000ns  (ap_clk rise@10.000ns - ap_clk rise@0.000ns)
  Data Path Delay:        4.781ns  (logic 3.505ns (73.311%)  route 1.276ns (26.689%))
  Logic Levels:           16  (CARRY8=6 DSP_A_B_DATA=1 DSP_ALU=1 DSP_M_DATA=1 DSP_MULTIPLIER=1 DSP_OUTPUT=1 DSP_PREADD_DATA=1 LUT2=2 LUT4=1 LUT5=1)
  Clock Path Skew:        -0.012ns (DCD - SCD + CPR)
    Destination Clock Delay (DCD):    0.029ns = ( 10.029 - 10.000 ) 
    Source Clock Delay      (SCD):    0.041ns
    Clock Pessimism Removal (CPR):    0.000ns
  Clock Uncertainty:      0.035ns  ((TSJ^2 + TIJ^2)^1/2 + DJ) / 2 + PE
    Total System Jitter     (TSJ):    0.071ns
    Total Input Jitter      (TIJ):    0.000ns
    Discrete Jitter          (DJ):    0.000ns
    Phase Error              (PE):    0.000ns

    Location             Delay type                Incr(ns)  Path(ns)    Netlist Resource(s)
  -------------------------------------------------------------------    -------------------
                         (clock ap_clk rise edge)     0.000     0.000 r  
                                                      0.000     0.000 r  ap_clk (IN)
                         net (fo=1195, unset)         0.041     0.041    bd_0_i/hls_inst/inst/regslice_both_input_r_U/ap_clk
                         FDRE                                         r  bd_0_i/hls_inst/inst/regslice_both_input_r_U/data_p1_reg[0]/C
  -------------------------------------------------------------------    -------------------
                         FDRE (Prop_FDRE_C_Q)         0.114     0.155 r  bd_0_i/hls_inst/inst/regslice_both_input_r_U/data_p1_reg[0]/Q
                         net (fo=4, unplaced)         0.166     0.321    bd_0_i/hls_inst/inst/regslice_both_input_r_U/data_p1_reg[15]_0[0]
                         LUT2 (Prop_LUT2_I1_O)        0.058     0.379 r  bd_0_i/hls_inst/inst/regslice_both_input_r_U/tmp_product_i_60__0/O
                         net (fo=1, unplaced)         0.025     0.404    bd_0_i/hls_inst/inst/regslice_both_input_r_U/tmp_product_i_60__0_n_3
                         CARRY8 (Prop_CARRY8_S[0]_CO[7])
                                                      0.289     0.693 r  bd_0_i/hls_inst/inst/regslice_both_input_r_U/tmp_product_i_16__0/CO[7]
                         net (fo=1, unplaced)         0.006     0.699    bd_0_i/hls_inst/inst/regslice_both_input_r_U/tmp_product_i_16__0_n_3
                         CARRY8 (Prop_CARRY8_CI_O[7])
                                                      0.171     0.870 f  bd_0_i/hls_inst/inst/regslice_both_input_r_U/tmp_product_i_15__0/O[7]
                         net (fo=30, unplaced)        0.264     1.134    bd_0_i/hls_inst/inst/mul_16s_10s_25_1_1_U15/tmp_product/A[15]
                         DSP_A_B_DATA (Prop_DSP_A_B_DATA_A[15]_A2_DATA[15])
                                                      0.258     1.392 r  bd_0_i/hls_inst/inst/mul_16s_10s_25_1_1_U15/tmp_product/DSP_A_B_DATA_INST/A2_DATA[15]
                         net (fo=1, unplaced)         0.000     1.392    bd_0_i/hls_inst/inst/mul_16s_10s_25_1_1_U15/tmp_product/DSP_A_B_DATA.A2_DATA<15>
                         DSP_PREADD_DATA (Prop_DSP_PREADD_DATA_A2_DATA[15]_A2A1[15])
                                                      0.114     1.506 r  bd_0_i/hls_inst/inst/mul_16s_10s_25_1_1_U15/tmp_product/DSP_PREADD_DATA_INST/A2A1[15]
                         net (fo=1, unplaced)         0.000     1.506    bd_0_i/hls_inst/inst/mul_16s_10s_25_1_1_U15/tmp_product/DSP_PREADD_DATA.A2A1<15>
                         DSP_MULTIPLIER (Prop_DSP_MULTIPLIER_A2A1[15]_V[15])
                                                      0.699     2.205 f  bd_0_i/hls_inst/inst/mul_16s_10s_25_1_1_U15/tmp_product/DSP_MULTIPLIER_INST/V[15]
                         net (fo=1, unplaced)         0.000     2.205    bd_0_i/hls_inst/inst/mul_16s_10s_25_1_1_U15/tmp_product/DSP_MULTIPLIER.V<15>
                         DSP_M_DATA (Prop_DSP_M_DATA_V[15]_V_DATA[15])
                                                      0.065     2.270 r  bd_0_i/hls_inst/inst/mul_16s_10s_25_1_1_U15/tmp_product/DSP_M_DATA_INST/V_DATA[15]
                         net (fo=1, unplaced)         0.000     2.270    bd_0_i/hls_inst/inst/mul_16s_10s_25_1_1_U15/tmp_product/DSP_M_DATA.V_DATA<15>
                         DSP_ALU (Prop_DSP_ALU_V_DATA[15]_ALU_OUT[15])
                                                      0.722     2.992 f  bd_0_i/hls_inst/inst/mul_16s_10s_25_1_1_U15/tmp_product/DSP_ALU_INST/ALU_OUT[15]
                         net (fo=1, unplaced)         0.000     2.992    bd_0_i/hls_inst/inst/mul_16s_10s_25_1_1_U15/tmp_product/DSP_ALU.ALU_OUT<15>
                         DSP_OUTPUT (Prop_DSP_OUTPUT_ALU_OUT[15]_P[15])
                                                      0.146     3.138 r  bd_0_i/hls_inst/inst/mul_16s_10s_25_1_1_U15/tmp_product/DSP_OUTPUT_INST/P[15]
                         net (fo=2, unplaced)         0.259     3.397    bd_0_i/hls_inst/inst/mul_16s_10s_25_1_1_U15/tmp_product_n_93
                         LUT2 (Prop_LUT2_I0_O)        0.084     3.481 r  bd_0_i/hls_inst/inst/mul_16s_10s_25_1_1_U15/data_p2[7]_i_29/O
                         net (fo=1, unplaced)         0.029     3.510    bd_0_i/hls_inst/inst/mul_16s_10s_25_1_1_U15/data_p2[7]_i_29_n_3
                         CARRY8 (Prop_CARRY8_S[7]_CO[7])
                                                      0.183     3.693 r  bd_0_i/hls_inst/inst/mul_16s_10s_25_1_1_U15/data_p2_reg[7]_i_19/CO[7]
                         net (fo=1, unplaced)         0.006     3.699    bd_0_i/hls_inst/inst/mul_16s_10s_25_1_1_U15/data_p2_reg[7]_i_19_n_3
                         CARRY8 (Prop_CARRY8_CI_O[1])
                                                      0.106     3.805 r  bd_0_i/hls_inst/inst/mul_16s_10s_25_1_1_U15/data_p2_reg[7]_i_18/O[1]
                         net (fo=1, unplaced)         0.209     4.014    bd_0_i/hls_inst/inst/mul_16s_9s_24_1_1_U14/O[1]
                         LUT5 (Prop_LUT5_I4_O)        0.057     4.071 r  bd_0_i/hls_inst/inst/mul_16s_9s_24_1_1_U14/data_p2[7]_i_16/O
                         net (fo=1, unplaced)         0.030     4.101    bd_0_i/hls_inst/inst/regslice_both_input_r_U/S[1]
                         CARRY8 (Prop_CARRY8_S[1]_CO[7])
                                                      0.275     4.376 r  bd_0_i/hls_inst/inst/regslice_both_input_r_U/data_p2_reg[7]_i_1/CO[7]
                         net (fo=1, unplaced)         0.006     4.382    bd_0_i/hls_inst/inst/regslice_both_input_r_U/data_p2_reg[7]_i_1_n_3
                         CARRY8 (Prop_CARRY8_CI_O[1])
                                                      0.106     4.488 r  bd_0_i/hls_inst/inst/regslice_both_input_r_U/data_p2_reg[15]_i_2/O[1]
                         net (fo=2, unplaced)         0.209     4.697    bd_0_i/hls_inst/inst/regslice_both_output_r_U/data_p2_reg[15]_0[9]
                         LUT4 (Prop_LUT4_I3_O)        0.058     4.755 r  bd_0_i/hls_inst/inst/regslice_both_output_r_U/data_p1[9]_i_1/O
                         net (fo=1, unplaced)         0.067     4.822    bd_0_i/hls_inst/inst/regslice_both_output_r_U/data_p1[9]_i_1_n_3
                         FDRE                                         r  bd_0_i/hls_inst/inst/regslice_both_output_r_U/data_p1_reg[9]/D
  -------------------------------------------------------------------    -------------------

                         (clock ap_clk rise edge)    10.000    10.000 r  
                                                      0.000    10.000 r  ap_clk (IN)
                         net (fo=1195, unset)         0.029    10.029    bd_0_i/hls_inst/inst/regslice_both_output_r_U/ap_clk
                         FDRE                                         r  bd_0_i/hls_inst/inst/regslice_both_output_r_U/data_p1_reg[9]/C
                         clock pessimism              0.000    10.029    
                         clock uncertainty           -0.035     9.994    
                         FDRE (Setup_FDRE_C_D)        0.044    10.038    bd_0_i/hls_inst/inst/regslice_both_output_r_U/data_p1_reg[9]
  -------------------------------------------------------------------
                         required time                         10.038    
                         arrival time                          -4.822    
  -------------------------------------------------------------------
                         slack                                  5.216    

Slack (MET) :             5.223ns  (required time - arrival time)
  Source:                 bd_0_i/hls_inst/inst/regslice_both_input_r_U/data_p1_reg[0]/C
                            (rising edge-triggered cell FDRE clocked by ap_clk  {rise@0.000ns fall@5.000ns period=10.000ns})
  Destination:            bd_0_i/hls_inst/inst/regslice_both_output_r_U/data_p1_reg[14]/D
                            (rising edge-triggered cell FDRE clocked by ap_clk  {rise@0.000ns fall@5.000ns period=10.000ns})
  Path Group:             ap_clk
  Path Type:              Setup (Max at Slow Process Corner)
  Requirement:            10.000ns  (ap_clk rise@10.000ns - ap_clk rise@0.000ns)
  Data Path Delay:        4.774ns  (logic 3.556ns (74.487%)  route 1.218ns (25.513%))
  Logic Levels:           16  (CARRY8=6 DSP_A_B_DATA=1 DSP_ALU=1 DSP_M_DATA=1 DSP_MULTIPLIER=1 DSP_OUTPUT=1 DSP_PREADD_DATA=1 LUT2=2 LUT4=1 LUT5=1)
  Clock Path Skew:        -0.012ns (DCD - SCD + CPR)
    Destination Clock Delay (DCD):    0.029ns = ( 10.029 - 10.000 ) 
    Source Clock Delay      (SCD):    0.041ns
    Clock Pessimism Removal (CPR):    0.000ns
  Clock Uncertainty:      0.035ns  ((TSJ^2 + TIJ^2)^1/2 + DJ) / 2 + PE
    Total System Jitter     (TSJ):    0.071ns
    Total Input Jitter      (TIJ):    0.000ns
    Discrete Jitter          (DJ):    0.000ns
    Phase Error              (PE):    0.000ns

    Location             Delay type                Incr(ns)  Path(ns)    Netlist Resource(s)
  -------------------------------------------------------------------    -------------------
                         (clock ap_clk rise edge)     0.000     0.000 r  
                                                      0.000     0.000 r  ap_clk (IN)
                         net (fo=1195, unset)         0.041     0.041    bd_0_i/hls_inst/inst/regslice_both_input_r_U/ap_clk
                         FDRE                                         r  bd_0_i/hls_inst/inst/regslice_both_input_r_U/data_p1_reg[0]/C
  -------------------------------------------------------------------    -------------------
                         FDRE (Prop_FDRE_C_Q)         0.114     0.155 r  bd_0_i/hls_inst/inst/regslice_both_input_r_U/data_p1_reg[0]/Q
                         net (fo=4, unplaced)         0.166     0.321    bd_0_i/hls_inst/inst/regslice_both_input_r_U/data_p1_reg[15]_0[0]
                         LUT2 (Prop_LUT2_I1_O)        0.058     0.379 r  bd_0_i/hls_inst/inst/regslice_both_input_r_U/tmp_product_i_60__0/O
                         net (fo=1, unplaced)         0.025     0.404    bd_0_i/hls_inst/inst/regslice_both_input_r_U/tmp_product_i_60__0_n_3
                         CARRY8 (Prop_CARRY8_S[0]_CO[7])
                                                      0.289     0.693 r  bd_0_i/hls_inst/inst/regslice_both_input_r_U/tmp_product_i_16__0/CO[7]
                         net (fo=1, unplaced)         0.006     0.699    bd_0_i/hls_inst/inst/regslice_both_input_r_U/tmp_product_i_16__0_n_3
                         CARRY8 (Prop_CARRY8_CI_O[7])
                                                      0.171     0.870 f  bd_0_i/hls_inst/inst/regslice_both_input_r_U/tmp_product_i_15__0/O[7]
                         net (fo=30, unplaced)        0.264     1.134    bd_0_i/hls_inst/inst/mul_16s_10s_25_1_1_U15/tmp_product/A[15]
                         DSP_A_B_DATA (Prop_DSP_A_B_DATA_A[15]_A2_DATA[15])
                                                      0.258     1.392 r  bd_0_i/hls_inst/inst/mul_16s_10s_25_1_1_U15/tmp_product/DSP_A_B_DATA_INST/A2_DATA[15]
                         net (fo=1, unplaced)         0.000     1.392    bd_0_i/hls_inst/inst/mul_16s_10s_25_1_1_U15/tmp_product/DSP_A_B_DATA.A2_DATA<15>
                         DSP_PREADD_DATA (Prop_DSP_PREADD_DATA_A2_DATA[15]_A2A1[15])
                                                      0.114     1.506 r  bd_0_i/hls_inst/inst/mul_16s_10s_25_1_1_U15/tmp_product/DSP_PREADD_DATA_INST/A2A1[15]
                         net (fo=1, unplaced)         0.000     1.506    bd_0_i/hls_inst/inst/mul_16s_10s_25_1_1_U15/tmp_product/DSP_PREADD_DATA.A2A1<15>
                         DSP_MULTIPLIER (Prop_DSP_MULTIPLIER_A2A1[15]_V[15])
                                                      0.699     2.205 f  bd_0_i/hls_inst/inst/mul_16s_10s_25_1_1_U15/tmp_product/DSP_MULTIPLIER_INST/V[15]
                         net (fo=1, unplaced)         0.000     2.205    bd_0_i/hls_inst/inst/mul_16s_10s_25_1_1_U15/tmp_product/DSP_MULTIPLIER.V<15>
                         DSP_M_DATA (Prop_DSP_M_DATA_V[15]_V_DATA[15])
                                                      0.065     2.270 r  bd_0_i/hls_inst/inst/mul_16s_10s_25_1_1_U15/tmp_product/DSP_M_DATA_INST/V_DATA[15]
                         net (fo=1, unplaced)         0.000     2.270    bd_0_i/hls_inst/inst/mul_16s_10s_25_1_1_U15/tmp_product/DSP_M_DATA.V_DATA<15>
                         DSP_ALU (Prop_DSP_ALU_V_DATA[15]_ALU_OUT[15])
                                                      0.722     2.992 f  bd_0_i/hls_inst/inst/mul_16s_10s_25_1_1_U15/tmp_product/DSP_ALU_INST/ALU_OUT[15]
                         net (fo=1, unplaced)         0.000     2.992    bd_0_i/hls_inst/inst/mul_16s_10s_25_1_1_U15/tmp_product/DSP_ALU.ALU_OUT<15>
                         DSP_OUTPUT (Prop_DSP_OUTPUT_ALU_OUT[15]_P[15])
                                                      0.146     3.138 r  bd_0_i/hls_inst/inst/mul_16s_10s_25_1_1_U15/tmp_product/DSP_OUTPUT_INST/P[15]
                         net (fo=2, unplaced)         0.259     3.397    bd_0_i/hls_inst/inst/mul_16s_10s_25_1_1_U15/tmp_product_n_93
                         LUT2 (Prop_LUT2_I0_O)        0.084     3.481 r  bd_0_i/hls_inst/inst/mul_16s_10s_25_1_1_U15/data_p2[7]_i_29/O
                         net (fo=1, unplaced)         0.029     3.510    bd_0_i/hls_inst/inst/mul_16s_10s_25_1_1_U15/data_p2[7]_i_29_n_3
                         CARRY8 (Prop_CARRY8_S[7]_CO[7])
                                                      0.183     3.693 r  bd_0_i/hls_inst/inst/mul_16s_10s_25_1_1_U15/data_p2_reg[7]_i_19/CO[7]
                         net (fo=1, unplaced)         0.006     3.699    bd_0_i/hls_inst/inst/mul_16s_10s_25_1_1_U15/data_p2_reg[7]_i_19_n_3
                         CARRY8 (Prop_CARRY8_CI_O[1])
                                                      0.106     3.805 r  bd_0_i/hls_inst/inst/mul_16s_10s_25_1_1_U15/data_p2_reg[7]_i_18/O[1]
                         net (fo=1, unplaced)         0.209     4.014    bd_0_i/hls_inst/inst/mul_16s_9s_24_1_1_U14/O[1]
                         LUT5 (Prop_LUT5_I4_O)        0.057     4.071 r  bd_0_i/hls_inst/inst/mul_16s_9s_24_1_1_U14/data_p2[7]_i_16/O
                         net (fo=1, unplaced)         0.030     4.101    bd_0_i/hls_inst/inst/regslice_both_input_r_U/S[1]
                         CARRY8 (Prop_CARRY8_S[1]_CO[7])
                                                      0.275     4.376 r  bd_0_i/hls_inst/inst/regslice_both_input_r_U/data_p2_reg[7]_i_1/CO[7]
                         net (fo=1, unplaced)         0.006     4.382    bd_0_i/hls_inst/inst/regslice_both_input_r_U/data_p2_reg[7]_i_1_n_3
                         CARRY8 (Prop_CARRY8_CI_O[6])
                                                      0.157     4.539 r  bd_0_i/hls_inst/inst/regslice_both_input_r_U/data_p2_reg[15]_i_2/O[6]
                         net (fo=2, unplaced)         0.151     4.690    bd_0_i/hls_inst/inst/regslice_both_output_r_U/data_p2_reg[15]_0[14]
                         LUT4 (Prop_LUT4_I3_O)        0.058     4.748 r  bd_0_i/hls_inst/inst/regslice_both_output_r_U/data_p1[14]_i_1/O
                         net (fo=1, unplaced)         0.067     4.815    bd_0_i/hls_inst/inst/regslice_both_output_r_U/data_p1[14]_i_1_n_3
                         FDRE                                         r  bd_0_i/hls_inst/inst/regslice_both_output_r_U/data_p1_reg[14]/D
  -------------------------------------------------------------------    -------------------

                         (clock ap_clk rise edge)    10.000    10.000 r  
                                                      0.000    10.000 r  ap_clk (IN)
                         net (fo=1195, unset)         0.029    10.029    bd_0_i/hls_inst/inst/regslice_both_output_r_U/ap_clk
                         FDRE                                         r  bd_0_i/hls_inst/inst/regslice_both_output_r_U/data_p1_reg[14]/C
                         clock pessimism              0.000    10.029    
                         clock uncertainty           -0.035     9.994    
                         FDRE (Setup_FDRE_C_D)        0.044    10.038    bd_0_i/hls_inst/inst/regslice_both_output_r_U/data_p1_reg[14]
  -------------------------------------------------------------------
                         required time                         10.038    
                         arrival time                          -4.815    
  -------------------------------------------------------------------
                         slack                                  5.223    

Slack (MET) :             5.227ns  (required time - arrival time)
  Source:                 bd_0_i/hls_inst/inst/regslice_both_input_r_U/data_p1_reg[0]/C
                            (rising edge-triggered cell FDRE clocked by ap_clk  {rise@0.000ns fall@5.000ns period=10.000ns})
  Destination:            bd_0_i/hls_inst/inst/regslice_both_output_r_U/data_p1_reg[10]/D
                            (rising edge-triggered cell FDRE clocked by ap_clk  {rise@0.000ns fall@5.000ns period=10.000ns})
  Path Group:             ap_clk
  Path Type:              Setup (Max at Slow Process Corner)
  Requirement:            10.000ns  (ap_clk rise@10.000ns - ap_clk rise@0.000ns)
  Data Path Delay:        4.770ns  (logic 3.492ns (73.208%)  route 1.278ns (26.792%))
  Logic Levels:           16  (CARRY8=6 DSP_A_B_DATA=1 DSP_ALU=1 DSP_M_DATA=1 DSP_MULTIPLIER=1 DSP_OUTPUT=1 DSP_PREADD_DATA=1 LUT2=2 LUT4=1 LUT5=1)
  Clock Path Skew:        -0.012ns (DCD - SCD + CPR)
    Destination Clock Delay (DCD):    0.029ns = ( 10.029 - 10.000 ) 
    Source Clock Delay      (SCD):    0.041ns
    Clock Pessimism Removal (CPR):    0.000ns
  Clock Uncertainty:      0.035ns  ((TSJ^2 + TIJ^2)^1/2 + DJ) / 2 + PE
    Total System Jitter     (TSJ):    0.071ns
    Total Input Jitter      (TIJ):    0.000ns
    Discrete Jitter          (DJ):    0.000ns
    Phase Error              (PE):    0.000ns

    Location             Delay type                Incr(ns)  Path(ns)    Netlist Resource(s)
  -------------------------------------------------------------------    -------------------
                         (clock ap_clk rise edge)     0.000     0.000 r  
                                                      0.000     0.000 r  ap_clk (IN)
                         net (fo=1195, unset)         0.041     0.041    bd_0_i/hls_inst/inst/regslice_both_input_r_U/ap_clk
                         FDRE                                         r  bd_0_i/hls_inst/inst/regslice_both_input_r_U/data_p1_reg[0]/C
  -------------------------------------------------------------------    -------------------
                         FDRE (Prop_FDRE_C_Q)         0.114     0.155 r  bd_0_i/hls_inst/inst/regslice_both_input_r_U/data_p1_reg[0]/Q
                         net (fo=4, unplaced)         0.166     0.321    bd_0_i/hls_inst/inst/regslice_both_input_r_U/data_p1_reg[15]_0[0]
                         LUT2 (Prop_LUT2_I1_O)        0.058     0.379 r  bd_0_i/hls_inst/inst/regslice_both_input_r_U/tmp_product_i_60__0/O
                         net (fo=1, unplaced)         0.025     0.404    bd_0_i/hls_inst/inst/regslice_both_input_r_U/tmp_product_i_60__0_n_3
                         CARRY8 (Prop_CARRY8_S[0]_CO[7])
                                                      0.289     0.693 r  bd_0_i/hls_inst/inst/regslice_both_input_r_U/tmp_product_i_16__0/CO[7]
                         net (fo=1, unplaced)         0.006     0.699    bd_0_i/hls_inst/inst/regslice_both_input_r_U/tmp_product_i_16__0_n_3
                         CARRY8 (Prop_CARRY8_CI_O[7])
                                                      0.171     0.870 f  bd_0_i/hls_inst/inst/regslice_both_input_r_U/tmp_product_i_15__0/O[7]
                         net (fo=30, unplaced)        0.264     1.134    bd_0_i/hls_inst/inst/mul_16s_10s_25_1_1_U15/tmp_product/A[15]
                         DSP_A_B_DATA (Prop_DSP_A_B_DATA_A[15]_A2_DATA[15])
                                                      0.258     1.392 r  bd_0_i/hls_inst/inst/mul_16s_10s_25_1_1_U15/tmp_product/DSP_A_B_DATA_INST/A2_DATA[15]
                         net (fo=1, unplaced)         0.000     1.392    bd_0_i/hls_inst/inst/mul_16s_10s_25_1_1_U15/tmp_product/DSP_A_B_DATA.A2_DATA<15>
                         DSP_PREADD_DATA (Prop_DSP_PREADD_DATA_A2_DATA[15]_A2A1[15])
                                                      0.114     1.506 r  bd_0_i/hls_inst/inst/mul_16s_10s_25_1_1_U15/tmp_product/DSP_PREADD_DATA_INST/A2A1[15]
                         net (fo=1, unplaced)         0.000     1.506    bd_0_i/hls_inst/inst/mul_16s_10s_25_1_1_U15/tmp_product/DSP_PREADD_DATA.A2A1<15>
                         DSP_MULTIPLIER (Prop_DSP_MULTIPLIER_A2A1[15]_V[15])
                                                      0.699     2.205 f  bd_0_i/hls_inst/inst/mul_16s_10s_25_1_1_U15/tmp_product/DSP_MULTIPLIER_INST/V[15]
                         net (fo=1, unplaced)         0.000     2.205    bd_0_i/hls_inst/inst/mul_16s_10s_25_1_1_U15/tmp_product/DSP_MULTIPLIER.V<15>
                         DSP_M_DATA (Prop_DSP_M_DATA_V[15]_V_DATA[15])
                                                      0.065     2.270 r  bd_0_i/hls_inst/inst/mul_16s_10s_25_1_1_U15/tmp_product/DSP_M_DATA_INST/V_DATA[15]
                         net (fo=1, unplaced)         0.000     2.270    bd_0_i/hls_inst/inst/mul_16s_10s_25_1_1_U15/tmp_product/DSP_M_DATA.V_DATA<15>
                         DSP_ALU (Prop_DSP_ALU_V_DATA[15]_ALU_OUT[15])
                                                      0.722     2.992 f  bd_0_i/hls_inst/inst/mul_16s_10s_25_1_1_U15/tmp_product/DSP_ALU_INST/ALU_OUT[15]
                         net (fo=1, unplaced)         0.000     2.992    bd_0_i/hls_inst/inst/mul_16s_10s_25_1_1_U15/tmp_product/DSP_ALU.ALU_OUT<15>
                         DSP_OUTPUT (Prop_DSP_OUTPUT_ALU_OUT[15]_P[15])
                                                      0.146     3.138 r  bd_0_i/hls_inst/inst/mul_16s_10s_25_1_1_U15/tmp_product/DSP_OUTPUT_INST/P[15]
                         net (fo=2, unplaced)         0.259     3.397    bd_0_i/hls_inst/inst/mul_16s_10s_25_1_1_U15/tmp_product_n_93
                         LUT2 (Prop_LUT2_I0_O)        0.084     3.481 r  bd_0_i/hls_inst/inst/mul_16s_10s_25_1_1_U15/data_p2[7]_i_29/O
                         net (fo=1, unplaced)         0.029     3.510    bd_0_i/hls_inst/inst/mul_16s_10s_25_1_1_U15/data_p2[7]_i_29_n_3
                         CARRY8 (Prop_CARRY8_S[7]_CO[7])
                                                      0.183     3.693 r  bd_0_i/hls_inst/inst/mul_16s_10s_25_1_1_U15/data_p2_reg[7]_i_19/CO[7]
                         net (fo=1, unplaced)         0.006     3.699    bd_0_i/hls_inst/inst/mul_16s_10s_25_1_1_U15/data_p2_reg[7]_i_19_n_3
                         CARRY8 (Prop_CARRY8_CI_O[1])
                                                      0.106     3.805 r  bd_0_i/hls_inst/inst/mul_16s_10s_25_1_1_U15/data_p2_reg[7]_i_18/O[1]
                         net (fo=1, unplaced)         0.209     4.014    bd_0_i/hls_inst/inst/mul_16s_9s_24_1_1_U14/O[1]
                         LUT5 (Prop_LUT5_I4_O)        0.057     4.071 r  bd_0_i/hls_inst/inst/mul_16s_9s_24_1_1_U14/data_p2[7]_i_16/O
                         net (fo=1, unplaced)         0.030     4.101    bd_0_i/hls_inst/inst/regslice_both_input_r_U/S[1]
                         CARRY8 (Prop_CARRY8_S[1]_CO[7])
                                                      0.275     4.376 r  bd_0_i/hls_inst/inst/regslice_both_input_r_U/data_p2_reg[7]_i_1/CO[7]
                         net (fo=1, unplaced)         0.006     4.382    bd_0_i/hls_inst/inst/regslice_both_input_r_U/data_p2_reg[7]_i_1_n_3
                         CARRY8 (Prop_CARRY8_CI_O[2])
                                                      0.093     4.475 r  bd_0_i/hls_inst/inst/regslice_both_input_r_U/data_p2_reg[15]_i_2/O[2]
                         net (fo=2, unplaced)         0.211     4.686    bd_0_i/hls_inst/inst/regslice_both_output_r_U/data_p2_reg[15]_0[10]
                         LUT4 (Prop_LUT4_I3_O)        0.058     4.744 r  bd_0_i/hls_inst/inst/regslice_both_output_r_U/data_p1[10]_i_1/O
                         net (fo=1, unplaced)         0.067     4.811    bd_0_i/hls_inst/inst/regslice_both_output_r_U/data_p1[10]_i_1_n_3
                         FDRE                                         r  bd_0_i/hls_inst/inst/regslice_both_output_r_U/data_p1_reg[10]/D
  -------------------------------------------------------------------    -------------------

                         (clock ap_clk rise edge)    10.000    10.000 r  
                                                      0.000    10.000 r  ap_clk (IN)
                         net (fo=1195, unset)         0.029    10.029    bd_0_i/hls_inst/inst/regslice_both_output_r_U/ap_clk
                         FDRE                                         r  bd_0_i/hls_inst/inst/regslice_both_output_r_U/data_p1_reg[10]/C
                         clock pessimism              0.000    10.029    
                         clock uncertainty           -0.035     9.994    
                         FDRE (Setup_FDRE_C_D)        0.044    10.038    bd_0_i/hls_inst/inst/regslice_both_output_r_U/data_p1_reg[10]
  -------------------------------------------------------------------
                         required time                         10.038    
                         arrival time                          -4.811    
  -------------------------------------------------------------------
                         slack                                  5.227    

Slack (MET) :             5.242ns  (required time - arrival time)
  Source:                 bd_0_i/hls_inst/inst/regslice_both_input_r_U/data_p1_reg[0]/C
                            (rising edge-triggered cell FDRE clocked by ap_clk  {rise@0.000ns fall@5.000ns period=10.000ns})
  Destination:            bd_0_i/hls_inst/inst/regslice_both_output_r_U/data_p1_reg[8]/D
                            (rising edge-triggered cell FDRE clocked by ap_clk  {rise@0.000ns fall@5.000ns period=10.000ns})
  Path Group:             ap_clk
  Path Type:              Setup (Max at Slow Process Corner)
  Requirement:            10.000ns  (ap_clk rise@10.000ns - ap_clk rise@0.000ns)
  Data Path Delay:        4.755ns  (logic 3.477ns (73.123%)  route 1.278ns (26.877%))
  Logic Levels:           16  (CARRY8=6 DSP_A_B_DATA=1 DSP_ALU=1 DSP_M_DATA=1 DSP_MULTIPLIER=1 DSP_OUTPUT=1 DSP_PREADD_DATA=1 LUT2=2 LUT4=1 LUT5=1)
  Clock Path Skew:        -0.012ns (DCD - SCD + CPR)
    Destination Clock Delay (DCD):    0.029ns = ( 10.029 - 10.000 ) 
    Source Clock Delay      (SCD):    0.041ns
    Clock Pessimism Removal (CPR):    0.000ns
  Clock Uncertainty:      0.035ns  ((TSJ^2 + TIJ^2)^1/2 + DJ) / 2 + PE
    Total System Jitter     (TSJ):    0.071ns
    Total Input Jitter      (TIJ):    0.000ns
    Discrete Jitter          (DJ):    0.000ns
    Phase Error              (PE):    0.000ns

    Location             Delay type                Incr(ns)  Path(ns)    Netlist Resource(s)
  -------------------------------------------------------------------    -------------------
                         (clock ap_clk rise edge)     0.000     0.000 r  
                                                      0.000     0.000 r  ap_clk (IN)
                         net (fo=1195, unset)         0.041     0.041    bd_0_i/hls_inst/inst/regslice_both_input_r_U/ap_clk
                         FDRE                                         r  bd_0_i/hls_inst/inst/regslice_both_input_r_U/data_p1_reg[0]/C
  -------------------------------------------------------------------    -------------------
                         FDRE (Prop_FDRE_C_Q)         0.114     0.155 r  bd_0_i/hls_inst/inst/regslice_both_input_r_U/data_p1_reg[0]/Q
                         net (fo=4, unplaced)         0.166     0.321    bd_0_i/hls_inst/inst/regslice_both_input_r_U/data_p1_reg[15]_0[0]
                         LUT2 (Prop_LUT2_I1_O)        0.058     0.379 r  bd_0_i/hls_inst/inst/regslice_both_input_r_U/tmp_product_i_60__0/O
                         net (fo=1, unplaced)         0.025     0.404    bd_0_i/hls_inst/inst/regslice_both_input_r_U/tmp_product_i_60__0_n_3
                         CARRY8 (Prop_CARRY8_S[0]_CO[7])
                                                      0.289     0.693 r  bd_0_i/hls_inst/inst/regslice_both_input_r_U/tmp_product_i_16__0/CO[7]
                         net (fo=1, unplaced)         0.006     0.699    bd_0_i/hls_inst/inst/regslice_both_input_r_U/tmp_product_i_16__0_n_3
                         CARRY8 (Prop_CARRY8_CI_O[7])
                                                      0.171     0.870 f  bd_0_i/hls_inst/inst/regslice_both_input_r_U/tmp_product_i_15__0/O[7]
                         net (fo=30, unplaced)        0.264     1.134    bd_0_i/hls_inst/inst/mul_16s_10s_25_1_1_U15/tmp_product/A[15]
                         DSP_A_B_DATA (Prop_DSP_A_B_DATA_A[15]_A2_DATA[15])
                                                      0.258     1.392 r  bd_0_i/hls_inst/inst/mul_16s_10s_25_1_1_U15/tmp_product/DSP_A_B_DATA_INST/A2_DATA[15]
                         net (fo=1, unplaced)         0.000     1.392    bd_0_i/hls_inst/inst/mul_16s_10s_25_1_1_U15/tmp_product/DSP_A_B_DATA.A2_DATA<15>
                         DSP_PREADD_DATA (Prop_DSP_PREADD_DATA_A2_DATA[15]_A2A1[15])
                                                      0.114     1.506 r  bd_0_i/hls_inst/inst/mul_16s_10s_25_1_1_U15/tmp_product/DSP_PREADD_DATA_INST/A2A1[15]
                         net (fo=1, unplaced)         0.000     1.506    bd_0_i/hls_inst/inst/mul_16s_10s_25_1_1_U15/tmp_product/DSP_PREADD_DATA.A2A1<15>
                         DSP_MULTIPLIER (Prop_DSP_MULTIPLIER_A2A1[15]_V[15])
                                                      0.699     2.205 f  bd_0_i/hls_inst/inst/mul_16s_10s_25_1_1_U15/tmp_product/DSP_MULTIPLIER_INST/V[15]
                         net (fo=1, unplaced)         0.000     2.205    bd_0_i/hls_inst/inst/mul_16s_10s_25_1_1_U15/tmp_product/DSP_MULTIPLIER.V<15>
                         DSP_M_DATA (Prop_DSP_M_DATA_V[15]_V_DATA[15])
                                                      0.065     2.270 r  bd_0_i/hls_inst/inst/mul_16s_10s_25_1_1_U15/tmp_product/DSP_M_DATA_INST/V_DATA[15]
                         net (fo=1, unplaced)         0.000     2.270    bd_0_i/hls_inst/inst/mul_16s_10s_25_1_1_U15/tmp_product/DSP_M_DATA.V_DATA<15>
                         DSP_ALU (Prop_DSP_ALU_V_DATA[15]_ALU_OUT[15])
                                                      0.722     2.992 f  bd_0_i/hls_inst/inst/mul_16s_10s_25_1_1_U15/tmp_product/DSP_ALU_INST/ALU_OUT[15]
                         net (fo=1, unplaced)         0.000     2.992    bd_0_i/hls_inst/inst/mul_16s_10s_25_1_1_U15/tmp_product/DSP_ALU.ALU_OUT<15>
                         DSP_OUTPUT (Prop_DSP_OUTPUT_ALU_OUT[15]_P[15])
                                                      0.146     3.138 r  bd_0_i/hls_inst/inst/mul_16s_10s_25_1_1_U15/tmp_product/DSP_OUTPUT_INST/P[15]
                         net (fo=2, unplaced)         0.259     3.397    bd_0_i/hls_inst/inst/mul_16s_10s_25_1_1_U15/tmp_product_n_93
                         LUT2 (Prop_LUT2_I0_O)        0.084     3.481 r  bd_0_i/hls_inst/inst/mul_16s_10s_25_1_1_U15/data_p2[7]_i_29/O
                         net (fo=1, unplaced)         0.029     3.510    bd_0_i/hls_inst/inst/mul_16s_10s_25_1_1_U15/data_p2[7]_i_29_n_3
                         CARRY8 (Prop_CARRY8_S[7]_CO[7])
                                                      0.183     3.693 r  bd_0_i/hls_inst/inst/mul_16s_10s_25_1_1_U15/data_p2_reg[7]_i_19/CO[7]
                         net (fo=1, unplaced)         0.006     3.699    bd_0_i/hls_inst/inst/mul_16s_10s_25_1_1_U15/data_p2_reg[7]_i_19_n_3
                         CARRY8 (Prop_CARRY8_CI_O[1])
                                                      0.106     3.805 r  bd_0_i/hls_inst/inst/mul_16s_10s_25_1_1_U15/data_p2_reg[7]_i_18/O[1]
                         net (fo=1, unplaced)         0.209     4.014    bd_0_i/hls_inst/inst/mul_16s_9s_24_1_1_U14/O[1]
                         LUT5 (Prop_LUT5_I4_O)        0.057     4.071 r  bd_0_i/hls_inst/inst/mul_16s_9s_24_1_1_U14/data_p2[7]_i_16/O
                         net (fo=1, unplaced)         0.030     4.101    bd_0_i/hls_inst/inst/regslice_both_input_r_U/S[1]
                         CARRY8 (Prop_CARRY8_S[1]_CO[7])
                                                      0.275     4.376 r  bd_0_i/hls_inst/inst/regslice_both_input_r_U/data_p2_reg[7]_i_1/CO[7]
                         net (fo=1, unplaced)         0.006     4.382    bd_0_i/hls_inst/inst/regslice_both_input_r_U/data_p2_reg[7]_i_1_n_3
                         CARRY8 (Prop_CARRY8_CI_O[0])
                                                      0.078     4.460 r  bd_0_i/hls_inst/inst/regslice_both_input_r_U/data_p2_reg[15]_i_2/O[0]
                         net (fo=2, unplaced)         0.211     4.671    bd_0_i/hls_inst/inst/regslice_both_output_r_U/data_p2_reg[15]_0[8]
                         LUT4 (Prop_LUT4_I3_O)        0.058     4.729 r  bd_0_i/hls_inst/inst/regslice_both_output_r_U/data_p1[8]_i_1/O
                         net (fo=1, unplaced)         0.067     4.796    bd_0_i/hls_inst/inst/regslice_both_output_r_U/data_p1[8]_i_1_n_3
                         FDRE                                         r  bd_0_i/hls_inst/inst/regslice_both_output_r_U/data_p1_reg[8]/D
  -------------------------------------------------------------------    -------------------

                         (clock ap_clk rise edge)    10.000    10.000 r  
                                                      0.000    10.000 r  ap_clk (IN)
                         net (fo=1195, unset)         0.029    10.029    bd_0_i/hls_inst/inst/regslice_both_output_r_U/ap_clk
                         FDRE                                         r  bd_0_i/hls_inst/inst/regslice_both_output_r_U/data_p1_reg[8]/C
                         clock pessimism              0.000    10.029    
                         clock uncertainty           -0.035     9.994    
                         FDRE (Setup_FDRE_C_D)        0.044    10.038    bd_0_i/hls_inst/inst/regslice_both_output_r_U/data_p1_reg[8]
  -------------------------------------------------------------------
                         required time                         10.038    
                         arrival time                          -4.796    
  -------------------------------------------------------------------
                         slack                                  5.242    

Slack (MET) :             5.266ns  (required time - arrival time)
  Source:                 bd_0_i/hls_inst/inst/regslice_both_input_r_U/data_p1_reg[0]/C
                            (rising edge-triggered cell FDRE clocked by ap_clk  {rise@0.000ns fall@5.000ns period=10.000ns})
  Destination:            bd_0_i/hls_inst/inst/regslice_both_output_r_U/data_p1_reg[13]/D
                            (rising edge-triggered cell FDRE clocked by ap_clk  {rise@0.000ns fall@5.000ns period=10.000ns})
  Path Group:             ap_clk
  Path Type:              Setup (Max at Slow Process Corner)
  Requirement:            10.000ns  (ap_clk rise@10.000ns - ap_clk rise@0.000ns)
  Data Path Delay:        4.731ns  (logic 3.560ns (75.248%)  route 1.171ns (24.752%))
  Logic Levels:           16  (CARRY8=6 DSP_A_B_DATA=1 DSP_ALU=1 DSP_M_DATA=1 DSP_MULTIPLIER=1 DSP_OUTPUT=1 DSP_PREADD_DATA=1 LUT2=2 LUT4=1 LUT5=1)
  Clock Path Skew:        -0.012ns (DCD - SCD + CPR)
    Destination Clock Delay (DCD):    0.029ns = ( 10.029 - 10.000 ) 
    Source Clock Delay      (SCD):    0.041ns
    Clock Pessimism Removal (CPR):    0.000ns
  Clock Uncertainty:      0.035ns  ((TSJ^2 + TIJ^2)^1/2 + DJ) / 2 + PE
    Total System Jitter     (TSJ):    0.071ns
    Total Input Jitter      (TIJ):    0.000ns
    Discrete Jitter          (DJ):    0.000ns
    Phase Error              (PE):    0.000ns

    Location             Delay type                Incr(ns)  Path(ns)    Netlist Resource(s)
  -------------------------------------------------------------------    -------------------
                         (clock ap_clk rise edge)     0.000     0.000 r  
                                                      0.000     0.000 r  ap_clk (IN)
                         net (fo=1195, unset)         0.041     0.041    bd_0_i/hls_inst/inst/regslice_both_input_r_U/ap_clk
                         FDRE                                         r  bd_0_i/hls_inst/inst/regslice_both_input_r_U/data_p1_reg[0]/C
  -------------------------------------------------------------------    -------------------
                         FDRE (Prop_FDRE_C_Q)         0.114     0.155 r  bd_0_i/hls_inst/inst/regslice_both_input_r_U/data_p1_reg[0]/Q
                         net (fo=4, unplaced)         0.166     0.321    bd_0_i/hls_inst/inst/regslice_both_input_r_U/data_p1_reg[15]_0[0]
                         LUT2 (Prop_LUT2_I1_O)        0.058     0.379 r  bd_0_i/hls_inst/inst/regslice_both_input_r_U/tmp_product_i_60__0/O
                         net (fo=1, unplaced)         0.025     0.404    bd_0_i/hls_inst/inst/regslice_both_input_r_U/tmp_product_i_60__0_n_3
                         CARRY8 (Prop_CARRY8_S[0]_CO[7])
                                                      0.289     0.693 r  bd_0_i/hls_inst/inst/regslice_both_input_r_U/tmp_product_i_16__0/CO[7]
                         net (fo=1, unplaced)         0.006     0.699    bd_0_i/hls_inst/inst/regslice_both_input_r_U/tmp_product_i_16__0_n_3
                         CARRY8 (Prop_CARRY8_CI_O[7])
                                                      0.171     0.870 f  bd_0_i/hls_inst/inst/regslice_both_input_r_U/tmp_product_i_15__0/O[7]
                         net (fo=30, unplaced)        0.264     1.134    bd_0_i/hls_inst/inst/mul_16s_10s_25_1_1_U15/tmp_product/A[15]
                         DSP_A_B_DATA (Prop_DSP_A_B_DATA_A[15]_A2_DATA[15])
                                                      0.258     1.392 r  bd_0_i/hls_inst/inst/mul_16s_10s_25_1_1_U15/tmp_product/DSP_A_B_DATA_INST/A2_DATA[15]
                         net (fo=1, unplaced)         0.000     1.392    bd_0_i/hls_inst/inst/mul_16s_10s_25_1_1_U15/tmp_product/DSP_A_B_DATA.A2_DATA<15>
                         DSP_PREADD_DATA (Prop_DSP_PREADD_DATA_A2_DATA[15]_A2A1[15])
                                                      0.114     1.506 r  bd_0_i/hls_inst/inst/mul_16s_10s_25_1_1_U15/tmp_product/DSP_PREADD_DATA_INST/A2A1[15]
                         net (fo=1, unplaced)         0.000     1.506    bd_0_i/hls_inst/inst/mul_16s_10s_25_1_1_U15/tmp_product/DSP_PREADD_DATA.A2A1<15>
                         DSP_MULTIPLIER (Prop_DSP_MULTIPLIER_A2A1[15]_V[15])
                                                      0.699     2.205 f  bd_0_i/hls_inst/inst/mul_16s_10s_25_1_1_U15/tmp_product/DSP_MULTIPLIER_INST/V[15]
                         net (fo=1, unplaced)         0.000     2.205    bd_0_i/hls_inst/inst/mul_16s_10s_25_1_1_U15/tmp_product/DSP_MULTIPLIER.V<15>
                         DSP_M_DATA (Prop_DSP_M_DATA_V[15]_V_DATA[15])
                                                      0.065     2.270 r  bd_0_i/hls_inst/inst/mul_16s_10s_25_1_1_U15/tmp_product/DSP_M_DATA_INST/V_DATA[15]
                         net (fo=1, unplaced)         0.000     2.270    bd_0_i/hls_inst/inst/mul_16s_10s_25_1_1_U15/tmp_product/DSP_M_DATA.V_DATA<15>
                         DSP_ALU (Prop_DSP_ALU_V_DATA[15]_ALU_OUT[15])
                                                      0.722     2.992 f  bd_0_i/hls_inst/inst/mul_16s_10s_25_1_1_U15/tmp_product/DSP_ALU_INST/ALU_OUT[15]
                         net (fo=1, unplaced)         0.000     2.992    bd_0_i/hls_inst/inst/mul_16s_10s_25_1_1_U15/tmp_product/DSP_ALU.ALU_OUT<15>
                         DSP_OUTPUT (Prop_DSP_OUTPUT_ALU_OUT[15]_P[15])
                                                      0.146     3.138 r  bd_0_i/hls_inst/inst/mul_16s_10s_25_1_1_U15/tmp_product/DSP_OUTPUT_INST/P[15]
                         net (fo=2, unplaced)         0.259     3.397    bd_0_i/hls_inst/inst/mul_16s_10s_25_1_1_U15/tmp_product_n_93
                         LUT2 (Prop_LUT2_I0_O)        0.084     3.481 r  bd_0_i/hls_inst/inst/mul_16s_10s_25_1_1_U15/data_p2[7]_i_29/O
                         net (fo=1, unplaced)         0.029     3.510    bd_0_i/hls_inst/inst/mul_16s_10s_25_1_1_U15/data_p2[7]_i_29_n_3
                         CARRY8 (Prop_CARRY8_S[7]_CO[7])
                                                      0.183     3.693 r  bd_0_i/hls_inst/inst/mul_16s_10s_25_1_1_U15/data_p2_reg[7]_i_19/CO[7]
                         net (fo=1, unplaced)         0.006     3.699    bd_0_i/hls_inst/inst/mul_16s_10s_25_1_1_U15/data_p2_reg[7]_i_19_n_3
                         CARRY8 (Prop_CARRY8_CI_O[1])
                                                      0.106     3.805 r  bd_0_i/hls_inst/inst/mul_16s_10s_25_1_1_U15/data_p2_reg[7]_i_18/O[1]
                         net (fo=1, unplaced)         0.209     4.014    bd_0_i/hls_inst/inst/mul_16s_9s_24_1_1_U14/O[1]
                         LUT5 (Prop_LUT5_I4_O)        0.057     4.071 r  bd_0_i/hls_inst/inst/mul_16s_9s_24_1_1_U14/data_p2[7]_i_16/O
                         net (fo=1, unplaced)         0.030     4.101    bd_0_i/hls_inst/inst/regslice_both_input_r_U/S[1]
                         CARRY8 (Prop_CARRY8_S[1]_CO[7])
                                                      0.275     4.376 r  bd_0_i/hls_inst/inst/regslice_both_input_r_U/data_p2_reg[7]_i_1/CO[7]
                         net (fo=1, unplaced)         0.006     4.382    bd_0_i/hls_inst/inst/regslice_both_input_r_U/data_p2_reg[7]_i_1_n_3
                         CARRY8 (Prop_CARRY8_CI_O[5])
                                                      0.161     4.543 r  bd_0_i/hls_inst/inst/regslice_both_input_r_U/data_p2_reg[15]_i_2/O[5]
                         net (fo=2, unplaced)         0.104     4.647    bd_0_i/hls_inst/inst/regslice_both_output_r_U/data_p2_reg[15]_0[13]
                         LUT4 (Prop_LUT4_I3_O)        0.058     4.705 r  bd_0_i/hls_inst/inst/regslice_both_output_r_U/data_p1[13]_i_1/O
                         net (fo=1, unplaced)         0.067     4.772    bd_0_i/hls_inst/inst/regslice_both_output_r_U/data_p1[13]_i_1_n_3
                         FDRE                                         r  bd_0_i/hls_inst/inst/regslice_both_output_r_U/data_p1_reg[13]/D
  -------------------------------------------------------------------    -------------------

                         (clock ap_clk rise edge)    10.000    10.000 r  
                                                      0.000    10.000 r  ap_clk (IN)
                         net (fo=1195, unset)         0.029    10.029    bd_0_i/hls_inst/inst/regslice_both_output_r_U/ap_clk
                         FDRE                                         r  bd_0_i/hls_inst/inst/regslice_both_output_r_U/data_p1_reg[13]/C
                         clock pessimism              0.000    10.029    
                         clock uncertainty           -0.035     9.994    
                         FDRE (Setup_FDRE_C_D)        0.044    10.038    bd_0_i/hls_inst/inst/regslice_both_output_r_U/data_p1_reg[13]
  -------------------------------------------------------------------
                         required time                         10.038    
                         arrival time                          -4.772    
  -------------------------------------------------------------------
                         slack                                  5.266    

Slack (MET) :             5.317ns  (required time - arrival time)
  Source:                 bd_0_i/hls_inst/inst/regslice_both_input_r_U/data_p1_reg[0]/C
                            (rising edge-triggered cell FDRE clocked by ap_clk  {rise@0.000ns fall@5.000ns period=10.000ns})
  Destination:            bd_0_i/hls_inst/inst/regslice_both_output_r_U/data_p1_reg[11]/D
                            (rising edge-triggered cell FDRE clocked by ap_clk  {rise@0.000ns fall@5.000ns period=10.000ns})
  Path Group:             ap_clk
  Path Type:              Setup (Max at Slow Process Corner)
  Requirement:            10.000ns  (ap_clk rise@10.000ns - ap_clk rise@0.000ns)
  Data Path Delay:        4.680ns  (logic 3.513ns (75.064%)  route 1.167ns (24.936%))
  Logic Levels:           16  (CARRY8=6 DSP_A_B_DATA=1 DSP_ALU=1 DSP_M_DATA=1 DSP_MULTIPLIER=1 DSP_OUTPUT=1 DSP_PREADD_DATA=1 LUT2=2 LUT4=1 LUT5=1)
  Clock Path Skew:        -0.012ns (DCD - SCD + CPR)
    Destination Clock Delay (DCD):    0.029ns = ( 10.029 - 10.000 ) 
    Source Clock Delay      (SCD):    0.041ns
    Clock Pessimism Removal (CPR):    0.000ns
  Clock Uncertainty:      0.035ns  ((TSJ^2 + TIJ^2)^1/2 + DJ) / 2 + PE
    Total System Jitter     (TSJ):    0.071ns
    Total Input Jitter      (TIJ):    0.000ns
    Discrete Jitter          (DJ):    0.000ns
    Phase Error              (PE):    0.000ns

    Location             Delay type                Incr(ns)  Path(ns)    Netlist Resource(s)
  -------------------------------------------------------------------    -------------------
                         (clock ap_clk rise edge)     0.000     0.000 r  
                                                      0.000     0.000 r  ap_clk (IN)
                         net (fo=1195, unset)         0.041     0.041    bd_0_i/hls_inst/inst/regslice_both_input_r_U/ap_clk
                         FDRE                                         r  bd_0_i/hls_inst/inst/regslice_both_input_r_U/data_p1_reg[0]/C
  -------------------------------------------------------------------    -------------------
                         FDRE (Prop_FDRE_C_Q)         0.114     0.155 r  bd_0_i/hls_inst/inst/regslice_both_input_r_U/data_p1_reg[0]/Q
                         net (fo=4, unplaced)         0.166     0.321    bd_0_i/hls_inst/inst/regslice_both_input_r_U/data_p1_reg[15]_0[0]
                         LUT2 (Prop_LUT2_I1_O)        0.058     0.379 r  bd_0_i/hls_inst/inst/regslice_both_input_r_U/tmp_product_i_60__0/O
                         net (fo=1, unplaced)         0.025     0.404    bd_0_i/hls_inst/inst/regslice_both_input_r_U/tmp_product_i_60__0_n_3
                         CARRY8 (Prop_CARRY8_S[0]_CO[7])
                                                      0.289     0.693 r  bd_0_i/hls_inst/inst/regslice_both_input_r_U/tmp_product_i_16__0/CO[7]
                         net (fo=1, unplaced)         0.006     0.699    bd_0_i/hls_inst/inst/regslice_both_input_r_U/tmp_product_i_16__0_n_3
                         CARRY8 (Prop_CARRY8_CI_O[7])
                                                      0.171     0.870 f  bd_0_i/hls_inst/inst/regslice_both_input_r_U/tmp_product_i_15__0/O[7]
                         net (fo=30, unplaced)        0.264     1.134    bd_0_i/hls_inst/inst/mul_16s_10s_25_1_1_U15/tmp_product/A[15]
                         DSP_A_B_DATA (Prop_DSP_A_B_DATA_A[15]_A2_DATA[15])
                                                      0.258     1.392 r  bd_0_i/hls_inst/inst/mul_16s_10s_25_1_1_U15/tmp_product/DSP_A_B_DATA_INST/A2_DATA[15]
                         net (fo=1, unplaced)         0.000     1.392    bd_0_i/hls_inst/inst/mul_16s_10s_25_1_1_U15/tmp_product/DSP_A_B_DATA.A2_DATA<15>
                         DSP_PREADD_DATA (Prop_DSP_PREADD_DATA_A2_DATA[15]_A2A1[15])
                                                      0.114     1.506 r  bd_0_i/hls_inst/inst/mul_16s_10s_25_1_1_U15/tmp_product/DSP_PREADD_DATA_INST/A2A1[15]
                         net (fo=1, unplaced)         0.000     1.506    bd_0_i/hls_inst/inst/mul_16s_10s_25_1_1_U15/tmp_product/DSP_PREADD_DATA.A2A1<15>
                         DSP_MULTIPLIER (Prop_DSP_MULTIPLIER_A2A1[15]_V[15])
                                                      0.699     2.205 f  bd_0_i/hls_inst/inst/mul_16s_10s_25_1_1_U15/tmp_product/DSP_MULTIPLIER_INST/V[15]
                         net (fo=1, unplaced)         0.000     2.205    bd_0_i/hls_inst/inst/mul_16s_10s_25_1_1_U15/tmp_product/DSP_MULTIPLIER.V<15>
                         DSP_M_DATA (Prop_DSP_M_DATA_V[15]_V_DATA[15])
                                                      0.065     2.270 r  bd_0_i/hls_inst/inst/mul_16s_10s_25_1_1_U15/tmp_product/DSP_M_DATA_INST/V_DATA[15]
                         net (fo=1, unplaced)         0.000     2.270    bd_0_i/hls_inst/inst/mul_16s_10s_25_1_1_U15/tmp_product/DSP_M_DATA.V_DATA<15>
                         DSP_ALU (Prop_DSP_ALU_V_DATA[15]_ALU_OUT[15])
                                                      0.722     2.992 f  bd_0_i/hls_inst/inst/mul_16s_10s_25_1_1_U15/tmp_product/DSP_ALU_INST/ALU_OUT[15]
                         net (fo=1, unplaced)         0.000     2.992    bd_0_i/hls_inst/inst/mul_16s_10s_25_1_1_U15/tmp_product/DSP_ALU.ALU_OUT<15>
                         DSP_OUTPUT (Prop_DSP_OUTPUT_ALU_OUT[15]_P[15])
                                                      0.146     3.138 r  bd_0_i/hls_inst/inst/mul_16s_10s_25_1_1_U15/tmp_product/DSP_OUTPUT_INST/P[15]
                         net (fo=2, unplaced)         0.259     3.397    bd_0_i/hls_inst/inst/mul_16s_10s_25_1_1_U15/tmp_product_n_93
                         LUT2 (Prop_LUT2_I0_O)        0.084     3.481 r  bd_0_i/hls_inst/inst/mul_16s_10s_25_1_1_U15/data_p2[7]_i_29/O
                         net (fo=1, unplaced)         0.029     3.510    bd_0_i/hls_inst/inst/mul_16s_10s_25_1_1_U15/data_p2[7]_i_29_n_3
                         CARRY8 (Prop_CARRY8_S[7]_CO[7])
                                                      0.183     3.693 r  bd_0_i/hls_inst/inst/mul_16s_10s_25_1_1_U15/data_p2_reg[7]_i_19/CO[7]
                         net (fo=1, unplaced)         0.006     3.699    bd_0_i/hls_inst/inst/mul_16s_10s_25_1_1_U15/data_p2_reg[7]_i_19_n_3
                         CARRY8 (Prop_CARRY8_CI_O[1])
                                                      0.106     3.805 r  bd_0_i/hls_inst/inst/mul_16s_10s_25_1_1_U15/data_p2_reg[7]_i_18/O[1]
                         net (fo=1, unplaced)         0.209     4.014    bd_0_i/hls_inst/inst/mul_16s_9s_24_1_1_U14/O[1]
                         LUT5 (Prop_LUT5_I4_O)        0.057     4.071 r  bd_0_i/hls_inst/inst/mul_16s_9s_24_1_1_U14/data_p2[7]_i_16/O
                         net (fo=1, unplaced)         0.030     4.101    bd_0_i/hls_inst/inst/regslice_both_input_r_U/S[1]
                         CARRY8 (Prop_CARRY8_S[1]_CO[7])
                                                      0.275     4.376 r  bd_0_i/hls_inst/inst/regslice_both_input_r_U/data_p2_reg[7]_i_1/CO[7]
                         net (fo=1, unplaced)         0.006     4.382    bd_0_i/hls_inst/inst/regslice_both_input_r_U/data_p2_reg[7]_i_1_n_3
                         CARRY8 (Prop_CARRY8_CI_O[3])
                                                      0.114     4.496 r  bd_0_i/hls_inst/inst/regslice_both_input_r_U/data_p2_reg[15]_i_2/O[3]
                         net (fo=2, unplaced)         0.100     4.596    bd_0_i/hls_inst/inst/regslice_both_output_r_U/data_p2_reg[15]_0[11]
                         LUT4 (Prop_LUT4_I3_O)        0.058     4.654 r  bd_0_i/hls_inst/inst/regslice_both_output_r_U/data_p1[11]_i_1/O
                         net (fo=1, unplaced)         0.067     4.721    bd_0_i/hls_inst/inst/regslice_both_output_r_U/data_p1[11]_i_1_n_3
                         FDRE                                         r  bd_0_i/hls_inst/inst/regslice_both_output_r_U/data_p1_reg[11]/D
  -------------------------------------------------------------------    -------------------

                         (clock ap_clk rise edge)    10.000    10.000 r  
                                                      0.000    10.000 r  ap_clk (IN)
                         net (fo=1195, unset)         0.029    10.029    bd_0_i/hls_inst/inst/regslice_both_output_r_U/ap_clk
                         FDRE                                         r  bd_0_i/hls_inst/inst/regslice_both_output_r_U/data_p1_reg[11]/C
                         clock pessimism              0.000    10.029    
                         clock uncertainty           -0.035     9.994    
                         FDRE (Setup_FDRE_C_D)        0.044    10.038    bd_0_i/hls_inst/inst/regslice_both_output_r_U/data_p1_reg[11]
  -------------------------------------------------------------------
                         required time                         10.038    
                         arrival time                          -4.721    
  -------------------------------------------------------------------
                         slack                                  5.317    

Slack (MET) :             5.317ns  (required time - arrival time)
  Source:                 bd_0_i/hls_inst/inst/regslice_both_input_r_U/data_p1_reg[0]/C
                            (rising edge-triggered cell FDRE clocked by ap_clk  {rise@0.000ns fall@5.000ns period=10.000ns})
  Destination:            bd_0_i/hls_inst/inst/regslice_both_output_r_U/data_p1_reg[4]/D
                            (rising edge-triggered cell FDRE clocked by ap_clk  {rise@0.000ns fall@5.000ns period=10.000ns})
  Path Group:             ap_clk
  Path Type:              Setup (Max at Slow Process Corner)
  Requirement:            10.000ns  (ap_clk rise@10.000ns - ap_clk rise@0.000ns)
  Data Path Delay:        4.680ns  (logic 3.410ns (72.863%)  route 1.270ns (27.137%))
  Logic Levels:           15  (CARRY8=5 DSP_A_B_DATA=1 DSP_ALU=1 DSP_M_DATA=1 DSP_MULTIPLIER=1 DSP_OUTPUT=1 DSP_PREADD_DATA=1 LUT2=2 LUT4=1 LUT5=1)
  Clock Path Skew:        -0.012ns (DCD - SCD + CPR)
    Destination Clock Delay (DCD):    0.029ns = ( 10.029 - 10.000 ) 
    Source Clock Delay      (SCD):    0.041ns
    Clock Pessimism Removal (CPR):    0.000ns
  Clock Uncertainty:      0.035ns  ((TSJ^2 + TIJ^2)^1/2 + DJ) / 2 + PE
    Total System Jitter     (TSJ):    0.071ns
    Total Input Jitter      (TIJ):    0.000ns
    Discrete Jitter          (DJ):    0.000ns
    Phase Error              (PE):    0.000ns

    Location             Delay type                Incr(ns)  Path(ns)    Netlist Resource(s)
  -------------------------------------------------------------------    -------------------
                         (clock ap_clk rise edge)     0.000     0.000 r  
                                                      0.000     0.000 r  ap_clk (IN)
                         net (fo=1195, unset)         0.041     0.041    bd_0_i/hls_inst/inst/regslice_both_input_r_U/ap_clk
                         FDRE                                         r  bd_0_i/hls_inst/inst/regslice_both_input_r_U/data_p1_reg[0]/C
  -------------------------------------------------------------------    -------------------
                         FDRE (Prop_FDRE_C_Q)         0.114     0.155 r  bd_0_i/hls_inst/inst/regslice_both_input_r_U/data_p1_reg[0]/Q
                         net (fo=4, unplaced)         0.166     0.321    bd_0_i/hls_inst/inst/regslice_both_input_r_U/data_p1_reg[15]_0[0]
                         LUT2 (Prop_LUT2_I1_O)        0.058     0.379 r  bd_0_i/hls_inst/inst/regslice_both_input_r_U/tmp_product_i_60__0/O
                         net (fo=1, unplaced)         0.025     0.404    bd_0_i/hls_inst/inst/regslice_both_input_r_U/tmp_product_i_60__0_n_3
                         CARRY8 (Prop_CARRY8_S[0]_CO[7])
                                                      0.289     0.693 r  bd_0_i/hls_inst/inst/regslice_both_input_r_U/tmp_product_i_16__0/CO[7]
                         net (fo=1, unplaced)         0.006     0.699    bd_0_i/hls_inst/inst/regslice_both_input_r_U/tmp_product_i_16__0_n_3
                         CARRY8 (Prop_CARRY8_CI_O[7])
                                                      0.171     0.870 f  bd_0_i/hls_inst/inst/regslice_both_input_r_U/tmp_product_i_15__0/O[7]
                         net (fo=30, unplaced)        0.264     1.134    bd_0_i/hls_inst/inst/mul_16s_10s_25_1_1_U15/tmp_product/A[15]
                         DSP_A_B_DATA (Prop_DSP_A_B_DATA_A[15]_A2_DATA[15])
                                                      0.258     1.392 r  bd_0_i/hls_inst/inst/mul_16s_10s_25_1_1_U15/tmp_product/DSP_A_B_DATA_INST/A2_DATA[15]
                         net (fo=1, unplaced)         0.000     1.392    bd_0_i/hls_inst/inst/mul_16s_10s_25_1_1_U15/tmp_product/DSP_A_B_DATA.A2_DATA<15>
                         DSP_PREADD_DATA (Prop_DSP_PREADD_DATA_A2_DATA[15]_A2A1[15])
                                                      0.114     1.506 r  bd_0_i/hls_inst/inst/mul_16s_10s_25_1_1_U15/tmp_product/DSP_PREADD_DATA_INST/A2A1[15]
                         net (fo=1, unplaced)         0.000     1.506    bd_0_i/hls_inst/inst/mul_16s_10s_25_1_1_U15/tmp_product/DSP_PREADD_DATA.A2A1<15>
                         DSP_MULTIPLIER (Prop_DSP_MULTIPLIER_A2A1[15]_V[15])
                                                      0.699     2.205 f  bd_0_i/hls_inst/inst/mul_16s_10s_25_1_1_U15/tmp_product/DSP_MULTIPLIER_INST/V[15]
                         net (fo=1, unplaced)         0.000     2.205    bd_0_i/hls_inst/inst/mul_16s_10s_25_1_1_U15/tmp_product/DSP_MULTIPLIER.V<15>
                         DSP_M_DATA (Prop_DSP_M_DATA_V[15]_V_DATA[15])
                                                      0.065     2.270 r  bd_0_i/hls_inst/inst/mul_16s_10s_25_1_1_U15/tmp_product/DSP_M_DATA_INST/V_DATA[15]
                         net (fo=1, unplaced)         0.000     2.270    bd_0_i/hls_inst/inst/mul_16s_10s_25_1_1_U15/tmp_product/DSP_M_DATA.V_DATA<15>
                         DSP_ALU (Prop_DSP_ALU_V_DATA[15]_ALU_OUT[15])
                                                      0.722     2.992 f  bd_0_i/hls_inst/inst/mul_16s_10s_25_1_1_U15/tmp_product/DSP_ALU_INST/ALU_OUT[15]
                         net (fo=1, unplaced)         0.000     2.992    bd_0_i/hls_inst/inst/mul_16s_10s_25_1_1_U15/tmp_product/DSP_ALU.ALU_OUT<15>
                         DSP_OUTPUT (Prop_DSP_OUTPUT_ALU_OUT[15]_P[15])
                                                      0.146     3.138 r  bd_0_i/hls_inst/inst/mul_16s_10s_25_1_1_U15/tmp_product/DSP_OUTPUT_INST/P[15]
                         net (fo=2, unplaced)         0.259     3.397    bd_0_i/hls_inst/inst/mul_16s_10s_25_1_1_U15/tmp_product_n_93
                         LUT2 (Prop_LUT2_I0_O)        0.084     3.481 r  bd_0_i/hls_inst/inst/mul_16s_10s_25_1_1_U15/data_p2[7]_i_29/O
                         net (fo=1, unplaced)         0.029     3.510    bd_0_i/hls_inst/inst/mul_16s_10s_25_1_1_U15/data_p2[7]_i_29_n_3
                         CARRY8 (Prop_CARRY8_S[7]_CO[7])
                                                      0.183     3.693 r  bd_0_i/hls_inst/inst/mul_16s_10s_25_1_1_U15/data_p2_reg[7]_i_19/CO[7]
                         net (fo=1, unplaced)         0.006     3.699    bd_0_i/hls_inst/inst/mul_16s_10s_25_1_1_U15/data_p2_reg[7]_i_19_n_3
                         CARRY8 (Prop_CARRY8_CI_O[1])
                                                      0.106     3.805 r  bd_0_i/hls_inst/inst/mul_16s_10s_25_1_1_U15/data_p2_reg[7]_i_18/O[1]
                         net (fo=1, unplaced)         0.209     4.014    bd_0_i/hls_inst/inst/mul_16s_9s_24_1_1_U14/O[1]
                         LUT5 (Prop_LUT5_I4_O)        0.057     4.071 r  bd_0_i/hls_inst/inst/mul_16s_9s_24_1_1_U14/data_p2[7]_i_16/O
                         net (fo=1, unplaced)         0.030     4.101    bd_0_i/hls_inst/inst/regslice_both_input_r_U/S[1]
                         CARRY8 (Prop_CARRY8_S[1]_O[4])
                                                      0.286     4.387 r  bd_0_i/hls_inst/inst/regslice_both_input_r_U/data_p2_reg[7]_i_1/O[4]
                         net (fo=2, unplaced)         0.209     4.596    bd_0_i/hls_inst/inst/regslice_both_output_r_U/data_p2_reg[15]_0[4]
                         LUT4 (Prop_LUT4_I3_O)        0.058     4.654 r  bd_0_i/hls_inst/inst/regslice_both_output_r_U/data_p1[4]_i_1/O
                         net (fo=1, unplaced)         0.067     4.721    bd_0_i/hls_inst/inst/regslice_both_output_r_U/data_p1[4]_i_1_n_3
                         FDRE                                         r  bd_0_i/hls_inst/inst/regslice_both_output_r_U/data_p1_reg[4]/D
  -------------------------------------------------------------------    -------------------

                         (clock ap_clk rise edge)    10.000    10.000 r  
                                                      0.000    10.000 r  ap_clk (IN)
                         net (fo=1195, unset)         0.029    10.029    bd_0_i/hls_inst/inst/regslice_both_output_r_U/ap_clk
                         FDRE                                         r  bd_0_i/hls_inst/inst/regslice_both_output_r_U/data_p1_reg[4]/C
                         clock pessimism              0.000    10.029    
                         clock uncertainty           -0.035     9.994    
                         FDRE (Setup_FDRE_C_D)        0.044    10.038    bd_0_i/hls_inst/inst/regslice_both_output_r_U/data_p1_reg[4]
  -------------------------------------------------------------------
                         required time                         10.038    
                         arrival time                          -4.721    
  -------------------------------------------------------------------
                         slack                                  5.317    

Slack (MET) :             5.327ns  (required time - arrival time)
  Source:                 bd_0_i/hls_inst/inst/regslice_both_input_r_U/data_p1_reg[0]/C
                            (rising edge-triggered cell FDRE clocked by ap_clk  {rise@0.000ns fall@5.000ns period=10.000ns})
  Destination:            bd_0_i/hls_inst/inst/regslice_both_output_r_U/data_p1_reg[7]/D
                            (rising edge-triggered cell FDRE clocked by ap_clk  {rise@0.000ns fall@5.000ns period=10.000ns})
  Path Group:             ap_clk
  Path Type:              Setup (Max at Slow Process Corner)
  Requirement:            10.000ns  (ap_clk rise@10.000ns - ap_clk rise@0.000ns)
  Data Path Delay:        4.670ns  (logic 3.458ns (74.047%)  route 1.212ns (25.953%))
  Logic Levels:           15  (CARRY8=5 DSP_A_B_DATA=1 DSP_ALU=1 DSP_M_DATA=1 DSP_MULTIPLIER=1 DSP_OUTPUT=1 DSP_PREADD_DATA=1 LUT2=2 LUT4=1 LUT5=1)
  Clock Path Skew:        -0.012ns (DCD - SCD + CPR)
    Destination Clock Delay (DCD):    0.029ns = ( 10.029 - 10.000 ) 
    Source Clock Delay      (SCD):    0.041ns
    Clock Pessimism Removal (CPR):    0.000ns
  Clock Uncertainty:      0.035ns  ((TSJ^2 + TIJ^2)^1/2 + DJ) / 2 + PE
    Total System Jitter     (TSJ):    0.071ns
    Total Input Jitter      (TIJ):    0.000ns
    Discrete Jitter          (DJ):    0.000ns
    Phase Error              (PE):    0.000ns

    Location             Delay type                Incr(ns)  Path(ns)    Netlist Resource(s)
  -------------------------------------------------------------------    -------------------
                         (clock ap_clk rise edge)     0.000     0.000 r  
                                                      0.000     0.000 r  ap_clk (IN)
                         net (fo=1195, unset)         0.041     0.041    bd_0_i/hls_inst/inst/regslice_both_input_r_U/ap_clk
                         FDRE                                         r  bd_0_i/hls_inst/inst/regslice_both_input_r_U/data_p1_reg[0]/C
  -------------------------------------------------------------------    -------------------
                         FDRE (Prop_FDRE_C_Q)         0.114     0.155 r  bd_0_i/hls_inst/inst/regslice_both_input_r_U/data_p1_reg[0]/Q
                         net (fo=4, unplaced)         0.166     0.321    bd_0_i/hls_inst/inst/regslice_both_input_r_U/data_p1_reg[15]_0[0]
                         LUT2 (Prop_LUT2_I1_O)        0.058     0.379 r  bd_0_i/hls_inst/inst/regslice_both_input_r_U/tmp_product_i_60__0/O
                         net (fo=1, unplaced)         0.025     0.404    bd_0_i/hls_inst/inst/regslice_both_input_r_U/tmp_product_i_60__0_n_3
                         CARRY8 (Prop_CARRY8_S[0]_CO[7])
                                                      0.289     0.693 r  bd_0_i/hls_inst/inst/regslice_both_input_r_U/tmp_product_i_16__0/CO[7]
                         net (fo=1, unplaced)         0.006     0.699    bd_0_i/hls_inst/inst/regslice_both_input_r_U/tmp_product_i_16__0_n_3
                         CARRY8 (Prop_CARRY8_CI_O[7])
                                                      0.171     0.870 f  bd_0_i/hls_inst/inst/regslice_both_input_r_U/tmp_product_i_15__0/O[7]
                         net (fo=30, unplaced)        0.264     1.134    bd_0_i/hls_inst/inst/mul_16s_10s_25_1_1_U15/tmp_product/A[15]
                         DSP_A_B_DATA (Prop_DSP_A_B_DATA_A[15]_A2_DATA[15])
                                                      0.258     1.392 r  bd_0_i/hls_inst/inst/mul_16s_10s_25_1_1_U15/tmp_product/DSP_A_B_DATA_INST/A2_DATA[15]
                         net (fo=1, unplaced)         0.000     1.392    bd_0_i/hls_inst/inst/mul_16s_10s_25_1_1_U15/tmp_product/DSP_A_B_DATA.A2_DATA<15>
                         DSP_PREADD_DATA (Prop_DSP_PREADD_DATA_A2_DATA[15]_A2A1[15])
                                                      0.114     1.506 r  bd_0_i/hls_inst/inst/mul_16s_10s_25_1_1_U15/tmp_product/DSP_PREADD_DATA_INST/A2A1[15]
                         net (fo=1, unplaced)         0.000     1.506    bd_0_i/hls_inst/inst/mul_16s_10s_25_1_1_U15/tmp_product/DSP_PREADD_DATA.A2A1<15>
                         DSP_MULTIPLIER (Prop_DSP_MULTIPLIER_A2A1[15]_V[15])
                                                      0.699     2.205 f  bd_0_i/hls_inst/inst/mul_16s_10s_25_1_1_U15/tmp_product/DSP_MULTIPLIER_INST/V[15]
                         net (fo=1, unplaced)         0.000     2.205    bd_0_i/hls_inst/inst/mul_16s_10s_25_1_1_U15/tmp_product/DSP_MULTIPLIER.V<15>
                         DSP_M_DATA (Prop_DSP_M_DATA_V[15]_V_DATA[15])
                                                      0.065     2.270 r  bd_0_i/hls_inst/inst/mul_16s_10s_25_1_1_U15/tmp_product/DSP_M_DATA_INST/V_DATA[15]
                         net (fo=1, unplaced)         0.000     2.270    bd_0_i/hls_inst/inst/mul_16s_10s_25_1_1_U15/tmp_product/DSP_M_DATA.V_DATA<15>
                         DSP_ALU (Prop_DSP_ALU_V_DATA[15]_ALU_OUT[15])
                                                      0.722     2.992 f  bd_0_i/hls_inst/inst/mul_16s_10s_25_1_1_U15/tmp_product/DSP_ALU_INST/ALU_OUT[15]
                         net (fo=1, unplaced)         0.000     2.992    bd_0_i/hls_inst/inst/mul_16s_10s_25_1_1_U15/tmp_product/DSP_ALU.ALU_OUT<15>
                         DSP_OUTPUT (Prop_DSP_OUTPUT_ALU_OUT[15]_P[15])
                                                      0.146     3.138 r  bd_0_i/hls_inst/inst/mul_16s_10s_25_1_1_U15/tmp_product/DSP_OUTPUT_INST/P[15]
                         net (fo=2, unplaced)         0.259     3.397    bd_0_i/hls_inst/inst/mul_16s_10s_25_1_1_U15/tmp_product_n_93
                         LUT2 (Prop_LUT2_I0_O)        0.084     3.481 r  bd_0_i/hls_inst/inst/mul_16s_10s_25_1_1_U15/data_p2[7]_i_29/O
                         net (fo=1, unplaced)         0.029     3.510    bd_0_i/hls_inst/inst/mul_16s_10s_25_1_1_U15/data_p2[7]_i_29_n_3
                         CARRY8 (Prop_CARRY8_S[7]_CO[7])
                                                      0.183     3.693 r  bd_0_i/hls_inst/inst/mul_16s_10s_25_1_1_U15/data_p2_reg[7]_i_19/CO[7]
                         net (fo=1, unplaced)         0.006     3.699    bd_0_i/hls_inst/inst/mul_16s_10s_25_1_1_U15/data_p2_reg[7]_i_19_n_3
                         CARRY8 (Prop_CARRY8_CI_O[1])
                                                      0.106     3.805 r  bd_0_i/hls_inst/inst/mul_16s_10s_25_1_1_U15/data_p2_reg[7]_i_18/O[1]
                         net (fo=1, unplaced)         0.209     4.014    bd_0_i/hls_inst/inst/mul_16s_9s_24_1_1_U14/O[1]
                         LUT5 (Prop_LUT5_I4_O)        0.057     4.071 r  bd_0_i/hls_inst/inst/mul_16s_9s_24_1_1_U14/data_p2[7]_i_16/O
                         net (fo=1, unplaced)         0.030     4.101    bd_0_i/hls_inst/inst/regslice_both_input_r_U/S[1]
                         CARRY8 (Prop_CARRY8_S[1]_O[7])
                                                      0.334     4.435 r  bd_0_i/hls_inst/inst/regslice_both_input_r_U/data_p2_reg[7]_i_1/O[7]
                         net (fo=2, unplaced)         0.151     4.586    bd_0_i/hls_inst/inst/regslice_both_output_r_U/data_p2_reg[15]_0[7]
                         LUT4 (Prop_LUT4_I3_O)        0.058     4.644 r  bd_0_i/hls_inst/inst/regslice_both_output_r_U/data_p1[7]_i_1/O
                         net (fo=1, unplaced)         0.067     4.711    bd_0_i/hls_inst/inst/regslice_both_output_r_U/data_p1[7]_i_1_n_3
                         FDRE                                         r  bd_0_i/hls_inst/inst/regslice_both_output_r_U/data_p1_reg[7]/D
  -------------------------------------------------------------------    -------------------

                         (clock ap_clk rise edge)    10.000    10.000 r  
                                                      0.000    10.000 r  ap_clk (IN)
                         net (fo=1195, unset)         0.029    10.029    bd_0_i/hls_inst/inst/regslice_both_output_r_U/ap_clk
                         FDRE                                         r  bd_0_i/hls_inst/inst/regslice_both_output_r_U/data_p1_reg[7]/C
                         clock pessimism              0.000    10.029    
                         clock uncertainty           -0.035     9.994    
                         FDRE (Setup_FDRE_C_D)        0.044    10.038    bd_0_i/hls_inst/inst/regslice_both_output_r_U/data_p1_reg[7]
  -------------------------------------------------------------------
                         required time                         10.038    
                         arrival time                          -4.711    
  -------------------------------------------------------------------
                         slack                                  5.327    




