Copyright 1986-2022 Xilinx, Inc. All Rights Reserved. Copyright 2022-2024 Advanced Micro Devices, Inc. All Rights Reserved.
--------------------------------------------------------------------------------------------------------------------------------------------------
| Tool Version      : Vivado v.2024.2 (win64) Build 5239630 Fri Nov 08 22:35:27 MST 2024
| Date              : Sat Jan 17 11:11:50 2026
| Host              : DESKTOP-92OKADH running 64-bit major release  (build 9200)
| Command           : report_timing_summary -file ./report/Fast_Running_FIR_HLS_timing_synth.rpt
| Design            : bd_0_wrapper
| Device            : xck26-sfvc784
| Speed File        : -2LV  PRODUCTION 1.30 05-15-2022
| Design State      : Synthesized
| Temperature Grade : C
--------------------------------------------------------------------------------------------------------------------------------------------------

Timing Summary Report

------------------------------------------------------------------------------------------------
| Timer Settings
| --------------
------------------------------------------------------------------------------------------------

  Enable Multi Corner Analysis               :  Yes
  Enable Pessimism Removal                   :  Yes
  Pessimism Removal Resolution               :  Nearest Common Node
  Enable Input Delay Default Clock           :  No
  Enable Preset / Clear Arcs                 :  No
  Disable Flight Delays                      :  No
  Ignore I/O Paths                           :  No
  Timing Early Launch at Borrowing Latches   :  No
  Borrow Time for Max Delay Exceptions       :  Yes
  Merge Timing Exceptions                    :  Yes
  Inter-SLR Compensation                     :  Conservative

  Corner  Analyze    Analyze    
  Name    Max Paths  Min Paths  
  ------  ---------  ---------  
  Slow    Yes        Yes        
  Fast    Yes        Yes        


------------------------------------------------------------------------------------------------
| Report Methodology
| ------------------
------------------------------------------------------------------------------------------------

No report available as report_methodology has not been run prior. Run report_methodology on the current design for the summary of methodology violations.



check_timing report

Table of Contents
-----------------
1. checking no_clock (0)
2. checking constant_clock (0)
3. checking pulse_width_clock (0)
4. checking unconstrained_internal_endpoints (0)
5. checking no_input_delay (19)
6. checking no_output_delay (18)
7. checking multiple_clock (0)
8. checking generated_clocks (0)
9. checking loops (0)
10. checking partial_input_delay (0)
11. checking partial_output_delay (0)
12. checking latch_loops (0)

1. checking no_clock (0)
------------------------
 There are 0 register/latch pins with no clock.


2. checking constant_clock (0)
------------------------------
 There are 0 register/latch pins with constant_clock.


3. checking pulse_width_clock (0)
---------------------------------
 There are 0 register/latch pins which need pulse_width check


4. checking unconstrained_internal_endpoints (0)
------------------------------------------------
 There are 0 pins that are not constrained for maximum delay.

 There are 0 pins that are not constrained for maximum delay due to constant clock.


5. checking no_input_delay (19)
-------------------------------
 There are 19 input ports with no input delay specified. (HIGH)

 There are 0 input ports with no input delay but user has a false path constraint.


6. checking no_output_delay (18)
--------------------------------
 There are 18 ports with no output delay specified. (HIGH)

 There are 0 ports with no output delay but user has a false path constraint

 There are 0 ports with no output delay but with a timing clock defined on it or propagating through it


7. checking multiple_clock (0)
------------------------------
 There are 0 register/latch pins with multiple clocks.


8. checking generated_clocks (0)
--------------------------------
 There are 0 generated clocks that are not connected to a clock source.


9. checking loops (0)
---------------------
 There are 0 combinational loops in the design.


10. checking partial_input_delay (0)
------------------------------------
 There are 0 input ports with partial input delay specified.


11. checking partial_output_delay (0)
-------------------------------------
 There are 0 ports with partial output delay specified.


12. checking latch_loops (0)
----------------------------
 There are 0 combinational latch loops in the design through latch input



------------------------------------------------------------------------------------------------
| Design Timing Summary
| ---------------------
------------------------------------------------------------------------------------------------

    WNS(ns)      TNS(ns)  TNS Failing Endpoints  TNS Total Endpoints      WHS(ns)      THS(ns)  THS Failing Endpoints  THS Total Endpoints     WPWS(ns)     TPWS(ns)  TPWS Failing Endpoints  TPWS Total Endpoints  
    -------      -------  ---------------------  -------------------      -------      -------  ---------------------  -------------------     --------     --------  ----------------------  --------------------  
      5.203        0.000                      0                 7306        0.114        0.000                      0                 7306        4.238        0.000                       0                  1170  


All user specified timing constraints are met.


------------------------------------------------------------------------------------------------
| Clock Summary
| -------------
------------------------------------------------------------------------------------------------

Clock   Waveform(ns)       Period(ns)      Frequency(MHz)
-----   ------------       ----------      --------------
ap_clk  {0.000 5.000}      10.000          100.000         


------------------------------------------------------------------------------------------------
| Intra Clock Table
| -----------------
------------------------------------------------------------------------------------------------

Clock             WNS(ns)      TNS(ns)  TNS Failing Endpoints  TNS Total Endpoints      WHS(ns)      THS(ns)  THS Failing Endpoints  THS Total Endpoints     WPWS(ns)     TPWS(ns)  TPWS Failing Endpoints  TPWS Total Endpoints  
-----             -------      -------  ---------------------  -------------------      -------      -------  ---------------------  -------------------     --------     --------  ----------------------  --------------------  
ap_clk              5.203        0.000                      0                 7306        0.114        0.000                      0                 7306        4.238        0.000                       0                  1170  


------------------------------------------------------------------------------------------------
| Inter Clock Table
| -----------------
------------------------------------------------------------------------------------------------

From Clock    To Clock          WNS(ns)      TNS(ns)  TNS Failing Endpoints  TNS Total Endpoints      WHS(ns)      THS(ns)  THS Failing Endpoints  THS Total Endpoints  
----------    --------          -------      -------  ---------------------  -------------------      -------      -------  ---------------------  -------------------  


------------------------------------------------------------------------------------------------
| Other Path Groups Table
| -----------------------
------------------------------------------------------------------------------------------------

Path Group    From Clock    To Clock          WNS(ns)      TNS(ns)  TNS Failing Endpoints  TNS Total Endpoints      WHS(ns)      THS(ns)  THS Failing Endpoints  THS Total Endpoints  
----------    ----------    --------          -------      -------  ---------------------  -------------------      -------      -------  ---------------------  -------------------  


------------------------------------------------------------------------------------------------
| Timing Details
| --------------
------------------------------------------------------------------------------------------------


---------------------------------------------------------------------------------------------------
From Clock:  ap_clk
  To Clock:  ap_clk

Setup :            0  Failing Endpoints,  Worst Slack        5.203ns,  Total Violation        0.000ns
Hold  :            0  Failing Endpoints,  Worst Slack        0.114ns,  Total Violation        0.000ns
PW    :            0  Failing Endpoints,  Worst Slack        4.238ns,  Total Violation        0.000ns
---------------------------------------------------------------------------------------------------


Max Delay Paths
--------------------------------------------------------------------------------------
Slack (MET) :             5.203ns  (required time - arrival time)
  Source:                 bd_0_i/hls_inst/inst/regslice_both_input_r_U/data_p1_reg[0]/C
                            (rising edge-triggered cell FDRE clocked by ap_clk  {rise@0.000ns fall@5.000ns period=10.000ns})
  Destination:            bd_0_i/hls_inst/inst/regslice_both_output_r_U/data_p1_reg[12]/D
                            (rising edge-triggered cell FDRE clocked by ap_clk  {rise@0.000ns fall@5.000ns period=10.000ns})
  Path Group:             ap_clk
  Path Type:              Setup (Max at Slow Process Corner)
  Requirement:            10.000ns  (ap_clk rise@10.000ns - ap_clk rise@0.000ns)
  Data Path Delay:        4.794ns  (logic 3.518ns (73.383%)  route 1.276ns (26.617%))
  Logic Levels:           16  (CARRY8=6 DSP_A_B_DATA=1 DSP_ALU=1 DSP_M_DATA=1 DSP_MULTIPLIER=1 DSP_OUTPUT=1 DSP_PREADD_DATA=1 LUT2=2 LUT4=1 LUT5=1)
  Clock Path Skew:        -0.012ns (DCD - SCD + CPR)
    Destination Clock Delay (DCD):    0.029ns = ( 10.029 - 10.000 ) 
    Source Clock Delay      (SCD):    0.041ns
    Clock Pessimism Removal (CPR):    0.000ns
  Clock Uncertainty:      0.035ns  ((TSJ^2 + TIJ^2)^1/2 + DJ) / 2 + PE
    Total System Jitter     (TSJ):    0.071ns
    Total Input Jitter      (TIJ):    0.000ns
    Discrete Jitter          (DJ):    0.000ns
    Phase Error              (PE):    0.000ns

    Location             Delay type                Incr(ns)  Path(ns)    Netlist Resource(s)
  -------------------------------------------------------------------    -------------------
                         (clock ap_clk rise edge)     0.000     0.000 r  
                                                      0.000     0.000 r  ap_clk (IN)
                         net (fo=1195, unset)         0.041     0.041    bd_0_i/hls_inst/inst/regslice_both_input_r_U/ap_clk
                         FDRE                                         r  bd_0_i/hls_inst/inst/regslice_both_input_r_U/data_p1_reg[0]/C
  -------------------------------------------------------------------    -------------------
                         FDRE (Prop_FDRE_C_Q)         0.114     0.155 r  bd_0_i/hls_inst/inst/regslice_both_input_r_U/data_p1_reg[0]/Q
                         net (fo=4, unplaced)         0.166     0.321    bd_0_i/hls_inst/inst/regslice_both_input_r_U/data_p1_reg[15]_0[0]
                         LUT2 (Prop_LUT2_I1_O)        0.058     0.379 r  bd_0_i/hls_inst/inst/regslice_both_input_r_U/tmp_product_i_60__0/O
                         net (fo=1, unplaced)         0.025     0.404    bd_0_i/hls_inst/inst/regslice_both_input_r_U/tmp_product_i_60__0_n_3
                         CARRY8 (Prop_CARRY8_S[0]_CO[7])
                                                      0.289     0.693 r  bd_0_i/hls_inst/inst/regslice_both_input_r_U/tmp_product_i_16__0/CO[7]
                         net (fo=1, unplaced)         0.006     0.699    bd_0_i/hls_inst/inst/regslice_both_input_r_U/tmp_product_i_16__0_n_3
                         CARRY8 (Prop_CARRY8_CI_O[7])
                                                      0.171     0.870 f  bd_0_i/hls_inst/inst/regslice_both_input_r_U/tmp_product_i_15__0/O[7]
                         net (fo=30, unplaced)        0.264     1.134    bd_0_i/hls_inst/inst/mul_16s_10s_25_1_1_U15/tmp_product/A[15]
                         DSP_A_B_DATA (Prop_DSP_A_B_DATA_A[15]_A2_DATA[15])
                                                      0.258     1.392 r  bd_0_i/hls_inst/inst/mul_16s_10s_25_1_1_U15/tmp_product/DSP_A_B_DATA_INST/A2_DATA[15]
                         net (fo=1, unplaced)         0.000     1.392    bd_0_i/hls_inst/inst/mul_16s_10s_25_1_1_U15/tmp_product/DSP_A_B_DATA.A2_DATA<15>
                         DSP_PREADD_DATA (Prop_DSP_PREADD_DATA_A2_DATA[15]_A2A1[15])
                                                      0.114     1.506 r  bd_0_i/hls_inst/inst/mul_16s_10s_25_1_1_U15/tmp_product/DSP_PREADD_DATA_INST/A2A1[15]
                         net (fo=1, unplaced)         0.000     1.506    bd_0_i/hls_inst/inst/mul_16s_10s_25_1_1_U15/tmp_product/DSP_PREADD_DATA.A2A1<15>
                         DSP_MULTIPLIER (Prop_DSP_MULTIPLIER_A2A1[15]_V[15])
                                                      0.699     2.205 f  bd_0_i/hls_inst/inst/mul_16s_10s_25_1_1_U15/tmp_product/DSP_MULTIPLIER_INST/V[15]
                         net (fo=1, unplaced)         0.000     2.205    bd_0_i/hls_inst/inst/mul_16s_10s_25_1_1_U15/tmp_product/DSP_MULTIPLIER.V<15>
                         DSP_M_DATA (Prop_DSP_M_DATA_V[15]_V_DATA[15])
                                                      0.065     2.270 r  bd_0_i/hls_inst/inst/mul_16s_10s_25_1_1_U15/tmp_product/DSP_M_DATA_INST/V_DATA[15]
                         net (fo=1, unplaced)         0.000     2.270    bd_0_i/hls_inst/inst/mul_16s_10s_25_1_1_U15/tmp_product/DSP_M_DATA.V_DATA<15>
                         DSP_ALU (Prop_DSP_ALU_V_DATA[15]_ALU_OUT[15])
                                                      0.722     2.992 f  bd_0_i/hls_inst/inst/mul_16s_10s_25_1_1_U15/tmp_product/DSP_ALU_INST/ALU_OUT[15]
                         net (fo=1, unplaced)         0.000     2.992    bd_0_i/hls_inst/inst/mul_16s_10s_25_1_1_U15/tmp_product/DSP_ALU.ALU_OUT<15>
                         DSP_OUTPUT (Prop_DSP_OUTPUT_ALU_OUT[15]_P[15])
                                                      0.146     3.138 r  bd_0_i/hls_inst/inst/mul_16s_10s_25_1_1_U15/tmp_product/DSP_OUTPUT_INST/P[15]
                         net (fo=2, unplaced)         0.259     3.397    bd_0_i/hls_inst/inst/mul_16s_10s_25_1_1_U15/tmp_product_n_93
                         LUT2 (Prop_LUT2_I0_O)        0.084     3.481 r  bd_0_i/hls_inst/inst/mul_16s_10s_25_1_1_U15/data_p2[7]_i_29/O
                         net (fo=1, unplaced)         0.029     3.510    bd_0_i/hls_inst/inst/mul_16s_10s_25_1_1_U15/data_p2[7]_i_29_n_3
                         CARRY8 (Prop_CARRY8_S[7]_CO[7])
                                                      0.183     3.693 r  bd_0_i/hls_inst/inst/mul_16s_10s_25_1_1_U15/data_p2_reg[7]_i_19/CO[7]
                         net (fo=1, unplaced)         0.006     3.699    bd_0_i/hls_inst/inst/mul_16s_10s_25_1_1_U15/data_p2_reg[7]_i_19_n_3
                         CARRY8 (Prop_CARRY8_CI_O[1])
                                                      0.106     3.805 r  bd_0_i/hls_inst/inst/mul_16s_10s_25_1_1_U15/data_p2_reg[7]_i_18/O[1]
                         net (fo=1, unplaced)         0.209     4.014    bd_0_i/hls_inst/inst/mul_16s_9s_24_1_1_U14/O[1]
                         LUT5 (Prop_LUT5_I4_O)        0.057     4.071 r  bd_0_i/hls_inst/inst/mul_16s_9s_24_1_1_U14/data_p2[7]_i_16/O
                         net (fo=1, unplaced)         0.030     4.101    bd_0_i/hls_inst/inst/regslice_both_input_r_U/S[1]
                         CARRY8 (Prop_CARRY8_S[1]_CO[7])
                                                      0.275     4.376 r  bd_0_i/hls_inst/inst/regslice_both_input_r_U/data_p2_reg[7]_i_1/CO[7]
                         net (fo=1, unplaced)         0.006     4.382    bd_0_i/hls_inst/inst/regslice_both_input_r_U/data_p2_reg[7]_i_1_n_3
                         CARRY8 (Prop_CARRY8_CI_O[4])
                                                      0.119     4.501 r  bd_0_i/hls_inst/inst/regslice_both_input_r_U/data_p2_reg[15]_i_2/O[4]
                         net (fo=2, unplaced)         0.209     4.710    bd_0_i/hls_inst/inst/regslice_both_output_r_U/data_p2_reg[15]_0[12]
                         LUT4 (Prop_LUT4_I3_O)        0.058     4.768 r  bd_0_i/hls_inst/inst/regslice_both_output_r_U/data_p1[12]_i_1/O
                         net (fo=1, unplaced)         0.067     4.835    bd_0_i/hls_inst/inst/regslice_both_output_r_U/data_p1[12]_i_1_n_3
                         FDRE                                         r  bd_0_i/hls_inst/inst/regslice_both_output_r_U/data_p1_reg[12]/D
  -------------------------------------------------------------------    -------------------

                         (clock ap_clk rise edge)    10.000    10.000 r  
                                                      0.000    10.000 r  ap_clk (IN)
                         net (fo=1195, unset)         0.029    10.029    bd_0_i/hls_inst/inst/regslice_both_output_r_U/ap_clk
                         FDRE                                         r  bd_0_i/hls_inst/inst/regslice_both_output_r_U/data_p1_reg[12]/C
                         clock pessimism              0.000    10.029    
                         clock uncertainty           -0.035     9.994    
                         FDRE (Setup_FDRE_C_D)        0.044    10.038    bd_0_i/hls_inst/inst/regslice_both_output_r_U/data_p1_reg[12]
  -------------------------------------------------------------------
                         required time                         10.038    
                         arrival time                          -4.835    
  -------------------------------------------------------------------
                         slack                                  5.203    





Min Delay Paths
--------------------------------------------------------------------------------------
Slack (MET) :             0.114ns  (arrival time - required time)
  Source:                 bd_0_i/hls_inst/inst/grp_Fast_Running_FIR_HLS_Pipeline_VITIS_LOOP_37_11_fu_131/i_fu_38_reg[5]/C
                            (rising edge-triggered cell FDRE clocked by ap_clk  {rise@0.000ns fall@5.000ns period=10.000ns})
  Destination:            bd_0_i/hls_inst/inst/grp_Fast_Running_FIR_HLS_Pipeline_VITIS_LOOP_37_11_fu_131/i_2_reg_171_reg[5]/D
                            (rising edge-triggered cell FDRE clocked by ap_clk  {rise@0.000ns fall@5.000ns period=10.000ns})
  Path Group:             ap_clk
  Path Type:              Hold (Min at Fast Process Corner)
  Requirement:            0.000ns  (ap_clk rise@0.000ns - ap_clk rise@0.000ns)
  Data Path Delay:        0.163ns  (logic 0.084ns (51.534%)  route 0.079ns (48.466%))
  Logic Levels:           0  
  Clock Path Skew:        0.005ns (DCD - SCD - CPR)
    Destination Clock Delay (DCD):    0.019ns
    Source Clock Delay      (SCD):    0.014ns
    Clock Pessimism Removal (CPR):    -0.000ns

    Location             Delay type                Incr(ns)  Path(ns)    Netlist Resource(s)
  -------------------------------------------------------------------    -------------------
                         (clock ap_clk rise edge)     0.000     0.000 r  
                                                      0.000     0.000 r  ap_clk (IN)
                         net (fo=1195, unset)         0.014     0.014    bd_0_i/hls_inst/inst/grp_Fast_Running_FIR_HLS_Pipeline_VITIS_LOOP_37_11_fu_131/ap_clk
                         FDRE                                         r  bd_0_i/hls_inst/inst/grp_Fast_Running_FIR_HLS_Pipeline_VITIS_LOOP_37_11_fu_131/i_fu_38_reg[5]/C
  -------------------------------------------------------------------    -------------------
                         FDRE (Prop_FDRE_C_Q)         0.084     0.098 r  bd_0_i/hls_inst/inst/grp_Fast_Running_FIR_HLS_Pipeline_VITIS_LOOP_37_11_fu_131/i_fu_38_reg[5]/Q
                         net (fo=4, unplaced)         0.079     0.177    bd_0_i/hls_inst/inst/grp_Fast_Running_FIR_HLS_Pipeline_VITIS_LOOP_37_11_fu_131/i_fu_38_reg[5]
                         FDRE                                         r  bd_0_i/hls_inst/inst/grp_Fast_Running_FIR_HLS_Pipeline_VITIS_LOOP_37_11_fu_131/i_2_reg_171_reg[5]/D
  -------------------------------------------------------------------    -------------------

                         (clock ap_clk rise edge)     0.000     0.000 r  
                                                      0.000     0.000 r  ap_clk (IN)
                         net (fo=1195, unset)         0.019     0.019    bd_0_i/hls_inst/inst/grp_Fast_Running_FIR_HLS_Pipeline_VITIS_LOOP_37_11_fu_131/ap_clk
                         FDRE                                         r  bd_0_i/hls_inst/inst/grp_Fast_Running_FIR_HLS_Pipeline_VITIS_LOOP_37_11_fu_131/i_2_reg_171_reg[5]/C
                         clock pessimism              0.000     0.019    
                         FDRE (Hold_FDRE_C_D)         0.044     0.063    bd_0_i/hls_inst/inst/grp_Fast_Running_FIR_HLS_Pipeline_VITIS_LOOP_37_11_fu_131/i_2_reg_171_reg[5]
  -------------------------------------------------------------------
                         required time                         -0.063    
                         arrival time                           0.177    
  -------------------------------------------------------------------
                         slack                                  0.114    





Pulse Width Checks
--------------------------------------------------------------------------------------
Clock Name:         ap_clk
Waveform(ns):       { 0.000 5.000 }
Period(ns):         10.000
Sources:            { ap_clk }

Check Type        Corner  Lib Pin      Reference Pin  Required(ns)  Actual(ns)  Slack(ns)  Location  Pin
Min Period        n/a     RAMD64E/CLK  n/a            1.524         10.000      8.476                bd_0_i/hls_inst/inst/H_filter_FIR_20_U/ram_reg_0_127_0_0/DP.HIGH/CLK
Low Pulse Width   Slow    RAMD64E/CLK  n/a            0.762         5.000       4.238                bd_0_i/hls_inst/inst/H_filter_FIR_20_U/ram_reg_0_127_0_0/DP.HIGH/CLK
High Pulse Width  Slow    RAMD64E/CLK  n/a            0.762         5.000       4.238                bd_0_i/hls_inst/inst/H_filter_FIR_20_U/ram_reg_0_127_0_0/DP.HIGH/CLK



