Copyright 1986-2022 Xilinx, Inc. All Rights Reserved. Copyright 2022-2024 Advanced Micro Devices, Inc. All Rights Reserved.
-----------------------------------------------------------------------------------------------------------------------------------------------
| Tool Version : Vivado v.2024.2 (win64) Build 5239630 Fri Nov 08 22:35:27 MST 2024
| Date         : Sat Jan 17 11:11:31 2026
| Host         : DESKTOP-92OKADH running 64-bit major release  (build 9200)
| Command      : report_utilization -hierarchical -hierarchical_depth 6 -file ./report/Fast_Running_FIR_HLS_utilization_hierarchical_synth.rpt
| Design       : bd_0_wrapper
| Device       : xck26-sfvc784-2LV-c
| Speed File   : -2LV
| Design State : Synthesized
-----------------------------------------------------------------------------------------------------------------------------------------------

Utilization Design Information

Table of Contents
-----------------
1. Utilization by Hierarchy

1. Utilization by Hierarchy
---------------------------

+------------------------------------------------------------------------+-------------------------------------------------------------------------------------+------------+------------+---------+------+-----+--------+--------+------+------------+
|                                Instance                                |                                        Module                                       | Total LUTs | Logic LUTs | LUTRAMs | SRLs | FFs | RAMB36 | RAMB18 | URAM | DSP Blocks |
+------------------------------------------------------------------------+-------------------------------------------------------------------------------------+------------+------------+---------+------+-----+--------+--------+------+------------+
| bd_0_wrapper                                                           |                                                                               (top) |       1516 |        748 |     768 |    0 | 398 |      0 |      0 |    0 |          6 |
|   bd_0_i                                                               |                                                                                bd_0 |       1516 |        748 |     768 |    0 | 398 |      0 |      0 |    0 |          6 |
|     hls_inst                                                           |                                                                     bd_0_hls_inst_0 |       1516 |        748 |     768 |    0 | 398 |      0 |      0 |    0 |          6 |
|       inst                                                             |                                                bd_0_hls_inst_0_Fast_Running_FIR_HLS |       1516 |        748 |     768 |    0 | 398 |      0 |      0 |    0 |          6 |
|         (inst)                                                         |                                                bd_0_hls_inst_0_Fast_Running_FIR_HLS |          1 |          1 |       0 |    0 |  75 |      0 |      0 |    0 |          0 |
|         H_filter_FIR_20_U                                              |                  bd_0_hls_inst_0_Fast_Running_FIR_HLS_H_filter_FIR_22_RAM_AUTO_1R1W |        330 |         74 |     256 |    0 |  64 |      0 |      0 |    0 |          0 |
|         H_filter_FIR_21_U                                              |                bd_0_hls_inst_0_Fast_Running_FIR_HLS_H_filter_FIR_22_RAM_AUTO_1R1W_0 |        320 |         64 |     256 |    0 |  64 |      0 |      0 |    0 |          0 |
|         H_filter_FIR_22_U                                              |                bd_0_hls_inst_0_Fast_Running_FIR_HLS_H_filter_FIR_22_RAM_AUTO_1R1W_1 |        337 |         81 |     256 |    0 |  64 |      0 |      0 |    0 |          0 |
|         grp_Fast_Running_FIR_HLS_Pipeline_VITIS_LOOP_37_11_fu_131      | bd_0_hls_inst_0_Fast_Running_FIR_HLS_Fast_Running_FIR_HLS_Pipeline_VITIS_LOOP_37_11 |        139 |        139 |       0 |    0 |  19 |      0 |      0 |    0 |          1 |
|           (grp_Fast_Running_FIR_HLS_Pipeline_VITIS_LOOP_37_11_fu_131)  | bd_0_hls_inst_0_Fast_Running_FIR_HLS_Fast_Running_FIR_HLS_Pipeline_VITIS_LOOP_37_11 |         45 |         45 |       0 |    0 |  17 |      0 |      0 |    0 |          0 |
|           flow_control_loop_pipe_sequential_init_U                     |       bd_0_hls_inst_0_Fast_Running_FIR_HLS_flow_control_loop_pipe_sequential_init_5 |         77 |         77 |       0 |    0 |   2 |      0 |      0 |    0 |          0 |
|           mul_16s_14s_30_1_1_U6                                        |                           bd_0_hls_inst_0_Fast_Running_FIR_HLS_mul_16s_14s_30_1_1_6 |         17 |         17 |       0 |    0 |   0 |      0 |      0 |    0 |          1 |
|         grp_Fast_Running_FIR_HLS_Pipeline_VITIS_LOOP_37_12_fu_140      | bd_0_hls_inst_0_Fast_Running_FIR_HLS_Fast_Running_FIR_HLS_Pipeline_VITIS_LOOP_37_12 |        121 |        121 |       0 |    0 |  19 |      0 |      0 |    0 |          1 |
|           (grp_Fast_Running_FIR_HLS_Pipeline_VITIS_LOOP_37_12_fu_140)  | bd_0_hls_inst_0_Fast_Running_FIR_HLS_Fast_Running_FIR_HLS_Pipeline_VITIS_LOOP_37_12 |         45 |         45 |       0 |    0 |  17 |      0 |      0 |    0 |          0 |
|           flow_control_loop_pipe_sequential_init_U                     |       bd_0_hls_inst_0_Fast_Running_FIR_HLS_flow_control_loop_pipe_sequential_init_3 |         75 |         75 |       0 |    0 |   2 |      0 |      0 |    0 |          0 |
|           mul_16s_14s_30_1_1_U10                                       |                           bd_0_hls_inst_0_Fast_Running_FIR_HLS_mul_16s_14s_30_1_1_4 |          1 |          1 |       0 |    0 |   0 |      0 |      0 |    0 |          1 |
|         grp_Fast_Running_FIR_HLS_Pipeline_VITIS_LOOP_37_1_fu_122       |  bd_0_hls_inst_0_Fast_Running_FIR_HLS_Fast_Running_FIR_HLS_Pipeline_VITIS_LOOP_37_1 |        126 |        126 |       0 |    0 |  19 |      0 |      0 |    0 |          1 |
|           (grp_Fast_Running_FIR_HLS_Pipeline_VITIS_LOOP_37_1_fu_122)   |  bd_0_hls_inst_0_Fast_Running_FIR_HLS_Fast_Running_FIR_HLS_Pipeline_VITIS_LOOP_37_1 |         45 |         45 |       0 |    0 |  17 |      0 |      0 |    0 |          0 |
|           flow_control_loop_pipe_sequential_init_U                     |         bd_0_hls_inst_0_Fast_Running_FIR_HLS_flow_control_loop_pipe_sequential_init |         80 |         80 |       0 |    0 |   2 |      0 |      0 |    0 |          0 |
|           mul_16s_14s_30_1_1_U1                                        |                             bd_0_hls_inst_0_Fast_Running_FIR_HLS_mul_16s_14s_30_1_1 |          1 |          1 |       0 |    0 |   0 |      0 |      0 |    0 |          1 |
|         mac_muladd_16s_7ns_32s_32_4_1_U16                              |                  bd_0_hls_inst_0_Fast_Running_FIR_HLS_mac_muladd_16s_7ns_32s_32_4_1 |          0 |          0 |       0 |    0 |   0 |      0 |      0 |    0 |          1 |
|           Fast_Running_FIR_HLS_mac_muladd_16s_7ns_32s_32_4_1_DSP48_0_U |          bd_0_hls_inst_0_Fast_Running_FIR_HLS_mac_muladd_16s_7ns_32s_32_4_1_DSP48_0 |          0 |          0 |       0 |    0 |   0 |      0 |      0 |    0 |          1 |
|         mul_16s_10s_25_1_1_U15                                         |                             bd_0_hls_inst_0_Fast_Running_FIR_HLS_mul_16s_10s_25_1_1 |         24 |         24 |       0 |    0 |   0 |      0 |      0 |    0 |          1 |
|         mul_16s_9s_24_1_1_U14                                          |                              bd_0_hls_inst_0_Fast_Running_FIR_HLS_mul_16s_9s_24_1_1 |         31 |         31 |       0 |    0 |   0 |      0 |      0 |    0 |          1 |
|         regslice_both_input_r_U                                        |                                  bd_0_hls_inst_0_Fast_Running_FIR_HLS_regslice_both |         59 |         59 |       0 |    0 |  37 |      0 |      0 |    0 |          0 |
|         regslice_both_output_r_U                                       |                                bd_0_hls_inst_0_Fast_Running_FIR_HLS_regslice_both_2 |         28 |         28 |       0 |    0 |  37 |      0 |      0 |    0 |          0 |
+------------------------------------------------------------------------+-------------------------------------------------------------------------------------+------------+------------+---------+------+-----+--------+--------+------+------------+


