Copyright 1986-2022 Xilinx, Inc. All Rights Reserved. Copyright 2022-2024 Advanced Micro Devices, Inc. All Rights Reserved.
---------------------------------------------------------------------------------------------------------------------------------------------
| Tool Version : Vivado v.2024.2 (win64) Build 5239630 Fri Nov 08 22:35:27 MST 2024
| Date         : Sun Nov 23 23:58:02 2025
| Host         : DESKTOP-92OKADH running 64-bit major release  (build 9200)
| Command      : report_utilization -hierarchical -hierarchical_depth 6 -file ./report/FIR_Halfband_v2_utilization_hierarchical_synth.rpt
| Design       : bd_0_wrapper
| Device       : xck26-sfvc784-2LV-c
| Speed File   : -2LV
| Design State : Synthesized
---------------------------------------------------------------------------------------------------------------------------------------------

Utilization Design Information

Table of Contents
-----------------
1. Utilization by Hierarchy

1. Utilization by Hierarchy
---------------------------

+-----------------------------------------------------------------------------+---------------------------------------------------------------------------------+------------+------------+---------+------+------+--------+--------+------+------------+
|                                   Instance                                  |                                      Module                                     | Total LUTs | Logic LUTs | LUTRAMs | SRLs |  FFs | RAMB36 | RAMB18 | URAM | DSP Blocks |
+-----------------------------------------------------------------------------+---------------------------------------------------------------------------------+------------+------------+---------+------+------+--------+--------+------+------------+
| bd_0_wrapper                                                                |                                                                           (top) |       1312 |       1038 |       0 |  274 | 1023 |      0 |      0 |    0 |        109 |
|   bd_0_i                                                                    |                                                                            bd_0 |       1312 |       1038 |       0 |  274 | 1023 |      0 |      0 |    0 |        109 |
|     hls_inst                                                                |                                                                 bd_0_hls_inst_0 |       1312 |       1038 |       0 |  274 | 1023 |      0 |      0 |    0 |        109 |
|       inst                                                                  |                                                 bd_0_hls_inst_0_FIR_Halfband_v2 |       1312 |       1038 |       0 |  274 | 1023 |      0 |      0 |    0 |        109 |
|         (inst)                                                              |                                                 bd_0_hls_inst_0_FIR_Halfband_v2 |          2 |          0 |       0 |    2 |  372 |      0 |      0 |    0 |          0 |
|         H_dec_1_20_V_U                                                      |                 bd_0_hls_inst_0_FIR_Halfband_v2_H_dec_1_20_V_SHIFTREG_AUTO_0R0W |         22 |         22 |       0 |    0 |   32 |      0 |      0 |    0 |          0 |
|           FIR_Halfband_v2_H_dec_1_20_V_SHIFTREG_AUTO_0R0W_core_U            |         bd_0_hls_inst_0_FIR_Halfband_v2_H_dec_1_20_V_SHIFTREG_AUTO_0R0W_core_18 |         22 |         22 |       0 |    0 |   32 |      0 |      0 |    0 |          0 |
|         H_dec_2_20_V_U                                                      |                 bd_0_hls_inst_0_FIR_Halfband_v2_H_dec_2_20_V_SHIFTREG_AUTO_0R0W |         38 |         22 |       0 |   16 |   16 |      0 |      0 |    0 |          0 |
|           FIR_Halfband_v2_H_dec_2_20_V_SHIFTREG_AUTO_0R0W_core_U            |         bd_0_hls_inst_0_FIR_Halfband_v2_H_dec_2_20_V_SHIFTREG_AUTO_0R0W_core_17 |         38 |         22 |       0 |   16 |   16 |      0 |      0 |    0 |          0 |
|         H_int_1_20_V_U                                                      |               bd_0_hls_inst_0_FIR_Halfband_v2_H_dec_1_20_V_SHIFTREG_AUTO_0R0W_0 |          2 |          2 |       0 |    0 |   32 |      0 |      0 |    0 |          0 |
|           FIR_Halfband_v2_H_dec_1_20_V_SHIFTREG_AUTO_0R0W_core_U            |            bd_0_hls_inst_0_FIR_Halfband_v2_H_dec_1_20_V_SHIFTREG_AUTO_0R0W_core |          2 |          2 |       0 |    0 |   32 |      0 |      0 |    0 |          0 |
|         H_int_2_20_V_U                                                      |               bd_0_hls_inst_0_FIR_Halfband_v2_H_dec_2_20_V_SHIFTREG_AUTO_0R0W_1 |          8 |          8 |       0 |    0 |   32 |      0 |      0 |    0 |          0 |
|           FIR_Halfband_v2_H_dec_2_20_V_SHIFTREG_AUTO_0R0W_core_U            |            bd_0_hls_inst_0_FIR_Halfband_v2_H_dec_2_20_V_SHIFTREG_AUTO_0R0W_core |          8 |          8 |       0 |    0 |   32 |      0 |      0 |    0 |          0 |
|         grp_FIR_filter_1_fu_431                                             |                                    bd_0_hls_inst_0_FIR_Halfband_v2_FIR_filter_1 |         48 |          0 |       0 |   48 |   32 |      0 |      0 |    0 |          2 |
|           (grp_FIR_filter_1_fu_431)                                         |                                    bd_0_hls_inst_0_FIR_Halfband_v2_FIR_filter_1 |         48 |          0 |       0 |   48 |   32 |      0 |      0 |    0 |          0 |
|           am_addmul_16s_16s_15ns_32_4_1_U80                                 |                bd_0_hls_inst_0_FIR_Halfband_v2_am_addmul_16s_16s_15ns_32_4_1_13 |          0 |          0 |       0 |    0 |    0 |      0 |      0 |    0 |          1 |
|             FIR_Halfband_v2_am_addmul_16s_16s_15ns_32_4_1_DSP48_0_U         |        bd_0_hls_inst_0_FIR_Halfband_v2_am_addmul_16s_16s_15ns_32_4_1_DSP48_0_16 |          0 |          0 |       0 |    0 |    0 |      0 |      0 |    0 |          1 |
|           ama_addmuladd_16s_16s_13s_32s_32_4_1_U81                          |         bd_0_hls_inst_0_FIR_Halfband_v2_ama_addmuladd_16s_16s_13s_32s_32_4_1_14 |          0 |          0 |       0 |    0 |    0 |      0 |      0 |    0 |          1 |
|             FIR_Halfband_v2_ama_addmuladd_16s_16s_13s_32s_32_4_1_DSP48_0_U  | bd_0_hls_inst_0_FIR_Halfband_v2_ama_addmuladd_16s_16s_13s_32s_32_4_1_DSP48_0_15 |          0 |          0 |       0 |    0 |    0 |      0 |      0 |    0 |          1 |
|         grp_FIR_filter_1_fu_440                                             |                                  bd_0_hls_inst_0_FIR_Halfband_v2_FIR_filter_1_2 |         56 |          8 |       0 |   48 |   32 |      0 |      0 |    0 |          2 |
|           (grp_FIR_filter_1_fu_440)                                         |                                  bd_0_hls_inst_0_FIR_Halfband_v2_FIR_filter_1_2 |         48 |          0 |       0 |   48 |   32 |      0 |      0 |    0 |          0 |
|           am_addmul_16s_16s_15ns_32_4_1_U80                                 |                bd_0_hls_inst_0_FIR_Halfband_v2_am_addmul_16s_16s_15ns_32_4_1_11 |          0 |          0 |       0 |    0 |    0 |      0 |      0 |    0 |          1 |
|             FIR_Halfband_v2_am_addmul_16s_16s_15ns_32_4_1_DSP48_0_U         |        bd_0_hls_inst_0_FIR_Halfband_v2_am_addmul_16s_16s_15ns_32_4_1_DSP48_0_12 |          0 |          0 |       0 |    0 |    0 |      0 |      0 |    0 |          1 |
|           ama_addmuladd_16s_16s_13s_32s_32_4_1_U81                          |            bd_0_hls_inst_0_FIR_Halfband_v2_ama_addmuladd_16s_16s_13s_32s_32_4_1 |          8 |          8 |       0 |    0 |    0 |      0 |      0 |    0 |          1 |
|             FIR_Halfband_v2_ama_addmuladd_16s_16s_13s_32s_32_4_1_DSP48_0_U  |    bd_0_hls_inst_0_FIR_Halfband_v2_ama_addmuladd_16s_16s_13s_32s_32_4_1_DSP48_0 |          8 |          8 |       0 |    0 |    0 |      0 |      0 |    0 |          1 |
|         grp_FIR_filter_fu_411                                               |                                      bd_0_hls_inst_0_FIR_Halfband_v2_FIR_filter |         80 |          0 |       0 |   80 |   80 |      0 |      0 |    0 |          3 |
|           (grp_FIR_filter_fu_411)                                           |                                      bd_0_hls_inst_0_FIR_Halfband_v2_FIR_filter |         80 |          0 |       0 |   80 |   80 |      0 |      0 |    0 |          0 |
|           am_addmul_16s_16s_15ns_32_4_1_U68                                 |                 bd_0_hls_inst_0_FIR_Halfband_v2_am_addmul_16s_16s_15ns_32_4_1_5 |          0 |          0 |       0 |    0 |    0 |      0 |      0 |    0 |          1 |
|             FIR_Halfband_v2_am_addmul_16s_16s_15ns_32_4_1_DSP48_0_U         |        bd_0_hls_inst_0_FIR_Halfband_v2_am_addmul_16s_16s_15ns_32_4_1_DSP48_0_10 |          0 |          0 |       0 |    0 |    0 |      0 |      0 |    0 |          1 |
|           ama_addmuladd_16s_16s_10ns_32s_32_4_1_U69                         |         bd_0_hls_inst_0_FIR_Halfband_v2_ama_addmuladd_16s_16s_10ns_32s_32_4_1_6 |          0 |          0 |       0 |    0 |    0 |      0 |      0 |    0 |          1 |
|             FIR_Halfband_v2_ama_addmuladd_16s_16s_10ns_32s_32_4_1_DSP48_0_U | bd_0_hls_inst_0_FIR_Halfband_v2_ama_addmuladd_16s_16s_10ns_32s_32_4_1_DSP48_0_9 |          0 |          0 |       0 |    0 |    0 |      0 |      0 |    0 |          1 |
|           ama_addmuladd_16s_16s_14s_32s_32_4_1_U70                          |          bd_0_hls_inst_0_FIR_Halfband_v2_ama_addmuladd_16s_16s_14s_32s_32_4_1_7 |          0 |          0 |       0 |    0 |    0 |      0 |      0 |    0 |          1 |
|             FIR_Halfband_v2_ama_addmuladd_16s_16s_14s_32s_32_4_1_DSP48_0_U  |  bd_0_hls_inst_0_FIR_Halfband_v2_ama_addmuladd_16s_16s_14s_32s_32_4_1_DSP48_0_8 |          0 |          0 |       0 |    0 |    0 |      0 |      0 |    0 |          1 |
|         grp_FIR_filter_fu_421                                               |                                    bd_0_hls_inst_0_FIR_Halfband_v2_FIR_filter_3 |         88 |          8 |       0 |   80 |   80 |      0 |      0 |    0 |          3 |
|           (grp_FIR_filter_fu_421)                                           |                                    bd_0_hls_inst_0_FIR_Halfband_v2_FIR_filter_3 |         80 |          0 |       0 |   80 |   80 |      0 |      0 |    0 |          0 |
|           am_addmul_16s_16s_15ns_32_4_1_U68                                 |                   bd_0_hls_inst_0_FIR_Halfband_v2_am_addmul_16s_16s_15ns_32_4_1 |          0 |          0 |       0 |    0 |    0 |      0 |      0 |    0 |          1 |
|             FIR_Halfband_v2_am_addmul_16s_16s_15ns_32_4_1_DSP48_0_U         |           bd_0_hls_inst_0_FIR_Halfband_v2_am_addmul_16s_16s_15ns_32_4_1_DSP48_0 |          0 |          0 |       0 |    0 |    0 |      0 |      0 |    0 |          1 |
|           ama_addmuladd_16s_16s_10ns_32s_32_4_1_U69                         |           bd_0_hls_inst_0_FIR_Halfband_v2_ama_addmuladd_16s_16s_10ns_32s_32_4_1 |          0 |          0 |       0 |    0 |    0 |      0 |      0 |    0 |          1 |
|             FIR_Halfband_v2_ama_addmuladd_16s_16s_10ns_32s_32_4_1_DSP48_0_U |   bd_0_hls_inst_0_FIR_Halfband_v2_ama_addmuladd_16s_16s_10ns_32s_32_4_1_DSP48_0 |          0 |          0 |       0 |    0 |    0 |      0 |      0 |    0 |          1 |
|           ama_addmuladd_16s_16s_14s_32s_32_4_1_U70                          |            bd_0_hls_inst_0_FIR_Halfband_v2_ama_addmuladd_16s_16s_14s_32s_32_4_1 |          8 |          8 |       0 |    0 |    0 |      0 |      0 |    0 |          1 |
|             FIR_Halfband_v2_ama_addmuladd_16s_16s_14s_32s_32_4_1_DSP48_0_U  |    bd_0_hls_inst_0_FIR_Halfband_v2_ama_addmuladd_16s_16s_14s_32s_32_4_1_DSP48_0 |          8 |          8 |       0 |    0 |    0 |      0 |      0 |    0 |          1 |
|         p_2_FIR_filter_transposed_fu_448                                    |                           bd_0_hls_inst_0_FIR_Halfband_v2_FIR_filter_transposed |        893 |        893 |       0 |    0 |  241 |      0 |      0 |    0 |         99 |
|           (p_2_FIR_filter_transposed_fu_448)                                |                           bd_0_hls_inst_0_FIR_Halfband_v2_FIR_filter_transposed |        893 |        893 |       0 |    0 |  241 |      0 |      0 |    0 |         98 |
|           mul_16s_8ns_23_1_1_U1                                             |                              bd_0_hls_inst_0_FIR_Halfband_v2_mul_16s_8ns_23_1_1 |          1 |          1 |       0 |    0 |    0 |      0 |      0 |    0 |          1 |
|         regslice_both_input_r_U                                             |                                   bd_0_hls_inst_0_FIR_Halfband_v2_regslice_both |         42 |         42 |       0 |    0 |   37 |      0 |      0 |    0 |          0 |
|         regslice_both_output_r_U                                            |                                 bd_0_hls_inst_0_FIR_Halfband_v2_regslice_both_4 |         33 |         33 |       0 |    0 |   37 |      0 |      0 |    0 |          0 |
+-----------------------------------------------------------------------------+---------------------------------------------------------------------------------+------------+------------+---------+------+------+--------+--------+------+------------+


