Copyright 1986-2022 Xilinx, Inc. All Rights Reserved. Copyright 2022-2024 Advanced Micro Devices, Inc. All Rights Reserved.
---------------------------------------------------------------------------------------------------------------------------------------------
| Tool Version : Vivado v.2024.2 (win64) Build 5239630 Fri Nov 08 22:35:27 MST 2024
| Date         : Mon Nov 24 00:04:43 2025
| Host         : DESKTOP-92OKADH running 64-bit major release  (build 9200)
| Command      : report_design_analysis -file ./report/FIR_Halfband_v2_design_analysis_routed.rpt
| Design       : bd_0_wrapper
| Device       : xck26
| Design State : Routed
---------------------------------------------------------------------------------------------------------------------------------------------

Report Design Analysis

Table of Contents
-----------------
1. Setup Path Characteristics 1-1
2. Logic Level Distribution
3. Placer Final Level Congestion Reporting
4. Router Initial Congestion
5. SLR Net Crossing Reporting

1. Setup Path Characteristics 1-1
---------------------------------

+---------------------------+-----------------------------------------------------------------+
|      Characteristics      |                             Path #1                             |
+---------------------------+-----------------------------------------------------------------+
| Requirement               | 10.000                                                          |
| Path Delay                | 5.760                                                           |
| Logic Delay               | 0.977(17%)                                                      |
| Net Delay                 | 4.783(83%)                                                      |
| Clock Skew                | 0.013                                                           |
| Slack                     | 3.720                                                           |
| Clock Uncertainty         | 0.035                                                           |
| Clock Relationship        | Timed                                                           |
| Clock Delay Group         | Same Clock                                                      |
| Logic Levels              | 4                                                               |
| Routes                    | 4                                                               |
| Logical Path              | FDRE/C-(5)-LUT6-(6)-LUT4-(1)-LUT4-(1)-CARRY8-DSP_A_B_DATA/A[19] |
| Start Point Clock         | ap_clk                                                          |
| End Point Clock           | ap_clk                                                          |
| DSP Block                 | Seq                                                             |
| RAM Registers             | None-None                                                       |
| IO Crossings              | 0                                                               |
| SLR Crossings             | 0                                                               |
| PBlocks                   | 0                                                               |
| High Fanout               | 6                                                               |
| Dont Touch                | 0                                                               |
| Mark Debug                | 0                                                               |
| Start Point Pin Primitive | FDRE/C                                                          |
| End Point Pin Primitive   | DSP_A_B_DATA/A[19]                                              |
| Start Point Pin           | ShiftRegMem_reg[2][2]/C                                         |
| End Point Pin             | DSP_A_B_DATA_INST/A[19]                                         |
+---------------------------+-----------------------------------------------------------------+
* Bounding box calculated as % of dimensions for the target device (2818, 498)


2. Logic Level Distribution
---------------------------

+-----------------+-------------+----+----+----+-----+---+----+
| End Point Clock | Requirement |  0 |  2 |  3 |  4  | 5 |  6 |
+-----------------+-------------+----+----+----+-----+---+----+
| ap_clk          | 10.000ns    | 30 | 28 | 56 | 788 | 6 | 92 |
+-----------------+-------------+----+----+----+-----+---+----+
* Columns represent the logic levels per end point clock
** Distribution is for top worst 1000 paths


3. Placer Final Level Congestion Reporting
------------------------------------------

+-----------+------+-------+--------+---------------+---------------+-----+--------+------+------+------+------+-----+-------+-----+------------+
| Direction | Type | Level | Window | Combined LUTs | Avg LUT Input | LUT | LUTRAM | Flop | MUXF | RAMB | URAM | DSP | CARRY | SRL | Cell Names |
+-----------+------+-------+--------+---------------+---------------+-----+--------+------+------+------+------+-----+-------+-----+------------+
* No congestion windows are found above level 5


4. Router Initial Congestion
----------------------------

+-----------+------+-------+--------+---------------+---------------+-----+--------+------+------+------+------+-----+-------+-----+------------+-------------+
| Direction | Type | Level | Window | Combined LUTs | Avg LUT Input | LUT | LUTRAM | Flop | MUXF | RAMB | URAM | DSP | CARRY | SRL | Cell Names | Sub Windows |
+-----------+------+-------+--------+---------------+---------------+-----+--------+------+------+------+------+-----+-------+-----+------------+-------------+
* No effective congestion windows are found above level 5


5. SLR Net Crossing Reporting
-----------------------------

+------------+-----------------------------+
| Cell Names | Number of Nets crossing SLR |
+------------+-----------------------------+
* The current part is not an SSI device


