Copyright 1986-2022 Xilinx, Inc. All Rights Reserved. Copyright 2022-2024 Advanced Micro Devices, Inc. All Rights Reserved.
--------------------------------------------------------------------------------------------------------------------------------------------------
| Tool Version      : Vivado v.2024.2 (win64) Build 5239630 Fri Nov 08 22:35:27 MST 2024
| Date              : Sun Nov 23 23:58:34 2025
| Host              : DESKTOP-92OKADH running 64-bit major release  (build 9200)
| Command           : report_timing -max_paths 10 -file ./report/FIR_Halfband_v2_timing_paths_synth.rpt
| Design            : bd_0_wrapper
| Device            : xck26-sfvc784
| Speed File        : -2LV  PRODUCTION 1.30 05-15-2022
| Design State      : Synthesized
| Temperature Grade : C
--------------------------------------------------------------------------------------------------------------------------------------------------

Timing Report

Slack (MET) :             6.884ns  (required time - arrival time)
  Source:                 bd_0_i/hls_inst/inst/p_2_FIR_filter_transposed_fu_448/mul_16s_8ns_23_1_1_U1/tmp_product/DSP_A_B_DATA_INST/CLK
                            (rising edge-triggered cell DSP_A_B_DATA clocked by ap_clk  {rise@0.000ns fall@5.000ns period=10.000ns})
  Destination:            bd_0_i/hls_inst/inst/y3_reg[15]/D
                            (rising edge-triggered cell FDRE clocked by ap_clk  {rise@0.000ns fall@5.000ns period=10.000ns})
  Path Group:             ap_clk
  Path Type:              Setup (Max at Slow Process Corner)
  Requirement:            10.000ns  (ap_clk rise@10.000ns - ap_clk rise@0.000ns)
  Data Path Delay:        3.078ns  (logic 2.737ns (88.921%)  route 0.341ns (11.079%))
  Logic Levels:           10  (CARRY8=4 DSP_ALU=1 DSP_M_DATA=1 DSP_MULTIPLIER=1 DSP_OUTPUT=1 DSP_PREADD_DATA=1 LUT2=1)
  Clock Path Skew:        -0.047ns (DCD - SCD + CPR)
    Destination Clock Delay (DCD):    0.030ns = ( 10.030 - 10.000 ) 
    Source Clock Delay      (SCD):    0.077ns
    Clock Pessimism Removal (CPR):    0.000ns
  Clock Uncertainty:      0.035ns  ((TSJ^2 + TIJ^2)^1/2 + DJ) / 2 + PE
    Total System Jitter     (TSJ):    0.071ns
    Total Input Jitter      (TIJ):    0.000ns
    Discrete Jitter          (DJ):    0.000ns
    Phase Error              (PE):    0.000ns

    Location             Delay type                Incr(ns)  Path(ns)    Netlist Resource(s)
  -------------------------------------------------------------------    -------------------
                         (clock ap_clk rise edge)     0.000     0.000 r  
                                                      0.000     0.000 r  ap_clk (IN)
                         net (fo=1950, unset)         0.077     0.077    bd_0_i/hls_inst/inst/p_2_FIR_filter_transposed_fu_448/mul_16s_8ns_23_1_1_U1/tmp_product/CLK
                         DSP_A_B_DATA                                 r  bd_0_i/hls_inst/inst/p_2_FIR_filter_transposed_fu_448/mul_16s_8ns_23_1_1_U1/tmp_product/DSP_A_B_DATA_INST/CLK
  -------------------------------------------------------------------    -------------------
                         DSP_A_B_DATA (Prop_DSP_A_B_DATA_CLK_A2_DATA[0])
                                                      0.302     0.379 r  bd_0_i/hls_inst/inst/p_2_FIR_filter_transposed_fu_448/mul_16s_8ns_23_1_1_U1/tmp_product/DSP_A_B_DATA_INST/A2_DATA[0]
                         net (fo=1, unplaced)         0.000     0.379    bd_0_i/hls_inst/inst/p_2_FIR_filter_transposed_fu_448/mul_16s_8ns_23_1_1_U1/tmp_product/DSP_A_B_DATA.A2_DATA<0>
                         DSP_PREADD_DATA (Prop_DSP_PREADD_DATA_A2_DATA[0]_A2A1[0])
                                                      0.114     0.493 r  bd_0_i/hls_inst/inst/p_2_FIR_filter_transposed_fu_448/mul_16s_8ns_23_1_1_U1/tmp_product/DSP_PREADD_DATA_INST/A2A1[0]
                         net (fo=1, unplaced)         0.000     0.493    bd_0_i/hls_inst/inst/p_2_FIR_filter_transposed_fu_448/mul_16s_8ns_23_1_1_U1/tmp_product/DSP_PREADD_DATA.A2A1<0>
                         DSP_MULTIPLIER (Prop_DSP_MULTIPLIER_A2A1[0]_V[0])
                                                      0.699     1.192 f  bd_0_i/hls_inst/inst/p_2_FIR_filter_transposed_fu_448/mul_16s_8ns_23_1_1_U1/tmp_product/DSP_MULTIPLIER_INST/V[0]
                         net (fo=1, unplaced)         0.000     1.192    bd_0_i/hls_inst/inst/p_2_FIR_filter_transposed_fu_448/mul_16s_8ns_23_1_1_U1/tmp_product/DSP_MULTIPLIER.V<0>
                         DSP_M_DATA (Prop_DSP_M_DATA_V[0]_V_DATA[0])
                                                      0.065     1.257 r  bd_0_i/hls_inst/inst/p_2_FIR_filter_transposed_fu_448/mul_16s_8ns_23_1_1_U1/tmp_product/DSP_M_DATA_INST/V_DATA[0]
                         net (fo=1, unplaced)         0.000     1.257    bd_0_i/hls_inst/inst/p_2_FIR_filter_transposed_fu_448/mul_16s_8ns_23_1_1_U1/tmp_product/DSP_M_DATA.V_DATA<0>
                         DSP_ALU (Prop_DSP_ALU_V_DATA[0]_ALU_OUT[0])
                                                      0.722     1.979 f  bd_0_i/hls_inst/inst/p_2_FIR_filter_transposed_fu_448/mul_16s_8ns_23_1_1_U1/tmp_product/DSP_ALU_INST/ALU_OUT[0]
                         net (fo=1, unplaced)         0.000     1.979    bd_0_i/hls_inst/inst/p_2_FIR_filter_transposed_fu_448/mul_16s_8ns_23_1_1_U1/tmp_product/DSP_ALU.ALU_OUT<0>
                         DSP_OUTPUT (Prop_DSP_OUTPUT_ALU_OUT[0]_P[0])
                                                      0.146     2.125 r  bd_0_i/hls_inst/inst/p_2_FIR_filter_transposed_fu_448/mul_16s_8ns_23_1_1_U1/tmp_product/DSP_OUTPUT_INST/P[0]
                         net (fo=3, unplaced)         0.264     2.389    bd_0_i/hls_inst/inst/p_2_FIR_filter_transposed_fu_448/mul_16s_8ns_23_1_1_U1_n_22
                         LUT2 (Prop_LUT2_I0_O)        0.083     2.472 r  bd_0_i/hls_inst/inst/p_2_FIR_filter_transposed_fu_448/y3[7]_i_28/O
                         net (fo=1, unplaced)         0.025     2.497    bd_0_i/hls_inst/inst/p_2_FIR_filter_transposed_fu_448/y3[7]_i_28_n_0
                         CARRY8 (Prop_CARRY8_S[0]_CO[7])
                                                      0.289     2.786 r  bd_0_i/hls_inst/inst/p_2_FIR_filter_transposed_fu_448/y3_reg[7]_i_12/CO[7]
                         net (fo=1, unplaced)         0.006     2.792    bd_0_i/hls_inst/inst/p_2_FIR_filter_transposed_fu_448/y3_reg[7]_i_12_n_0
                         CARRY8 (Prop_CARRY8_CI_CO[7])
                                                      0.073     2.865 r  bd_0_i/hls_inst/inst/p_2_FIR_filter_transposed_fu_448/y3_reg[7]_i_2/CO[7]
                         net (fo=1, unplaced)         0.006     2.871    bd_0_i/hls_inst/inst/p_2_FIR_filter_transposed_fu_448/y3_reg[7]_i_2_n_0
                         CARRY8 (Prop_CARRY8_CI_CO[7])
                                                      0.073     2.944 r  bd_0_i/hls_inst/inst/p_2_FIR_filter_transposed_fu_448/y3_reg[7]_i_1/CO[7]
                         net (fo=1, unplaced)         0.006     2.950    bd_0_i/hls_inst/inst/p_2_FIR_filter_transposed_fu_448/y3_reg[7]_i_1_n_0
                         CARRY8 (Prop_CARRY8_CI_O[7])
                                                      0.171     3.121 r  bd_0_i/hls_inst/inst/p_2_FIR_filter_transposed_fu_448/y3_reg[15]_i_1/O[7]
                         net (fo=1, unplaced)         0.034     3.155    bd_0_i/hls_inst/inst/p_2_FIR_filter_transposed_fu_448_ap_return[15]
                         FDRE                                         r  bd_0_i/hls_inst/inst/y3_reg[15]/D
  -------------------------------------------------------------------    -------------------

                         (clock ap_clk rise edge)    10.000    10.000 r  
                                                      0.000    10.000 r  ap_clk (IN)
                         net (fo=1950, unset)         0.030    10.030    bd_0_i/hls_inst/inst/ap_clk
                         FDRE                                         r  bd_0_i/hls_inst/inst/y3_reg[15]/C
                         clock pessimism              0.000    10.030    
                         clock uncertainty           -0.035     9.995    
                         FDRE (Setup_FDRE_C_D)        0.044    10.039    bd_0_i/hls_inst/inst/y3_reg[15]
  -------------------------------------------------------------------
                         required time                         10.039    
                         arrival time                          -3.155    
  -------------------------------------------------------------------
                         slack                                  6.884    

Slack (MET) :             6.884ns  (required time - arrival time)
  Source:                 bd_0_i/hls_inst/inst/H_dec_2_20_V_U/FIR_Halfband_v2_H_dec_2_20_V_SHIFTREG_AUTO_0R0W_core_U/ShiftRegMem_reg[2][4]/C
                            (rising edge-triggered cell FDRE clocked by ap_clk  {rise@0.000ns fall@5.000ns period=10.000ns})
  Destination:            bd_0_i/hls_inst/inst/p_2_FIR_filter_transposed_fu_448/mul_16s_8ns_23_1_1_U1/tmp_product/DSP_A_B_DATA_INST/A[23]
                            (rising edge-triggered cell DSP_A_B_DATA clocked by ap_clk  {rise@0.000ns fall@5.000ns period=10.000ns})
  Path Group:             ap_clk
  Path Type:              Setup (Max at Slow Process Corner)
  Requirement:            10.000ns  (ap_clk rise@10.000ns - ap_clk rise@0.000ns)
  Data Path Delay:        2.554ns  (logic 0.708ns (27.726%)  route 1.846ns (72.274%))
  Logic Levels:           5  (CARRY8=1 LUT4=2 LUT6=2)
  Clock Path Skew:        0.014ns (DCD - SCD + CPR)
    Destination Clock Delay (DCD):    0.055ns = ( 10.055 - 10.000 ) 
    Source Clock Delay      (SCD):    0.041ns
    Clock Pessimism Removal (CPR):    0.000ns
  Clock Uncertainty:      0.035ns  ((TSJ^2 + TIJ^2)^1/2 + DJ) / 2 + PE
    Total System Jitter     (TSJ):    0.071ns
    Total Input Jitter      (TIJ):    0.000ns
    Discrete Jitter          (DJ):    0.000ns
    Phase Error              (PE):    0.000ns

    Location             Delay type                Incr(ns)  Path(ns)    Netlist Resource(s)
  -------------------------------------------------------------------    -------------------
                         (clock ap_clk rise edge)     0.000     0.000 r  
                                                      0.000     0.000 r  ap_clk (IN)
                         net (fo=1950, unset)         0.041     0.041    bd_0_i/hls_inst/inst/H_dec_2_20_V_U/FIR_Halfband_v2_H_dec_2_20_V_SHIFTREG_AUTO_0R0W_core_U/ap_clk
                         FDRE                                         r  bd_0_i/hls_inst/inst/H_dec_2_20_V_U/FIR_Halfband_v2_H_dec_2_20_V_SHIFTREG_AUTO_0R0W_core_U/ShiftRegMem_reg[2][4]/C
  -------------------------------------------------------------------    -------------------
                         FDRE (Prop_FDRE_C_Q)         0.114     0.155 f  bd_0_i/hls_inst/inst/H_dec_2_20_V_U/FIR_Halfband_v2_H_dec_2_20_V_SHIFTREG_AUTO_0R0W_core_U/ShiftRegMem_reg[2][4]/Q
                         net (fo=3, unplaced)         0.180     0.335    bd_0_i/hls_inst/inst/H_dec_2_20_V_U/FIR_Halfband_v2_H_dec_2_20_V_SHIFTREG_AUTO_0R0W_core_U/ShiftRegMem_reg[2][4]
                         LUT6 (Prop_LUT6_I0_O)        0.225     0.560 r  bd_0_i/hls_inst/inst/H_dec_2_20_V_U/FIR_Halfband_v2_H_dec_2_20_V_SHIFTREG_AUTO_0R0W_core_U/tmp_product_i_24/O
                         net (fo=6, unplaced)         0.233     0.793    bd_0_i/hls_inst/inst/H_dec_2_20_V_U/FIR_Halfband_v2_H_dec_2_20_V_SHIFTREG_AUTO_0R0W_core_U/tmp_product_i_24_n_0
                         LUT6 (Prop_LUT6_I2_O)        0.058     0.851 r  bd_0_i/hls_inst/inst/H_dec_2_20_V_U/FIR_Halfband_v2_H_dec_2_20_V_SHIFTREG_AUTO_0R0W_core_U/tmp_product_i_21/O
                         net (fo=5, unplaced)         0.229     1.080    bd_0_i/hls_inst/inst/H_dec_2_20_V_U/FIR_Halfband_v2_H_dec_2_20_V_SHIFTREG_AUTO_0R0W_core_U/tmp_product_i_21_n_0
                         LUT4 (Prop_LUT4_I1_O)        0.058     1.138 r  bd_0_i/hls_inst/inst/H_dec_2_20_V_U/FIR_Halfband_v2_H_dec_2_20_V_SHIFTREG_AUTO_0R0W_core_U/tmp_product_i_20/O
                         net (fo=1, unplaced)         0.211     1.349    bd_0_i/hls_inst/inst/H_dec_2_20_V_U/FIR_Halfband_v2_H_dec_2_20_V_SHIFTREG_AUTO_0R0W_core_U/tmp_product_i_20_n_0
                         LUT4 (Prop_LUT4_I2_O)        0.056     1.405 r  bd_0_i/hls_inst/inst/H_dec_2_20_V_U/FIR_Halfband_v2_H_dec_2_20_V_SHIFTREG_AUTO_0R0W_core_U/tmp_product_i_5/O
                         net (fo=1, unplaced)         0.037     1.442    bd_0_i/hls_inst/inst/H_dec_2_20_V_U/FIR_Halfband_v2_H_dec_2_20_V_SHIFTREG_AUTO_0R0W_core_U/tmp_product_i_5_n_0
                         CARRY8 (Prop_CARRY8_S[5]_O[7])
                                                      0.197     1.639 r  bd_0_i/hls_inst/inst/H_dec_2_20_V_U/FIR_Halfband_v2_H_dec_2_20_V_SHIFTREG_AUTO_0R0W_core_U/tmp_product_i_1/O[7]
                         net (fo=1486, unplaced)      0.956     2.595    bd_0_i/hls_inst/inst/p_2_FIR_filter_transposed_fu_448/mul_16s_8ns_23_1_1_U1/tmp_product/A[23]
                         DSP_A_B_DATA                                 r  bd_0_i/hls_inst/inst/p_2_FIR_filter_transposed_fu_448/mul_16s_8ns_23_1_1_U1/tmp_product/DSP_A_B_DATA_INST/A[23]
  -------------------------------------------------------------------    -------------------

                         (clock ap_clk rise edge)    10.000    10.000 r  
                                                      0.000    10.000 r  ap_clk (IN)
                         net (fo=1950, unset)         0.055    10.055    bd_0_i/hls_inst/inst/p_2_FIR_filter_transposed_fu_448/mul_16s_8ns_23_1_1_U1/tmp_product/CLK
                         DSP_A_B_DATA                                 r  bd_0_i/hls_inst/inst/p_2_FIR_filter_transposed_fu_448/mul_16s_8ns_23_1_1_U1/tmp_product/DSP_A_B_DATA_INST/CLK
                         clock pessimism              0.000    10.055    
                         clock uncertainty           -0.035    10.020    
                         DSP_A_B_DATA (Setup_DSP_A_B_DATA_CLK_A[23])
                                                     -0.541     9.479    bd_0_i/hls_inst/inst/p_2_FIR_filter_transposed_fu_448/mul_16s_8ns_23_1_1_U1/tmp_product/DSP_A_B_DATA_INST
  -------------------------------------------------------------------
                         required time                          9.479    
                         arrival time                          -2.595    
  -------------------------------------------------------------------
                         slack                                  6.884    

Slack (MET) :             6.884ns  (required time - arrival time)
  Source:                 bd_0_i/hls_inst/inst/H_dec_2_20_V_U/FIR_Halfband_v2_H_dec_2_20_V_SHIFTREG_AUTO_0R0W_core_U/ShiftRegMem_reg[2][4]/C
                            (rising edge-triggered cell FDRE clocked by ap_clk  {rise@0.000ns fall@5.000ns period=10.000ns})
  Destination:            bd_0_i/hls_inst/inst/p_2_FIR_filter_transposed_fu_448/p_ZL10H_accu_FIR_102_reg/DSP_A_B_DATA_INST/A[23]
                            (rising edge-triggered cell DSP_A_B_DATA clocked by ap_clk  {rise@0.000ns fall@5.000ns period=10.000ns})
  Path Group:             ap_clk
  Path Type:              Setup (Max at Slow Process Corner)
  Requirement:            10.000ns  (ap_clk rise@10.000ns - ap_clk rise@0.000ns)
  Data Path Delay:        2.554ns  (logic 0.708ns (27.726%)  route 1.846ns (72.274%))
  Logic Levels:           5  (CARRY8=1 LUT4=2 LUT6=2)
  Clock Path Skew:        0.014ns (DCD - SCD + CPR)
    Destination Clock Delay (DCD):    0.055ns = ( 10.055 - 10.000 ) 
    Source Clock Delay      (SCD):    0.041ns
    Clock Pessimism Removal (CPR):    0.000ns
  Clock Uncertainty:      0.035ns  ((TSJ^2 + TIJ^2)^1/2 + DJ) / 2 + PE
    Total System Jitter     (TSJ):    0.071ns
    Total Input Jitter      (TIJ):    0.000ns
    Discrete Jitter          (DJ):    0.000ns
    Phase Error              (PE):    0.000ns

    Location             Delay type                Incr(ns)  Path(ns)    Netlist Resource(s)
  -------------------------------------------------------------------    -------------------
                         (clock ap_clk rise edge)     0.000     0.000 r  
                                                      0.000     0.000 r  ap_clk (IN)
                         net (fo=1950, unset)         0.041     0.041    bd_0_i/hls_inst/inst/H_dec_2_20_V_U/FIR_Halfband_v2_H_dec_2_20_V_SHIFTREG_AUTO_0R0W_core_U/ap_clk
                         FDRE                                         r  bd_0_i/hls_inst/inst/H_dec_2_20_V_U/FIR_Halfband_v2_H_dec_2_20_V_SHIFTREG_AUTO_0R0W_core_U/ShiftRegMem_reg[2][4]/C
  -------------------------------------------------------------------    -------------------
                         FDRE (Prop_FDRE_C_Q)         0.114     0.155 f  bd_0_i/hls_inst/inst/H_dec_2_20_V_U/FIR_Halfband_v2_H_dec_2_20_V_SHIFTREG_AUTO_0R0W_core_U/ShiftRegMem_reg[2][4]/Q
                         net (fo=3, unplaced)         0.180     0.335    bd_0_i/hls_inst/inst/H_dec_2_20_V_U/FIR_Halfband_v2_H_dec_2_20_V_SHIFTREG_AUTO_0R0W_core_U/ShiftRegMem_reg[2][4]
                         LUT6 (Prop_LUT6_I0_O)        0.225     0.560 r  bd_0_i/hls_inst/inst/H_dec_2_20_V_U/FIR_Halfband_v2_H_dec_2_20_V_SHIFTREG_AUTO_0R0W_core_U/tmp_product_i_24/O
                         net (fo=6, unplaced)         0.233     0.793    bd_0_i/hls_inst/inst/H_dec_2_20_V_U/FIR_Halfband_v2_H_dec_2_20_V_SHIFTREG_AUTO_0R0W_core_U/tmp_product_i_24_n_0
                         LUT6 (Prop_LUT6_I2_O)        0.058     0.851 r  bd_0_i/hls_inst/inst/H_dec_2_20_V_U/FIR_Halfband_v2_H_dec_2_20_V_SHIFTREG_AUTO_0R0W_core_U/tmp_product_i_21/O
                         net (fo=5, unplaced)         0.229     1.080    bd_0_i/hls_inst/inst/H_dec_2_20_V_U/FIR_Halfband_v2_H_dec_2_20_V_SHIFTREG_AUTO_0R0W_core_U/tmp_product_i_21_n_0
                         LUT4 (Prop_LUT4_I1_O)        0.058     1.138 r  bd_0_i/hls_inst/inst/H_dec_2_20_V_U/FIR_Halfband_v2_H_dec_2_20_V_SHIFTREG_AUTO_0R0W_core_U/tmp_product_i_20/O
                         net (fo=1, unplaced)         0.211     1.349    bd_0_i/hls_inst/inst/H_dec_2_20_V_U/FIR_Halfband_v2_H_dec_2_20_V_SHIFTREG_AUTO_0R0W_core_U/tmp_product_i_20_n_0
                         LUT4 (Prop_LUT4_I2_O)        0.056     1.405 r  bd_0_i/hls_inst/inst/H_dec_2_20_V_U/FIR_Halfband_v2_H_dec_2_20_V_SHIFTREG_AUTO_0R0W_core_U/tmp_product_i_5/O
                         net (fo=1, unplaced)         0.037     1.442    bd_0_i/hls_inst/inst/H_dec_2_20_V_U/FIR_Halfband_v2_H_dec_2_20_V_SHIFTREG_AUTO_0R0W_core_U/tmp_product_i_5_n_0
                         CARRY8 (Prop_CARRY8_S[5]_O[7])
                                                      0.197     1.639 r  bd_0_i/hls_inst/inst/H_dec_2_20_V_U/FIR_Halfband_v2_H_dec_2_20_V_SHIFTREG_AUTO_0R0W_core_U/tmp_product_i_1/O[7]
                         net (fo=1486, unplaced)      0.956     2.595    bd_0_i/hls_inst/inst/p_2_FIR_filter_transposed_fu_448/p_ZL10H_accu_FIR_102_reg/A[23]
                         DSP_A_B_DATA                                 r  bd_0_i/hls_inst/inst/p_2_FIR_filter_transposed_fu_448/p_ZL10H_accu_FIR_102_reg/DSP_A_B_DATA_INST/A[23]
  -------------------------------------------------------------------    -------------------

                         (clock ap_clk rise edge)    10.000    10.000 r  
                                                      0.000    10.000 r  ap_clk (IN)
                         net (fo=1950, unset)         0.055    10.055    bd_0_i/hls_inst/inst/p_2_FIR_filter_transposed_fu_448/p_ZL10H_accu_FIR_102_reg/CLK
                         DSP_A_B_DATA                                 r  bd_0_i/hls_inst/inst/p_2_FIR_filter_transposed_fu_448/p_ZL10H_accu_FIR_102_reg/DSP_A_B_DATA_INST/CLK
                         clock pessimism              0.000    10.055    
                         clock uncertainty           -0.035    10.020    
                         DSP_A_B_DATA (Setup_DSP_A_B_DATA_CLK_A[23])
                                                     -0.541     9.479    bd_0_i/hls_inst/inst/p_2_FIR_filter_transposed_fu_448/p_ZL10H_accu_FIR_102_reg/DSP_A_B_DATA_INST
  -------------------------------------------------------------------
                         required time                          9.479    
                         arrival time                          -2.595    
  -------------------------------------------------------------------
                         slack                                  6.884    

Slack (MET) :             6.884ns  (required time - arrival time)
  Source:                 bd_0_i/hls_inst/inst/H_dec_2_20_V_U/FIR_Halfband_v2_H_dec_2_20_V_SHIFTREG_AUTO_0R0W_core_U/ShiftRegMem_reg[2][4]/C
                            (rising edge-triggered cell FDRE clocked by ap_clk  {rise@0.000ns fall@5.000ns period=10.000ns})
  Destination:            bd_0_i/hls_inst/inst/p_2_FIR_filter_transposed_fu_448/p_ZL10H_accu_FIR_103_reg/DSP_A_B_DATA_INST/A[23]
                            (rising edge-triggered cell DSP_A_B_DATA clocked by ap_clk  {rise@0.000ns fall@5.000ns period=10.000ns})
  Path Group:             ap_clk
  Path Type:              Setup (Max at Slow Process Corner)
  Requirement:            10.000ns  (ap_clk rise@10.000ns - ap_clk rise@0.000ns)
  Data Path Delay:        2.554ns  (logic 0.708ns (27.726%)  route 1.846ns (72.274%))
  Logic Levels:           5  (CARRY8=1 LUT4=2 LUT6=2)
  Clock Path Skew:        0.014ns (DCD - SCD + CPR)
    Destination Clock Delay (DCD):    0.055ns = ( 10.055 - 10.000 ) 
    Source Clock Delay      (SCD):    0.041ns
    Clock Pessimism Removal (CPR):    0.000ns
  Clock Uncertainty:      0.035ns  ((TSJ^2 + TIJ^2)^1/2 + DJ) / 2 + PE
    Total System Jitter     (TSJ):    0.071ns
    Total Input Jitter      (TIJ):    0.000ns
    Discrete Jitter          (DJ):    0.000ns
    Phase Error              (PE):    0.000ns

    Location             Delay type                Incr(ns)  Path(ns)    Netlist Resource(s)
  -------------------------------------------------------------------    -------------------
                         (clock ap_clk rise edge)     0.000     0.000 r  
                                                      0.000     0.000 r  ap_clk (IN)
                         net (fo=1950, unset)         0.041     0.041    bd_0_i/hls_inst/inst/H_dec_2_20_V_U/FIR_Halfband_v2_H_dec_2_20_V_SHIFTREG_AUTO_0R0W_core_U/ap_clk
                         FDRE                                         r  bd_0_i/hls_inst/inst/H_dec_2_20_V_U/FIR_Halfband_v2_H_dec_2_20_V_SHIFTREG_AUTO_0R0W_core_U/ShiftRegMem_reg[2][4]/C
  -------------------------------------------------------------------    -------------------
                         FDRE (Prop_FDRE_C_Q)         0.114     0.155 f  bd_0_i/hls_inst/inst/H_dec_2_20_V_U/FIR_Halfband_v2_H_dec_2_20_V_SHIFTREG_AUTO_0R0W_core_U/ShiftRegMem_reg[2][4]/Q
                         net (fo=3, unplaced)         0.180     0.335    bd_0_i/hls_inst/inst/H_dec_2_20_V_U/FIR_Halfband_v2_H_dec_2_20_V_SHIFTREG_AUTO_0R0W_core_U/ShiftRegMem_reg[2][4]
                         LUT6 (Prop_LUT6_I0_O)        0.225     0.560 r  bd_0_i/hls_inst/inst/H_dec_2_20_V_U/FIR_Halfband_v2_H_dec_2_20_V_SHIFTREG_AUTO_0R0W_core_U/tmp_product_i_24/O
                         net (fo=6, unplaced)         0.233     0.793    bd_0_i/hls_inst/inst/H_dec_2_20_V_U/FIR_Halfband_v2_H_dec_2_20_V_SHIFTREG_AUTO_0R0W_core_U/tmp_product_i_24_n_0
                         LUT6 (Prop_LUT6_I2_O)        0.058     0.851 r  bd_0_i/hls_inst/inst/H_dec_2_20_V_U/FIR_Halfband_v2_H_dec_2_20_V_SHIFTREG_AUTO_0R0W_core_U/tmp_product_i_21/O
                         net (fo=5, unplaced)         0.229     1.080    bd_0_i/hls_inst/inst/H_dec_2_20_V_U/FIR_Halfband_v2_H_dec_2_20_V_SHIFTREG_AUTO_0R0W_core_U/tmp_product_i_21_n_0
                         LUT4 (Prop_LUT4_I1_O)        0.058     1.138 r  bd_0_i/hls_inst/inst/H_dec_2_20_V_U/FIR_Halfband_v2_H_dec_2_20_V_SHIFTREG_AUTO_0R0W_core_U/tmp_product_i_20/O
                         net (fo=1, unplaced)         0.211     1.349    bd_0_i/hls_inst/inst/H_dec_2_20_V_U/FIR_Halfband_v2_H_dec_2_20_V_SHIFTREG_AUTO_0R0W_core_U/tmp_product_i_20_n_0
                         LUT4 (Prop_LUT4_I2_O)        0.056     1.405 r  bd_0_i/hls_inst/inst/H_dec_2_20_V_U/FIR_Halfband_v2_H_dec_2_20_V_SHIFTREG_AUTO_0R0W_core_U/tmp_product_i_5/O
                         net (fo=1, unplaced)         0.037     1.442    bd_0_i/hls_inst/inst/H_dec_2_20_V_U/FIR_Halfband_v2_H_dec_2_20_V_SHIFTREG_AUTO_0R0W_core_U/tmp_product_i_5_n_0
                         CARRY8 (Prop_CARRY8_S[5]_O[7])
                                                      0.197     1.639 r  bd_0_i/hls_inst/inst/H_dec_2_20_V_U/FIR_Halfband_v2_H_dec_2_20_V_SHIFTREG_AUTO_0R0W_core_U/tmp_product_i_1/O[7]
                         net (fo=1486, unplaced)      0.956     2.595    bd_0_i/hls_inst/inst/p_2_FIR_filter_transposed_fu_448/p_ZL10H_accu_FIR_103_reg/A[23]
                         DSP_A_B_DATA                                 r  bd_0_i/hls_inst/inst/p_2_FIR_filter_transposed_fu_448/p_ZL10H_accu_FIR_103_reg/DSP_A_B_DATA_INST/A[23]
  -------------------------------------------------------------------    -------------------

                         (clock ap_clk rise edge)    10.000    10.000 r  
                                                      0.000    10.000 r  ap_clk (IN)
                         net (fo=1950, unset)         0.055    10.055    bd_0_i/hls_inst/inst/p_2_FIR_filter_transposed_fu_448/p_ZL10H_accu_FIR_103_reg/CLK
                         DSP_A_B_DATA                                 r  bd_0_i/hls_inst/inst/p_2_FIR_filter_transposed_fu_448/p_ZL10H_accu_FIR_103_reg/DSP_A_B_DATA_INST/CLK
                         clock pessimism              0.000    10.055    
                         clock uncertainty           -0.035    10.020    
                         DSP_A_B_DATA (Setup_DSP_A_B_DATA_CLK_A[23])
                                                     -0.541     9.479    bd_0_i/hls_inst/inst/p_2_FIR_filter_transposed_fu_448/p_ZL10H_accu_FIR_103_reg/DSP_A_B_DATA_INST
  -------------------------------------------------------------------
                         required time                          9.479    
                         arrival time                          -2.595    
  -------------------------------------------------------------------
                         slack                                  6.884    

Slack (MET) :             6.884ns  (required time - arrival time)
  Source:                 bd_0_i/hls_inst/inst/H_dec_2_20_V_U/FIR_Halfband_v2_H_dec_2_20_V_SHIFTREG_AUTO_0R0W_core_U/ShiftRegMem_reg[2][4]/C
                            (rising edge-triggered cell FDRE clocked by ap_clk  {rise@0.000ns fall@5.000ns period=10.000ns})
  Destination:            bd_0_i/hls_inst/inst/p_2_FIR_filter_transposed_fu_448/p_ZL10H_accu_FIR_104_reg/DSP_A_B_DATA_INST/A[23]
                            (rising edge-triggered cell DSP_A_B_DATA clocked by ap_clk  {rise@0.000ns fall@5.000ns period=10.000ns})
  Path Group:             ap_clk
  Path Type:              Setup (Max at Slow Process Corner)
  Requirement:            10.000ns  (ap_clk rise@10.000ns - ap_clk rise@0.000ns)
  Data Path Delay:        2.554ns  (logic 0.708ns (27.726%)  route 1.846ns (72.274%))
  Logic Levels:           5  (CARRY8=1 LUT4=2 LUT6=2)
  Clock Path Skew:        0.014ns (DCD - SCD + CPR)
    Destination Clock Delay (DCD):    0.055ns = ( 10.055 - 10.000 ) 
    Source Clock Delay      (SCD):    0.041ns
    Clock Pessimism Removal (CPR):    0.000ns
  Clock Uncertainty:      0.035ns  ((TSJ^2 + TIJ^2)^1/2 + DJ) / 2 + PE
    Total System Jitter     (TSJ):    0.071ns
    Total Input Jitter      (TIJ):    0.000ns
    Discrete Jitter          (DJ):    0.000ns
    Phase Error              (PE):    0.000ns

    Location             Delay type                Incr(ns)  Path(ns)    Netlist Resource(s)
  -------------------------------------------------------------------    -------------------
                         (clock ap_clk rise edge)     0.000     0.000 r  
                                                      0.000     0.000 r  ap_clk (IN)
                         net (fo=1950, unset)         0.041     0.041    bd_0_i/hls_inst/inst/H_dec_2_20_V_U/FIR_Halfband_v2_H_dec_2_20_V_SHIFTREG_AUTO_0R0W_core_U/ap_clk
                         FDRE                                         r  bd_0_i/hls_inst/inst/H_dec_2_20_V_U/FIR_Halfband_v2_H_dec_2_20_V_SHIFTREG_AUTO_0R0W_core_U/ShiftRegMem_reg[2][4]/C
  -------------------------------------------------------------------    -------------------
                         FDRE (Prop_FDRE_C_Q)         0.114     0.155 f  bd_0_i/hls_inst/inst/H_dec_2_20_V_U/FIR_Halfband_v2_H_dec_2_20_V_SHIFTREG_AUTO_0R0W_core_U/ShiftRegMem_reg[2][4]/Q
                         net (fo=3, unplaced)         0.180     0.335    bd_0_i/hls_inst/inst/H_dec_2_20_V_U/FIR_Halfband_v2_H_dec_2_20_V_SHIFTREG_AUTO_0R0W_core_U/ShiftRegMem_reg[2][4]
                         LUT6 (Prop_LUT6_I0_O)        0.225     0.560 r  bd_0_i/hls_inst/inst/H_dec_2_20_V_U/FIR_Halfband_v2_H_dec_2_20_V_SHIFTREG_AUTO_0R0W_core_U/tmp_product_i_24/O
                         net (fo=6, unplaced)         0.233     0.793    bd_0_i/hls_inst/inst/H_dec_2_20_V_U/FIR_Halfband_v2_H_dec_2_20_V_SHIFTREG_AUTO_0R0W_core_U/tmp_product_i_24_n_0
                         LUT6 (Prop_LUT6_I2_O)        0.058     0.851 r  bd_0_i/hls_inst/inst/H_dec_2_20_V_U/FIR_Halfband_v2_H_dec_2_20_V_SHIFTREG_AUTO_0R0W_core_U/tmp_product_i_21/O
                         net (fo=5, unplaced)         0.229     1.080    bd_0_i/hls_inst/inst/H_dec_2_20_V_U/FIR_Halfband_v2_H_dec_2_20_V_SHIFTREG_AUTO_0R0W_core_U/tmp_product_i_21_n_0
                         LUT4 (Prop_LUT4_I1_O)        0.058     1.138 r  bd_0_i/hls_inst/inst/H_dec_2_20_V_U/FIR_Halfband_v2_H_dec_2_20_V_SHIFTREG_AUTO_0R0W_core_U/tmp_product_i_20/O
                         net (fo=1, unplaced)         0.211     1.349    bd_0_i/hls_inst/inst/H_dec_2_20_V_U/FIR_Halfband_v2_H_dec_2_20_V_SHIFTREG_AUTO_0R0W_core_U/tmp_product_i_20_n_0
                         LUT4 (Prop_LUT4_I2_O)        0.056     1.405 r  bd_0_i/hls_inst/inst/H_dec_2_20_V_U/FIR_Halfband_v2_H_dec_2_20_V_SHIFTREG_AUTO_0R0W_core_U/tmp_product_i_5/O
                         net (fo=1, unplaced)         0.037     1.442    bd_0_i/hls_inst/inst/H_dec_2_20_V_U/FIR_Halfband_v2_H_dec_2_20_V_SHIFTREG_AUTO_0R0W_core_U/tmp_product_i_5_n_0
                         CARRY8 (Prop_CARRY8_S[5]_O[7])
                                                      0.197     1.639 r  bd_0_i/hls_inst/inst/H_dec_2_20_V_U/FIR_Halfband_v2_H_dec_2_20_V_SHIFTREG_AUTO_0R0W_core_U/tmp_product_i_1/O[7]
                         net (fo=1486, unplaced)      0.956     2.595    bd_0_i/hls_inst/inst/p_2_FIR_filter_transposed_fu_448/p_ZL10H_accu_FIR_104_reg/A[23]
                         DSP_A_B_DATA                                 r  bd_0_i/hls_inst/inst/p_2_FIR_filter_transposed_fu_448/p_ZL10H_accu_FIR_104_reg/DSP_A_B_DATA_INST/A[23]
  -------------------------------------------------------------------    -------------------

                         (clock ap_clk rise edge)    10.000    10.000 r  
                                                      0.000    10.000 r  ap_clk (IN)
                         net (fo=1950, unset)         0.055    10.055    bd_0_i/hls_inst/inst/p_2_FIR_filter_transposed_fu_448/p_ZL10H_accu_FIR_104_reg/CLK
                         DSP_A_B_DATA                                 r  bd_0_i/hls_inst/inst/p_2_FIR_filter_transposed_fu_448/p_ZL10H_accu_FIR_104_reg/DSP_A_B_DATA_INST/CLK
                         clock pessimism              0.000    10.055    
                         clock uncertainty           -0.035    10.020    
                         DSP_A_B_DATA (Setup_DSP_A_B_DATA_CLK_A[23])
                                                     -0.541     9.479    bd_0_i/hls_inst/inst/p_2_FIR_filter_transposed_fu_448/p_ZL10H_accu_FIR_104_reg/DSP_A_B_DATA_INST
  -------------------------------------------------------------------
                         required time                          9.479    
                         arrival time                          -2.595    
  -------------------------------------------------------------------
                         slack                                  6.884    

Slack (MET) :             6.884ns  (required time - arrival time)
  Source:                 bd_0_i/hls_inst/inst/H_dec_2_20_V_U/FIR_Halfband_v2_H_dec_2_20_V_SHIFTREG_AUTO_0R0W_core_U/ShiftRegMem_reg[2][4]/C
                            (rising edge-triggered cell FDRE clocked by ap_clk  {rise@0.000ns fall@5.000ns period=10.000ns})
  Destination:            bd_0_i/hls_inst/inst/p_2_FIR_filter_transposed_fu_448/p_ZL10H_accu_FIR_105_reg/DSP_A_B_DATA_INST/A[23]
                            (rising edge-triggered cell DSP_A_B_DATA clocked by ap_clk  {rise@0.000ns fall@5.000ns period=10.000ns})
  Path Group:             ap_clk
  Path Type:              Setup (Max at Slow Process Corner)
  Requirement:            10.000ns  (ap_clk rise@10.000ns - ap_clk rise@0.000ns)
  Data Path Delay:        2.554ns  (logic 0.708ns (27.726%)  route 1.846ns (72.274%))
  Logic Levels:           5  (CARRY8=1 LUT4=2 LUT6=2)
  Clock Path Skew:        0.014ns (DCD - SCD + CPR)
    Destination Clock Delay (DCD):    0.055ns = ( 10.055 - 10.000 ) 
    Source Clock Delay      (SCD):    0.041ns
    Clock Pessimism Removal (CPR):    0.000ns
  Clock Uncertainty:      0.035ns  ((TSJ^2 + TIJ^2)^1/2 + DJ) / 2 + PE
    Total System Jitter     (TSJ):    0.071ns
    Total Input Jitter      (TIJ):    0.000ns
    Discrete Jitter          (DJ):    0.000ns
    Phase Error              (PE):    0.000ns

    Location             Delay type                Incr(ns)  Path(ns)    Netlist Resource(s)
  -------------------------------------------------------------------    -------------------
                         (clock ap_clk rise edge)     0.000     0.000 r  
                                                      0.000     0.000 r  ap_clk (IN)
                         net (fo=1950, unset)         0.041     0.041    bd_0_i/hls_inst/inst/H_dec_2_20_V_U/FIR_Halfband_v2_H_dec_2_20_V_SHIFTREG_AUTO_0R0W_core_U/ap_clk
                         FDRE                                         r  bd_0_i/hls_inst/inst/H_dec_2_20_V_U/FIR_Halfband_v2_H_dec_2_20_V_SHIFTREG_AUTO_0R0W_core_U/ShiftRegMem_reg[2][4]/C
  -------------------------------------------------------------------    -------------------
                         FDRE (Prop_FDRE_C_Q)         0.114     0.155 f  bd_0_i/hls_inst/inst/H_dec_2_20_V_U/FIR_Halfband_v2_H_dec_2_20_V_SHIFTREG_AUTO_0R0W_core_U/ShiftRegMem_reg[2][4]/Q
                         net (fo=3, unplaced)         0.180     0.335    bd_0_i/hls_inst/inst/H_dec_2_20_V_U/FIR_Halfband_v2_H_dec_2_20_V_SHIFTREG_AUTO_0R0W_core_U/ShiftRegMem_reg[2][4]
                         LUT6 (Prop_LUT6_I0_O)        0.225     0.560 r  bd_0_i/hls_inst/inst/H_dec_2_20_V_U/FIR_Halfband_v2_H_dec_2_20_V_SHIFTREG_AUTO_0R0W_core_U/tmp_product_i_24/O
                         net (fo=6, unplaced)         0.233     0.793    bd_0_i/hls_inst/inst/H_dec_2_20_V_U/FIR_Halfband_v2_H_dec_2_20_V_SHIFTREG_AUTO_0R0W_core_U/tmp_product_i_24_n_0
                         LUT6 (Prop_LUT6_I2_O)        0.058     0.851 r  bd_0_i/hls_inst/inst/H_dec_2_20_V_U/FIR_Halfband_v2_H_dec_2_20_V_SHIFTREG_AUTO_0R0W_core_U/tmp_product_i_21/O
                         net (fo=5, unplaced)         0.229     1.080    bd_0_i/hls_inst/inst/H_dec_2_20_V_U/FIR_Halfband_v2_H_dec_2_20_V_SHIFTREG_AUTO_0R0W_core_U/tmp_product_i_21_n_0
                         LUT4 (Prop_LUT4_I1_O)        0.058     1.138 r  bd_0_i/hls_inst/inst/H_dec_2_20_V_U/FIR_Halfband_v2_H_dec_2_20_V_SHIFTREG_AUTO_0R0W_core_U/tmp_product_i_20/O
                         net (fo=1, unplaced)         0.211     1.349    bd_0_i/hls_inst/inst/H_dec_2_20_V_U/FIR_Halfband_v2_H_dec_2_20_V_SHIFTREG_AUTO_0R0W_core_U/tmp_product_i_20_n_0
                         LUT4 (Prop_LUT4_I2_O)        0.056     1.405 r  bd_0_i/hls_inst/inst/H_dec_2_20_V_U/FIR_Halfband_v2_H_dec_2_20_V_SHIFTREG_AUTO_0R0W_core_U/tmp_product_i_5/O
                         net (fo=1, unplaced)         0.037     1.442    bd_0_i/hls_inst/inst/H_dec_2_20_V_U/FIR_Halfband_v2_H_dec_2_20_V_SHIFTREG_AUTO_0R0W_core_U/tmp_product_i_5_n_0
                         CARRY8 (Prop_CARRY8_S[5]_O[7])
                                                      0.197     1.639 r  bd_0_i/hls_inst/inst/H_dec_2_20_V_U/FIR_Halfband_v2_H_dec_2_20_V_SHIFTREG_AUTO_0R0W_core_U/tmp_product_i_1/O[7]
                         net (fo=1486, unplaced)      0.956     2.595    bd_0_i/hls_inst/inst/p_2_FIR_filter_transposed_fu_448/p_ZL10H_accu_FIR_105_reg/A[23]
                         DSP_A_B_DATA                                 r  bd_0_i/hls_inst/inst/p_2_FIR_filter_transposed_fu_448/p_ZL10H_accu_FIR_105_reg/DSP_A_B_DATA_INST/A[23]
  -------------------------------------------------------------------    -------------------

                         (clock ap_clk rise edge)    10.000    10.000 r  
                                                      0.000    10.000 r  ap_clk (IN)
                         net (fo=1950, unset)         0.055    10.055    bd_0_i/hls_inst/inst/p_2_FIR_filter_transposed_fu_448/p_ZL10H_accu_FIR_105_reg/CLK
                         DSP_A_B_DATA                                 r  bd_0_i/hls_inst/inst/p_2_FIR_filter_transposed_fu_448/p_ZL10H_accu_FIR_105_reg/DSP_A_B_DATA_INST/CLK
                         clock pessimism              0.000    10.055    
                         clock uncertainty           -0.035    10.020    
                         DSP_A_B_DATA (Setup_DSP_A_B_DATA_CLK_A[23])
                                                     -0.541     9.479    bd_0_i/hls_inst/inst/p_2_FIR_filter_transposed_fu_448/p_ZL10H_accu_FIR_105_reg/DSP_A_B_DATA_INST
  -------------------------------------------------------------------
                         required time                          9.479    
                         arrival time                          -2.595    
  -------------------------------------------------------------------
                         slack                                  6.884    

Slack (MET) :             6.884ns  (required time - arrival time)
  Source:                 bd_0_i/hls_inst/inst/H_dec_2_20_V_U/FIR_Halfband_v2_H_dec_2_20_V_SHIFTREG_AUTO_0R0W_core_U/ShiftRegMem_reg[2][4]/C
                            (rising edge-triggered cell FDRE clocked by ap_clk  {rise@0.000ns fall@5.000ns period=10.000ns})
  Destination:            bd_0_i/hls_inst/inst/p_2_FIR_filter_transposed_fu_448/p_ZL10H_accu_FIR_106_reg/DSP_A_B_DATA_INST/A[23]
                            (rising edge-triggered cell DSP_A_B_DATA clocked by ap_clk  {rise@0.000ns fall@5.000ns period=10.000ns})
  Path Group:             ap_clk
  Path Type:              Setup (Max at Slow Process Corner)
  Requirement:            10.000ns  (ap_clk rise@10.000ns - ap_clk rise@0.000ns)
  Data Path Delay:        2.554ns  (logic 0.708ns (27.726%)  route 1.846ns (72.274%))
  Logic Levels:           5  (CARRY8=1 LUT4=2 LUT6=2)
  Clock Path Skew:        0.014ns (DCD - SCD + CPR)
    Destination Clock Delay (DCD):    0.055ns = ( 10.055 - 10.000 ) 
    Source Clock Delay      (SCD):    0.041ns
    Clock Pessimism Removal (CPR):    0.000ns
  Clock Uncertainty:      0.035ns  ((TSJ^2 + TIJ^2)^1/2 + DJ) / 2 + PE
    Total System Jitter     (TSJ):    0.071ns
    Total Input Jitter      (TIJ):    0.000ns
    Discrete Jitter          (DJ):    0.000ns
    Phase Error              (PE):    0.000ns

    Location             Delay type                Incr(ns)  Path(ns)    Netlist Resource(s)
  -------------------------------------------------------------------    -------------------
                         (clock ap_clk rise edge)     0.000     0.000 r  
                                                      0.000     0.000 r  ap_clk (IN)
                         net (fo=1950, unset)         0.041     0.041    bd_0_i/hls_inst/inst/H_dec_2_20_V_U/FIR_Halfband_v2_H_dec_2_20_V_SHIFTREG_AUTO_0R0W_core_U/ap_clk
                         FDRE                                         r  bd_0_i/hls_inst/inst/H_dec_2_20_V_U/FIR_Halfband_v2_H_dec_2_20_V_SHIFTREG_AUTO_0R0W_core_U/ShiftRegMem_reg[2][4]/C
  -------------------------------------------------------------------    -------------------
                         FDRE (Prop_FDRE_C_Q)         0.114     0.155 f  bd_0_i/hls_inst/inst/H_dec_2_20_V_U/FIR_Halfband_v2_H_dec_2_20_V_SHIFTREG_AUTO_0R0W_core_U/ShiftRegMem_reg[2][4]/Q
                         net (fo=3, unplaced)         0.180     0.335    bd_0_i/hls_inst/inst/H_dec_2_20_V_U/FIR_Halfband_v2_H_dec_2_20_V_SHIFTREG_AUTO_0R0W_core_U/ShiftRegMem_reg[2][4]
                         LUT6 (Prop_LUT6_I0_O)        0.225     0.560 r  bd_0_i/hls_inst/inst/H_dec_2_20_V_U/FIR_Halfband_v2_H_dec_2_20_V_SHIFTREG_AUTO_0R0W_core_U/tmp_product_i_24/O
                         net (fo=6, unplaced)         0.233     0.793    bd_0_i/hls_inst/inst/H_dec_2_20_V_U/FIR_Halfband_v2_H_dec_2_20_V_SHIFTREG_AUTO_0R0W_core_U/tmp_product_i_24_n_0
                         LUT6 (Prop_LUT6_I2_O)        0.058     0.851 r  bd_0_i/hls_inst/inst/H_dec_2_20_V_U/FIR_Halfband_v2_H_dec_2_20_V_SHIFTREG_AUTO_0R0W_core_U/tmp_product_i_21/O
                         net (fo=5, unplaced)         0.229     1.080    bd_0_i/hls_inst/inst/H_dec_2_20_V_U/FIR_Halfband_v2_H_dec_2_20_V_SHIFTREG_AUTO_0R0W_core_U/tmp_product_i_21_n_0
                         LUT4 (Prop_LUT4_I1_O)        0.058     1.138 r  bd_0_i/hls_inst/inst/H_dec_2_20_V_U/FIR_Halfband_v2_H_dec_2_20_V_SHIFTREG_AUTO_0R0W_core_U/tmp_product_i_20/O
                         net (fo=1, unplaced)         0.211     1.349    bd_0_i/hls_inst/inst/H_dec_2_20_V_U/FIR_Halfband_v2_H_dec_2_20_V_SHIFTREG_AUTO_0R0W_core_U/tmp_product_i_20_n_0
                         LUT4 (Prop_LUT4_I2_O)        0.056     1.405 r  bd_0_i/hls_inst/inst/H_dec_2_20_V_U/FIR_Halfband_v2_H_dec_2_20_V_SHIFTREG_AUTO_0R0W_core_U/tmp_product_i_5/O
                         net (fo=1, unplaced)         0.037     1.442    bd_0_i/hls_inst/inst/H_dec_2_20_V_U/FIR_Halfband_v2_H_dec_2_20_V_SHIFTREG_AUTO_0R0W_core_U/tmp_product_i_5_n_0
                         CARRY8 (Prop_CARRY8_S[5]_O[7])
                                                      0.197     1.639 r  bd_0_i/hls_inst/inst/H_dec_2_20_V_U/FIR_Halfband_v2_H_dec_2_20_V_SHIFTREG_AUTO_0R0W_core_U/tmp_product_i_1/O[7]
                         net (fo=1486, unplaced)      0.956     2.595    bd_0_i/hls_inst/inst/p_2_FIR_filter_transposed_fu_448/p_ZL10H_accu_FIR_106_reg/A[23]
                         DSP_A_B_DATA                                 r  bd_0_i/hls_inst/inst/p_2_FIR_filter_transposed_fu_448/p_ZL10H_accu_FIR_106_reg/DSP_A_B_DATA_INST/A[23]
  -------------------------------------------------------------------    -------------------

                         (clock ap_clk rise edge)    10.000    10.000 r  
                                                      0.000    10.000 r  ap_clk (IN)
                         net (fo=1950, unset)         0.055    10.055    bd_0_i/hls_inst/inst/p_2_FIR_filter_transposed_fu_448/p_ZL10H_accu_FIR_106_reg/CLK
                         DSP_A_B_DATA                                 r  bd_0_i/hls_inst/inst/p_2_FIR_filter_transposed_fu_448/p_ZL10H_accu_FIR_106_reg/DSP_A_B_DATA_INST/CLK
                         clock pessimism              0.000    10.055    
                         clock uncertainty           -0.035    10.020    
                         DSP_A_B_DATA (Setup_DSP_A_B_DATA_CLK_A[23])
                                                     -0.541     9.479    bd_0_i/hls_inst/inst/p_2_FIR_filter_transposed_fu_448/p_ZL10H_accu_FIR_106_reg/DSP_A_B_DATA_INST
  -------------------------------------------------------------------
                         required time                          9.479    
                         arrival time                          -2.595    
  -------------------------------------------------------------------
                         slack                                  6.884    

Slack (MET) :             6.884ns  (required time - arrival time)
  Source:                 bd_0_i/hls_inst/inst/H_dec_2_20_V_U/FIR_Halfband_v2_H_dec_2_20_V_SHIFTREG_AUTO_0R0W_core_U/ShiftRegMem_reg[2][4]/C
                            (rising edge-triggered cell FDRE clocked by ap_clk  {rise@0.000ns fall@5.000ns period=10.000ns})
  Destination:            bd_0_i/hls_inst/inst/p_2_FIR_filter_transposed_fu_448/p_ZL10H_accu_FIR_107_reg/DSP_A_B_DATA_INST/A[23]
                            (rising edge-triggered cell DSP_A_B_DATA clocked by ap_clk  {rise@0.000ns fall@5.000ns period=10.000ns})
  Path Group:             ap_clk
  Path Type:              Setup (Max at Slow Process Corner)
  Requirement:            10.000ns  (ap_clk rise@10.000ns - ap_clk rise@0.000ns)
  Data Path Delay:        2.554ns  (logic 0.708ns (27.726%)  route 1.846ns (72.274%))
  Logic Levels:           5  (CARRY8=1 LUT4=2 LUT6=2)
  Clock Path Skew:        0.014ns (DCD - SCD + CPR)
    Destination Clock Delay (DCD):    0.055ns = ( 10.055 - 10.000 ) 
    Source Clock Delay      (SCD):    0.041ns
    Clock Pessimism Removal (CPR):    0.000ns
  Clock Uncertainty:      0.035ns  ((TSJ^2 + TIJ^2)^1/2 + DJ) / 2 + PE
    Total System Jitter     (TSJ):    0.071ns
    Total Input Jitter      (TIJ):    0.000ns
    Discrete Jitter          (DJ):    0.000ns
    Phase Error              (PE):    0.000ns

    Location             Delay type                Incr(ns)  Path(ns)    Netlist Resource(s)
  -------------------------------------------------------------------    -------------------
                         (clock ap_clk rise edge)     0.000     0.000 r  
                                                      0.000     0.000 r  ap_clk (IN)
                         net (fo=1950, unset)         0.041     0.041    bd_0_i/hls_inst/inst/H_dec_2_20_V_U/FIR_Halfband_v2_H_dec_2_20_V_SHIFTREG_AUTO_0R0W_core_U/ap_clk
                         FDRE                                         r  bd_0_i/hls_inst/inst/H_dec_2_20_V_U/FIR_Halfband_v2_H_dec_2_20_V_SHIFTREG_AUTO_0R0W_core_U/ShiftRegMem_reg[2][4]/C
  -------------------------------------------------------------------    -------------------
                         FDRE (Prop_FDRE_C_Q)         0.114     0.155 f  bd_0_i/hls_inst/inst/H_dec_2_20_V_U/FIR_Halfband_v2_H_dec_2_20_V_SHIFTREG_AUTO_0R0W_core_U/ShiftRegMem_reg[2][4]/Q
                         net (fo=3, unplaced)         0.180     0.335    bd_0_i/hls_inst/inst/H_dec_2_20_V_U/FIR_Halfband_v2_H_dec_2_20_V_SHIFTREG_AUTO_0R0W_core_U/ShiftRegMem_reg[2][4]
                         LUT6 (Prop_LUT6_I0_O)        0.225     0.560 r  bd_0_i/hls_inst/inst/H_dec_2_20_V_U/FIR_Halfband_v2_H_dec_2_20_V_SHIFTREG_AUTO_0R0W_core_U/tmp_product_i_24/O
                         net (fo=6, unplaced)         0.233     0.793    bd_0_i/hls_inst/inst/H_dec_2_20_V_U/FIR_Halfband_v2_H_dec_2_20_V_SHIFTREG_AUTO_0R0W_core_U/tmp_product_i_24_n_0
                         LUT6 (Prop_LUT6_I2_O)        0.058     0.851 r  bd_0_i/hls_inst/inst/H_dec_2_20_V_U/FIR_Halfband_v2_H_dec_2_20_V_SHIFTREG_AUTO_0R0W_core_U/tmp_product_i_21/O
                         net (fo=5, unplaced)         0.229     1.080    bd_0_i/hls_inst/inst/H_dec_2_20_V_U/FIR_Halfband_v2_H_dec_2_20_V_SHIFTREG_AUTO_0R0W_core_U/tmp_product_i_21_n_0
                         LUT4 (Prop_LUT4_I1_O)        0.058     1.138 r  bd_0_i/hls_inst/inst/H_dec_2_20_V_U/FIR_Halfband_v2_H_dec_2_20_V_SHIFTREG_AUTO_0R0W_core_U/tmp_product_i_20/O
                         net (fo=1, unplaced)         0.211     1.349    bd_0_i/hls_inst/inst/H_dec_2_20_V_U/FIR_Halfband_v2_H_dec_2_20_V_SHIFTREG_AUTO_0R0W_core_U/tmp_product_i_20_n_0
                         LUT4 (Prop_LUT4_I2_O)        0.056     1.405 r  bd_0_i/hls_inst/inst/H_dec_2_20_V_U/FIR_Halfband_v2_H_dec_2_20_V_SHIFTREG_AUTO_0R0W_core_U/tmp_product_i_5/O
                         net (fo=1, unplaced)         0.037     1.442    bd_0_i/hls_inst/inst/H_dec_2_20_V_U/FIR_Halfband_v2_H_dec_2_20_V_SHIFTREG_AUTO_0R0W_core_U/tmp_product_i_5_n_0
                         CARRY8 (Prop_CARRY8_S[5]_O[7])
                                                      0.197     1.639 r  bd_0_i/hls_inst/inst/H_dec_2_20_V_U/FIR_Halfband_v2_H_dec_2_20_V_SHIFTREG_AUTO_0R0W_core_U/tmp_product_i_1/O[7]
                         net (fo=1486, unplaced)      0.956     2.595    bd_0_i/hls_inst/inst/p_2_FIR_filter_transposed_fu_448/p_ZL10H_accu_FIR_107_reg/A[23]
                         DSP_A_B_DATA                                 r  bd_0_i/hls_inst/inst/p_2_FIR_filter_transposed_fu_448/p_ZL10H_accu_FIR_107_reg/DSP_A_B_DATA_INST/A[23]
  -------------------------------------------------------------------    -------------------

                         (clock ap_clk rise edge)    10.000    10.000 r  
                                                      0.000    10.000 r  ap_clk (IN)
                         net (fo=1950, unset)         0.055    10.055    bd_0_i/hls_inst/inst/p_2_FIR_filter_transposed_fu_448/p_ZL10H_accu_FIR_107_reg/CLK
                         DSP_A_B_DATA                                 r  bd_0_i/hls_inst/inst/p_2_FIR_filter_transposed_fu_448/p_ZL10H_accu_FIR_107_reg/DSP_A_B_DATA_INST/CLK
                         clock pessimism              0.000    10.055    
                         clock uncertainty           -0.035    10.020    
                         DSP_A_B_DATA (Setup_DSP_A_B_DATA_CLK_A[23])
                                                     -0.541     9.479    bd_0_i/hls_inst/inst/p_2_FIR_filter_transposed_fu_448/p_ZL10H_accu_FIR_107_reg/DSP_A_B_DATA_INST
  -------------------------------------------------------------------
                         required time                          9.479    
                         arrival time                          -2.595    
  -------------------------------------------------------------------
                         slack                                  6.884    

Slack (MET) :             6.884ns  (required time - arrival time)
  Source:                 bd_0_i/hls_inst/inst/H_dec_2_20_V_U/FIR_Halfband_v2_H_dec_2_20_V_SHIFTREG_AUTO_0R0W_core_U/ShiftRegMem_reg[2][4]/C
                            (rising edge-triggered cell FDRE clocked by ap_clk  {rise@0.000ns fall@5.000ns period=10.000ns})
  Destination:            bd_0_i/hls_inst/inst/p_2_FIR_filter_transposed_fu_448/p_ZL10H_accu_FIR_108_reg/DSP_A_B_DATA_INST/A[23]
                            (rising edge-triggered cell DSP_A_B_DATA clocked by ap_clk  {rise@0.000ns fall@5.000ns period=10.000ns})
  Path Group:             ap_clk
  Path Type:              Setup (Max at Slow Process Corner)
  Requirement:            10.000ns  (ap_clk rise@10.000ns - ap_clk rise@0.000ns)
  Data Path Delay:        2.554ns  (logic 0.708ns (27.726%)  route 1.846ns (72.274%))
  Logic Levels:           5  (CARRY8=1 LUT4=2 LUT6=2)
  Clock Path Skew:        0.014ns (DCD - SCD + CPR)
    Destination Clock Delay (DCD):    0.055ns = ( 10.055 - 10.000 ) 
    Source Clock Delay      (SCD):    0.041ns
    Clock Pessimism Removal (CPR):    0.000ns
  Clock Uncertainty:      0.035ns  ((TSJ^2 + TIJ^2)^1/2 + DJ) / 2 + PE
    Total System Jitter     (TSJ):    0.071ns
    Total Input Jitter      (TIJ):    0.000ns
    Discrete Jitter          (DJ):    0.000ns
    Phase Error              (PE):    0.000ns

    Location             Delay type                Incr(ns)  Path(ns)    Netlist Resource(s)
  -------------------------------------------------------------------    -------------------
                         (clock ap_clk rise edge)     0.000     0.000 r  
                                                      0.000     0.000 r  ap_clk (IN)
                         net (fo=1950, unset)         0.041     0.041    bd_0_i/hls_inst/inst/H_dec_2_20_V_U/FIR_Halfband_v2_H_dec_2_20_V_SHIFTREG_AUTO_0R0W_core_U/ap_clk
                         FDRE                                         r  bd_0_i/hls_inst/inst/H_dec_2_20_V_U/FIR_Halfband_v2_H_dec_2_20_V_SHIFTREG_AUTO_0R0W_core_U/ShiftRegMem_reg[2][4]/C
  -------------------------------------------------------------------    -------------------
                         FDRE (Prop_FDRE_C_Q)         0.114     0.155 f  bd_0_i/hls_inst/inst/H_dec_2_20_V_U/FIR_Halfband_v2_H_dec_2_20_V_SHIFTREG_AUTO_0R0W_core_U/ShiftRegMem_reg[2][4]/Q
                         net (fo=3, unplaced)         0.180     0.335    bd_0_i/hls_inst/inst/H_dec_2_20_V_U/FIR_Halfband_v2_H_dec_2_20_V_SHIFTREG_AUTO_0R0W_core_U/ShiftRegMem_reg[2][4]
                         LUT6 (Prop_LUT6_I0_O)        0.225     0.560 r  bd_0_i/hls_inst/inst/H_dec_2_20_V_U/FIR_Halfband_v2_H_dec_2_20_V_SHIFTREG_AUTO_0R0W_core_U/tmp_product_i_24/O
                         net (fo=6, unplaced)         0.233     0.793    bd_0_i/hls_inst/inst/H_dec_2_20_V_U/FIR_Halfband_v2_H_dec_2_20_V_SHIFTREG_AUTO_0R0W_core_U/tmp_product_i_24_n_0
                         LUT6 (Prop_LUT6_I2_O)        0.058     0.851 r  bd_0_i/hls_inst/inst/H_dec_2_20_V_U/FIR_Halfband_v2_H_dec_2_20_V_SHIFTREG_AUTO_0R0W_core_U/tmp_product_i_21/O
                         net (fo=5, unplaced)         0.229     1.080    bd_0_i/hls_inst/inst/H_dec_2_20_V_U/FIR_Halfband_v2_H_dec_2_20_V_SHIFTREG_AUTO_0R0W_core_U/tmp_product_i_21_n_0
                         LUT4 (Prop_LUT4_I1_O)        0.058     1.138 r  bd_0_i/hls_inst/inst/H_dec_2_20_V_U/FIR_Halfband_v2_H_dec_2_20_V_SHIFTREG_AUTO_0R0W_core_U/tmp_product_i_20/O
                         net (fo=1, unplaced)         0.211     1.349    bd_0_i/hls_inst/inst/H_dec_2_20_V_U/FIR_Halfband_v2_H_dec_2_20_V_SHIFTREG_AUTO_0R0W_core_U/tmp_product_i_20_n_0
                         LUT4 (Prop_LUT4_I2_O)        0.056     1.405 r  bd_0_i/hls_inst/inst/H_dec_2_20_V_U/FIR_Halfband_v2_H_dec_2_20_V_SHIFTREG_AUTO_0R0W_core_U/tmp_product_i_5/O
                         net (fo=1, unplaced)         0.037     1.442    bd_0_i/hls_inst/inst/H_dec_2_20_V_U/FIR_Halfband_v2_H_dec_2_20_V_SHIFTREG_AUTO_0R0W_core_U/tmp_product_i_5_n_0
                         CARRY8 (Prop_CARRY8_S[5]_O[7])
                                                      0.197     1.639 r  bd_0_i/hls_inst/inst/H_dec_2_20_V_U/FIR_Halfband_v2_H_dec_2_20_V_SHIFTREG_AUTO_0R0W_core_U/tmp_product_i_1/O[7]
                         net (fo=1486, unplaced)      0.956     2.595    bd_0_i/hls_inst/inst/p_2_FIR_filter_transposed_fu_448/p_ZL10H_accu_FIR_108_reg/A[23]
                         DSP_A_B_DATA                                 r  bd_0_i/hls_inst/inst/p_2_FIR_filter_transposed_fu_448/p_ZL10H_accu_FIR_108_reg/DSP_A_B_DATA_INST/A[23]
  -------------------------------------------------------------------    -------------------

                         (clock ap_clk rise edge)    10.000    10.000 r  
                                                      0.000    10.000 r  ap_clk (IN)
                         net (fo=1950, unset)         0.055    10.055    bd_0_i/hls_inst/inst/p_2_FIR_filter_transposed_fu_448/p_ZL10H_accu_FIR_108_reg/CLK
                         DSP_A_B_DATA                                 r  bd_0_i/hls_inst/inst/p_2_FIR_filter_transposed_fu_448/p_ZL10H_accu_FIR_108_reg/DSP_A_B_DATA_INST/CLK
                         clock pessimism              0.000    10.055    
                         clock uncertainty           -0.035    10.020    
                         DSP_A_B_DATA (Setup_DSP_A_B_DATA_CLK_A[23])
                                                     -0.541     9.479    bd_0_i/hls_inst/inst/p_2_FIR_filter_transposed_fu_448/p_ZL10H_accu_FIR_108_reg/DSP_A_B_DATA_INST
  -------------------------------------------------------------------
                         required time                          9.479    
                         arrival time                          -2.595    
  -------------------------------------------------------------------
                         slack                                  6.884    

Slack (MET) :             6.884ns  (required time - arrival time)
  Source:                 bd_0_i/hls_inst/inst/H_dec_2_20_V_U/FIR_Halfband_v2_H_dec_2_20_V_SHIFTREG_AUTO_0R0W_core_U/ShiftRegMem_reg[2][4]/C
                            (rising edge-triggered cell FDRE clocked by ap_clk  {rise@0.000ns fall@5.000ns period=10.000ns})
  Destination:            bd_0_i/hls_inst/inst/p_2_FIR_filter_transposed_fu_448/p_ZL10H_accu_FIR_109_reg/DSP_A_B_DATA_INST/A[23]
                            (rising edge-triggered cell DSP_A_B_DATA clocked by ap_clk  {rise@0.000ns fall@5.000ns period=10.000ns})
  Path Group:             ap_clk
  Path Type:              Setup (Max at Slow Process Corner)
  Requirement:            10.000ns  (ap_clk rise@10.000ns - ap_clk rise@0.000ns)
  Data Path Delay:        2.554ns  (logic 0.708ns (27.726%)  route 1.846ns (72.274%))
  Logic Levels:           5  (CARRY8=1 LUT4=2 LUT6=2)
  Clock Path Skew:        0.014ns (DCD - SCD + CPR)
    Destination Clock Delay (DCD):    0.055ns = ( 10.055 - 10.000 ) 
    Source Clock Delay      (SCD):    0.041ns
    Clock Pessimism Removal (CPR):    0.000ns
  Clock Uncertainty:      0.035ns  ((TSJ^2 + TIJ^2)^1/2 + DJ) / 2 + PE
    Total System Jitter     (TSJ):    0.071ns
    Total Input Jitter      (TIJ):    0.000ns
    Discrete Jitter          (DJ):    0.000ns
    Phase Error              (PE):    0.000ns

    Location             Delay type                Incr(ns)  Path(ns)    Netlist Resource(s)
  -------------------------------------------------------------------    -------------------
                         (clock ap_clk rise edge)     0.000     0.000 r  
                                                      0.000     0.000 r  ap_clk (IN)
                         net (fo=1950, unset)         0.041     0.041    bd_0_i/hls_inst/inst/H_dec_2_20_V_U/FIR_Halfband_v2_H_dec_2_20_V_SHIFTREG_AUTO_0R0W_core_U/ap_clk
                         FDRE                                         r  bd_0_i/hls_inst/inst/H_dec_2_20_V_U/FIR_Halfband_v2_H_dec_2_20_V_SHIFTREG_AUTO_0R0W_core_U/ShiftRegMem_reg[2][4]/C
  -------------------------------------------------------------------    -------------------
                         FDRE (Prop_FDRE_C_Q)         0.114     0.155 f  bd_0_i/hls_inst/inst/H_dec_2_20_V_U/FIR_Halfband_v2_H_dec_2_20_V_SHIFTREG_AUTO_0R0W_core_U/ShiftRegMem_reg[2][4]/Q
                         net (fo=3, unplaced)         0.180     0.335    bd_0_i/hls_inst/inst/H_dec_2_20_V_U/FIR_Halfband_v2_H_dec_2_20_V_SHIFTREG_AUTO_0R0W_core_U/ShiftRegMem_reg[2][4]
                         LUT6 (Prop_LUT6_I0_O)        0.225     0.560 r  bd_0_i/hls_inst/inst/H_dec_2_20_V_U/FIR_Halfband_v2_H_dec_2_20_V_SHIFTREG_AUTO_0R0W_core_U/tmp_product_i_24/O
                         net (fo=6, unplaced)         0.233     0.793    bd_0_i/hls_inst/inst/H_dec_2_20_V_U/FIR_Halfband_v2_H_dec_2_20_V_SHIFTREG_AUTO_0R0W_core_U/tmp_product_i_24_n_0
                         LUT6 (Prop_LUT6_I2_O)        0.058     0.851 r  bd_0_i/hls_inst/inst/H_dec_2_20_V_U/FIR_Halfband_v2_H_dec_2_20_V_SHIFTREG_AUTO_0R0W_core_U/tmp_product_i_21/O
                         net (fo=5, unplaced)         0.229     1.080    bd_0_i/hls_inst/inst/H_dec_2_20_V_U/FIR_Halfband_v2_H_dec_2_20_V_SHIFTREG_AUTO_0R0W_core_U/tmp_product_i_21_n_0
                         LUT4 (Prop_LUT4_I1_O)        0.058     1.138 r  bd_0_i/hls_inst/inst/H_dec_2_20_V_U/FIR_Halfband_v2_H_dec_2_20_V_SHIFTREG_AUTO_0R0W_core_U/tmp_product_i_20/O
                         net (fo=1, unplaced)         0.211     1.349    bd_0_i/hls_inst/inst/H_dec_2_20_V_U/FIR_Halfband_v2_H_dec_2_20_V_SHIFTREG_AUTO_0R0W_core_U/tmp_product_i_20_n_0
                         LUT4 (Prop_LUT4_I2_O)        0.056     1.405 r  bd_0_i/hls_inst/inst/H_dec_2_20_V_U/FIR_Halfband_v2_H_dec_2_20_V_SHIFTREG_AUTO_0R0W_core_U/tmp_product_i_5/O
                         net (fo=1, unplaced)         0.037     1.442    bd_0_i/hls_inst/inst/H_dec_2_20_V_U/FIR_Halfband_v2_H_dec_2_20_V_SHIFTREG_AUTO_0R0W_core_U/tmp_product_i_5_n_0
                         CARRY8 (Prop_CARRY8_S[5]_O[7])
                                                      0.197     1.639 r  bd_0_i/hls_inst/inst/H_dec_2_20_V_U/FIR_Halfband_v2_H_dec_2_20_V_SHIFTREG_AUTO_0R0W_core_U/tmp_product_i_1/O[7]
                         net (fo=1486, unplaced)      0.956     2.595    bd_0_i/hls_inst/inst/p_2_FIR_filter_transposed_fu_448/p_ZL10H_accu_FIR_109_reg/A[23]
                         DSP_A_B_DATA                                 r  bd_0_i/hls_inst/inst/p_2_FIR_filter_transposed_fu_448/p_ZL10H_accu_FIR_109_reg/DSP_A_B_DATA_INST/A[23]
  -------------------------------------------------------------------    -------------------

                         (clock ap_clk rise edge)    10.000    10.000 r  
                                                      0.000    10.000 r  ap_clk (IN)
                         net (fo=1950, unset)         0.055    10.055    bd_0_i/hls_inst/inst/p_2_FIR_filter_transposed_fu_448/p_ZL10H_accu_FIR_109_reg/CLK
                         DSP_A_B_DATA                                 r  bd_0_i/hls_inst/inst/p_2_FIR_filter_transposed_fu_448/p_ZL10H_accu_FIR_109_reg/DSP_A_B_DATA_INST/CLK
                         clock pessimism              0.000    10.055    
                         clock uncertainty           -0.035    10.020    
                         DSP_A_B_DATA (Setup_DSP_A_B_DATA_CLK_A[23])
                                                     -0.541     9.479    bd_0_i/hls_inst/inst/p_2_FIR_filter_transposed_fu_448/p_ZL10H_accu_FIR_109_reg/DSP_A_B_DATA_INST
  -------------------------------------------------------------------
                         required time                          9.479    
                         arrival time                          -2.595    
  -------------------------------------------------------------------
                         slack                                  6.884    




