Copyright 1986-2022 Xilinx, Inc. All Rights Reserved. Copyright 2022-2024 Advanced Micro Devices, Inc. All Rights Reserved.
--------------------------------------------------------------------------------------------------------------------------------------------------
| Tool Version      : Vivado v.2024.2 (win64) Build 5239630 Fri Nov 08 22:35:27 MST 2024
| Date              : Mon Nov 24 00:04:36 2025
| Host              : DESKTOP-92OKADH running 64-bit major release  (build 9200)
| Command           : report_timing_summary -file ./report/FIR_Halfband_v2_timing_routed.rpt
| Design            : bd_0_wrapper
| Device            : xck26-sfvc784
| Speed File        : -2LV  PRODUCTION 1.30 05-15-2022
| Design State      : Routed
| Temperature Grade : C
--------------------------------------------------------------------------------------------------------------------------------------------------

Timing Summary Report

------------------------------------------------------------------------------------------------
| Timer Settings
| --------------
------------------------------------------------------------------------------------------------

  Enable Multi Corner Analysis               :  Yes
  Enable Pessimism Removal                   :  Yes
  Pessimism Removal Resolution               :  Nearest Common Node
  Enable Input Delay Default Clock           :  No
  Enable Preset / Clear Arcs                 :  No
  Disable Flight Delays                      :  No
  Ignore I/O Paths                           :  No
  Timing Early Launch at Borrowing Latches   :  No
  Borrow Time for Max Delay Exceptions       :  Yes
  Merge Timing Exceptions                    :  Yes
  Inter-SLR Compensation                     :  Conservative

  Corner  Analyze    Analyze    
  Name    Max Paths  Min Paths  
  ------  ---------  ---------  
  Slow    Yes        Yes        
  Fast    Yes        Yes        


------------------------------------------------------------------------------------------------
| Report Methodology
| ------------------
------------------------------------------------------------------------------------------------

Rule       Severity  Description                    Violations  
---------  --------  -----------------------------  ----------  
TIMING-18  Warning   Missing input or output delay  37          

Note: This report is based on the most recent report_methodology run and may not be up-to-date. Run report_methodology on the current design for the latest report.



check_timing report

Table of Contents
-----------------
1. checking no_clock (0)
2. checking constant_clock (0)
3. checking pulse_width_clock (0)
4. checking unconstrained_internal_endpoints (0)
5. checking no_input_delay (19)
6. checking no_output_delay (18)
7. checking multiple_clock (0)
8. checking generated_clocks (0)
9. checking loops (0)
10. checking partial_input_delay (0)
11. checking partial_output_delay (0)
12. checking latch_loops (0)

1. checking no_clock (0)
------------------------
 There are 0 register/latch pins with no clock.


2. checking constant_clock (0)
------------------------------
 There are 0 register/latch pins with constant_clock.


3. checking pulse_width_clock (0)
---------------------------------
 There are 0 register/latch pins which need pulse_width check


4. checking unconstrained_internal_endpoints (0)
------------------------------------------------
 There are 0 pins that are not constrained for maximum delay.

 There are 0 pins that are not constrained for maximum delay due to constant clock.


5. checking no_input_delay (19)
-------------------------------
 There are 19 input ports with no input delay specified. (HIGH)

 There are 0 input ports with no input delay but user has a false path constraint.


6. checking no_output_delay (18)
--------------------------------
 There are 18 ports with no output delay specified. (HIGH)

 There are 0 ports with no output delay but user has a false path constraint

 There are 0 ports with no output delay but with a timing clock defined on it or propagating through it


7. checking multiple_clock (0)
------------------------------
 There are 0 register/latch pins with multiple clocks.


8. checking generated_clocks (0)
--------------------------------
 There are 0 generated clocks that are not connected to a clock source.


9. checking loops (0)
---------------------
 There are 0 combinational loops in the design.


10. checking partial_input_delay (0)
------------------------------------
 There are 0 input ports with partial input delay specified.


11. checking partial_output_delay (0)
-------------------------------------
 There are 0 ports with partial output delay specified.


12. checking latch_loops (0)
----------------------------
 There are 0 combinational latch loops in the design through latch input



------------------------------------------------------------------------------------------------
| Design Timing Summary
| ---------------------
------------------------------------------------------------------------------------------------

    WNS(ns)      TNS(ns)  TNS Failing Endpoints  TNS Total Endpoints      WHS(ns)      THS(ns)  THS Failing Endpoints  THS Total Endpoints     WPWS(ns)     TPWS(ns)  TPWS Failing Endpoints  TPWS Total Endpoints  
    -------      -------  ---------------------  -------------------      -------      -------  ---------------------  -------------------     --------     --------  ----------------------  --------------------  
      3.720        0.000                      0                12930        0.046        0.000                      0                12930        4.238        0.000                       0                  1415  


All user specified timing constraints are met.


------------------------------------------------------------------------------------------------
| Clock Summary
| -------------
------------------------------------------------------------------------------------------------

Clock   Waveform(ns)       Period(ns)      Frequency(MHz)
-----   ------------       ----------      --------------
ap_clk  {0.000 5.000}      10.000          100.000         


------------------------------------------------------------------------------------------------
| Intra Clock Table
| -----------------
------------------------------------------------------------------------------------------------

Clock             WNS(ns)      TNS(ns)  TNS Failing Endpoints  TNS Total Endpoints      WHS(ns)      THS(ns)  THS Failing Endpoints  THS Total Endpoints     WPWS(ns)     TPWS(ns)  TPWS Failing Endpoints  TPWS Total Endpoints  
-----             -------      -------  ---------------------  -------------------      -------      -------  ---------------------  -------------------     --------     --------  ----------------------  --------------------  
ap_clk              3.720        0.000                      0                12930        0.046        0.000                      0                12930        4.238        0.000                       0                  1415  


------------------------------------------------------------------------------------------------
| Inter Clock Table
| -----------------
------------------------------------------------------------------------------------------------

From Clock    To Clock          WNS(ns)      TNS(ns)  TNS Failing Endpoints  TNS Total Endpoints      WHS(ns)      THS(ns)  THS Failing Endpoints  THS Total Endpoints  
----------    --------          -------      -------  ---------------------  -------------------      -------      -------  ---------------------  -------------------  


------------------------------------------------------------------------------------------------
| Other Path Groups Table
| -----------------------
------------------------------------------------------------------------------------------------

Path Group    From Clock    To Clock          WNS(ns)      TNS(ns)  TNS Failing Endpoints  TNS Total Endpoints      WHS(ns)      THS(ns)  THS Failing Endpoints  THS Total Endpoints  
----------    ----------    --------          -------      -------  ---------------------  -------------------      -------      -------  ---------------------  -------------------  


------------------------------------------------------------------------------------------------
| Timing Details
| --------------
------------------------------------------------------------------------------------------------


---------------------------------------------------------------------------------------------------
From Clock:  ap_clk
  To Clock:  ap_clk

Setup :            0  Failing Endpoints,  Worst Slack        3.720ns,  Total Violation        0.000ns
Hold  :            0  Failing Endpoints,  Worst Slack        0.046ns,  Total Violation        0.000ns
PW    :            0  Failing Endpoints,  Worst Slack        4.238ns,  Total Violation        0.000ns
---------------------------------------------------------------------------------------------------


Max Delay Paths
--------------------------------------------------------------------------------------
Slack (MET) :             3.720ns  (required time - arrival time)
  Source:                 bd_0_i/hls_inst/inst/H_dec_2_20_V_U/FIR_Halfband_v2_H_dec_2_20_V_SHIFTREG_AUTO_0R0W_core_U/ShiftRegMem_reg[2][2]/C
                            (rising edge-triggered cell FDRE clocked by ap_clk  {rise@0.000ns fall@5.000ns period=10.000ns})
  Destination:            bd_0_i/hls_inst/inst/p_2_FIR_filter_transposed_fu_448/p_ZL10H_accu_FIR_16_reg/DSP_A_B_DATA_INST/A[19]
                            (rising edge-triggered cell DSP_A_B_DATA clocked by ap_clk  {rise@0.000ns fall@5.000ns period=10.000ns})
  Path Group:             ap_clk
  Path Type:              Setup (Max at Slow Process Corner)
  Requirement:            10.000ns  (ap_clk rise@10.000ns - ap_clk rise@0.000ns)
  Data Path Delay:        5.760ns  (logic 0.977ns (16.961%)  route 4.783ns (83.039%))
  Logic Levels:           4  (CARRY8=1 LUT4=2 LUT6=1)
  Clock Path Skew:        0.013ns (DCD - SCD + CPR)
    Destination Clock Delay (DCD):    0.055ns = ( 10.055 - 10.000 ) 
    Source Clock Delay      (SCD):    0.042ns
    Clock Pessimism Removal (CPR):    0.000ns
  Clock Uncertainty:      0.035ns  ((TSJ^2 + TIJ^2)^1/2 + DJ) / 2 + PE
    Total System Jitter     (TSJ):    0.071ns
    Total Input Jitter      (TIJ):    0.000ns
    Discrete Jitter          (DJ):    0.000ns
    Phase Error              (PE):    0.000ns

    Location             Delay type                Incr(ns)  Path(ns)    Netlist Resource(s)
  -------------------------------------------------------------------    -------------------
                         (clock ap_clk rise edge)     0.000     0.000 r  
                                                      0.000     0.000 r  ap_clk (IN)
                         net (fo=1950, unset)         0.042     0.042    bd_0_i/hls_inst/inst/H_dec_2_20_V_U/FIR_Halfband_v2_H_dec_2_20_V_SHIFTREG_AUTO_0R0W_core_U/ap_clk
    SLICE_X6Y161         FDRE                                         r  bd_0_i/hls_inst/inst/H_dec_2_20_V_U/FIR_Halfband_v2_H_dec_2_20_V_SHIFTREG_AUTO_0R0W_core_U/ShiftRegMem_reg[2][2]/C
  -------------------------------------------------------------------    -------------------
    SLICE_X6Y161         FDRE (Prop_FFF2_SLICEL_C_Q)
                                                      0.117     0.159 f  bd_0_i/hls_inst/inst/H_dec_2_20_V_U/FIR_Halfband_v2_H_dec_2_20_V_SHIFTREG_AUTO_0R0W_core_U/ShiftRegMem_reg[2][2]/Q
                         net (fo=5, routed)           0.362     0.521    bd_0_i/hls_inst/inst/H_dec_2_20_V_U/FIR_Halfband_v2_H_dec_2_20_V_SHIFTREG_AUTO_0R0W_core_U/ShiftRegMem_reg[2][2]
    SLICE_X6Y161         LUT6 (Prop_G6LUT_SLICEL_I1_O)
                                                      0.226     0.747 r  bd_0_i/hls_inst/inst/H_dec_2_20_V_U/FIR_Halfband_v2_H_dec_2_20_V_SHIFTREG_AUTO_0R0W_core_U/tmp_product_i_24/O
                         net (fo=6, routed)           0.355     1.103    bd_0_i/hls_inst/inst/H_dec_2_20_V_U/FIR_Halfband_v2_H_dec_2_20_V_SHIFTREG_AUTO_0R0W_core_U/tmp_product_i_24_n_0
    SLICE_X6Y161         LUT4 (Prop_D5LUT_SLICEL_I1_O)
                                                      0.152     1.255 r  bd_0_i/hls_inst/inst/H_dec_2_20_V_U/FIR_Halfband_v2_H_dec_2_20_V_SHIFTREG_AUTO_0R0W_core_U/tmp_product_i_23/O
                         net (fo=1, routed)           0.290     1.545    bd_0_i/hls_inst/inst/H_dec_2_20_V_U/FIR_Halfband_v2_H_dec_2_20_V_SHIFTREG_AUTO_0R0W_core_U/tmp_product_i_23_n_0
    SLICE_X5Y162         LUT4 (Prop_A6LUT_SLICEM_I2_O)
                                                      0.138     1.683 r  bd_0_i/hls_inst/inst/H_dec_2_20_V_U/FIR_Halfband_v2_H_dec_2_20_V_SHIFTREG_AUTO_0R0W_core_U/tmp_product_i_10/O
                         net (fo=1, routed)           0.017     1.700    bd_0_i/hls_inst/inst/H_dec_2_20_V_U/FIR_Halfband_v2_H_dec_2_20_V_SHIFTREG_AUTO_0R0W_core_U/tmp_product_i_10_n_0
    SLICE_X5Y162         CARRY8 (Prop_CARRY8_SLICEM_S[0]_O[7])
                                                      0.344     2.044 r  bd_0_i/hls_inst/inst/H_dec_2_20_V_U/FIR_Halfband_v2_H_dec_2_20_V_SHIFTREG_AUTO_0R0W_core_U/tmp_product_i_1/O[7]
                         net (fo=1486, routed)        3.758     5.802    bd_0_i/hls_inst/inst/p_2_FIR_filter_transposed_fu_448/p_ZL10H_accu_FIR_16_reg/A[19]
    DSP48E2_X0Y80        DSP_A_B_DATA                                 r  bd_0_i/hls_inst/inst/p_2_FIR_filter_transposed_fu_448/p_ZL10H_accu_FIR_16_reg/DSP_A_B_DATA_INST/A[19]
  -------------------------------------------------------------------    -------------------

                         (clock ap_clk rise edge)    10.000    10.000 r  
                                                      0.000    10.000 r  ap_clk (IN)
                         net (fo=1950, unset)         0.055    10.055    bd_0_i/hls_inst/inst/p_2_FIR_filter_transposed_fu_448/p_ZL10H_accu_FIR_16_reg/CLK
    DSP48E2_X0Y80        DSP_A_B_DATA                                 r  bd_0_i/hls_inst/inst/p_2_FIR_filter_transposed_fu_448/p_ZL10H_accu_FIR_16_reg/DSP_A_B_DATA_INST/CLK
                         clock pessimism              0.000    10.055    
                         clock uncertainty           -0.035    10.020    
    DSP48E2_X0Y80        DSP_A_B_DATA (Setup_DSP_A_B_DATA_DSP48E2_CLK_A[19])
                                                     -0.497     9.523    bd_0_i/hls_inst/inst/p_2_FIR_filter_transposed_fu_448/p_ZL10H_accu_FIR_16_reg/DSP_A_B_DATA_INST
  -------------------------------------------------------------------
                         required time                          9.523    
                         arrival time                          -5.802    
  -------------------------------------------------------------------
                         slack                                  3.720    





Min Delay Paths
--------------------------------------------------------------------------------------
Slack (MET) :             0.046ns  (arrival time - required time)
  Source:                 bd_0_i/hls_inst/inst/grp_FIR_filter_1_fu_431/am_addmul_16s_16s_15ns_32_4_1_U80/FIR_Halfband_v2_am_addmul_16s_16s_15ns_32_4_1_DSP48_0_U/p_reg_reg/DSP_PREADD_DATA_INST/CLK
                            (rising edge-triggered cell DSP_PREADD_DATA clocked by ap_clk  {rise@0.000ns fall@5.000ns period=10.000ns})
  Destination:            bd_0_i/hls_inst/inst/grp_FIR_filter_1_fu_431/am_addmul_16s_16s_15ns_32_4_1_U80/FIR_Halfband_v2_am_addmul_16s_16s_15ns_32_4_1_DSP48_0_U/p_reg_reg/DSP_PREADD_DATA_INST/AD[0]
                            (rising edge-triggered cell DSP_PREADD_DATA clocked by ap_clk  {rise@0.000ns fall@5.000ns period=10.000ns})
  Path Group:             ap_clk
  Path Type:              Hold (Min at Fast Process Corner)
  Requirement:            0.000ns  (ap_clk rise@0.000ns - ap_clk rise@0.000ns)
  Data Path Delay:        0.114ns  (logic 0.114ns (100.000%)  route 0.000ns (0.000%))
  Logic Levels:           1  (DSP_PREADD=1)
  Clock Path Skew:        0.008ns (DCD - SCD - CPR)
    Destination Clock Delay (DCD):    0.042ns
    Source Clock Delay      (SCD):    0.034ns
    Clock Pessimism Removal (CPR):    -0.000ns

    Location             Delay type                Incr(ns)  Path(ns)    Netlist Resource(s)
  -------------------------------------------------------------------    -------------------
                         (clock ap_clk rise edge)     0.000     0.000 r  
                                                      0.000     0.000 r  ap_clk (IN)
                         net (fo=1950, unset)         0.034     0.034    bd_0_i/hls_inst/inst/grp_FIR_filter_1_fu_431/am_addmul_16s_16s_15ns_32_4_1_U80/FIR_Halfband_v2_am_addmul_16s_16s_15ns_32_4_1_DSP48_0_U/p_reg_reg/CLK
    DSP48E2_X2Y60        DSP_PREADD_DATA                              r  bd_0_i/hls_inst/inst/grp_FIR_filter_1_fu_431/am_addmul_16s_16s_15ns_32_4_1_U80/FIR_Halfband_v2_am_addmul_16s_16s_15ns_32_4_1_DSP48_0_U/p_reg_reg/DSP_PREADD_DATA_INST/CLK
  -------------------------------------------------------------------    -------------------
    DSP48E2_X2Y60        DSP_PREADD_DATA (Prop_DSP_PREADD_DATA_DSP48E2_CLK_D_DATA[0])
                                                      0.081     0.115 r  bd_0_i/hls_inst/inst/grp_FIR_filter_1_fu_431/am_addmul_16s_16s_15ns_32_4_1_U80/FIR_Halfband_v2_am_addmul_16s_16s_15ns_32_4_1_DSP48_0_U/p_reg_reg/DSP_PREADD_DATA_INST/D_DATA[0]
                         net (fo=1, routed)           0.000     0.115    bd_0_i/hls_inst/inst/grp_FIR_filter_1_fu_431/am_addmul_16s_16s_15ns_32_4_1_U80/FIR_Halfband_v2_am_addmul_16s_16s_15ns_32_4_1_DSP48_0_U/p_reg_reg/DSP_PREADD_DATA.D_DATA<0>
    DSP48E2_X2Y60        DSP_PREADD (Prop_DSP_PREADD_DSP48E2_D_DATA[0]_AD[0])
                                                      0.033     0.148 r  bd_0_i/hls_inst/inst/grp_FIR_filter_1_fu_431/am_addmul_16s_16s_15ns_32_4_1_U80/FIR_Halfband_v2_am_addmul_16s_16s_15ns_32_4_1_DSP48_0_U/p_reg_reg/DSP_PREADD_INST/AD[0]
                         net (fo=1, routed)           0.000     0.148    bd_0_i/hls_inst/inst/grp_FIR_filter_1_fu_431/am_addmul_16s_16s_15ns_32_4_1_U80/FIR_Halfband_v2_am_addmul_16s_16s_15ns_32_4_1_DSP48_0_U/p_reg_reg/DSP_PREADD.AD<0>
    DSP48E2_X2Y60        DSP_PREADD_DATA                              r  bd_0_i/hls_inst/inst/grp_FIR_filter_1_fu_431/am_addmul_16s_16s_15ns_32_4_1_U80/FIR_Halfband_v2_am_addmul_16s_16s_15ns_32_4_1_DSP48_0_U/p_reg_reg/DSP_PREADD_DATA_INST/AD[0]
  -------------------------------------------------------------------    -------------------

                         (clock ap_clk rise edge)     0.000     0.000 r  
                                                      0.000     0.000 r  ap_clk (IN)
                         net (fo=1950, unset)         0.042     0.042    bd_0_i/hls_inst/inst/grp_FIR_filter_1_fu_431/am_addmul_16s_16s_15ns_32_4_1_U80/FIR_Halfband_v2_am_addmul_16s_16s_15ns_32_4_1_DSP48_0_U/p_reg_reg/CLK
    DSP48E2_X2Y60        DSP_PREADD_DATA                              r  bd_0_i/hls_inst/inst/grp_FIR_filter_1_fu_431/am_addmul_16s_16s_15ns_32_4_1_U80/FIR_Halfband_v2_am_addmul_16s_16s_15ns_32_4_1_DSP48_0_U/p_reg_reg/DSP_PREADD_DATA_INST/CLK
                         clock pessimism              0.000     0.042    
    DSP48E2_X2Y60        DSP_PREADD_DATA (Hold_DSP_PREADD_DATA_DSP48E2_CLK_AD[0])
                                                      0.060     0.102    bd_0_i/hls_inst/inst/grp_FIR_filter_1_fu_431/am_addmul_16s_16s_15ns_32_4_1_U80/FIR_Halfband_v2_am_addmul_16s_16s_15ns_32_4_1_DSP48_0_U/p_reg_reg/DSP_PREADD_DATA_INST
  -------------------------------------------------------------------
                         required time                         -0.102    
                         arrival time                           0.148    
  -------------------------------------------------------------------
                         slack                                  0.046    





Pulse Width Checks
--------------------------------------------------------------------------------------
Clock Name:         ap_clk
Waveform(ns):       { 0.000 5.000 }
Period(ns):         10.000
Sources:            { ap_clk }

Check Type        Corner  Lib Pin     Reference Pin  Required(ns)  Actual(ns)  Slack(ns)  Location      Pin
Min Period        n/a     SRL16E/CLK  n/a            1.524         10.000      8.476      SLICE_X7Y175  bd_0_i/hls_inst/inst/p_ZL21H_filter_FIR_int_1_21_1_reg[15]_fwrd__3_srl4/CLK
Low Pulse Width   Slow    SRL16E/CLK  n/a            0.762         5.000       4.238      SLICE_X7Y175  bd_0_i/hls_inst/inst/p_ZL21H_filter_FIR_int_1_21_1_reg[15]_fwrd__3_srl4/CLK
High Pulse Width  Slow    SRL16E/CLK  n/a            0.762         5.000       4.238      SLICE_X7Y175  bd_0_i/hls_inst/inst/p_ZL21H_filter_FIR_int_1_21_1_reg[15]_fwrd__3_srl4/CLK



