

================================================================
== Vitis HLS Report for 'FIR_Halfband_v2'
================================================================
* Date:           Sun Nov 23 23:51:44 2025

* Version:        2024.2 (Build 5238294 on Nov  8 2024)
* Project:        FIR_Halfband_v2
* Solution:       hls (Vivado IP Flow Target)
* Product family: zynquplus
* Target device:  xck26-sfvc784-2LV-c


================================================================
== Performance Estimates
================================================================
+ Timing: 
    * Summary: 
    +--------+----------+----------+------------+
    |  Clock |  Target  | Estimated| Uncertainty|
    +--------+----------+----------+------------+
    |ap_clk  |  10.00 ns|  6.736 ns|     2.70 ns|
    +--------+----------+----------+------------+

+ Latency: 
    * Summary: 
    +---------+---------+-----------+-----------+-----+-----+---------+
    |  Latency (cycles) |   Latency (absolute)  |  Interval | Pipeline|
    |   min   |   max   |    min    |    max    | min | max |   Type  |
    +---------+---------+-----------+-----------+-----+-----+---------+
    |        3|        7|  30.000 ns|  70.000 ns|    4|    8|       no|
    +---------+---------+-----------+-----------+-----+-----+---------+

    + Detail: 
        * Instance: 
        N/A

        * Loop: 
        N/A

============================================================
+ Verbose Summary: Synthesis Manager
============================================================
InlineROM: 1
ExposeGlobal: 0
============================================================
+ Verbose Summary: CDFG Model
============================================================
IsTopModel: 1
ResetActiveHigh: 1
IsCombinational: 0
IsDatapathOnly: 0
HasWiredReturn: 1
HasMFsm: 0
HasVarLatency: 1
IsPipeline: 0
IsRtlPipelined: 0
IsInstanceOverlapped: 0
IsDontTouch: 0
HasImplIP: 0
IsGatedGlobalClock: 0


============================================================
+ Verbose Summary: Schedule
============================================================
* Number of FSM states : 15
* Pipeline : 0
* Dataflow Pipeline: 0

* FSM state transitions: 
1 --> 10 2 3 
2 --> 8 
3 --> 4 
4 --> 5 
5 --> 6 
6 --> 7 
7 --> 8 
8 --> 9 
9 --> 
10 --> 11 
11 --> 12 
12 --> 13 
13 --> 14 
14 --> 15 
15 --> 9 

* FSM state operations: 

State 1 <SV = 0> <Delay = 6.73>
ST_1 : Operation 16 [1/1] (0.00ns)   --->   "%spectopmodule_ln20 = spectopmodule void @_ssdm_op_SpecTopModule, void @empty_0" [FIR_HLS.cpp:20]   --->   Operation 16 'spectopmodule' 'spectopmodule_ln20' <Predicate = true> <Delay = 0.00>
ST_1 : Operation 17 [1/1] (0.00ns)   --->   "%specinterface_ln20 = specinterface void @_ssdm_op_SpecInterface, i32 0, void @empty, i32 0, i32 0, void @empty_1, i32 0, i32 0, void @empty_1, void @empty_1, void @empty_1, i32 0, i32 0, i32 0, i32 0, void @empty_1, void @empty_1, i32 4294967295, i32 0, i32 0" [FIR_HLS.cpp:20]   --->   Operation 17 'specinterface' 'specinterface_ln20' <Predicate = true> <Delay = 0.00>
ST_1 : Operation 18 [1/1] (0.00ns)   --->   "%specinterface_ln0 = specinterface void @_ssdm_op_SpecInterface, i16 %input_r, void @empty_2, i32 1, i32 1, void @empty_3, i32 0, i32 0, void @empty_1, void @empty_1, void @empty_1, i32 0, i32 0, i32 0, i32 0, void @empty_1, void @empty_1, i32 4294967295, i32 0, i32 0"   --->   Operation 18 'specinterface' 'specinterface_ln0' <Predicate = true> <Delay = 0.00>
ST_1 : Operation 19 [1/1] (0.00ns)   --->   "%specbitsmap_ln0 = specbitsmap void @_ssdm_op_SpecBitsMap, i16 %input_r"   --->   Operation 19 'specbitsmap' 'specbitsmap_ln0' <Predicate = true> <Delay = 0.00>
ST_1 : Operation 20 [1/1] (0.00ns)   --->   "%specinterface_ln0 = specinterface void @_ssdm_op_SpecInterface, i16 %output_r, void @empty_2, i32 1, i32 1, void @empty_3, i32 0, i32 0, void @empty_1, void @empty_1, void @empty_1, i32 0, i32 0, i32 0, i32 0, void @empty_1, void @empty_1, i32 4294967295, i32 0, i32 0"   --->   Operation 20 'specinterface' 'specinterface_ln0' <Predicate = true> <Delay = 0.00>
ST_1 : Operation 21 [1/1] (0.00ns)   --->   "%specbitsmap_ln0 = specbitsmap void @_ssdm_op_SpecBitsMap, i16 %output_r"   --->   Operation 21 'specbitsmap' 'specbitsmap_ln0' <Predicate = true> <Delay = 0.00>
ST_1 : Operation 22 [1/1] (0.00ns)   --->   "%mod_value1_load = load i1 %mod_value1" [FIR_HLS.cpp:26]   --->   Operation 22 'load' 'mod_value1_load' <Predicate = true> <Delay = 0.00>
ST_1 : Operation 23 [1/1] (0.07ns)   --->   "%input_r_read = read i16 @_ssdm_op_Read.axis.volatile.i16P128A, i16 %input_r" [FIR_HLS.cpp:51]   --->   Operation 23 'read' 'input_r_read' <Predicate = true> <Delay = 0.07> <CoreInst = "regslice">   --->   Core 147 'regslice' <Latency = 0> <II = 1> <Delay = 0.59> <Adapter> <Opcode : 'read' 'write'>
ST_1 : Operation 24 [1/1] (0.00ns)   --->   "%br_ln26 = br i1 %mod_value1_load, void %if.then, void %if.else23" [FIR_HLS.cpp:26]   --->   Operation 24 'br' 'br_ln26' <Predicate = true> <Delay = 0.00>
ST_1 : Operation 25 [1/1] (0.71ns)   --->   "%p_s = memshiftread i16 @_ssdm_op_MemShiftRead.[2 x i16]P0A, i16 1, i16 %input_r_read, i1 1" [FIR_HLS.cpp:28]   --->   Operation 25 'memshiftread' 'p_s' <Predicate = (!mod_value1_load)> <Delay = 0.71> <CoreInst = "ShiftReg">   --->   Core 76 'ShiftReg' <Latency = 0> <II = 1> <Delay = 0.71> <Storage> <Opcode : 'load' 'memshiftread'> <Ports = 1> <Width = 16> <Depth = 2> <ShiftMem>
ST_1 : Operation 26 [1/1] (0.00ns)   --->   "%sext_ln29 = sext i16 %p_s" [FIR_HLS.cpp:29]   --->   Operation 26 'sext' 'sext_ln29' <Predicate = (!mod_value1_load)> <Delay = 0.00>
ST_1 : Operation 27 [1/1] (0.00ns) (grouped into LUT with out node add_ln29)   --->   "%tmp = bitselect i1 @_ssdm_op_BitSelect.i1.i16.i32, i16 %p_s, i32 15" [FIR_HLS.cpp:29]   --->   Operation 27 'bitselect' 'tmp' <Predicate = (!mod_value1_load)> <Delay = 0.00>
ST_1 : Operation 28 [1/1] (0.85ns)   --->   "%sub_ln29 = sub i17 0, i17 %sext_ln29" [FIR_HLS.cpp:29]   --->   Operation 28 'sub' 'sub_ln29' <Predicate = (!mod_value1_load)> <Delay = 0.85> <CoreInst = "Adder">   --->   Core 1 'Adder' <Latency = 0> <II = 1> <Delay = 0.85> <FuncUnit> <Opcode : 'add' 'sub'> <InPorts = 2> <OutPorts = 1>
ST_1 : Operation 29 [1/1] (0.00ns)   --->   "%trunc_ln29_1_cast = partselect i15 @_ssdm_op_PartSelect.i15.i17.i32.i32, i17 %sub_ln29, i32 1, i32 15" [FIR_HLS.cpp:29]   --->   Operation 29 'partselect' 'trunc_ln29_1_cast' <Predicate = (!mod_value1_load)> <Delay = 0.00>
ST_1 : Operation 30 [1/1] (0.00ns) (grouped into LUT with out node add_ln29)   --->   "%trunc_ln29_2 = partselect i15 @_ssdm_op_PartSelect.i15.i16.i32.i32, i16 %p_s, i32 1, i32 15" [FIR_HLS.cpp:29]   --->   Operation 30 'partselect' 'trunc_ln29_2' <Predicate = (!mod_value1_load)> <Delay = 0.00>
ST_1 : Operation 31 [1/1] (0.84ns)   --->   "%sub_ln29_1 = sub i15 0, i15 %trunc_ln29_1_cast" [FIR_HLS.cpp:29]   --->   Operation 31 'sub' 'sub_ln29_1' <Predicate = (!mod_value1_load)> <Delay = 0.84> <CoreInst = "Adder">   --->   Core 1 'Adder' <Latency = 0> <II = 1> <Delay = 0.84> <FuncUnit> <Opcode : 'add' 'sub'> <InPorts = 2> <OutPorts = 1>
ST_1 : Operation 32 [1/1] (0.00ns) (grouped into LUT with out node add_ln29)   --->   "%select_ln29 = select i1 %tmp, i15 %sub_ln29_1, i15 %trunc_ln29_2" [FIR_HLS.cpp:29]   --->   Operation 32 'select' 'select_ln29' <Predicate = (!mod_value1_load)> <Delay = 0.00> <CoreInst = "Sel">   --->   Core 73 'Sel' <Latency = 0> <II = 1> <Delay = 0.29> <FuncUnit> <Opcode : 'select'> <InPorts = 3> <OutPorts = 1>
ST_1 : Operation 33 [1/1] (0.00ns) (grouped into LUT with out node add_ln29)   --->   "%sext_ln29_1 = sext i15 %select_ln29" [FIR_HLS.cpp:29]   --->   Operation 33 'sext' 'sext_ln29_1' <Predicate = (!mod_value1_load)> <Delay = 0.00>
ST_1 : Operation 34 [1/1] (0.00ns)   --->   "%y1_phase1_load = load i16 %y1_phase1" [FIR_HLS.cpp:29]   --->   Operation 34 'load' 'y1_phase1_load' <Predicate = (!mod_value1_load)> <Delay = 0.00>
ST_1 : Operation 35 [1/1] (0.85ns) (out node of the LUT)   --->   "%add_ln29 = add i16 %y1_phase1_load, i16 %sext_ln29_1" [FIR_HLS.cpp:29]   --->   Operation 35 'add' 'add_ln29' <Predicate = (!mod_value1_load)> <Delay = 0.85> <CoreInst = "Adder">   --->   Core 1 'Adder' <Latency = 0> <II = 1> <Delay = 0.85> <FuncUnit> <Opcode : 'add' 'sub'> <InPorts = 2> <OutPorts = 1>
ST_1 : Operation 36 [1/1] (0.00ns)   --->   "%mod_value2_load = load i1 %mod_value2" [FIR_HLS.cpp:31]   --->   Operation 36 'load' 'mod_value2_load' <Predicate = (!mod_value1_load)> <Delay = 0.00>
ST_1 : Operation 37 [1/1] (0.00ns)   --->   "%br_ln31 = br i1 %mod_value2_load, void %if.then5, void %if.else" [FIR_HLS.cpp:31]   --->   Operation 37 'br' 'br_ln31' <Predicate = (!mod_value1_load)> <Delay = 0.00>
ST_1 : Operation 38 [1/1] (0.71ns)   --->   "%p_1 = memshiftread i16 @_ssdm_op_MemShiftRead.[3 x i16]P0A, i16 2, i16 %add_ln29, i1 1" [FIR_HLS.cpp:34]   --->   Operation 38 'memshiftread' 'p_1' <Predicate = (!mod_value1_load & !mod_value2_load)> <Delay = 0.71> <CoreInst = "ShiftReg">   --->   Core 76 'ShiftReg' <Latency = 0> <II = 1> <Delay = 0.71> <Storage> <Opcode : 'load' 'memshiftread'> <Ports = 1> <Width = 16> <Depth = 3> <ShiftMem>
ST_1 : Operation 39 [1/1] (0.00ns)   --->   "%sext_ln35 = sext i16 %p_1" [FIR_HLS.cpp:35]   --->   Operation 39 'sext' 'sext_ln35' <Predicate = (!mod_value1_load & !mod_value2_load)> <Delay = 0.00>
ST_1 : Operation 40 [1/1] (0.00ns) (grouped into LUT with out node add_ln35)   --->   "%tmp_10 = bitselect i1 @_ssdm_op_BitSelect.i1.i16.i32, i16 %p_1, i32 15" [FIR_HLS.cpp:35]   --->   Operation 40 'bitselect' 'tmp_10' <Predicate = (!mod_value1_load & !mod_value2_load)> <Delay = 0.00>
ST_1 : Operation 41 [1/1] (0.85ns)   --->   "%sub_ln35 = sub i17 0, i17 %sext_ln35" [FIR_HLS.cpp:35]   --->   Operation 41 'sub' 'sub_ln35' <Predicate = (!mod_value1_load & !mod_value2_load)> <Delay = 0.85> <CoreInst = "Adder">   --->   Core 1 'Adder' <Latency = 0> <II = 1> <Delay = 0.85> <FuncUnit> <Opcode : 'add' 'sub'> <InPorts = 2> <OutPorts = 1>
ST_1 : Operation 42 [1/1] (0.00ns)   --->   "%trunc_ln35_1_cast = partselect i15 @_ssdm_op_PartSelect.i15.i17.i32.i32, i17 %sub_ln35, i32 1, i32 15" [FIR_HLS.cpp:35]   --->   Operation 42 'partselect' 'trunc_ln35_1_cast' <Predicate = (!mod_value1_load & !mod_value2_load)> <Delay = 0.00>
ST_1 : Operation 43 [1/1] (0.00ns) (grouped into LUT with out node add_ln35)   --->   "%trunc_ln35_2 = partselect i15 @_ssdm_op_PartSelect.i15.i16.i32.i32, i16 %p_1, i32 1, i32 15" [FIR_HLS.cpp:35]   --->   Operation 43 'partselect' 'trunc_ln35_2' <Predicate = (!mod_value1_load & !mod_value2_load)> <Delay = 0.00>
ST_1 : Operation 44 [1/1] (0.84ns)   --->   "%sub_ln35_1 = sub i15 0, i15 %trunc_ln35_1_cast" [FIR_HLS.cpp:35]   --->   Operation 44 'sub' 'sub_ln35_1' <Predicate = (!mod_value1_load & !mod_value2_load)> <Delay = 0.84> <CoreInst = "Adder">   --->   Core 1 'Adder' <Latency = 0> <II = 1> <Delay = 0.84> <FuncUnit> <Opcode : 'add' 'sub'> <InPorts = 2> <OutPorts = 1>
ST_1 : Operation 45 [1/1] (0.00ns) (grouped into LUT with out node add_ln35)   --->   "%select_ln35 = select i1 %tmp_10, i15 %sub_ln35_1, i15 %trunc_ln35_2" [FIR_HLS.cpp:35]   --->   Operation 45 'select' 'select_ln35' <Predicate = (!mod_value1_load & !mod_value2_load)> <Delay = 0.00> <CoreInst = "Sel">   --->   Core 73 'Sel' <Latency = 0> <II = 1> <Delay = 0.29> <FuncUnit> <Opcode : 'select'> <InPorts = 3> <OutPorts = 1>
ST_1 : Operation 46 [1/1] (0.00ns) (grouped into LUT with out node add_ln35)   --->   "%sext_ln35_1 = sext i15 %select_ln35" [FIR_HLS.cpp:35]   --->   Operation 46 'sext' 'sext_ln35_1' <Predicate = (!mod_value1_load & !mod_value2_load)> <Delay = 0.00>
ST_1 : Operation 47 [1/1] (0.00ns)   --->   "%y2_phase1_load = load i16 %y2_phase1" [FIR_HLS.cpp:35]   --->   Operation 47 'load' 'y2_phase1_load' <Predicate = (!mod_value1_load & !mod_value2_load)> <Delay = 0.00>
ST_1 : Operation 48 [1/1] (0.85ns) (out node of the LUT)   --->   "%add_ln35 = add i16 %y2_phase1_load, i16 %sext_ln35_1" [FIR_HLS.cpp:35]   --->   Operation 48 'add' 'add_ln35' <Predicate = (!mod_value1_load & !mod_value2_load)> <Delay = 0.85> <CoreInst = "Adder">   --->   Core 1 'Adder' <Latency = 0> <II = 1> <Delay = 0.85> <FuncUnit> <Opcode : 'add' 'sub'> <InPorts = 2> <OutPorts = 1>
ST_1 : Operation 49 [1/1] (0.00ns)   --->   "%p_ZL21H_filter_FIR_dec_2_21_0_load = load i16 %p_ZL21H_filter_FIR_dec_2_21_0" [FIR_HLS.cpp:42]   --->   Operation 49 'load' 'p_ZL21H_filter_FIR_dec_2_21_0_load' <Predicate = (!mod_value1_load & mod_value2_load)> <Delay = 0.00>
ST_1 : Operation 50 [1/1] (0.00ns)   --->   "%p_ZL21H_filter_FIR_dec_2_21_1_load = load i16 %p_ZL21H_filter_FIR_dec_2_21_1" [FIR_HLS.cpp:42]   --->   Operation 50 'load' 'p_ZL21H_filter_FIR_dec_2_21_1_load' <Predicate = (!mod_value1_load & mod_value2_load)> <Delay = 0.00>
ST_1 : Operation 51 [1/1] (0.00ns)   --->   "%p_ZL21H_filter_FIR_dec_2_21_2_load = load i16 %p_ZL21H_filter_FIR_dec_2_21_2" [FIR_HLS.cpp:42]   --->   Operation 51 'load' 'p_ZL21H_filter_FIR_dec_2_21_2_load' <Predicate = (!mod_value1_load & mod_value2_load)> <Delay = 0.00>
ST_1 : Operation 52 [1/1] (0.00ns)   --->   "%p_ZL21H_filter_FIR_dec_2_21_3_load = load i16 %p_ZL21H_filter_FIR_dec_2_21_3" [FIR_HLS.cpp:42]   --->   Operation 52 'load' 'p_ZL21H_filter_FIR_dec_2_21_3_load' <Predicate = (!mod_value1_load & mod_value2_load)> <Delay = 0.00>
ST_1 : Operation 53 [1/1] (0.00ns)   --->   "%p_ZL21H_filter_FIR_dec_2_21_4_load = load i16 %p_ZL21H_filter_FIR_dec_2_21_4" [FIR_HLS.cpp:42]   --->   Operation 53 'load' 'p_ZL21H_filter_FIR_dec_2_21_4_load' <Predicate = (!mod_value1_load & mod_value2_load)> <Delay = 0.00>
ST_1 : Operation 54 [7/7] (3.39ns)   --->   "%call_ret2 = call i96 @FIR_filter, i16 %p_ZL21H_filter_FIR_dec_2_21_0_load, i16 %p_ZL21H_filter_FIR_dec_2_21_1_load, i16 %p_ZL21H_filter_FIR_dec_2_21_2_load, i16 %p_ZL21H_filter_FIR_dec_2_21_3_load, i16 %p_ZL21H_filter_FIR_dec_2_21_4_load, i16 %add_ln29" [FIR_HLS.cpp:42]   --->   Operation 54 'call' 'call_ret2' <Predicate = (!mod_value1_load & mod_value2_load)> <Delay = 3.39> <CoreType = "Generic">   --->   Generic Core
ST_1 : Operation 55 [1/1] (0.00ns)   --->   "%y3_load = load i16 %y3" [FIR_HLS.cpp:43]   --->   Operation 55 'load' 'y3_load' <Predicate = (!mod_value1_load & mod_value2_load)> <Delay = 0.00>
ST_1 : Operation 56 [1/1] (0.00ns)   --->   "%p_ZL21H_filter_FIR_int_2_21_0_load = load i16 %p_ZL21H_filter_FIR_int_2_21_0" [FIR_HLS.cpp:43]   --->   Operation 56 'load' 'p_ZL21H_filter_FIR_int_2_21_0_load' <Predicate = (!mod_value1_load & mod_value2_load)> <Delay = 0.00>
ST_1 : Operation 57 [1/1] (0.00ns)   --->   "%p_ZL21H_filter_FIR_int_2_21_1_load = load i16 %p_ZL21H_filter_FIR_int_2_21_1" [FIR_HLS.cpp:43]   --->   Operation 57 'load' 'p_ZL21H_filter_FIR_int_2_21_1_load' <Predicate = (!mod_value1_load & mod_value2_load)> <Delay = 0.00>
ST_1 : Operation 58 [1/1] (0.00ns)   --->   "%p_ZL21H_filter_FIR_int_2_21_2_load = load i16 %p_ZL21H_filter_FIR_int_2_21_2" [FIR_HLS.cpp:43]   --->   Operation 58 'load' 'p_ZL21H_filter_FIR_int_2_21_2_load' <Predicate = (!mod_value1_load & mod_value2_load)> <Delay = 0.00>
ST_1 : Operation 59 [1/1] (0.00ns)   --->   "%p_ZL21H_filter_FIR_int_2_21_3_load = load i16 %p_ZL21H_filter_FIR_int_2_21_3" [FIR_HLS.cpp:43]   --->   Operation 59 'load' 'p_ZL21H_filter_FIR_int_2_21_3_load' <Predicate = (!mod_value1_load & mod_value2_load)> <Delay = 0.00>
ST_1 : Operation 60 [1/1] (0.00ns)   --->   "%p_ZL21H_filter_FIR_int_2_21_4_load = load i16 %p_ZL21H_filter_FIR_int_2_21_4" [FIR_HLS.cpp:43]   --->   Operation 60 'load' 'p_ZL21H_filter_FIR_int_2_21_4_load' <Predicate = (!mod_value1_load & mod_value2_load)> <Delay = 0.00>
ST_1 : Operation 61 [7/7] (3.39ns)   --->   "%call_ret3 = call i96 @FIR_filter, i16 %p_ZL21H_filter_FIR_int_2_21_0_load, i16 %p_ZL21H_filter_FIR_int_2_21_1_load, i16 %p_ZL21H_filter_FIR_int_2_21_2_load, i16 %p_ZL21H_filter_FIR_int_2_21_3_load, i16 %p_ZL21H_filter_FIR_int_2_21_4_load, i16 %y3_load" [FIR_HLS.cpp:43]   --->   Operation 61 'call' 'call_ret3' <Predicate = (!mod_value1_load & mod_value2_load)> <Delay = 3.39> <CoreType = "Generic">   --->   Generic Core
ST_1 : Operation 62 [1/1] (0.00ns)   --->   "%p_ZL21H_filter_FIR_dec_1_21_0_load = load i16 %p_ZL21H_filter_FIR_dec_1_21_0" [FIR_HLS.cpp:51]   --->   Operation 62 'load' 'p_ZL21H_filter_FIR_dec_1_21_0_load' <Predicate = (mod_value1_load)> <Delay = 0.00>
ST_1 : Operation 63 [1/1] (0.00ns)   --->   "%p_ZL21H_filter_FIR_dec_1_21_1_load = load i16 %p_ZL21H_filter_FIR_dec_1_21_1" [FIR_HLS.cpp:51]   --->   Operation 63 'load' 'p_ZL21H_filter_FIR_dec_1_21_1_load' <Predicate = (mod_value1_load)> <Delay = 0.00>
ST_1 : Operation 64 [1/1] (0.00ns)   --->   "%p_ZL21H_filter_FIR_dec_1_21_2_load = load i16 %p_ZL21H_filter_FIR_dec_1_21_2" [FIR_HLS.cpp:51]   --->   Operation 64 'load' 'p_ZL21H_filter_FIR_dec_1_21_2_load' <Predicate = (mod_value1_load)> <Delay = 0.00>
ST_1 : Operation 65 [6/6] (3.39ns)   --->   "%call_ret = call i64 @FIR_filter.1, i16 %p_ZL21H_filter_FIR_dec_1_21_0_load, i16 %p_ZL21H_filter_FIR_dec_1_21_1_load, i16 %p_ZL21H_filter_FIR_dec_1_21_2_load, i16 %input_r_read" [FIR_HLS.cpp:51]   --->   Operation 65 'call' 'call_ret' <Predicate = (mod_value1_load)> <Delay = 3.39> <CoreType = "Generic">   --->   Generic Core
ST_1 : Operation 66 [1/1] (0.00ns)   --->   "%y4_load = load i16 %y4" [FIR_HLS.cpp:52]   --->   Operation 66 'load' 'y4_load' <Predicate = (mod_value1_load)> <Delay = 0.00>
ST_1 : Operation 67 [1/1] (0.00ns)   --->   "%p_ZL21H_filter_FIR_int_1_21_0_load = load i16 %p_ZL21H_filter_FIR_int_1_21_0" [FIR_HLS.cpp:52]   --->   Operation 67 'load' 'p_ZL21H_filter_FIR_int_1_21_0_load' <Predicate = (mod_value1_load)> <Delay = 0.00>
ST_1 : Operation 68 [1/1] (0.00ns)   --->   "%p_ZL21H_filter_FIR_int_1_21_1_load = load i16 %p_ZL21H_filter_FIR_int_1_21_1" [FIR_HLS.cpp:52]   --->   Operation 68 'load' 'p_ZL21H_filter_FIR_int_1_21_1_load' <Predicate = (mod_value1_load)> <Delay = 0.00>
ST_1 : Operation 69 [1/1] (0.00ns)   --->   "%p_ZL21H_filter_FIR_int_1_21_2_load = load i16 %p_ZL21H_filter_FIR_int_1_21_2" [FIR_HLS.cpp:52]   --->   Operation 69 'load' 'p_ZL21H_filter_FIR_int_1_21_2_load' <Predicate = (mod_value1_load)> <Delay = 0.00>
ST_1 : Operation 70 [6/6] (3.39ns)   --->   "%call_ret1 = call i64 @FIR_filter.1, i16 %p_ZL21H_filter_FIR_int_1_21_0_load, i16 %p_ZL21H_filter_FIR_int_1_21_1_load, i16 %p_ZL21H_filter_FIR_int_1_21_2_load, i16 %y4_load" [FIR_HLS.cpp:52]   --->   Operation 70 'call' 'call_ret1' <Predicate = (mod_value1_load)> <Delay = 3.39> <CoreType = "Generic">   --->   Generic Core

State 2 <SV = 1> <Delay = 4.11>
ST_2 : Operation 71 [1/1] (3.39ns)   --->   "%p_2 = call i16 @FIR_filter_transposed, i16 %add_ln35, i32 %p_ZL10H_accu_FIR_0, i32 %p_ZL10H_accu_FIR_1, i32 %p_ZL10H_accu_FIR_2, i32 %p_ZL10H_accu_FIR_3, i32 %p_ZL10H_accu_FIR_4, i32 %p_ZL10H_accu_FIR_5, i32 %p_ZL10H_accu_FIR_6, i32 %p_ZL10H_accu_FIR_7, i32 %p_ZL10H_accu_FIR_8, i32 %p_ZL10H_accu_FIR_9, i32 %p_ZL10H_accu_FIR_10, i32 %p_ZL10H_accu_FIR_11, i32 %p_ZL10H_accu_FIR_12, i32 %p_ZL10H_accu_FIR_13, i32 %p_ZL10H_accu_FIR_14, i32 %p_ZL10H_accu_FIR_15, i32 %p_ZL10H_accu_FIR_16, i32 %p_ZL10H_accu_FIR_17, i32 %p_ZL10H_accu_FIR_18, i32 %p_ZL10H_accu_FIR_19, i32 %p_ZL10H_accu_FIR_20, i32 %p_ZL10H_accu_FIR_21, i32 %p_ZL10H_accu_FIR_22, i32 %p_ZL10H_accu_FIR_23, i32 %p_ZL10H_accu_FIR_24, i32 %p_ZL10H_accu_FIR_25, i32 %p_ZL10H_accu_FIR_26, i32 %p_ZL10H_accu_FIR_27, i32 %p_ZL10H_accu_FIR_28, i32 %p_ZL10H_accu_FIR_29, i32 %p_ZL10H_accu_FIR_30, i32 %p_ZL10H_accu_FIR_31, i32 %p_ZL10H_accu_FIR_32, i32 %p_ZL10H_accu_FIR_33, i32 %p_ZL10H_accu_FIR_34, i32 %p_ZL10H_accu_FIR_35, i32 %p_ZL10H_accu_FIR_36, i32 %p_ZL10H_accu_FIR_37, i32 %p_ZL10H_accu_FIR_38, i32 %p_ZL10H_accu_FIR_39, i32 %p_ZL10H_accu_FIR_40, i32 %p_ZL10H_accu_FIR_41, i32 %p_ZL10H_accu_FIR_42, i32 %p_ZL10H_accu_FIR_43, i32 %p_ZL10H_accu_FIR_44, i32 %p_ZL10H_accu_FIR_45, i32 %p_ZL10H_accu_FIR_46, i32 %p_ZL10H_accu_FIR_47, i32 %p_ZL10H_accu_FIR_48, i32 %p_ZL10H_accu_FIR_49, i32 %p_ZL10H_accu_FIR_50, i32 %p_ZL10H_accu_FIR_51, i32 %p_ZL10H_accu_FIR_52, i32 %p_ZL10H_accu_FIR_53, i32 %p_ZL10H_accu_FIR_54, i32 %p_ZL10H_accu_FIR_55, i32 %p_ZL10H_accu_FIR_56, i32 %p_ZL10H_accu_FIR_57, i32 %p_ZL10H_accu_FIR_58, i32 %p_ZL10H_accu_FIR_59, i32 %p_ZL10H_accu_FIR_60, i32 %p_ZL10H_accu_FIR_61, i32 %p_ZL10H_accu_FIR_62, i32 %p_ZL10H_accu_FIR_63, i32 %p_ZL10H_accu_FIR_64, i32 %p_ZL10H_accu_FIR_65, i32 %p_ZL10H_accu_FIR_66, i32 %p_ZL10H_accu_FIR_67, i32 %p_ZL10H_accu_FIR_68, i32 %p_ZL10H_accu_FIR_69, i32 %p_ZL10H_accu_FIR_70, i32 %p_ZL10H_accu_FIR_71, i32 %p_ZL10H_accu_FIR_72, i32 %p_ZL10H_accu_FIR_73, i32 %p_ZL10H_accu_FIR_74, i32 %p_ZL10H_accu_FIR_75, i32 %p_ZL10H_accu_FIR_76, i32 %p_ZL10H_accu_FIR_77, i32 %p_ZL10H_accu_FIR_78, i32 %p_ZL10H_accu_FIR_79, i32 %p_ZL10H_accu_FIR_80, i32 %p_ZL10H_accu_FIR_81, i32 %p_ZL10H_accu_FIR_82, i32 %p_ZL10H_accu_FIR_83, i32 %p_ZL10H_accu_FIR_84, i32 %p_ZL10H_accu_FIR_85, i32 %p_ZL10H_accu_FIR_86, i32 %p_ZL10H_accu_FIR_87, i32 %p_ZL10H_accu_FIR_88, i32 %p_ZL10H_accu_FIR_89, i32 %p_ZL10H_accu_FIR_90, i32 %p_ZL10H_accu_FIR_91, i32 %p_ZL10H_accu_FIR_92, i32 %p_ZL10H_accu_FIR_93, i32 %p_ZL10H_accu_FIR_94, i32 %p_ZL10H_accu_FIR_95, i32 %p_ZL10H_accu_FIR_96, i32 %p_ZL10H_accu_FIR_97, i32 %p_ZL10H_accu_FIR_98, i32 %p_ZL10H_accu_FIR_99, i32 %p_ZL10H_accu_FIR_100, i32 %p_ZL10H_accu_FIR_101, i32 %p_ZL10H_accu_FIR_102, i32 %p_ZL10H_accu_FIR_103, i32 %p_ZL10H_accu_FIR_104, i32 %p_ZL10H_accu_FIR_105, i32 %p_ZL10H_accu_FIR_106, i32 %p_ZL10H_accu_FIR_107, i32 %p_ZL10H_accu_FIR_108, i32 %p_ZL10H_accu_FIR_109, i32 %p_ZL10H_accu_FIR_110, i32 %p_ZL10H_accu_FIR_111, i31 %p_ZL10H_accu_FIR_112, i30 %p_ZL10H_accu_FIR_113, i29 %p_ZL10H_accu_FIR_114, i28 %p_ZL10H_accu_FIR_115, i27 %p_ZL10H_accu_FIR_116, i27 %p_ZL10H_accu_FIR_117, i26 %p_ZL10H_accu_FIR_118, i26 %p_ZL10H_accu_FIR_119, i25 %p_ZL10H_accu_FIR_120, i25 %p_ZL10H_accu_FIR_121, i23 %p_ZL10H_accu_FIR_122" [FIR_HLS.cpp:36]   --->   Operation 71 'call' 'p_2' <Predicate = true> <Delay = 3.39> <CoreType = "Generic">   --->   Generic Core
ST_2 : Operation 72 [1/1] (0.00ns)   --->   "%store_ln36 = store i16 %p_2, i16 %y3" [FIR_HLS.cpp:36]   --->   Operation 72 'store' 'store_ln36' <Predicate = true> <Delay = 0.00>
ST_2 : Operation 73 [1/1] (0.71ns)   --->   "%p_3 = memshiftread i16 @_ssdm_op_MemShiftRead.[3 x i16]P0A, i16 2, i16 %p_2, i1 1" [FIR_HLS.cpp:38]   --->   Operation 73 'memshiftread' 'p_3' <Predicate = true> <Delay = 0.71> <CoreInst = "ShiftReg">   --->   Core 76 'ShiftReg' <Latency = 0> <II = 1> <Delay = 0.71> <Storage> <Opcode : 'load' 'memshiftread'> <Ports = 1> <Width = 16> <Depth = 3> <ShiftMem>
ST_2 : Operation 74 [1/1] (0.42ns)   --->   "%br_ln40 = br void %if.end" [FIR_HLS.cpp:40]   --->   Operation 74 'br' 'br_ln40' <Predicate = true> <Delay = 0.42>

State 3 <SV = 1> <Delay = 3.39>
ST_3 : Operation 75 [6/7] (3.39ns)   --->   "%call_ret2 = call i96 @FIR_filter, i16 %p_ZL21H_filter_FIR_dec_2_21_0_load, i16 %p_ZL21H_filter_FIR_dec_2_21_1_load, i16 %p_ZL21H_filter_FIR_dec_2_21_2_load, i16 %p_ZL21H_filter_FIR_dec_2_21_3_load, i16 %p_ZL21H_filter_FIR_dec_2_21_4_load, i16 %add_ln29" [FIR_HLS.cpp:42]   --->   Operation 75 'call' 'call_ret2' <Predicate = true> <Delay = 3.39> <CoreType = "Generic">   --->   Generic Core
ST_3 : Operation 76 [6/7] (3.39ns)   --->   "%call_ret3 = call i96 @FIR_filter, i16 %p_ZL21H_filter_FIR_int_2_21_0_load, i16 %p_ZL21H_filter_FIR_int_2_21_1_load, i16 %p_ZL21H_filter_FIR_int_2_21_2_load, i16 %p_ZL21H_filter_FIR_int_2_21_3_load, i16 %p_ZL21H_filter_FIR_int_2_21_4_load, i16 %y3_load" [FIR_HLS.cpp:43]   --->   Operation 76 'call' 'call_ret3' <Predicate = true> <Delay = 3.39> <CoreType = "Generic">   --->   Generic Core

State 4 <SV = 2> <Delay = 3.39>
ST_4 : Operation 77 [5/7] (3.39ns)   --->   "%call_ret2 = call i96 @FIR_filter, i16 %p_ZL21H_filter_FIR_dec_2_21_0_load, i16 %p_ZL21H_filter_FIR_dec_2_21_1_load, i16 %p_ZL21H_filter_FIR_dec_2_21_2_load, i16 %p_ZL21H_filter_FIR_dec_2_21_3_load, i16 %p_ZL21H_filter_FIR_dec_2_21_4_load, i16 %add_ln29" [FIR_HLS.cpp:42]   --->   Operation 77 'call' 'call_ret2' <Predicate = true> <Delay = 3.39> <CoreType = "Generic">   --->   Generic Core
ST_4 : Operation 78 [5/7] (3.39ns)   --->   "%call_ret3 = call i96 @FIR_filter, i16 %p_ZL21H_filter_FIR_int_2_21_0_load, i16 %p_ZL21H_filter_FIR_int_2_21_1_load, i16 %p_ZL21H_filter_FIR_int_2_21_2_load, i16 %p_ZL21H_filter_FIR_int_2_21_3_load, i16 %p_ZL21H_filter_FIR_int_2_21_4_load, i16 %y3_load" [FIR_HLS.cpp:43]   --->   Operation 78 'call' 'call_ret3' <Predicate = true> <Delay = 3.39> <CoreType = "Generic">   --->   Generic Core

State 5 <SV = 3> <Delay = 3.39>
ST_5 : Operation 79 [4/7] (3.39ns)   --->   "%call_ret2 = call i96 @FIR_filter, i16 %p_ZL21H_filter_FIR_dec_2_21_0_load, i16 %p_ZL21H_filter_FIR_dec_2_21_1_load, i16 %p_ZL21H_filter_FIR_dec_2_21_2_load, i16 %p_ZL21H_filter_FIR_dec_2_21_3_load, i16 %p_ZL21H_filter_FIR_dec_2_21_4_load, i16 %add_ln29" [FIR_HLS.cpp:42]   --->   Operation 79 'call' 'call_ret2' <Predicate = true> <Delay = 3.39> <CoreType = "Generic">   --->   Generic Core
ST_5 : Operation 80 [4/7] (3.39ns)   --->   "%call_ret3 = call i96 @FIR_filter, i16 %p_ZL21H_filter_FIR_int_2_21_0_load, i16 %p_ZL21H_filter_FIR_int_2_21_1_load, i16 %p_ZL21H_filter_FIR_int_2_21_2_load, i16 %p_ZL21H_filter_FIR_int_2_21_3_load, i16 %p_ZL21H_filter_FIR_int_2_21_4_load, i16 %y3_load" [FIR_HLS.cpp:43]   --->   Operation 80 'call' 'call_ret3' <Predicate = true> <Delay = 3.39> <CoreType = "Generic">   --->   Generic Core

State 6 <SV = 4> <Delay = 3.39>
ST_6 : Operation 81 [3/7] (3.39ns)   --->   "%call_ret2 = call i96 @FIR_filter, i16 %p_ZL21H_filter_FIR_dec_2_21_0_load, i16 %p_ZL21H_filter_FIR_dec_2_21_1_load, i16 %p_ZL21H_filter_FIR_dec_2_21_2_load, i16 %p_ZL21H_filter_FIR_dec_2_21_3_load, i16 %p_ZL21H_filter_FIR_dec_2_21_4_load, i16 %add_ln29" [FIR_HLS.cpp:42]   --->   Operation 81 'call' 'call_ret2' <Predicate = true> <Delay = 3.39> <CoreType = "Generic">   --->   Generic Core
ST_6 : Operation 82 [3/7] (3.39ns)   --->   "%call_ret3 = call i96 @FIR_filter, i16 %p_ZL21H_filter_FIR_int_2_21_0_load, i16 %p_ZL21H_filter_FIR_int_2_21_1_load, i16 %p_ZL21H_filter_FIR_int_2_21_2_load, i16 %p_ZL21H_filter_FIR_int_2_21_3_load, i16 %p_ZL21H_filter_FIR_int_2_21_4_load, i16 %y3_load" [FIR_HLS.cpp:43]   --->   Operation 82 'call' 'call_ret3' <Predicate = true> <Delay = 3.39> <CoreType = "Generic">   --->   Generic Core

State 7 <SV = 5> <Delay = 3.39>
ST_7 : Operation 83 [2/7] (3.39ns)   --->   "%call_ret2 = call i96 @FIR_filter, i16 %p_ZL21H_filter_FIR_dec_2_21_0_load, i16 %p_ZL21H_filter_FIR_dec_2_21_1_load, i16 %p_ZL21H_filter_FIR_dec_2_21_2_load, i16 %p_ZL21H_filter_FIR_dec_2_21_3_load, i16 %p_ZL21H_filter_FIR_dec_2_21_4_load, i16 %add_ln29" [FIR_HLS.cpp:42]   --->   Operation 83 'call' 'call_ret2' <Predicate = true> <Delay = 3.39> <CoreType = "Generic">   --->   Generic Core
ST_7 : Operation 84 [2/7] (3.39ns)   --->   "%call_ret3 = call i96 @FIR_filter, i16 %p_ZL21H_filter_FIR_int_2_21_0_load, i16 %p_ZL21H_filter_FIR_int_2_21_1_load, i16 %p_ZL21H_filter_FIR_int_2_21_2_load, i16 %p_ZL21H_filter_FIR_int_2_21_3_load, i16 %p_ZL21H_filter_FIR_int_2_21_4_load, i16 %y3_load" [FIR_HLS.cpp:43]   --->   Operation 84 'call' 'call_ret3' <Predicate = true> <Delay = 3.39> <CoreType = "Generic">   --->   Generic Core

State 8 <SV = 6> <Delay = 2.24>
ST_8 : Operation 85 [1/7] (0.64ns)   --->   "%call_ret2 = call i96 @FIR_filter, i16 %p_ZL21H_filter_FIR_dec_2_21_0_load, i16 %p_ZL21H_filter_FIR_dec_2_21_1_load, i16 %p_ZL21H_filter_FIR_dec_2_21_2_load, i16 %p_ZL21H_filter_FIR_dec_2_21_3_load, i16 %p_ZL21H_filter_FIR_dec_2_21_4_load, i16 %add_ln29" [FIR_HLS.cpp:42]   --->   Operation 85 'call' 'call_ret2' <Predicate = (mod_value2_load)> <Delay = 0.64> <CoreType = "Generic">   --->   Generic Core
ST_8 : Operation 86 [1/1] (0.00ns)   --->   "%newret9 = extractvalue i96 %call_ret2" [FIR_HLS.cpp:42]   --->   Operation 86 'extractvalue' 'newret9' <Predicate = (mod_value2_load)> <Delay = 0.00>
ST_8 : Operation 87 [1/1] (0.00ns)   --->   "%newret1 = extractvalue i96 %call_ret2" [FIR_HLS.cpp:42]   --->   Operation 87 'extractvalue' 'newret1' <Predicate = (mod_value2_load)> <Delay = 0.00>
ST_8 : Operation 88 [1/1] (0.00ns)   --->   "%newret10 = extractvalue i96 %call_ret2" [FIR_HLS.cpp:42]   --->   Operation 88 'extractvalue' 'newret10' <Predicate = (mod_value2_load)> <Delay = 0.00>
ST_8 : Operation 89 [1/1] (0.00ns)   --->   "%newret11 = extractvalue i96 %call_ret2" [FIR_HLS.cpp:42]   --->   Operation 89 'extractvalue' 'newret11' <Predicate = (mod_value2_load)> <Delay = 0.00>
ST_8 : Operation 90 [1/1] (0.00ns)   --->   "%newret12 = extractvalue i96 %call_ret2" [FIR_HLS.cpp:42]   --->   Operation 90 'extractvalue' 'newret12' <Predicate = (mod_value2_load)> <Delay = 0.00>
ST_8 : Operation 91 [1/1] (0.00ns)   --->   "%newret13 = extractvalue i96 %call_ret2" [FIR_HLS.cpp:42]   --->   Operation 91 'extractvalue' 'newret13' <Predicate = (mod_value2_load)> <Delay = 0.00>
ST_8 : Operation 92 [1/1] (0.00ns)   --->   "%store_ln42 = store i16 %newret1, i16 %p_ZL21H_filter_FIR_dec_2_21_0" [FIR_HLS.cpp:42]   --->   Operation 92 'store' 'store_ln42' <Predicate = (mod_value2_load)> <Delay = 0.00>
ST_8 : Operation 93 [1/1] (0.00ns)   --->   "%store_ln42 = store i16 %newret10, i16 %p_ZL21H_filter_FIR_dec_2_21_1" [FIR_HLS.cpp:42]   --->   Operation 93 'store' 'store_ln42' <Predicate = (mod_value2_load)> <Delay = 0.00>
ST_8 : Operation 94 [1/1] (0.00ns)   --->   "%store_ln42 = store i16 %newret11, i16 %p_ZL21H_filter_FIR_dec_2_21_2" [FIR_HLS.cpp:42]   --->   Operation 94 'store' 'store_ln42' <Predicate = (mod_value2_load)> <Delay = 0.00>
ST_8 : Operation 95 [1/1] (0.00ns)   --->   "%store_ln42 = store i16 %newret12, i16 %p_ZL21H_filter_FIR_dec_2_21_3" [FIR_HLS.cpp:42]   --->   Operation 95 'store' 'store_ln42' <Predicate = (mod_value2_load)> <Delay = 0.00>
ST_8 : Operation 96 [1/1] (0.00ns)   --->   "%store_ln42 = store i16 %newret13, i16 %p_ZL21H_filter_FIR_dec_2_21_4" [FIR_HLS.cpp:42]   --->   Operation 96 'store' 'store_ln42' <Predicate = (mod_value2_load)> <Delay = 0.00>
ST_8 : Operation 97 [1/1] (0.00ns)   --->   "%store_ln42 = store i16 %newret9, i16 %y2_phase1" [FIR_HLS.cpp:42]   --->   Operation 97 'store' 'store_ln42' <Predicate = (mod_value2_load)> <Delay = 0.00>
ST_8 : Operation 98 [1/7] (0.64ns)   --->   "%call_ret3 = call i96 @FIR_filter, i16 %p_ZL21H_filter_FIR_int_2_21_0_load, i16 %p_ZL21H_filter_FIR_int_2_21_1_load, i16 %p_ZL21H_filter_FIR_int_2_21_2_load, i16 %p_ZL21H_filter_FIR_int_2_21_3_load, i16 %p_ZL21H_filter_FIR_int_2_21_4_load, i16 %y3_load" [FIR_HLS.cpp:43]   --->   Operation 98 'call' 'call_ret3' <Predicate = (mod_value2_load)> <Delay = 0.64> <CoreType = "Generic">   --->   Generic Core
ST_8 : Operation 99 [1/1] (0.00ns)   --->   "%newret14 = extractvalue i96 %call_ret3" [FIR_HLS.cpp:43]   --->   Operation 99 'extractvalue' 'newret14' <Predicate = (mod_value2_load)> <Delay = 0.00>
ST_8 : Operation 100 [1/1] (0.00ns)   --->   "%newret15 = extractvalue i96 %call_ret3" [FIR_HLS.cpp:43]   --->   Operation 100 'extractvalue' 'newret15' <Predicate = (mod_value2_load)> <Delay = 0.00>
ST_8 : Operation 101 [1/1] (0.00ns)   --->   "%newret16 = extractvalue i96 %call_ret3" [FIR_HLS.cpp:43]   --->   Operation 101 'extractvalue' 'newret16' <Predicate = (mod_value2_load)> <Delay = 0.00>
ST_8 : Operation 102 [1/1] (0.00ns)   --->   "%newret17 = extractvalue i96 %call_ret3" [FIR_HLS.cpp:43]   --->   Operation 102 'extractvalue' 'newret17' <Predicate = (mod_value2_load)> <Delay = 0.00>
ST_8 : Operation 103 [1/1] (0.00ns)   --->   "%newret18 = extractvalue i96 %call_ret3" [FIR_HLS.cpp:43]   --->   Operation 103 'extractvalue' 'newret18' <Predicate = (mod_value2_load)> <Delay = 0.00>
ST_8 : Operation 104 [1/1] (0.00ns)   --->   "%newret19 = extractvalue i96 %call_ret3" [FIR_HLS.cpp:43]   --->   Operation 104 'extractvalue' 'newret19' <Predicate = (mod_value2_load)> <Delay = 0.00>
ST_8 : Operation 105 [1/1] (0.00ns)   --->   "%store_ln43 = store i16 %newret15, i16 %p_ZL21H_filter_FIR_int_2_21_0" [FIR_HLS.cpp:43]   --->   Operation 105 'store' 'store_ln43' <Predicate = (mod_value2_load)> <Delay = 0.00>
ST_8 : Operation 106 [1/1] (0.00ns)   --->   "%store_ln43 = store i16 %newret16, i16 %p_ZL21H_filter_FIR_int_2_21_1" [FIR_HLS.cpp:43]   --->   Operation 106 'store' 'store_ln43' <Predicate = (mod_value2_load)> <Delay = 0.00>
ST_8 : Operation 107 [1/1] (0.00ns)   --->   "%store_ln43 = store i16 %newret17, i16 %p_ZL21H_filter_FIR_int_2_21_2" [FIR_HLS.cpp:43]   --->   Operation 107 'store' 'store_ln43' <Predicate = (mod_value2_load)> <Delay = 0.00>
ST_8 : Operation 108 [1/1] (0.00ns)   --->   "%store_ln43 = store i16 %newret18, i16 %p_ZL21H_filter_FIR_int_2_21_3" [FIR_HLS.cpp:43]   --->   Operation 108 'store' 'store_ln43' <Predicate = (mod_value2_load)> <Delay = 0.00>
ST_8 : Operation 109 [1/1] (0.00ns)   --->   "%store_ln43 = store i16 %newret19, i16 %p_ZL21H_filter_FIR_int_2_21_4" [FIR_HLS.cpp:43]   --->   Operation 109 'store' 'store_ln43' <Predicate = (mod_value2_load)> <Delay = 0.00>
ST_8 : Operation 110 [1/1] (0.00ns)   --->   "%shl_ln43 = shl i16 %newret14, i16 1" [FIR_HLS.cpp:43]   --->   Operation 110 'shl' 'shl_ln43' <Predicate = (mod_value2_load)> <Delay = 0.00>
ST_8 : Operation 111 [1/1] (0.42ns)   --->   "%br_ln0 = br void %if.end"   --->   Operation 111 'br' 'br_ln0' <Predicate = (mod_value2_load)> <Delay = 0.42>
ST_8 : Operation 112 [1/1] (0.00ns)   --->   "%p_013_0_0_0 = phi i16 %shl_ln43, void %if.else, i16 %p_3, void %if.then5" [FIR_HLS.cpp:43]   --->   Operation 112 'phi' 'p_013_0_0_0' <Predicate = true> <Delay = 0.00>
ST_8 : Operation 113 [1/1] (0.00ns)   --->   "%store_ln43 = store i16 %p_013_0_0_0, i16 %y4" [FIR_HLS.cpp:43]   --->   Operation 113 'store' 'store_ln43' <Predicate = true> <Delay = 0.00>
ST_8 : Operation 114 [1/1] (0.71ns)   --->   "%p_0 = memshiftread i16 @_ssdm_op_MemShiftRead.[2 x i16]P0A, i16 1, i16 %p_013_0_0_0, i1 1" [FIR_HLS.cpp:47]   --->   Operation 114 'memshiftread' 'p_0' <Predicate = true> <Delay = 0.71> <CoreInst = "ShiftReg">   --->   Core 76 'ShiftReg' <Latency = 0> <II = 1> <Delay = 0.71> <Storage> <Opcode : 'load' 'memshiftread'> <Ports = 1> <Width = 16> <Depth = 2> <ShiftMem>
ST_8 : Operation 115 [2/2] (0.45ns)   --->   "%write_ln47 = write void @_ssdm_op_Write.axis.volatile.i16P128A, i16 %output_r, i16 %p_0" [FIR_HLS.cpp:47]   --->   Operation 115 'write' 'write_ln47' <Predicate = true> <Delay = 0.45> <CoreInst = "regslice">   --->   Core 147 'regslice' <Latency = 0> <II = 1> <Delay = 0.59> <Adapter> <Opcode : 'read' 'write'>

State 9 <SV = 7> <Delay = 0.45>
ST_9 : Operation 116 [1/1] (0.00ns)   --->   "%storemerge1 = phi i1 0, void %if.else, i1 1, void %if.then5"   --->   Operation 116 'phi' 'storemerge1' <Predicate = (!mod_value1_load)> <Delay = 0.00>
ST_9 : Operation 117 [1/1] (0.00ns)   --->   "%store_ln0 = store i1 %storemerge1, i1 %mod_value2"   --->   Operation 117 'store' 'store_ln0' <Predicate = (!mod_value1_load)> <Delay = 0.00>
ST_9 : Operation 118 [1/2] (0.45ns)   --->   "%write_ln47 = write void @_ssdm_op_Write.axis.volatile.i16P128A, i16 %output_r, i16 %p_0" [FIR_HLS.cpp:47]   --->   Operation 118 'write' 'write_ln47' <Predicate = (!mod_value1_load)> <Delay = 0.45> <CoreInst = "regslice">   --->   Core 147 'regslice' <Latency = 0> <II = 1> <Delay = 0.59> <Adapter> <Opcode : 'read' 'write'>
ST_9 : Operation 119 [1/1] (0.42ns)   --->   "%br_ln49 = br void %if.end30" [FIR_HLS.cpp:49]   --->   Operation 119 'br' 'br_ln49' <Predicate = (!mod_value1_load)> <Delay = 0.42>
ST_9 : Operation 120 [1/1] (0.00ns)   --->   "%storemerge = phi i1 0, void %if.else23, i1 1, void %if.end"   --->   Operation 120 'phi' 'storemerge' <Predicate = true> <Delay = 0.00>
ST_9 : Operation 121 [1/1] (0.00ns)   --->   "%store_ln0 = store i1 %storemerge, i1 %mod_value1"   --->   Operation 121 'store' 'store_ln0' <Predicate = true> <Delay = 0.00>
ST_9 : Operation 122 [1/1] (0.00ns)   --->   "%ret_ln56 = ret" [FIR_HLS.cpp:56]   --->   Operation 122 'ret' 'ret_ln56' <Predicate = true> <Delay = 0.00>

State 10 <SV = 1> <Delay = 3.39>
ST_10 : Operation 123 [5/6] (3.39ns)   --->   "%call_ret = call i64 @FIR_filter.1, i16 %p_ZL21H_filter_FIR_dec_1_21_0_load, i16 %p_ZL21H_filter_FIR_dec_1_21_1_load, i16 %p_ZL21H_filter_FIR_dec_1_21_2_load, i16 %input_r_read" [FIR_HLS.cpp:51]   --->   Operation 123 'call' 'call_ret' <Predicate = true> <Delay = 3.39> <CoreType = "Generic">   --->   Generic Core
ST_10 : Operation 124 [5/6] (3.39ns)   --->   "%call_ret1 = call i64 @FIR_filter.1, i16 %p_ZL21H_filter_FIR_int_1_21_0_load, i16 %p_ZL21H_filter_FIR_int_1_21_1_load, i16 %p_ZL21H_filter_FIR_int_1_21_2_load, i16 %y4_load" [FIR_HLS.cpp:52]   --->   Operation 124 'call' 'call_ret1' <Predicate = true> <Delay = 3.39> <CoreType = "Generic">   --->   Generic Core

State 11 <SV = 2> <Delay = 3.39>
ST_11 : Operation 125 [4/6] (3.39ns)   --->   "%call_ret = call i64 @FIR_filter.1, i16 %p_ZL21H_filter_FIR_dec_1_21_0_load, i16 %p_ZL21H_filter_FIR_dec_1_21_1_load, i16 %p_ZL21H_filter_FIR_dec_1_21_2_load, i16 %input_r_read" [FIR_HLS.cpp:51]   --->   Operation 125 'call' 'call_ret' <Predicate = true> <Delay = 3.39> <CoreType = "Generic">   --->   Generic Core
ST_11 : Operation 126 [4/6] (3.39ns)   --->   "%call_ret1 = call i64 @FIR_filter.1, i16 %p_ZL21H_filter_FIR_int_1_21_0_load, i16 %p_ZL21H_filter_FIR_int_1_21_1_load, i16 %p_ZL21H_filter_FIR_int_1_21_2_load, i16 %y4_load" [FIR_HLS.cpp:52]   --->   Operation 126 'call' 'call_ret1' <Predicate = true> <Delay = 3.39> <CoreType = "Generic">   --->   Generic Core

State 12 <SV = 3> <Delay = 3.39>
ST_12 : Operation 127 [3/6] (3.39ns)   --->   "%call_ret = call i64 @FIR_filter.1, i16 %p_ZL21H_filter_FIR_dec_1_21_0_load, i16 %p_ZL21H_filter_FIR_dec_1_21_1_load, i16 %p_ZL21H_filter_FIR_dec_1_21_2_load, i16 %input_r_read" [FIR_HLS.cpp:51]   --->   Operation 127 'call' 'call_ret' <Predicate = true> <Delay = 3.39> <CoreType = "Generic">   --->   Generic Core
ST_12 : Operation 128 [3/6] (3.39ns)   --->   "%call_ret1 = call i64 @FIR_filter.1, i16 %p_ZL21H_filter_FIR_int_1_21_0_load, i16 %p_ZL21H_filter_FIR_int_1_21_1_load, i16 %p_ZL21H_filter_FIR_int_1_21_2_load, i16 %y4_load" [FIR_HLS.cpp:52]   --->   Operation 128 'call' 'call_ret1' <Predicate = true> <Delay = 3.39> <CoreType = "Generic">   --->   Generic Core

State 13 <SV = 4> <Delay = 3.39>
ST_13 : Operation 129 [2/6] (3.39ns)   --->   "%call_ret = call i64 @FIR_filter.1, i16 %p_ZL21H_filter_FIR_dec_1_21_0_load, i16 %p_ZL21H_filter_FIR_dec_1_21_1_load, i16 %p_ZL21H_filter_FIR_dec_1_21_2_load, i16 %input_r_read" [FIR_HLS.cpp:51]   --->   Operation 129 'call' 'call_ret' <Predicate = true> <Delay = 3.39> <CoreType = "Generic">   --->   Generic Core
ST_13 : Operation 130 [2/6] (3.39ns)   --->   "%call_ret1 = call i64 @FIR_filter.1, i16 %p_ZL21H_filter_FIR_int_1_21_0_load, i16 %p_ZL21H_filter_FIR_int_1_21_1_load, i16 %p_ZL21H_filter_FIR_int_1_21_2_load, i16 %y4_load" [FIR_HLS.cpp:52]   --->   Operation 130 'call' 'call_ret1' <Predicate = true> <Delay = 3.39> <CoreType = "Generic">   --->   Generic Core

State 14 <SV = 5> <Delay = 1.09>
ST_14 : Operation 131 [1/6] (0.64ns)   --->   "%call_ret = call i64 @FIR_filter.1, i16 %p_ZL21H_filter_FIR_dec_1_21_0_load, i16 %p_ZL21H_filter_FIR_dec_1_21_1_load, i16 %p_ZL21H_filter_FIR_dec_1_21_2_load, i16 %input_r_read" [FIR_HLS.cpp:51]   --->   Operation 131 'call' 'call_ret' <Predicate = true> <Delay = 0.64> <CoreType = "Generic">   --->   Generic Core
ST_14 : Operation 132 [1/1] (0.00ns)   --->   "%newret2 = extractvalue i64 %call_ret" [FIR_HLS.cpp:51]   --->   Operation 132 'extractvalue' 'newret2' <Predicate = true> <Delay = 0.00>
ST_14 : Operation 133 [1/1] (0.00ns)   --->   "%newret3 = extractvalue i64 %call_ret" [FIR_HLS.cpp:51]   --->   Operation 133 'extractvalue' 'newret3' <Predicate = true> <Delay = 0.00>
ST_14 : Operation 134 [1/1] (0.00ns)   --->   "%newret4 = extractvalue i64 %call_ret" [FIR_HLS.cpp:51]   --->   Operation 134 'extractvalue' 'newret4' <Predicate = true> <Delay = 0.00>
ST_14 : Operation 135 [1/1] (0.00ns)   --->   "%newret5 = extractvalue i64 %call_ret" [FIR_HLS.cpp:51]   --->   Operation 135 'extractvalue' 'newret5' <Predicate = true> <Delay = 0.00>
ST_14 : Operation 136 [1/1] (0.00ns)   --->   "%store_ln51 = store i16 %newret3, i16 %p_ZL21H_filter_FIR_dec_1_21_0" [FIR_HLS.cpp:51]   --->   Operation 136 'store' 'store_ln51' <Predicate = true> <Delay = 0.00>
ST_14 : Operation 137 [1/1] (0.00ns)   --->   "%store_ln51 = store i16 %newret4, i16 %p_ZL21H_filter_FIR_dec_1_21_1" [FIR_HLS.cpp:51]   --->   Operation 137 'store' 'store_ln51' <Predicate = true> <Delay = 0.00>
ST_14 : Operation 138 [1/1] (0.00ns)   --->   "%store_ln51 = store i16 %newret5, i16 %p_ZL21H_filter_FIR_dec_1_21_2" [FIR_HLS.cpp:51]   --->   Operation 138 'store' 'store_ln51' <Predicate = true> <Delay = 0.00>
ST_14 : Operation 139 [1/1] (0.00ns)   --->   "%store_ln51 = store i16 %newret2, i16 %y1_phase1" [FIR_HLS.cpp:51]   --->   Operation 139 'store' 'store_ln51' <Predicate = true> <Delay = 0.00>
ST_14 : Operation 140 [1/6] (0.64ns)   --->   "%call_ret1 = call i64 @FIR_filter.1, i16 %p_ZL21H_filter_FIR_int_1_21_0_load, i16 %p_ZL21H_filter_FIR_int_1_21_1_load, i16 %p_ZL21H_filter_FIR_int_1_21_2_load, i16 %y4_load" [FIR_HLS.cpp:52]   --->   Operation 140 'call' 'call_ret1' <Predicate = true> <Delay = 0.64> <CoreType = "Generic">   --->   Generic Core
ST_14 : Operation 141 [1/1] (0.00ns)   --->   "%newret = extractvalue i64 %call_ret1" [FIR_HLS.cpp:52]   --->   Operation 141 'extractvalue' 'newret' <Predicate = true> <Delay = 0.00>
ST_14 : Operation 142 [1/1] (0.00ns)   --->   "%newret6 = extractvalue i64 %call_ret1" [FIR_HLS.cpp:52]   --->   Operation 142 'extractvalue' 'newret6' <Predicate = true> <Delay = 0.00>
ST_14 : Operation 143 [1/1] (0.00ns)   --->   "%newret7 = extractvalue i64 %call_ret1" [FIR_HLS.cpp:52]   --->   Operation 143 'extractvalue' 'newret7' <Predicate = true> <Delay = 0.00>
ST_14 : Operation 144 [1/1] (0.00ns)   --->   "%newret8 = extractvalue i64 %call_ret1" [FIR_HLS.cpp:52]   --->   Operation 144 'extractvalue' 'newret8' <Predicate = true> <Delay = 0.00>
ST_14 : Operation 145 [1/1] (0.00ns)   --->   "%store_ln52 = store i16 %newret6, i16 %p_ZL21H_filter_FIR_int_1_21_0" [FIR_HLS.cpp:52]   --->   Operation 145 'store' 'store_ln52' <Predicate = true> <Delay = 0.00>
ST_14 : Operation 146 [1/1] (0.00ns)   --->   "%store_ln52 = store i16 %newret7, i16 %p_ZL21H_filter_FIR_int_1_21_1" [FIR_HLS.cpp:52]   --->   Operation 146 'store' 'store_ln52' <Predicate = true> <Delay = 0.00>
ST_14 : Operation 147 [1/1] (0.00ns)   --->   "%store_ln52 = store i16 %newret8, i16 %p_ZL21H_filter_FIR_int_1_21_2" [FIR_HLS.cpp:52]   --->   Operation 147 'store' 'store_ln52' <Predicate = true> <Delay = 0.00>
ST_14 : Operation 148 [1/1] (0.00ns)   --->   "%shl_ln52 = shl i16 %newret, i16 1" [FIR_HLS.cpp:52]   --->   Operation 148 'shl' 'shl_ln52' <Predicate = true> <Delay = 0.00>
ST_14 : Operation 149 [2/2] (0.45ns)   --->   "%write_ln52 = write void @_ssdm_op_Write.axis.volatile.i16P128A, i16 %output_r, i16 %shl_ln52" [FIR_HLS.cpp:52]   --->   Operation 149 'write' 'write_ln52' <Predicate = true> <Delay = 0.45> <CoreInst = "regslice">   --->   Core 147 'regslice' <Latency = 0> <II = 1> <Delay = 0.59> <Adapter> <Opcode : 'read' 'write'>

State 15 <SV = 6> <Delay = 0.45>
ST_15 : Operation 150 [1/2] (0.45ns)   --->   "%write_ln52 = write void @_ssdm_op_Write.axis.volatile.i16P128A, i16 %output_r, i16 %shl_ln52" [FIR_HLS.cpp:52]   --->   Operation 150 'write' 'write_ln52' <Predicate = true> <Delay = 0.45> <CoreInst = "regslice">   --->   Core 147 'regslice' <Latency = 0> <II = 1> <Delay = 0.59> <Adapter> <Opcode : 'read' 'write'>
ST_15 : Operation 151 [1/1] (0.42ns)   --->   "%br_ln0 = br void %if.end30"   --->   Operation 151 'br' 'br_ln0' <Predicate = true> <Delay = 0.42>


============================================================
+ Verbose Summary: Timing violations
============================================================
Target clock period: 10.000ns, clock uncertainty: 2.700ns.

 <State 1>: 6.736ns
The critical path consists of the following:
	axis read operation ('input_r_read', FIR_HLS.cpp:51) on port 'input_r' (FIR_HLS.cpp:51) [155]  (0.079 ns)
	'memshiftread' operation 16 bit ('p_s', FIR_HLS.cpp:28) [158]  (0.717 ns)
	'sub' operation 17 bit ('sub_ln29', FIR_HLS.cpp:29) [161]  (0.853 ns)
	'sub' operation 15 bit ('sub_ln29_1', FIR_HLS.cpp:29) [164]  (0.842 ns)
	'select' operation 15 bit ('select_ln29', FIR_HLS.cpp:29) [165]  (0.000 ns)
	'add' operation 16 bit ('add_ln29', FIR_HLS.cpp:29) [168]  (0.853 ns)
	'call' operation 96 bit ('call_ret2', FIR_HLS.cpp:42) to 'FIR_filter' [193]  (3.392 ns)

 <State 2>: 4.113ns
The critical path consists of the following:
	'call' operation 16 bit ('p_2', FIR_HLS.cpp:36) to 'FIR_filter_transposed' [183]  (3.396 ns)
	'memshiftread' operation 16 bit ('p_3', FIR_HLS.cpp:38) [185]  (0.717 ns)

 <State 3>: 3.392ns
The critical path consists of the following:
	'call' operation 96 bit ('call_ret2', FIR_HLS.cpp:42) to 'FIR_filter' [193]  (3.392 ns)

 <State 4>: 3.392ns
The critical path consists of the following:
	'call' operation 96 bit ('call_ret2', FIR_HLS.cpp:42) to 'FIR_filter' [193]  (3.392 ns)

 <State 5>: 3.392ns
The critical path consists of the following:
	'call' operation 96 bit ('call_ret2', FIR_HLS.cpp:42) to 'FIR_filter' [193]  (3.392 ns)

 <State 6>: 3.392ns
The critical path consists of the following:
	'call' operation 96 bit ('call_ret2', FIR_HLS.cpp:42) to 'FIR_filter' [193]  (3.392 ns)

 <State 7>: 3.392ns
The critical path consists of the following:
	'call' operation 96 bit ('call_ret2', FIR_HLS.cpp:42) to 'FIR_filter' [193]  (3.392 ns)

 <State 8>: 2.242ns
The critical path consists of the following:
	'call' operation 96 bit ('call_ret3', FIR_HLS.cpp:43) to 'FIR_filter' [212]  (0.645 ns)
	'shl' operation 16 bit ('shl_ln43', FIR_HLS.cpp:43) [224]  (0.000 ns)
	multiplexor before 'phi' operation 16 bit ('p_013_0_0_0', FIR_HLS.cpp:43) with incoming values : ('p_3', FIR_HLS.cpp:38) ('shl_ln43', FIR_HLS.cpp:43) [227]  (0.427 ns)
	'phi' operation 16 bit ('p_013_0_0_0', FIR_HLS.cpp:43) with incoming values : ('p_3', FIR_HLS.cpp:38) ('shl_ln43', FIR_HLS.cpp:43) [227]  (0.000 ns)
	'memshiftread' operation 16 bit ('p_0', FIR_HLS.cpp:47) [231]  (0.717 ns)
	axis write operation ('write_ln47', FIR_HLS.cpp:47) on port 'output_r' (FIR_HLS.cpp:47) [232]  (0.453 ns)

 <State 9>: 0.453ns
The critical path consists of the following:
	axis write operation ('write_ln47', FIR_HLS.cpp:47) on port 'output_r' (FIR_HLS.cpp:47) [232]  (0.453 ns)

 <State 10>: 3.392ns
The critical path consists of the following:
	'call' operation 64 bit ('call_ret', FIR_HLS.cpp:51) to 'FIR_filter.1' [238]  (3.392 ns)

 <State 11>: 3.392ns
The critical path consists of the following:
	'call' operation 64 bit ('call_ret', FIR_HLS.cpp:51) to 'FIR_filter.1' [238]  (3.392 ns)

 <State 12>: 3.392ns
The critical path consists of the following:
	'call' operation 64 bit ('call_ret', FIR_HLS.cpp:51) to 'FIR_filter.1' [238]  (3.392 ns)

 <State 13>: 3.392ns
The critical path consists of the following:
	'call' operation 64 bit ('call_ret', FIR_HLS.cpp:51) to 'FIR_filter.1' [238]  (3.392 ns)

 <State 14>: 1.098ns
The critical path consists of the following:
	'call' operation 64 bit ('call_ret1', FIR_HLS.cpp:52) to 'FIR_filter.1' [251]  (0.645 ns)
	'shl' operation 16 bit ('shl_ln52', FIR_HLS.cpp:52) [259]  (0.000 ns)
	axis write operation ('write_ln52', FIR_HLS.cpp:52) on port 'output_r' (FIR_HLS.cpp:52) [260]  (0.453 ns)

 <State 15>: 0.453ns
The critical path consists of the following:
	axis write operation ('write_ln52', FIR_HLS.cpp:52) on port 'output_r' (FIR_HLS.cpp:52) [260]  (0.453 ns)


============================================================
+ Verbose Summary: Binding
============================================================
N/A
* FSMD analyzer results:
  - Output states:
 - Input state : 
  - Chain level:
	State 1
	State 2
	State 3
	State 4
	State 5
	State 6
	State 7
	State 8
	State 9
	State 10
	State 11
	State 12
	State 13
	State 14
	State 15


============================================================
+ Verbose Summary: Datapath Resource usage 
============================================================
N/A
