

Implementation tool: Xilinx Vivado v.2024.2
Project:             FIR_Halfband_v2
Solution:            hls
Device target:       xck26-sfvc784-2LV-c
Report date:         Mon Nov 24 00:05:02 +0100 2025

#=== Post-Implementation Resource usage ===
SLICE:            0
LUT:           1174
FF:            1023
DSP:            109
BRAM:             0
URAM:             0
LATCH:            0
SRL:            138
CLB:            242

#=== Final timing ===
CP required:                     10.000
CP achieved post-synthesis:      3.116
CP achieved post-implementation: 6.280
Timing met
