================================================================
== Design Size Report
================================================================

* Total Instructions per Compilation Phase
+---------------+-----------------------------+--------------+----------------------------------------------------------------------------------------+
| Phase         | Step                        | Instructions | Description                                                                            |
+---------------+-----------------------------+--------------+----------------------------------------------------------------------------------------+
| Compile/Link  |                             | 4,058        | After all functions are compiled and linked into a single design                       |
|               |                             |              |                                                                                        |
| Unroll/Inline |                             |              | After user unroll and inline pragmas are applied                                       |
|               | (1) unroll                  | 4,787        | user unroll pragmas are applied                                                        |
|               | (2) simplification          | 1,090        | simplification of applied user unroll pragmas                                          |
|               | (3) inline                  |   877        | user inline pragmas are applied                                                        |
|               | (4) simplification          |   761        | simplification of applied user inline pragmas                                          |
|               |                             |              |                                                                                        |
| Array/Struct  |                             |              | After user array partition and struct aggregate/disaggregate pragmas are applied       |
|               | (1) array partition         |   717        | user array partition pragmas are applied                                               |
|               | (2) simplification          |   717        | simplification of applied user array partition & struct aggregate/disaggregate pragmas |
|               | (3) aggregate/disaggregate  |   717        | user struct aggregate/disaggregate pragmas are applied                                 |
|               | (4) array reshape           |   717        | apply array reshape pragmas                                                            |
|               | (5) access patterns         |   801        | array access pattern optmizations                                                      |
|               |                             |              |                                                                                        |
| Performance   |                             |              | After transformations are applied to meet performance pragma targets                   |
|               | (1) loop simplification     |   737        | loop and instruction simplification                                                    |
|               | (2) parallelization         |   737        | loops are unrolled or pipelined to meet performance targets                            |
|               | (3) array partition         |   717        | arrays are partitioned to meet performance targets                                     |
|               | (4) simplification          |   717        | simplification of design after performance transformations                             |
|               |                             |              |                                                                                        |
| HW Transforms |                             |              | After hardware transfomations                                                          |
|               | (1) lowering                |   715        | initial conversion to HW specific instructions                                         |
|               | (2) optimizations           |   730        | high level synthesis optimizations                                                     |
+---------------+-----------------------------+--------------+----------------------------------------------------------------------------------------+

* Instructions per Function for each Compilation Phase
+--------------------------+----------------+-----------------+---------------+---------------+---------------+---------------+
| Function                 | Location       | Compile/Link    | Unroll/Inline | Array/Struct  | Performance   | HW Transforms |
+--------------------------+----------------+-----------------+---------------+---------------+---------------+---------------+
| + FIR_Halfband_v2        | FIR_HLS.cpp:20 | 4,058           | 761           | 801           | 717           | 730           |
|    FIR_filter_transposed | FIR_HLS.cpp:83 |  799            | 497           | 497           | 497           | 498           |
|    FIR_filter            | FIR_HLS.cpp:63 | 2,076 (4 calls) | 172 (4 calls) | 212 (4 calls) | 128 (4 calls) | 132 (4 calls) |
+--------------------------+----------------+-----------------+---------------+---------------+---------------+---------------+

* Design Size Message Settings
+---------------------------------------------+--------+------------------------------------------------------------------+
| Message Setting                             | Value  | Description                                                      |
+---------------------------------------------+--------+------------------------------------------------------------------+
| config_compile -design_size_maximum_warning | 100000 | Show a warning when total design instructions exceeds this value |
+---------------------------------------------+--------+------------------------------------------------------------------+


