

================================================================
== Vitis HLS Report for 'FIR_Halfband_v2'
================================================================
* Date:           Sun Nov 23 23:51:52 2025

* Version:        2024.2 (Build 5238294 on Nov  8 2024)
* Project:        FIR_Halfband_v2
* Solution:       hls (Vivado IP Flow Target)
* Product family: zynquplus
* Target device:  xck26-sfvc784-2LV-c


================================================================
== Performance Estimates
================================================================
+ Timing: 
    * Summary: 
    +--------+----------+----------+------------+
    |  Clock |  Target  | Estimated| Uncertainty|
    +--------+----------+----------+------------+
    |ap_clk  |  10.00 ns|  6.736 ns|     2.70 ns|
    +--------+----------+----------+------------+

+ Latency: 
    * Summary: 
    +---------+---------+-----------+-----------+-----+-----+---------+
    |  Latency (cycles) |   Latency (absolute)  |  Interval | Pipeline|
    |   min   |   max   |    min    |    max    | min | max |   Type  |
    +---------+---------+-----------+-----------+-----+-----+---------+
    |        3|        7|  30.000 ns|  70.000 ns|    4|    8|       no|
    +---------+---------+-----------+-----------+-----+-----+---------+

    + Detail: 
        * Instance: 
        +----------------------------------+-----------------------+---------+---------+-----------+-----------+-----+-----+---------+
        |                                  |                       |  Latency (cycles) |   Latency (absolute)  |  Interval | Pipeline|
        |             Instance             |         Module        |   min   |   max   |    min    |    max    | min | max |   Type  |
        +----------------------------------+-----------------------+---------+---------+-----------+-----------+-----+-----+---------+
        |grp_FIR_filter_fu_411             |FIR_filter             |        5|        5|  50.000 ns|  50.000 ns|    1|    1|      yes|
        |grp_FIR_filter_fu_421             |FIR_filter             |        5|        5|  50.000 ns|  50.000 ns|    1|    1|      yes|
        |grp_FIR_filter_1_fu_431           |FIR_filter_1           |        4|        4|  40.000 ns|  40.000 ns|    1|    1|      yes|
        |grp_FIR_filter_1_fu_440           |FIR_filter_1           |        4|        4|  40.000 ns|  40.000 ns|    1|    1|      yes|
        |p_2_FIR_filter_transposed_fu_448  |FIR_filter_transposed  |        0|        0|       0 ns|       0 ns|    1|    1|      yes|
        +----------------------------------+-----------------------+---------+---------+-----------+-----------+-----+-----+---------+

        * Loop: 
        N/A



================================================================
== Utilization Estimates
================================================================
* Summary: 
+-----------------+---------+------+--------+--------+-----+
|       Name      | BRAM_18K|  DSP |   FF   |   LUT  | URAM|
+-----------------+---------+------+--------+--------+-----+
|DSP              |        -|     -|       -|       -|    -|
|Expression       |        -|     -|       0|     170|    -|
|FIFO             |        -|     -|       -|       -|    -|
|Instance         |        -|    57|    5546|    5882|    -|
|Memory           |        -|     -|     256|     128|    -|
|Multiplexer      |        -|     -|       0|     124|    -|
|Register         |        -|     -|     373|       -|    -|
+-----------------+---------+------+--------+--------+-----+
|Total            |        0|    57|    6175|    6304|    0|
+-----------------+---------+------+--------+--------+-----+
|Available        |      288|  1248|  234240|  117120|   64|
+-----------------+---------+------+--------+--------+-----+
|Utilization (%)  |        0|     4|       2|       5|    0|
+-----------------+---------+------+--------+--------+-----+

+ Detail: 
    * Instance: 
    +----------------------------------+-----------------------+---------+----+------+------+-----+
    |             Instance             |         Module        | BRAM_18K| DSP|  FF  |  LUT | URAM|
    +----------------------------------+-----------------------+---------+----+------+------+-----+
    |grp_FIR_filter_fu_411             |FIR_filter             |        0|   3|   512|   160|    0|
    |grp_FIR_filter_fu_421             |FIR_filter             |        0|   3|   512|   160|    0|
    |grp_FIR_filter_1_fu_431           |FIR_filter_1           |        0|   2|   320|    96|    0|
    |grp_FIR_filter_1_fu_440           |FIR_filter_1           |        0|   2|   320|    96|    0|
    |p_2_FIR_filter_transposed_fu_448  |FIR_filter_transposed  |        0|  47|  3882|  5370|    0|
    +----------------------------------+-----------------------+---------+----+------+------+-----+
    |Total                             |                       |        0|  57|  5546|  5882|    0|
    +----------------------------------+-----------------------+---------+----+------+------+-----+

    * DSP: 
    N/A

    * Memory: 
    +----------------+---------------------------------+---------+----+----+-----+------+-----+------+-------------+
    |     Memory     |              Module             | BRAM_18K| FF | LUT| URAM| Words| Bits| Banks| W*Bits*Banks|
    +----------------+---------------------------------+---------+----+----+-----+------+-----+------+-------------+
    |H_dec_1_20_V_U  |H_dec_1_20_V_SHIFTREG_AUTO_0R0W  |        0|  64|  32|    0|     2|   16|     1|           32|
    |H_int_1_20_V_U  |H_dec_1_20_V_SHIFTREG_AUTO_0R0W  |        0|  64|  32|    0|     2|   16|     1|           32|
    |H_dec_2_20_V_U  |H_dec_2_20_V_SHIFTREG_AUTO_0R0W  |        0|  64|  32|    0|     3|   16|     1|           48|
    |H_int_2_20_V_U  |H_dec_2_20_V_SHIFTREG_AUTO_0R0W  |        0|  64|  32|    0|     3|   16|     1|           48|
    +----------------+---------------------------------+---------+----+----+-----+------+-----+------+-------------+
    |Total           |                                 |        0| 256| 128|    0|    10|   64|     4|          160|
    +----------------+---------------------------------+---------+----+----+-----+------+-----+------+-------------+

    * FIFO: 
    N/A

    * Expression: 
    +-----------------------+----------+----+---+----+------------+------------+
    |     Variable Name     | Operation| DSP| FF| LUT| Bitwidth P0| Bitwidth P1|
    +-----------------------+----------+----+---+----+------------+------------+
    |add_ln29_fu_773_p2     |         +|   0|  0|  23|          16|          16|
    |add_ln35_fu_854_p2     |         +|   0|  0|  23|          16|          16|
    |sub_ln29_1_fu_751_p2   |         -|   0|  0|  22|           1|          15|
    |sub_ln29_fu_725_p2     |         -|   0|  0|  24|           1|          17|
    |sub_ln35_1_fu_832_p2   |         -|   0|  0|  22|           1|          15|
    |sub_ln35_fu_806_p2     |         -|   0|  0|  24|           1|          17|
    |ap_block_state9        |        or|   0|  0|   2|           1|           1|
    |select_ln29_fu_757_p3  |    select|   0|  0|  15|           1|          15|
    |select_ln35_fu_838_p3  |    select|   0|  0|  15|           1|          15|
    +-----------------------+----------+----+---+----+------------+------------+
    |Total                  |          |   0|  0| 170|          39|         127|
    +-----------------------+----------+----+---+----+------------+------------+

    * Multiplexer: 
    +--------------------------------------+----+-----------+-----+-----------+
    |                 Name                 | LUT| Input Size| Bits| Total Bits|
    +--------------------------------------+----+-----------+-----+-----------+
    |ap_NS_fsm                             |  65|         16|    1|         16|
    |ap_phi_mux_p_013_0_0_0_phi_fu_380_p4  |   9|          2|   16|         32|
    |ap_phi_mux_storemerge_phi_fu_403_p4   |   9|          2|    1|          2|
    |input_r_TDATA_blk_n                   |   9|          2|    1|          2|
    |output_r_TDATA_blk_n                  |   9|          2|    1|          2|
    |output_r_TDATA_int_regslice           |  14|          3|   16|         48|
    |p_013_0_0_0_reg_377                   |   9|          2|   16|         32|
    +--------------------------------------+----+-----------+-----+-----------+
    |Total                                 | 124|         29|   52|        134|
    +--------------------------------------+----+-----------+-----+-----------+

    * Register: 
    +-------------------------------+----+----+-----+-----------+
    |              Name             | FF | LUT| Bits| Const Bits|
    +-------------------------------+----+----+-----+-----------+
    |add_ln35_reg_1215              |  16|   0|   16|          0|
    |ap_CS_fsm                      |  15|   0|   15|          0|
    |mod_value1                     |   1|   0|    1|          0|
    |mod_value1_load_reg_1197       |   1|   0|    1|          0|
    |mod_value2                     |   1|   0|    1|          0|
    |mod_value2_load_reg_1211       |   1|   0|    1|          0|
    |p_013_0_0_0_reg_377            |  16|   0|   16|          0|
    |p_ZL21H_filter_FIR_dec_1_21_0  |  16|   0|   16|          0|
    |p_ZL21H_filter_FIR_dec_1_21_1  |  16|   0|   16|          0|
    |p_ZL21H_filter_FIR_dec_1_21_2  |  16|   0|   16|          0|
    |p_ZL21H_filter_FIR_dec_2_21_0  |  16|   0|   16|          0|
    |p_ZL21H_filter_FIR_dec_2_21_1  |  16|   0|   16|          0|
    |p_ZL21H_filter_FIR_dec_2_21_2  |  16|   0|   16|          0|
    |p_ZL21H_filter_FIR_dec_2_21_3  |  16|   0|   16|          0|
    |p_ZL21H_filter_FIR_dec_2_21_4  |  16|   0|   16|          0|
    |p_ZL21H_filter_FIR_int_1_21_0  |  16|   0|   16|          0|
    |p_ZL21H_filter_FIR_int_1_21_1  |  16|   0|   16|          0|
    |p_ZL21H_filter_FIR_int_1_21_2  |  16|   0|   16|          0|
    |p_ZL21H_filter_FIR_int_2_21_0  |  16|   0|   16|          0|
    |p_ZL21H_filter_FIR_int_2_21_1  |  16|   0|   16|          0|
    |p_ZL21H_filter_FIR_int_2_21_2  |  16|   0|   16|          0|
    |p_ZL21H_filter_FIR_int_2_21_3  |  16|   0|   16|          0|
    |p_ZL21H_filter_FIR_int_2_21_4  |  16|   0|   16|          0|
    |storemerge1_reg_386            |   1|   0|    1|          0|
    |storemerge_reg_399             |   1|   0|    1|          0|
    |y1_phase1                      |  16|   0|   16|          0|
    |y2_phase1                      |  16|   0|   16|          0|
    |y3                             |  16|   0|   16|          0|
    |y4                             |  16|   0|   16|          0|
    +-------------------------------+----+----+-----+-----------+
    |Total                          | 373|   0|  373|          0|
    +-------------------------------+----+----+-----+-----------+



================================================================
== Interface
================================================================
* Summary: 
+-----------------+-----+-----+--------------+-----------------+--------------+
|    RTL Ports    | Dir | Bits|   Protocol   |  Source Object  |    C Type    |
+-----------------+-----+-----+--------------+-----------------+--------------+
|ap_clk           |   in|    1|  ap_ctrl_none|  FIR_Halfband_v2|  return value|
|ap_rst_n         |   in|    1|  ap_ctrl_none|  FIR_Halfband_v2|  return value|
|input_r_TDATA    |   in|   16|          axis|          input_r|       pointer|
|input_r_TVALID   |   in|    1|          axis|          input_r|       pointer|
|input_r_TREADY   |  out|    1|          axis|          input_r|       pointer|
|output_r_TDATA   |  out|   16|          axis|         output_r|       pointer|
|output_r_TVALID  |  out|    1|          axis|         output_r|       pointer|
|output_r_TREADY  |   in|    1|          axis|         output_r|       pointer|
+-----------------+-----+-----+--------------+-----------------+--------------+

