  **** HLS Build v2024.2 5238294
INFO: [HLS 200-2005] Using work_dir C:/HLS-multirate-DSP/HLS_FIR/Transposed_Folded_FIR_HLS/Transposed_Folded_FIR_HLS 
INFO: [HLS 200-1505] Using default flow_target 'vivado'
Resolution: For help on HLS 200-1505 see docs.xilinx.com/access/sources/dita/topic?Doc_Version=2024.2%20English&url=ug1448-hls-guidance&resourceid=200-1505.html
INFO: [HLS 200-1465] Applying ini 'syn.file=FIR_HLS.cpp' from C:/HLS-multirate-DSP/HLS_FIR/Transposed_Folded_FIR_HLS/hls_config.cfg(7)
INFO: [HLS 200-10] Adding design file 'C:/HLS-multirate-DSP/HLS_FIR/Transposed_Folded_FIR_HLS/FIR_HLS.cpp' to the project
INFO: [HLS 200-1465] Applying ini 'syn.file=FIR_HLS.h' from C:/HLS-multirate-DSP/HLS_FIR/Transposed_Folded_FIR_HLS/hls_config.cfg(8)
INFO: [HLS 200-10] Adding design file 'C:/HLS-multirate-DSP/HLS_FIR/Transposed_Folded_FIR_HLS/FIR_HLS.h' to the project
INFO: [HLS 200-1465] Applying ini 'syn.file=../../Matlab/FIR_normal_HLS.h' from C:/HLS-multirate-DSP/HLS_FIR/Transposed_Folded_FIR_HLS/hls_config.cfg(9)
INFO: [HLS 200-10] Adding design file 'C:/HLS-multirate-DSP/Matlab/FIR_normal_HLS.h' to the project
INFO: [HLS 200-1465] Applying ini 'tb.file=FIR_HLS_TB.cpp' from C:/HLS-multirate-DSP/HLS_FIR/Transposed_Folded_FIR_HLS/hls_config.cfg(10)
INFO: [HLS 200-10] Adding test bench file 'C:/HLS-multirate-DSP/HLS_FIR/Transposed_Folded_FIR_HLS/FIR_HLS_TB.cpp' to the project
INFO: [HLS 200-1465] Applying ini 'tb.file=../../Matlab/TS_HLS_normal.dat' from C:/HLS-multirate-DSP/HLS_FIR/Transposed_Folded_FIR_HLS/hls_config.cfg(11)
INFO: [HLS 200-10] Adding test bench file 'C:/HLS-multirate-DSP/Matlab/TS_HLS_normal.dat' to the project
INFO: [HLS 200-1465] Applying ini 'tb.file=../../Matlab/TS_HLS_normal.res' from C:/HLS-multirate-DSP/HLS_FIR/Transposed_Folded_FIR_HLS/hls_config.cfg(12)
INFO: [HLS 200-10] Adding test bench file 'C:/HLS-multirate-DSP/Matlab/TS_HLS_normal.res' to the project
INFO: [HLS 200-1465] Applying ini 'syn.top=Transposed_Folded_FIR_HLS' from C:/HLS-multirate-DSP/HLS_FIR/Transposed_Folded_FIR_HLS/hls_config.cfg(13)
INFO: [HLS 200-1465] Applying ini 'flow_target=vivado' from C:/HLS-multirate-DSP/HLS_FIR/Transposed_Folded_FIR_HLS/hls_config.cfg(4)
INFO: [HLS 200-1505] Using flow_target 'vivado'
Resolution: For help on HLS 200-1505 see docs.xilinx.com/access/sources/dita/topic?Doc_Version=2024.2%20English&url=ug1448-hls-guidance&resourceid=200-1505.html
INFO: [HLS 200-1465] Applying ini 'part=xck26-sfvc784-2LV-c' from C:/HLS-multirate-DSP/HLS_FIR/Transposed_Folded_FIR_HLS/hls_config.cfg(1)
INFO: [HLS 200-1611] Setting target device to 'xck26-sfvc784-2LV-c'
INFO: [HLS 200-1465] Applying ini 'csim.code_analyzer=0' from C:/HLS-multirate-DSP/HLS_FIR/Transposed_Folded_FIR_HLS/hls_config.cfg(14)
INFO: [HLS 200-1465] Applying ini 'package.ip.display_name=Transposed_Folded_FIR_HLS' from C:/HLS-multirate-DSP/HLS_FIR/Transposed_Folded_FIR_HLS/hls_config.cfg(15)
INFO: [HLS 200-1465] Applying ini 'package.output.format=ip_catalog' from C:/HLS-multirate-DSP/HLS_FIR/Transposed_Folded_FIR_HLS/hls_config.cfg(5)
INFO: [HLS 200-111] Finished File checks and directory preparation: CPU user time: 3 seconds. CPU system time: 2 seconds. Elapsed time: 5.265 seconds; current allocated memory: 273.113 MB.
INFO: [HLS 200-10] Analyzing design file 'FIR_HLS.cpp' ... 
INFO: [HLS 200-111] Finished Source Code Analysis and Preprocessing: CPU user time: 0 seconds. CPU system time: 0 seconds. Elapsed time: 8.754 seconds; current allocated memory: 276.133 MB.
INFO: [HLS 200-777] Using interface defaults for 'Vivado' flow target.
INFO: [HLS 200-1995] There were 1,184 instructions in the design after the 'Compile/Link' phase of compilation. See the Design Size Report for more details: C:/HLS-multirate-DSP/HLS_FIR/Transposed_Folded_FIR_HLS/Transposed_Folded_FIR_HLS/hls/syn/report/csynth_design_size.rpt
INFO: [HLS 200-1995] There were 191 instructions in the design after the 'Unroll/Inline (step 1)' phase of compilation. See the Design Size Report for more details: C:/HLS-multirate-DSP/HLS_FIR/Transposed_Folded_FIR_HLS/Transposed_Folded_FIR_HLS/hls/syn/report/csynth_design_size.rpt
INFO: [HLS 200-1995] There were 76 instructions in the design after the 'Unroll/Inline (step 2)' phase of compilation. See the Design Size Report for more details: C:/HLS-multirate-DSP/HLS_FIR/Transposed_Folded_FIR_HLS/Transposed_Folded_FIR_HLS/hls/syn/report/csynth_design_size.rpt
INFO: [HLS 200-1995] There were 67 instructions in the design after the 'Unroll/Inline (step 3)' phase of compilation. See the Design Size Report for more details: C:/HLS-multirate-DSP/HLS_FIR/Transposed_Folded_FIR_HLS/Transposed_Folded_FIR_HLS/hls/syn/report/csynth_design_size.rpt
INFO: [HLS 200-1995] There were 59 instructions in the design after the 'Unroll/Inline (step 4)' phase of compilation. See the Design Size Report for more details: C:/HLS-multirate-DSP/HLS_FIR/Transposed_Folded_FIR_HLS/Transposed_Folded_FIR_HLS/hls/syn/report/csynth_design_size.rpt
INFO: [HLS 200-1995] There were 59 instructions in the design after the 'Array/Struct (step 1)' phase of compilation. See the Design Size Report for more details: C:/HLS-multirate-DSP/HLS_FIR/Transposed_Folded_FIR_HLS/Transposed_Folded_FIR_HLS/hls/syn/report/csynth_design_size.rpt
INFO: [HLS 200-1995] There were 59 instructions in the design after the 'Array/Struct (step 2)' phase of compilation. See the Design Size Report for more details: C:/HLS-multirate-DSP/HLS_FIR/Transposed_Folded_FIR_HLS/Transposed_Folded_FIR_HLS/hls/syn/report/csynth_design_size.rpt
INFO: [HLS 200-1995] There were 59 instructions in the design after the 'Array/Struct (step 3)' phase of compilation. See the Design Size Report for more details: C:/HLS-multirate-DSP/HLS_FIR/Transposed_Folded_FIR_HLS/Transposed_Folded_FIR_HLS/hls/syn/report/csynth_design_size.rpt
INFO: [HLS 200-1995] There were 59 instructions in the design after the 'Array/Struct (step 4)' phase of compilation. See the Design Size Report for more details: C:/HLS-multirate-DSP/HLS_FIR/Transposed_Folded_FIR_HLS/Transposed_Folded_FIR_HLS/hls/syn/report/csynth_design_size.rpt
INFO: [HLS 200-1995] There were 59 instructions in the design after the 'Array/Struct (step 5)' phase of compilation. See the Design Size Report for more details: C:/HLS-multirate-DSP/HLS_FIR/Transposed_Folded_FIR_HLS/Transposed_Folded_FIR_HLS/hls/syn/report/csynth_design_size.rpt
INFO: [HLS 200-1995] There were 59 instructions in the design after the 'Performance (step 1)' phase of compilation. See the Design Size Report for more details: C:/HLS-multirate-DSP/HLS_FIR/Transposed_Folded_FIR_HLS/Transposed_Folded_FIR_HLS/hls/syn/report/csynth_design_size.rpt
INFO: [HLS 200-1995] There were 59 instructions in the design after the 'Performance (step 2)' phase of compilation. See the Design Size Report for more details: C:/HLS-multirate-DSP/HLS_FIR/Transposed_Folded_FIR_HLS/Transposed_Folded_FIR_HLS/hls/syn/report/csynth_design_size.rpt
INFO: [HLS 200-1995] There were 59 instructions in the design after the 'Performance (step 3)' phase of compilation. See the Design Size Report for more details: C:/HLS-multirate-DSP/HLS_FIR/Transposed_Folded_FIR_HLS/Transposed_Folded_FIR_HLS/hls/syn/report/csynth_design_size.rpt
INFO: [HLS 200-1995] There were 59 instructions in the design after the 'Performance (step 4)' phase of compilation. See the Design Size Report for more details: C:/HLS-multirate-DSP/HLS_FIR/Transposed_Folded_FIR_HLS/Transposed_Folded_FIR_HLS/hls/syn/report/csynth_design_size.rpt
INFO: [HLS 200-1995] There were 61 instructions in the design after the 'HW Transforms (step 1)' phase of compilation. See the Design Size Report for more details: C:/HLS-multirate-DSP/HLS_FIR/Transposed_Folded_FIR_HLS/Transposed_Folded_FIR_HLS/hls/syn/report/csynth_design_size.rpt
INFO: [HLS 200-1995] There were 71 instructions in the design after the 'HW Transforms (step 2)' phase of compilation. See the Design Size Report for more details: C:/HLS-multirate-DSP/HLS_FIR/Transposed_Folded_FIR_HLS/Transposed_Folded_FIR_HLS/hls/syn/report/csynth_design_size.rpt
INFO: [HLS 214-178] Inlining function 'FIR_filter(ap_fixed<32, 1, (ap_q_mode)5, (ap_o_mode)3, 0>*, ap_fixed<16, 1, (ap_q_mode)5, (ap_o_mode)3, 0> const*, int, ap_fixed<16, 1, (ap_q_mode)5, (ap_o_mode)3, 0>)' into 'Transposed_Folded_FIR_HLS(hls::stream<ap_fixed<16, 1, (ap_q_mode)5, (ap_o_mode)3, 0>, 0>&, hls::stream<ap_fixed<16, 1, (ap_q_mode)5, (ap_o_mode)3, 0>, 0>&)' (FIR_HLS.cpp:6:0)
WARNING: [HLS 214-167] The program may have out of bound array access on variable 'vla1215.i' (FIR_HLS.cpp:29:18)
INFO: [HLS 214-376] automatically set the pipeline for Loop< VITIS_LOOP_22_1> at FIR_HLS.cpp:22:22 
INFO: [HLS 214-376] automatically set the pipeline for Loop< VITIS_LOOP_28_2> at FIR_HLS.cpp:28:19 
INFO: [HLS 200-111] Finished Compiling Optimization and Transform: CPU user time: 1 seconds. CPU system time: 0 seconds. Elapsed time: 10.65 seconds; current allocated memory: 278.168 MB.
INFO: [HLS 200-111] Finished Checking Pragmas: CPU user time: 0 seconds. CPU system time: 0 seconds. Elapsed time: 0.004 seconds; current allocated memory: 278.168 MB.
INFO: [HLS 200-10] Starting code transformations ...
INFO: [HLS 200-111] Finished Standard Transforms: CPU user time: 0 seconds. CPU system time: 0 seconds. Elapsed time: 0.072 seconds; current allocated memory: 283.371 MB.
INFO: [HLS 200-10] Checking synthesizability ...
INFO: [HLS 200-111] Finished Checking Synthesizability: CPU user time: 0 seconds. CPU system time: 0 seconds. Elapsed time: 0.052 seconds; current allocated memory: 285.445 MB.
INFO: [XFORM 203-401] Performing if-conversion on hyperblock from (FIR_HLS.cpp:28:27) to (FIR_HLS.cpp:28:19) in function 'Transposed_Folded_FIR_HLS'... converting 3 basic blocks.
INFO: [HLS 200-111] Finished Loop, function and other optimizations: CPU user time: 0 seconds. CPU system time: 0 seconds. Elapsed time: 0.101 seconds; current allocated memory: 307.562 MB.
WARNING: [XFORM 203-561] 'VITIS_LOOP_28_2' (FIR_HLS.cpp:28:19) in function 'Transposed_Folded_FIR_HLS' is an infinite loop.
INFO: [HLS 200-111] Finished Architecture Synthesis: CPU user time: 0 seconds. CPU system time: 0 seconds. Elapsed time: 0.061 seconds; current allocated memory: 310.691 MB.
INFO: [HLS 200-10] Starting hardware synthesis ...
INFO: [HLS 200-10] Synthesizing 'Transposed_Folded_FIR_HLS' ...
INFO: [SYN 201-201] Setting up clock 'default' with a period of 10ns.
INFO: [HLS 200-10] ----------------------------------------------------------------
INFO: [HLS 200-42] -- Implementing module 'Transposed_Folded_FIR_HLS_Pipeline_VITIS_LOOP_28_2' 
INFO: [HLS 200-10] ----------------------------------------------------------------
INFO: [SCHED 204-11] Starting scheduling ...
INFO: [SCHED 204-61] Pipelining loop 'VITIS_LOOP_28_2'.
INFO: [HLS 200-1470] Pipelining result : Target II = NA, Final II = 1, Depth = 2, loop 'VITIS_LOOP_28_2'
INFO: [SCHED 204-11] Finished scheduling.
INFO: [HLS 200-111] Finished Scheduling: CPU user time: 0 seconds. CPU system time: 0 seconds. Elapsed time: 0.261 seconds; current allocated memory: 314.105 MB.
INFO: [BIND 205-100] Starting micro-architecture generation ...
INFO: [BIND 205-101] Performing variable lifetime analysis.
INFO: [BIND 205-101] Exploring resource sharing.
INFO: [BIND 205-101] Binding ...
INFO: [BIND 205-100] Finished micro-architecture generation.
INFO: [HLS 200-111] Finished Binding: CPU user time: 0 seconds. CPU system time: 0 seconds. Elapsed time: 0.088 seconds; current allocated memory: 315.145 MB.
INFO: [HLS 200-10] ----------------------------------------------------------------
INFO: [HLS 200-42] -- Implementing module 'Transposed_Folded_FIR_HLS' 
INFO: [HLS 200-10] ----------------------------------------------------------------
INFO: [SCHED 204-11] Starting scheduling ...
INFO: [SCHED 204-11] Finished scheduling.
INFO: [HLS 200-111] Finished Scheduling: CPU user time: 0 seconds. CPU system time: 0 seconds. Elapsed time: 0.091 seconds; current allocated memory: 315.234 MB.
INFO: [BIND 205-100] Starting micro-architecture generation ...
INFO: [BIND 205-101] Performing variable lifetime analysis.
INFO: [BIND 205-101] Exploring resource sharing.
INFO: [BIND 205-101] Binding ...
INFO: [BIND 205-100] Finished micro-architecture generation.
INFO: [HLS 200-111] Finished Binding: CPU user time: 0 seconds. CPU system time: 0 seconds. Elapsed time: 0.084 seconds; current allocated memory: 315.309 MB.
INFO: [HLS 200-10] ----------------------------------------------------------------
INFO: [HLS 200-10] -- Generating RTL for module 'Transposed_Folded_FIR_HLS_Pipeline_VITIS_LOOP_28_2' 
INFO: [HLS 200-10] ----------------------------------------------------------------
INFO: [RTGEN 206-100] Generating core module 'mul_16s_14s_30_1_1': 1 instance(s).
INFO: [RTGEN 206-100] Finished creating RTL model for 'Transposed_Folded_FIR_HLS_Pipeline_VITIS_LOOP_28_2'.
INFO: [RTMG 210-279] Implementing memory 'Transposed_Folded_FIR_HLS_Transposed_Folded_FIR_HLS_Pipeline_VITIS_LOOP_28_2_b_FIR_ROM_AUTO_1R' using auto ROMs.
INFO: [RTMG 210-278] Implementing memory 'Transposed_Folded_FIR_HLS_Transposed_Folded_FIR_HLS_Pipeline_VITIS_LOOP_28_2_H_accu_FIR1_RAM_AUTO_1R1W' using auto RAMs.
INFO: [HLS 200-111] Finished Creating RTL model: CPU user time: 0 seconds. CPU system time: 0 seconds. Elapsed time: 1.169 seconds; current allocated memory: 317.164 MB.
INFO: [HLS 200-10] ----------------------------------------------------------------
INFO: [HLS 200-10] -- Generating RTL for module 'Transposed_Folded_FIR_HLS' 
INFO: [HLS 200-10] ----------------------------------------------------------------
WARNING: [RTGEN 206-101] Design contains AXI ports. Reset is fixed to synchronous and active low.
INFO: [RTGEN 206-500] Setting interface mode on port 'Transposed_Folded_FIR_HLS/input_r' to 'axis' (register, both mode).
INFO: [RTGEN 206-500] Setting interface mode on port 'Transposed_Folded_FIR_HLS/output_r' to 'axis' (register, both mode).
INFO: [RTGEN 206-500] Setting interface mode on function 'Transposed_Folded_FIR_HLS' to 'ap_ctrl_none'.
WARNING: [RTGEN 206-101] Port 'Transposed_Folded_FIR_HLS/output_r_TDATA' has no fanin or fanout and is left dangling.
               Please use C simulation to confirm this function argument can be read from or written to.
WARNING: [RTGEN 206-101] Port 'Transposed_Folded_FIR_HLS/output_r_TVALID' has no fanin or fanout and is left dangling.
               Please use C simulation to confirm this function argument can be read from or written to.
WARNING: [RTGEN 206-101] Port 'Transposed_Folded_FIR_HLS/output_r_TREADY' has no fanin or fanout and is left dangling.
               Please use C simulation to confirm this function argument can be read from or written to.
INFO: [RTGEN 206-100] Finished creating RTL model for 'Transposed_Folded_FIR_HLS'.
INFO: [HLS 200-111] Finished Creating RTL model: CPU user time: 0 seconds. CPU system time: 0 seconds. Elapsed time: 0.283 seconds; current allocated memory: 318.051 MB.
INFO: [HLS 200-111] Finished Generating all RTL models: CPU user time: 0 seconds. CPU system time: 0 seconds. Elapsed time: 0.664 seconds; current allocated memory: 320.395 MB.
INFO: [HLS 200-111] Finished Updating report files: CPU user time: 1 seconds. CPU system time: 1 seconds. Elapsed time: 0.815 seconds; current allocated memory: 322.094 MB.
INFO: [VHDL 208-304] Generating VHDL RTL for Transposed_Folded_FIR_HLS.
INFO: [VLOG 209-307] Generating Verilog RTL for Transposed_Folded_FIR_HLS.
INFO: [HLS 200-790] **** Loop Constraint Status: All loop constraints were satisfied.
INFO: [HLS 200-789] **** Estimated Fmax: 170.36 MHz
INFO: [HLS 200-112] Total CPU user time: 5 seconds. Total CPU system time: 3 seconds. Total elapsed time: 28.623 seconds; peak allocated memory: 322.148 MB.
INFO: [v++ 60-791] Total elapsed time: 0h 0m 34s
