  **** HLS Build v2024.2 5238294
INFO: [HLS 200-2005] Using work_dir C:/HLS-multirate-DSP/HLS_FIR/Fast_Running_FIR_HLS/Fast_Running_FIR_HLS 
INFO: [HLS 200-1505] Using default flow_target 'vivado'
Resolution: For help on HLS 200-1505 see docs.xilinx.com/access/sources/dita/topic?Doc_Version=2024.2%20English&url=ug1448-hls-guidance&resourceid=200-1505.html
INFO: [HLS 200-1465] Applying ini 'syn.file=FIR_HLS.cpp' from C:/HLS-multirate-DSP/HLS_FIR/Fast_Running_FIR_HLS/hls_config.cfg(7)
INFO: [HLS 200-10] Adding design file 'C:/HLS-multirate-DSP/HLS_FIR/Fast_Running_FIR_HLS/FIR_HLS.cpp' to the project
INFO: [HLS 200-1465] Applying ini 'syn.file=FIR_HLS.h' from C:/HLS-multirate-DSP/HLS_FIR/Fast_Running_FIR_HLS/hls_config.cfg(8)
INFO: [HLS 200-10] Adding design file 'C:/HLS-multirate-DSP/HLS_FIR/Fast_Running_FIR_HLS/FIR_HLS.h' to the project
INFO: [HLS 200-1465] Applying ini 'syn.file=../../Matlab/FIR_fastrunning_HLS.h' from C:/HLS-multirate-DSP/HLS_FIR/Fast_Running_FIR_HLS/hls_config.cfg(9)
INFO: [HLS 200-10] Adding design file 'C:/HLS-multirate-DSP/Matlab/FIR_fastrunning_HLS.h' to the project
INFO: [HLS 200-1465] Applying ini 'tb.file=FIR_HLS_TB.cpp' from C:/HLS-multirate-DSP/HLS_FIR/Fast_Running_FIR_HLS/hls_config.cfg(10)
INFO: [HLS 200-10] Adding test bench file 'C:/HLS-multirate-DSP/HLS_FIR/Fast_Running_FIR_HLS/FIR_HLS_TB.cpp' to the project
INFO: [HLS 200-1465] Applying ini 'tb.file=../../Matlab/TS_HLS_fastrunning.dat' from C:/HLS-multirate-DSP/HLS_FIR/Fast_Running_FIR_HLS/hls_config.cfg(11)
INFO: [HLS 200-10] Adding test bench file 'C:/HLS-multirate-DSP/Matlab/TS_HLS_fastrunning.dat' to the project
INFO: [HLS 200-1465] Applying ini 'tb.file=../../Matlab/TS_HLS_fastrunning.res' from C:/HLS-multirate-DSP/HLS_FIR/Fast_Running_FIR_HLS/hls_config.cfg(12)
INFO: [HLS 200-10] Adding test bench file 'C:/HLS-multirate-DSP/Matlab/TS_HLS_fastrunning.res' to the project
INFO: [HLS 200-1465] Applying ini 'syn.top=Fast_Running_FIR_HLS' from C:/HLS-multirate-DSP/HLS_FIR/Fast_Running_FIR_HLS/hls_config.cfg(13)
INFO: [HLS 200-1465] Applying ini 'flow_target=vivado' from C:/HLS-multirate-DSP/HLS_FIR/Fast_Running_FIR_HLS/hls_config.cfg(4)
INFO: [HLS 200-1505] Using flow_target 'vivado'
Resolution: For help on HLS 200-1505 see docs.xilinx.com/access/sources/dita/topic?Doc_Version=2024.2%20English&url=ug1448-hls-guidance&resourceid=200-1505.html
INFO: [HLS 200-1465] Applying ini 'part=xck26-sfvc784-2LV-c' from C:/HLS-multirate-DSP/HLS_FIR/Fast_Running_FIR_HLS/hls_config.cfg(1)
INFO: [HLS 200-1611] Setting target device to 'xck26-sfvc784-2LV-c'
INFO: [HLS 200-1465] Applying ini 'package.ip.display_name=Transposed_FIR_HLS' from C:/HLS-multirate-DSP/HLS_FIR/Fast_Running_FIR_HLS/hls_config.cfg(14)
INFO: [HLS 200-1465] Applying ini 'package.output.format=ip_catalog' from C:/HLS-multirate-DSP/HLS_FIR/Fast_Running_FIR_HLS/hls_config.cfg(5)
INFO: [HLS 200-111] Finished File checks and directory preparation: CPU user time: 3 seconds. CPU system time: 1 seconds. Elapsed time: 3.948 seconds; current allocated memory: 273.398 MB.
INFO: [HLS 200-10] Analyzing design file 'FIR_HLS.cpp' ... 
INFO: [HLS 200-111] Finished Source Code Analysis and Preprocessing: CPU user time: 0 seconds. CPU system time: 0 seconds. Elapsed time: 6.607 seconds; current allocated memory: 276.250 MB.
INFO: [HLS 200-777] Using interface defaults for 'Vivado' flow target.
INFO: [HLS 200-1995] There were 3,372 instructions in the design after the 'Compile/Link' phase of compilation. See the Design Size Report for more details: C:/HLS-multirate-DSP/HLS_FIR/Fast_Running_FIR_HLS/Fast_Running_FIR_HLS/hls/syn/report/csynth_design_size.rpt
INFO: [HLS 200-1995] There were 24,298 instructions in the design after the 'Unroll/Inline (step 1)' phase of compilation. See the Design Size Report for more details: C:/HLS-multirate-DSP/HLS_FIR/Fast_Running_FIR_HLS/Fast_Running_FIR_HLS/hls/syn/report/csynth_design_size.rpt
INFO: [HLS 200-1995] There were 7,123 instructions in the design after the 'Unroll/Inline (step 2)' phase of compilation. See the Design Size Report for more details: C:/HLS-multirate-DSP/HLS_FIR/Fast_Running_FIR_HLS/Fast_Running_FIR_HLS/hls/syn/report/csynth_design_size.rpt
INFO: [HLS 200-1995] There were 5,357 instructions in the design after the 'Unroll/Inline (step 3)' phase of compilation. See the Design Size Report for more details: C:/HLS-multirate-DSP/HLS_FIR/Fast_Running_FIR_HLS/Fast_Running_FIR_HLS/hls/syn/report/csynth_design_size.rpt
INFO: [HLS 200-1995] There were 5,357 instructions in the design after the 'Unroll/Inline (step 4)' phase of compilation. See the Design Size Report for more details: C:/HLS-multirate-DSP/HLS_FIR/Fast_Running_FIR_HLS/Fast_Running_FIR_HLS/hls/syn/report/csynth_design_size.rpt
INFO: [HLS 200-1995] There were 5,363 instructions in the design after the 'Array/Struct (step 1)' phase of compilation. See the Design Size Report for more details: C:/HLS-multirate-DSP/HLS_FIR/Fast_Running_FIR_HLS/Fast_Running_FIR_HLS/hls/syn/report/csynth_design_size.rpt
INFO: [HLS 200-1995] There were 5,363 instructions in the design after the 'Array/Struct (step 2)' phase of compilation. See the Design Size Report for more details: C:/HLS-multirate-DSP/HLS_FIR/Fast_Running_FIR_HLS/Fast_Running_FIR_HLS/hls/syn/report/csynth_design_size.rpt
INFO: [HLS 200-1995] There were 5,363 instructions in the design after the 'Array/Struct (step 3)' phase of compilation. See the Design Size Report for more details: C:/HLS-multirate-DSP/HLS_FIR/Fast_Running_FIR_HLS/Fast_Running_FIR_HLS/hls/syn/report/csynth_design_size.rpt
INFO: [HLS 200-1995] There were 5,363 instructions in the design after the 'Array/Struct (step 4)' phase of compilation. See the Design Size Report for more details: C:/HLS-multirate-DSP/HLS_FIR/Fast_Running_FIR_HLS/Fast_Running_FIR_HLS/hls/syn/report/csynth_design_size.rpt
INFO: [HLS 200-1995] There were 5,363 instructions in the design after the 'Array/Struct (step 5)' phase of compilation. See the Design Size Report for more details: C:/HLS-multirate-DSP/HLS_FIR/Fast_Running_FIR_HLS/Fast_Running_FIR_HLS/hls/syn/report/csynth_design_size.rpt
INFO: [HLS 200-1995] There were 5,363 instructions in the design after the 'Performance (step 1)' phase of compilation. See the Design Size Report for more details: C:/HLS-multirate-DSP/HLS_FIR/Fast_Running_FIR_HLS/Fast_Running_FIR_HLS/hls/syn/report/csynth_design_size.rpt
INFO: [HLS 200-1995] There were 5,363 instructions in the design after the 'Performance (step 2)' phase of compilation. See the Design Size Report for more details: C:/HLS-multirate-DSP/HLS_FIR/Fast_Running_FIR_HLS/Fast_Running_FIR_HLS/hls/syn/report/csynth_design_size.rpt
INFO: [HLS 200-1995] There were 4,187 instructions in the design after the 'Performance (step 3)' phase of compilation. See the Design Size Report for more details: C:/HLS-multirate-DSP/HLS_FIR/Fast_Running_FIR_HLS/Fast_Running_FIR_HLS/hls/syn/report/csynth_design_size.rpt
INFO: [HLS 200-1995] There were 4,187 instructions in the design after the 'Performance (step 4)' phase of compilation. See the Design Size Report for more details: C:/HLS-multirate-DSP/HLS_FIR/Fast_Running_FIR_HLS/Fast_Running_FIR_HLS/hls/syn/report/csynth_design_size.rpt
INFO: [HLS 200-1995] There were 4,189 instructions in the design after the 'HW Transforms (step 1)' phase of compilation. See the Design Size Report for more details: C:/HLS-multirate-DSP/HLS_FIR/Fast_Running_FIR_HLS/Fast_Running_FIR_HLS/hls/syn/report/csynth_design_size.rpt
INFO: [HLS 200-1995] There were 4,192 instructions in the design after the 'HW Transforms (step 2)' phase of compilation. See the Design Size Report for more details: C:/HLS-multirate-DSP/HLS_FIR/Fast_Running_FIR_HLS/Fast_Running_FIR_HLS/hls/syn/report/csynth_design_size.rpt
INFO: [HLS 214-291] Loop 'VITIS_LOOP_37_1' is marked as complete unroll implied by the pipeline pragma (FIR_HLS.cpp:37:19)
INFO: [HLS 214-186] Unrolling loop 'VITIS_LOOP_37_1' (FIR_HLS.cpp:37:19) in function 'FIR_filter' completely with a factor of 195 (FIR_HLS.cpp:31:0)
INFO: [HLS 214-270] Inferring pragma 'array_partition type=complete dim=1' for array 'H_filter_FIR_20' due to pipeline pragma (./../../Matlab/FIR_fastrunning_HLS.h:21:0)
INFO: [HLS 214-270] Inferring pragma 'array_partition type=complete dim=1' for array 'H_filter_FIR_21' due to pipeline pragma (./../../Matlab/FIR_fastrunning_HLS.h:22:0)
INFO: [HLS 214-270] Inferring pragma 'array_partition type=complete dim=1' for array 'H_filter_FIR_22' due to pipeline pragma (./../../Matlab/FIR_fastrunning_HLS.h:23:0)
INFO: [HLS 214-270] Inferring pragma 'array_partition type=complete dim=1' for array 'b_FIR_20' due to pipeline pragma (./../../Matlab/FIR_fastrunning_HLS.h:25:0)
INFO: [HLS 214-270] Inferring pragma 'array_partition type=complete dim=1' for array 'b_FIR_21' due to pipeline pragma (./../../Matlab/FIR_fastrunning_HLS.h:60:0)
INFO: [HLS 214-270] Inferring pragma 'array_partition type=complete dim=1' for array 'b_FIR_22' due to pipeline pragma (./../../Matlab/FIR_fastrunning_HLS.h:95:0)
INFO: [HLS 214-248] Applying array_partition to '_ZL8b_FIR_22': Complete partitioning on dimension 1. (./../../Matlab/FIR_fastrunning_HLS.h:95:0)
INFO: [HLS 214-248] Applying array_partition to '_ZL8b_FIR_21': Complete partitioning on dimension 1. (./../../Matlab/FIR_fastrunning_HLS.h:60:0)
INFO: [HLS 214-248] Applying array_partition to '_ZL8b_FIR_20': Complete partitioning on dimension 1. (./../../Matlab/FIR_fastrunning_HLS.h:25:0)
INFO: [HLS 214-248] Applying array_partition to '_ZL15H_filter_FIR_22': Complete partitioning on dimension 1. (./../../Matlab/FIR_fastrunning_HLS.h:23:0)
INFO: [HLS 214-248] Applying array_partition to '_ZL15H_filter_FIR_21': Complete partitioning on dimension 1. (./../../Matlab/FIR_fastrunning_HLS.h:22:0)
INFO: [HLS 214-248] Applying array_partition to '_ZL15H_filter_FIR_20': Complete partitioning on dimension 1. (./../../Matlab/FIR_fastrunning_HLS.h:21:0)
INFO: [HLS 200-111] Finished Compiling Optimization and Transform: CPU user time: 1 seconds. CPU system time: 0 seconds. Elapsed time: 8.823 seconds; current allocated memory: 278.328 MB.
INFO: [HLS 200-111] Finished Checking Pragmas: CPU user time: 0 seconds. CPU system time: 0 seconds. Elapsed time: 0.003 seconds; current allocated memory: 278.328 MB.
INFO: [HLS 200-10] Starting code transformations ...
INFO: [HLS 200-111] Finished Standard Transforms: CPU user time: 0 seconds. CPU system time: 0 seconds. Elapsed time: 0.35 seconds; current allocated memory: 284.777 MB.
INFO: [HLS 200-10] Checking synthesizability ...
INFO: [HLS 200-111] Finished Checking Synthesizability: CPU user time: 0 seconds. CPU system time: 0 seconds. Elapsed time: 0.254 seconds; current allocated memory: 289.277 MB.
INFO: [HLS 200-111] Finished Loop, function and other optimizations: CPU user time: 1 seconds. CPU system time: 0 seconds. Elapsed time: 0.889 seconds; current allocated memory: 319.621 MB.
INFO: [HLS 200-111] Finished Architecture Synthesis: CPU user time: 1 seconds. CPU system time: 0 seconds. Elapsed time: 1.142 seconds; current allocated memory: 344.836 MB.
INFO: [HLS 200-10] Starting hardware synthesis ...
INFO: [HLS 200-10] Synthesizing 'Fast_Running_FIR_HLS' ...
INFO: [SYN 201-201] Setting up clock 'default' with a period of 10ns.
INFO: [HLS 200-10] ----------------------------------------------------------------
INFO: [HLS 200-42] -- Implementing module 'FIR_filter' 
INFO: [HLS 200-10] ----------------------------------------------------------------
INFO: [SCHED 204-11] Starting scheduling ...
INFO: [SCHED 204-61] Pipelining function 'FIR_filter'.
INFO: [HLS 200-1470] Pipelining result : Target II = NA, Final II = 1, Depth = 1, function 'FIR_filter'
INFO: [SCHED 204-11] Finished scheduling.
INFO: [HLS 200-111] Finished Scheduling: CPU user time: 2 seconds. CPU system time: 0 seconds. Elapsed time: 2.805 seconds; current allocated memory: 368.309 MB.
INFO: [BIND 205-100] Starting micro-architecture generation ...
INFO: [BIND 205-101] Performing variable lifetime analysis.
INFO: [BIND 205-101] Exploring resource sharing.
INFO: [BIND 205-101] Binding ...
INFO: [BIND 205-100] Finished micro-architecture generation.
INFO: [HLS 200-111] Finished Binding: CPU user time: 1 seconds. CPU system time: 0 seconds. Elapsed time: 0.516 seconds; current allocated memory: 369.344 MB.
INFO: [HLS 200-10] ----------------------------------------------------------------
INFO: [HLS 200-42] -- Implementing module 'Fast_Running_FIR_HLS' 
INFO: [HLS 200-10] ----------------------------------------------------------------
INFO: [SCHED 204-11] Starting scheduling ...
INFO: [SCHED 204-11] Finished scheduling.
INFO: [HLS 200-111] Finished Scheduling: CPU user time: 1 seconds. CPU system time: 0 seconds. Elapsed time: 1.081 seconds; current allocated memory: 372.184 MB.
INFO: [BIND 205-100] Starting micro-architecture generation ...
INFO: [BIND 205-101] Performing variable lifetime analysis.
INFO: [BIND 205-101] Exploring resource sharing.
INFO: [BIND 205-101] Binding ...
INFO: [BIND 205-100] Finished micro-architecture generation.
INFO: [HLS 200-111] Finished Binding: CPU user time: 1 seconds. CPU system time: 0 seconds. Elapsed time: 1.885 seconds; current allocated memory: 372.312 MB.
INFO: [HLS 200-10] ----------------------------------------------------------------
INFO: [HLS 200-10] -- Generating RTL for module 'FIR_filter' 
INFO: [HLS 200-10] ----------------------------------------------------------------
INFO: [RTGEN 206-100] Generating core module 'mul_16s_10ns_26_1_1': 8 instance(s).
INFO: [RTGEN 206-100] Generating core module 'mul_16s_10s_26_1_1': 12 instance(s).
INFO: [RTGEN 206-100] Generating core module 'mul_16s_11ns_27_1_1': 2 instance(s).
INFO: [RTGEN 206-100] Generating core module 'mul_16s_11s_27_1_1': 4 instance(s).
INFO: [RTGEN 206-100] Generating core module 'mul_16s_12ns_28_1_1': 2 instance(s).
INFO: [RTGEN 206-100] Generating core module 'mul_16s_12s_28_1_1': 6 instance(s).
INFO: [RTGEN 206-100] Generating core module 'mul_16s_13ns_29_1_1': 4 instance(s).
INFO: [RTGEN 206-100] Generating core module 'mul_16s_3s_19_1_1': 2 instance(s).
INFO: [RTGEN 206-100] Generating core module 'mul_16s_4ns_20_1_1': 2 instance(s).
INFO: [RTGEN 206-100] Generating core module 'mul_16s_4s_20_1_1': 6 instance(s).
INFO: [RTGEN 206-100] Generating core module 'mul_16s_5ns_21_1_1': 4 instance(s).
INFO: [RTGEN 206-100] Generating core module 'mul_16s_5s_21_1_1': 2 instance(s).
INFO: [RTGEN 206-100] Generating core module 'mul_16s_6ns_22_1_1': 22 instance(s).
INFO: [RTGEN 206-100] Generating core module 'mul_16s_6s_22_1_1': 16 instance(s).
INFO: [RTGEN 206-100] Generating core module 'mul_16s_7ns_23_1_1': 24 instance(s).
INFO: [RTGEN 206-100] Generating core module 'mul_16s_7s_23_1_1': 16 instance(s).
INFO: [RTGEN 206-100] Generating core module 'mul_16s_8ns_24_1_1': 10 instance(s).
INFO: [RTGEN 206-100] Generating core module 'mul_16s_8s_24_1_1': 28 instance(s).
INFO: [RTGEN 206-100] Generating core module 'mul_16s_9ns_25_1_1': 10 instance(s).
INFO: [RTGEN 206-100] Generating core module 'mul_16s_9s_25_1_1': 15 instance(s).
INFO: [RTGEN 206-100] Generating core module 'mul_9s_16s_24_1_1': 1 instance(s).
INFO: [RTGEN 206-100] Finished creating RTL model for 'FIR_filter'.
INFO: [HLS 200-111] Finished Creating RTL model: CPU user time: 7 seconds. CPU system time: 1 seconds. Elapsed time: 7.269 seconds; current allocated memory: 513.672 MB.
INFO: [HLS 200-10] ----------------------------------------------------------------
INFO: [HLS 200-10] -- Generating RTL for module 'Fast_Running_FIR_HLS' 
INFO: [HLS 200-10] ----------------------------------------------------------------
WARNING: [RTGEN 206-101] Design contains AXI ports. Reset is fixed to synchronous and active low.
INFO: [RTGEN 206-500] Setting interface mode on port 'Fast_Running_FIR_HLS/input_r' to 'axis' (register, both mode).
INFO: [RTGEN 206-500] Setting interface mode on port 'Fast_Running_FIR_HLS/output_r' to 'axis' (register, both mode).
INFO: [RTGEN 206-500] Setting interface mode on function 'Fast_Running_FIR_HLS' to 'ap_ctrl_none'.
WARNING: [RTGEN 206-101] Register 'mod_value' is power-on initialization.
WARNING: [RTGEN 206-101] Register 'input1' is power-on initialization.
WARNING: [RTGEN 206-101] Register 'p_ZL15H_filter_FIR_22_0' is power-on initialization.
WARNING: [RTGEN 206-101] Register 'p_ZL15H_filter_FIR_22_1' is power-on initialization.
WARNING: [RTGEN 206-101] Register 'p_ZL15H_filter_FIR_22_2' is power-on initialization.
WARNING: [RTGEN 206-101] Register 'p_ZL15H_filter_FIR_22_3' is power-on initialization.
WARNING: [RTGEN 206-101] Register 'p_ZL15H_filter_FIR_22_4' is power-on initialization.
WARNING: [RTGEN 206-101] Register 'p_ZL15H_filter_FIR_22_5' is power-on initialization.
WARNING: [RTGEN 206-101] Register 'p_ZL15H_filter_FIR_22_6' is power-on initialization.
WARNING: [RTGEN 206-101] Register 'p_ZL15H_filter_FIR_22_7' is power-on initialization.
WARNING: [RTGEN 206-101] Register 'p_ZL15H_filter_FIR_22_8' is power-on initialization.
WARNING: [RTGEN 206-101] Register 'p_ZL15H_filter_FIR_22_9' is power-on initialization.
WARNING: [RTGEN 206-101] Register 'p_ZL15H_filter_FIR_22_10' is power-on initialization.
WARNING: [RTGEN 206-101] Register 'p_ZL15H_filter_FIR_22_11' is power-on initialization.
WARNING: [RTGEN 206-101] Register 'p_ZL15H_filter_FIR_22_12' is power-on initialization.
WARNING: [RTGEN 206-101] Register 'p_ZL15H_filter_FIR_22_13' is power-on initialization.
WARNING: [RTGEN 206-101] Register 'p_ZL15H_filter_FIR_22_14' is power-on initialization.
WARNING: [RTGEN 206-101] Register 'p_ZL15H_filter_FIR_22_15' is power-on initialization.
WARNING: [RTGEN 206-101] Register 'p_ZL15H_filter_FIR_22_16' is power-on initialization.
WARNING: [RTGEN 206-101] Register 'p_ZL15H_filter_FIR_22_17' is power-on initialization.
WARNING: [RTGEN 206-101] Register 'p_ZL15H_filter_FIR_22_18' is power-on initialization.
WARNING: [RTGEN 206-101] Register 'p_ZL15H_filter_FIR_22_19' is power-on initialization.
WARNING: [RTGEN 206-101] Register 'p_ZL15H_filter_FIR_22_20' is power-on initialization.
WARNING: [RTGEN 206-101] Register 'p_ZL15H_filter_FIR_22_21' is power-on initialization.
WARNING: [RTGEN 206-101] Register 'p_ZL15H_filter_FIR_22_22' is power-on initialization.
WARNING: [RTGEN 206-101] Register 'p_ZL15H_filter_FIR_22_23' is power-on initialization.
WARNING: [RTGEN 206-101] Register 'p_ZL15H_filter_FIR_22_24' is power-on initialization.
WARNING: [RTGEN 206-101] Register 'p_ZL15H_filter_FIR_22_25' is power-on initialization.
WARNING: [RTGEN 206-101] Register 'p_ZL15H_filter_FIR_22_26' is power-on initialization.
WARNING: [RTGEN 206-101] Register 'p_ZL15H_filter_FIR_22_27' is power-on initialization.
WARNING: [RTGEN 206-101] Register 'p_ZL15H_filter_FIR_22_28' is power-on initialization.
WARNING: [RTGEN 206-101] Register 'p_ZL15H_filter_FIR_22_29' is power-on initialization.
WARNING: [RTGEN 206-101] Register 'p_ZL15H_filter_FIR_22_30' is power-on initialization.
WARNING: [RTGEN 206-101] Register 'p_ZL15H_filter_FIR_22_31' is power-on initialization.
WARNING: [RTGEN 206-101] Register 'p_ZL15H_filter_FIR_22_32' is power-on initialization.
WARNING: [RTGEN 206-101] Register 'p_ZL15H_filter_FIR_22_33' is power-on initialization.
WARNING: [RTGEN 206-101] Register 'p_ZL15H_filter_FIR_22_34' is power-on initialization.
WARNING: [RTGEN 206-101] Register 'p_ZL15H_filter_FIR_22_35' is power-on initialization.
WARNING: [RTGEN 206-101] Register 'p_ZL15H_filter_FIR_22_36' is power-on initialization.
WARNING: [RTGEN 206-101] Register 'p_ZL15H_filter_FIR_22_37' is power-on initialization.
WARNING: [RTGEN 206-101] Register 'p_ZL15H_filter_FIR_22_38' is power-on initialization.
WARNING: [RTGEN 206-101] Register 'p_ZL15H_filter_FIR_22_39' is power-on initialization.
WARNING: [RTGEN 206-101] Register 'p_ZL15H_filter_FIR_22_40' is power-on initialization.
WARNING: [RTGEN 206-101] Register 'p_ZL15H_filter_FIR_22_41' is power-on initialization.
WARNING: [RTGEN 206-101] Register 'p_ZL15H_filter_FIR_22_42' is power-on initialization.
WARNING: [RTGEN 206-101] Register 'p_ZL15H_filter_FIR_22_43' is power-on initialization.
WARNING: [RTGEN 206-101] Register 'p_ZL15H_filter_FIR_22_44' is power-on initialization.
WARNING: [RTGEN 206-101] Register 'p_ZL15H_filter_FIR_22_45' is power-on initialization.
WARNING: [RTGEN 206-101] Register 'p_ZL15H_filter_FIR_22_46' is power-on initialization.
WARNING: [RTGEN 206-101] Register 'p_ZL15H_filter_FIR_22_47' is power-on initialization.
WARNING: [RTGEN 206-101] Register 'p_ZL15H_filter_FIR_22_48' is power-on initialization.
WARNING: [RTGEN 206-101] Register 'p_ZL15H_filter_FIR_22_49' is power-on initialization.
WARNING: [RTGEN 206-101] Register 'p_ZL15H_filter_FIR_22_50' is power-on initialization.
WARNING: [RTGEN 206-101] Register 'p_ZL15H_filter_FIR_22_51' is power-on initialization.
WARNING: [RTGEN 206-101] Register 'p_ZL15H_filter_FIR_22_52' is power-on initialization.
WARNING: [RTGEN 206-101] Register 'p_ZL15H_filter_FIR_22_53' is power-on initialization.
WARNING: [RTGEN 206-101] Register 'p_ZL15H_filter_FIR_22_54' is power-on initialization.
WARNING: [RTGEN 206-101] Register 'p_ZL15H_filter_FIR_22_55' is power-on initialization.
WARNING: [RTGEN 206-101] Register 'p_ZL15H_filter_FIR_22_56' is power-on initialization.
WARNING: [RTGEN 206-101] Register 'p_ZL15H_filter_FIR_22_57' is power-on initialization.
WARNING: [RTGEN 206-101] Register 'p_ZL15H_filter_FIR_22_58' is power-on initialization.
WARNING: [RTGEN 206-101] Register 'p_ZL15H_filter_FIR_22_59' is power-on initialization.
WARNING: [RTGEN 206-101] Register 'p_ZL15H_filter_FIR_22_60' is power-on initialization.
WARNING: [RTGEN 206-101] Register 'p_ZL15H_filter_FIR_22_61' is power-on initialization.
WARNING: [RTGEN 206-101] Register 'p_ZL15H_filter_FIR_22_62' is power-on initialization.
WARNING: [RTGEN 206-101] Register 'p_ZL15H_filter_FIR_22_63' is power-on initialization.
WARNING: [RTGEN 206-101] Register 'p_ZL15H_filter_FIR_22_64' is power-on initialization.
WARNING: [RTGEN 206-101] Register 'p_ZL15H_filter_FIR_22_65' is power-on initialization.
WARNING: [RTGEN 206-101] Register 'p_ZL15H_filter_FIR_22_66' is power-on initialization.
WARNING: [RTGEN 206-101] Register 'p_ZL15H_filter_FIR_22_67' is power-on initialization.
WARNING: [RTGEN 206-101] Register 'p_ZL15H_filter_FIR_22_68' is power-on initialization.
WARNING: [RTGEN 206-101] Register 'p_ZL15H_filter_FIR_22_69' is power-on initialization.
WARNING: [RTGEN 206-101] Register 'p_ZL15H_filter_FIR_22_70' is power-on initialization.
WARNING: [RTGEN 206-101] Register 'p_ZL15H_filter_FIR_22_71' is power-on initialization.
WARNING: [RTGEN 206-101] Register 'p_ZL15H_filter_FIR_22_72' is power-on initialization.
WARNING: [RTGEN 206-101] Register 'p_ZL15H_filter_FIR_22_73' is power-on initialization.
WARNING: [RTGEN 206-101] Register 'p_ZL15H_filter_FIR_22_74' is power-on initialization.
WARNING: [RTGEN 206-101] Register 'p_ZL15H_filter_FIR_22_75' is power-on initialization.
WARNING: [RTGEN 206-101] Register 'p_ZL15H_filter_FIR_22_76' is power-on initialization.
WARNING: [RTGEN 206-101] Register 'p_ZL15H_filter_FIR_22_77' is power-on initialization.
WARNING: [RTGEN 206-101] Register 'p_ZL15H_filter_FIR_22_78' is power-on initialization.
WARNING: [RTGEN 206-101] Register 'p_ZL15H_filter_FIR_22_79' is power-on initialization.
WARNING: [RTGEN 206-101] Register 'p_ZL15H_filter_FIR_22_80' is power-on initialization.
WARNING: [RTGEN 206-101] Register 'p_ZL15H_filter_FIR_22_81' is power-on initialization.
WARNING: [RTGEN 206-101] Register 'p_ZL15H_filter_FIR_22_82' is power-on initialization.
WARNING: [RTGEN 206-101] Register 'p_ZL15H_filter_FIR_22_83' is power-on initialization.
WARNING: [RTGEN 206-101] Register 'p_ZL15H_filter_FIR_22_84' is power-on initialization.
WARNING: [RTGEN 206-101] Register 'p_ZL15H_filter_FIR_22_85' is power-on initialization.
WARNING: [RTGEN 206-101] Register 'p_ZL15H_filter_FIR_22_86' is power-on initialization.
WARNING: [RTGEN 206-101] Register 'p_ZL15H_filter_FIR_22_87' is power-on initialization.
WARNING: [RTGEN 206-101] Register 'p_ZL15H_filter_FIR_22_88' is power-on initialization.
WARNING: [RTGEN 206-101] Register 'p_ZL15H_filter_FIR_22_89' is power-on initialization.
WARNING: [RTGEN 206-101] Register 'p_ZL15H_filter_FIR_22_90' is power-on initialization.
WARNING: [RTGEN 206-101] Register 'p_ZL15H_filter_FIR_22_91' is power-on initialization.
WARNING: [RTGEN 206-101] Register 'p_ZL15H_filter_FIR_22_92' is power-on initialization.
WARNING: [RTGEN 206-101] Register 'p_ZL15H_filter_FIR_22_93' is power-on initialization.
WARNING: [RTGEN 206-101] Register 'p_ZL15H_filter_FIR_22_94' is power-on initialization.
WARNING: [RTGEN 206-101] Register 'p_ZL15H_filter_FIR_22_95' is power-on initialization.
WARNING: [RTGEN 206-101] Register 'p_ZL15H_filter_FIR_22_96' is power-on initialization.
WARNING: [RTGEN 206-101] Register 'p_ZL15H_filter_FIR_22_97' is power-on initialization.
WARNING: [RTGEN 206-101] Register 'p_ZL15H_filter_FIR_22_98' is power-on initialization.
WARNING: [RTGEN 206-101] Register 'p_ZL15H_filter_FIR_22_99' is power-on initialization.
WARNING: [RTGEN 206-101] Register 'p_ZL15H_filter_FIR_22_100' is power-on initialization.
WARNING: [RTGEN 206-101] Register 'p_ZL15H_filter_FIR_22_101' is power-on initialization.
WARNING: [RTGEN 206-101] Register 'p_ZL15H_filter_FIR_22_102' is power-on initialization.
WARNING: [RTGEN 206-101] Register 'p_ZL15H_filter_FIR_22_103' is power-on initialization.
WARNING: [RTGEN 206-101] Register 'p_ZL15H_filter_FIR_22_104' is power-on initialization.
WARNING: [RTGEN 206-101] Register 'p_ZL15H_filter_FIR_22_105' is power-on initialization.
WARNING: [RTGEN 206-101] Register 'p_ZL15H_filter_FIR_22_106' is power-on initialization.
WARNING: [RTGEN 206-101] Register 'p_ZL15H_filter_FIR_22_107' is power-on initialization.
WARNING: [RTGEN 206-101] Register 'p_ZL15H_filter_FIR_22_108' is power-on initialization.
WARNING: [RTGEN 206-101] Register 'p_ZL15H_filter_FIR_22_109' is power-on initialization.
WARNING: [RTGEN 206-101] Register 'p_ZL15H_filter_FIR_22_110' is power-on initialization.
WARNING: [RTGEN 206-101] Register 'p_ZL15H_filter_FIR_22_111' is power-on initialization.
WARNING: [RTGEN 206-101] Register 'p_ZL15H_filter_FIR_22_112' is power-on initialization.
WARNING: [RTGEN 206-101] Register 'p_ZL15H_filter_FIR_22_113' is power-on initialization.
WARNING: [RTGEN 206-101] Register 'p_ZL15H_filter_FIR_22_114' is power-on initialization.
WARNING: [RTGEN 206-101] Register 'p_ZL15H_filter_FIR_22_115' is power-on initialization.
WARNING: [RTGEN 206-101] Register 'p_ZL15H_filter_FIR_22_116' is power-on initialization.
WARNING: [RTGEN 206-101] Register 'p_ZL15H_filter_FIR_22_117' is power-on initialization.
WARNING: [RTGEN 206-101] Register 'p_ZL15H_filter_FIR_22_118' is power-on initialization.
WARNING: [RTGEN 206-101] Register 'p_ZL15H_filter_FIR_22_119' is power-on initialization.
WARNING: [RTGEN 206-101] Register 'p_ZL15H_filter_FIR_22_120' is power-on initialization.
WARNING: [RTGEN 206-101] Register 'p_ZL15H_filter_FIR_22_121' is power-on initialization.
WARNING: [RTGEN 206-101] Register 'p_ZL15H_filter_FIR_22_122' is power-on initialization.
WARNING: [RTGEN 206-101] Register 'p_ZL15H_filter_FIR_22_123' is power-on initialization.
WARNING: [RTGEN 206-101] Register 'p_ZL15H_filter_FIR_22_124' is power-on initialization.
WARNING: [RTGEN 206-101] Register 'p_ZL15H_filter_FIR_22_125' is power-on initialization.
WARNING: [RTGEN 206-101] Register 'p_ZL15H_filter_FIR_22_126' is power-on initialization.
WARNING: [RTGEN 206-101] Register 'p_ZL15H_filter_FIR_22_127' is power-on initialization.
WARNING: [RTGEN 206-101] Register 'p_ZL15H_filter_FIR_22_128' is power-on initialization.
WARNING: [RTGEN 206-101] Register 'p_ZL15H_filter_FIR_22_129' is power-on initialization.
WARNING: [RTGEN 206-101] Register 'p_ZL15H_filter_FIR_22_130' is power-on initialization.
WARNING: [RTGEN 206-101] Register 'p_ZL15H_filter_FIR_22_131' is power-on initialization.
WARNING: [RTGEN 206-101] Register 'p_ZL15H_filter_FIR_22_132' is power-on initialization.
WARNING: [RTGEN 206-101] Register 'p_ZL15H_filter_FIR_22_133' is power-on initialization.
WARNING: [RTGEN 206-101] Register 'p_ZL15H_filter_FIR_22_134' is power-on initialization.
WARNING: [RTGEN 206-101] Register 'p_ZL15H_filter_FIR_22_135' is power-on initialization.
WARNING: [RTGEN 206-101] Register 'p_ZL15H_filter_FIR_22_136' is power-on initialization.
WARNING: [RTGEN 206-101] Register 'p_ZL15H_filter_FIR_22_137' is power-on initialization.
WARNING: [RTGEN 206-101] Register 'p_ZL15H_filter_FIR_22_138' is power-on initialization.
WARNING: [RTGEN 206-101] Register 'p_ZL15H_filter_FIR_22_139' is power-on initialization.
WARNING: [RTGEN 206-101] Register 'p_ZL15H_filter_FIR_22_140' is power-on initialization.
WARNING: [RTGEN 206-101] Register 'p_ZL15H_filter_FIR_22_141' is power-on initialization.
WARNING: [RTGEN 206-101] Register 'p_ZL15H_filter_FIR_22_142' is power-on initialization.
WARNING: [RTGEN 206-101] Register 'p_ZL15H_filter_FIR_22_143' is power-on initialization.
WARNING: [RTGEN 206-101] Register 'p_ZL15H_filter_FIR_22_144' is power-on initialization.
WARNING: [RTGEN 206-101] Register 'p_ZL15H_filter_FIR_22_145' is power-on initialization.
WARNING: [RTGEN 206-101] Register 'p_ZL15H_filter_FIR_22_146' is power-on initialization.
WARNING: [RTGEN 206-101] Register 'p_ZL15H_filter_FIR_22_147' is power-on initialization.
WARNING: [RTGEN 206-101] Register 'p_ZL15H_filter_FIR_22_148' is power-on initialization.
WARNING: [RTGEN 206-101] Register 'p_ZL15H_filter_FIR_22_149' is power-on initialization.
WARNING: [RTGEN 206-101] Register 'p_ZL15H_filter_FIR_22_150' is power-on initialization.
WARNING: [RTGEN 206-101] Register 'p_ZL15H_filter_FIR_22_151' is power-on initialization.
WARNING: [RTGEN 206-101] Register 'p_ZL15H_filter_FIR_22_152' is power-on initialization.
WARNING: [RTGEN 206-101] Register 'p_ZL15H_filter_FIR_22_153' is power-on initialization.
WARNING: [RTGEN 206-101] Register 'p_ZL15H_filter_FIR_22_154' is power-on initialization.
WARNING: [RTGEN 206-101] Register 'p_ZL15H_filter_FIR_22_155' is power-on initialization.
WARNING: [RTGEN 206-101] Register 'p_ZL15H_filter_FIR_22_156' is power-on initialization.
WARNING: [RTGEN 206-101] Register 'p_ZL15H_filter_FIR_22_157' is power-on initialization.
WARNING: [RTGEN 206-101] Register 'p_ZL15H_filter_FIR_22_158' is power-on initialization.
WARNING: [RTGEN 206-101] Register 'p_ZL15H_filter_FIR_22_159' is power-on initialization.
WARNING: [RTGEN 206-101] Register 'p_ZL15H_filter_FIR_22_160' is power-on initialization.
WARNING: [RTGEN 206-101] Register 'p_ZL15H_filter_FIR_22_161' is power-on initialization.
WARNING: [RTGEN 206-101] Register 'p_ZL15H_filter_FIR_22_162' is power-on initialization.
WARNING: [RTGEN 206-101] Register 'p_ZL15H_filter_FIR_22_163' is power-on initialization.
WARNING: [RTGEN 206-101] Register 'p_ZL15H_filter_FIR_22_164' is power-on initialization.
WARNING: [RTGEN 206-101] Register 'p_ZL15H_filter_FIR_22_165' is power-on initialization.
WARNING: [RTGEN 206-101] Register 'p_ZL15H_filter_FIR_22_166' is power-on initialization.
WARNING: [RTGEN 206-101] Register 'p_ZL15H_filter_FIR_22_167' is power-on initialization.
WARNING: [RTGEN 206-101] Register 'p_ZL15H_filter_FIR_22_168' is power-on initialization.
WARNING: [RTGEN 206-101] Register 'p_ZL15H_filter_FIR_22_169' is power-on initialization.
WARNING: [RTGEN 206-101] Register 'p_ZL15H_filter_FIR_22_170' is power-on initialization.
WARNING: [RTGEN 206-101] Register 'p_ZL15H_filter_FIR_22_171' is power-on initialization.
WARNING: [RTGEN 206-101] Register 'p_ZL15H_filter_FIR_22_172' is power-on initialization.
WARNING: [RTGEN 206-101] Register 'p_ZL15H_filter_FIR_22_173' is power-on initialization.
WARNING: [RTGEN 206-101] Register 'p_ZL15H_filter_FIR_22_174' is power-on initialization.
WARNING: [RTGEN 206-101] Register 'p_ZL15H_filter_FIR_22_175' is power-on initialization.
WARNING: [RTGEN 206-101] Register 'p_ZL15H_filter_FIR_22_176' is power-on initialization.
WARNING: [RTGEN 206-101] Register 'p_ZL15H_filter_FIR_22_177' is power-on initialization.
WARNING: [RTGEN 206-101] Register 'p_ZL15H_filter_FIR_22_178' is power-on initialization.
WARNING: [RTGEN 206-101] Register 'p_ZL15H_filter_FIR_22_179' is power-on initialization.
WARNING: [RTGEN 206-101] Register 'p_ZL15H_filter_FIR_22_180' is power-on initialization.
WARNING: [RTGEN 206-101] Register 'p_ZL15H_filter_FIR_22_181' is power-on initialization.
WARNING: [RTGEN 206-101] Register 'p_ZL15H_filter_FIR_22_182' is power-on initialization.
WARNING: [RTGEN 206-101] Register 'p_ZL15H_filter_FIR_22_183' is power-on initialization.
WARNING: [RTGEN 206-101] Register 'p_ZL15H_filter_FIR_22_184' is power-on initialization.
WARNING: [RTGEN 206-101] Register 'p_ZL15H_filter_FIR_22_185' is power-on initialization.
WARNING: [RTGEN 206-101] Register 'p_ZL15H_filter_FIR_22_186' is power-on initialization.
WARNING: [RTGEN 206-101] Register 'p_ZL15H_filter_FIR_22_187' is power-on initialization.
WARNING: [RTGEN 206-101] Register 'p_ZL15H_filter_FIR_22_188' is power-on initialization.
WARNING: [RTGEN 206-101] Register 'p_ZL15H_filter_FIR_22_189' is power-on initialization.
WARNING: [RTGEN 206-101] Register 'p_ZL15H_filter_FIR_22_190' is power-on initialization.
WARNING: [RTGEN 206-101] Register 'p_ZL15H_filter_FIR_22_191' is power-on initialization.
WARNING: [RTGEN 206-101] Register 'p_ZL15H_filter_FIR_22_192' is power-on initialization.
WARNING: [RTGEN 206-101] Register 'p_ZL15H_filter_FIR_22_193' is power-on initialization.
WARNING: [RTGEN 206-101] Register 'p_ZL15H_filter_FIR_22_194' is power-on initialization.
WARNING: [RTGEN 206-101] Register 'y2' is power-on initialization.
WARNING: [RTGEN 206-101] Register 'y11' is power-on initialization.
WARNING: [RTGEN 206-101] Register 'input2' is power-on initialization.
WARNING: [RTGEN 206-101] Register 'p_ZL15H_filter_FIR_21_0' is power-on initialization.
WARNING: [RTGEN 206-101] Register 'p_ZL15H_filter_FIR_21_1' is power-on initialization.
WARNING: [RTGEN 206-101] Register 'p_ZL15H_filter_FIR_21_2' is power-on initialization.
WARNING: [RTGEN 206-101] Register 'p_ZL15H_filter_FIR_21_3' is power-on initialization.
WARNING: [RTGEN 206-101] Register 'p_ZL15H_filter_FIR_21_4' is power-on initialization.
WARNING: [RTGEN 206-101] Register 'p_ZL15H_filter_FIR_21_5' is power-on initialization.
WARNING: [RTGEN 206-101] Register 'p_ZL15H_filter_FIR_21_6' is power-on initialization.
WARNING: [RTGEN 206-101] Register 'p_ZL15H_filter_FIR_21_7' is power-on initialization.
WARNING: [RTGEN 206-101] Register 'p_ZL15H_filter_FIR_21_8' is power-on initialization.
WARNING: [RTGEN 206-101] Register 'p_ZL15H_filter_FIR_21_9' is power-on initialization.
WARNING: [RTGEN 206-101] Register 'p_ZL15H_filter_FIR_21_10' is power-on initialization.
WARNING: [RTGEN 206-101] Register 'p_ZL15H_filter_FIR_21_11' is power-on initialization.
WARNING: [RTGEN 206-101] Register 'p_ZL15H_filter_FIR_21_12' is power-on initialization.
WARNING: [RTGEN 206-101] Register 'p_ZL15H_filter_FIR_21_13' is power-on initialization.
WARNING: [RTGEN 206-101] Register 'p_ZL15H_filter_FIR_21_14' is power-on initialization.
WARNING: [RTGEN 206-101] Register 'p_ZL15H_filter_FIR_21_15' is power-on initialization.
WARNING: [RTGEN 206-101] Register 'p_ZL15H_filter_FIR_21_16' is power-on initialization.
WARNING: [RTGEN 206-101] Register 'p_ZL15H_filter_FIR_21_17' is power-on initialization.
WARNING: [RTGEN 206-101] Register 'p_ZL15H_filter_FIR_21_18' is power-on initialization.
WARNING: [RTGEN 206-101] Register 'p_ZL15H_filter_FIR_21_19' is power-on initialization.
WARNING: [RTGEN 206-101] Register 'p_ZL15H_filter_FIR_21_20' is power-on initialization.
WARNING: [RTGEN 206-101] Register 'p_ZL15H_filter_FIR_21_21' is power-on initialization.
WARNING: [RTGEN 206-101] Register 'p_ZL15H_filter_FIR_21_22' is power-on initialization.
WARNING: [RTGEN 206-101] Register 'p_ZL15H_filter_FIR_21_23' is power-on initialization.
WARNING: [RTGEN 206-101] Register 'p_ZL15H_filter_FIR_21_24' is power-on initialization.
WARNING: [RTGEN 206-101] Register 'p_ZL15H_filter_FIR_21_25' is power-on initialization.
WARNING: [RTGEN 206-101] Register 'p_ZL15H_filter_FIR_21_26' is power-on initialization.
WARNING: [RTGEN 206-101] Register 'p_ZL15H_filter_FIR_21_27' is power-on initialization.
WARNING: [RTGEN 206-101] Register 'p_ZL15H_filter_FIR_21_28' is power-on initialization.
WARNING: [RTGEN 206-101] Register 'p_ZL15H_filter_FIR_21_29' is power-on initialization.
WARNING: [RTGEN 206-101] Register 'p_ZL15H_filter_FIR_21_30' is power-on initialization.
WARNING: [RTGEN 206-101] Register 'p_ZL15H_filter_FIR_21_31' is power-on initialization.
WARNING: [RTGEN 206-101] Register 'p_ZL15H_filter_FIR_21_32' is power-on initialization.
WARNING: [RTGEN 206-101] Register 'p_ZL15H_filter_FIR_21_33' is power-on initialization.
WARNING: [RTGEN 206-101] Register 'p_ZL15H_filter_FIR_21_34' is power-on initialization.
WARNING: [RTGEN 206-101] Register 'p_ZL15H_filter_FIR_21_35' is power-on initialization.
WARNING: [RTGEN 206-101] Register 'p_ZL15H_filter_FIR_21_36' is power-on initialization.
WARNING: [RTGEN 206-101] Register 'p_ZL15H_filter_FIR_21_37' is power-on initialization.
WARNING: [RTGEN 206-101] Register 'p_ZL15H_filter_FIR_21_38' is power-on initialization.
WARNING: [RTGEN 206-101] Register 'p_ZL15H_filter_FIR_21_39' is power-on initialization.
WARNING: [RTGEN 206-101] Register 'p_ZL15H_filter_FIR_21_40' is power-on initialization.
WARNING: [RTGEN 206-101] Register 'p_ZL15H_filter_FIR_21_41' is power-on initialization.
WARNING: [RTGEN 206-101] Register 'p_ZL15H_filter_FIR_21_42' is power-on initialization.
WARNING: [RTGEN 206-101] Register 'p_ZL15H_filter_FIR_21_43' is power-on initialization.
WARNING: [RTGEN 206-101] Register 'p_ZL15H_filter_FIR_21_44' is power-on initialization.
WARNING: [RTGEN 206-101] Register 'p_ZL15H_filter_FIR_21_45' is power-on initialization.
WARNING: [RTGEN 206-101] Register 'p_ZL15H_filter_FIR_21_46' is power-on initialization.
WARNING: [RTGEN 206-101] Register 'p_ZL15H_filter_FIR_21_47' is power-on initialization.
WARNING: [RTGEN 206-101] Register 'p_ZL15H_filter_FIR_21_48' is power-on initialization.
WARNING: [RTGEN 206-101] Register 'p_ZL15H_filter_FIR_21_49' is power-on initialization.
WARNING: [RTGEN 206-101] Register 'p_ZL15H_filter_FIR_21_50' is power-on initialization.
WARNING: [RTGEN 206-101] Register 'p_ZL15H_filter_FIR_21_51' is power-on initialization.
WARNING: [RTGEN 206-101] Register 'p_ZL15H_filter_FIR_21_52' is power-on initialization.
WARNING: [RTGEN 206-101] Register 'p_ZL15H_filter_FIR_21_53' is power-on initialization.
WARNING: [RTGEN 206-101] Register 'p_ZL15H_filter_FIR_21_54' is power-on initialization.
WARNING: [RTGEN 206-101] Register 'p_ZL15H_filter_FIR_21_55' is power-on initialization.
WARNING: [RTGEN 206-101] Register 'p_ZL15H_filter_FIR_21_56' is power-on initialization.
WARNING: [RTGEN 206-101] Register 'p_ZL15H_filter_FIR_21_57' is power-on initialization.
WARNING: [RTGEN 206-101] Register 'p_ZL15H_filter_FIR_21_58' is power-on initialization.
WARNING: [RTGEN 206-101] Register 'p_ZL15H_filter_FIR_21_59' is power-on initialization.
WARNING: [RTGEN 206-101] Register 'p_ZL15H_filter_FIR_21_60' is power-on initialization.
WARNING: [RTGEN 206-101] Register 'p_ZL15H_filter_FIR_21_61' is power-on initialization.
WARNING: [RTGEN 206-101] Register 'p_ZL15H_filter_FIR_21_62' is power-on initialization.
WARNING: [RTGEN 206-101] Register 'p_ZL15H_filter_FIR_21_63' is power-on initialization.
WARNING: [RTGEN 206-101] Register 'p_ZL15H_filter_FIR_21_64' is power-on initialization.
WARNING: [RTGEN 206-101] Register 'p_ZL15H_filter_FIR_21_65' is power-on initialization.
WARNING: [RTGEN 206-101] Register 'p_ZL15H_filter_FIR_21_66' is power-on initialization.
WARNING: [RTGEN 206-101] Register 'p_ZL15H_filter_FIR_21_67' is power-on initialization.
WARNING: [RTGEN 206-101] Register 'p_ZL15H_filter_FIR_21_68' is power-on initialization.
WARNING: [RTGEN 206-101] Register 'p_ZL15H_filter_FIR_21_69' is power-on initialization.
WARNING: [RTGEN 206-101] Register 'p_ZL15H_filter_FIR_21_70' is power-on initialization.
WARNING: [RTGEN 206-101] Register 'p_ZL15H_filter_FIR_21_71' is power-on initialization.
WARNING: [RTGEN 206-101] Register 'p_ZL15H_filter_FIR_21_72' is power-on initialization.
WARNING: [RTGEN 206-101] Register 'p_ZL15H_filter_FIR_21_73' is power-on initialization.
WARNING: [RTGEN 206-101] Register 'p_ZL15H_filter_FIR_21_74' is power-on initialization.
WARNING: [RTGEN 206-101] Register 'p_ZL15H_filter_FIR_21_75' is power-on initialization.
WARNING: [RTGEN 206-101] Register 'p_ZL15H_filter_FIR_21_76' is power-on initialization.
WARNING: [RTGEN 206-101] Register 'p_ZL15H_filter_FIR_21_77' is power-on initialization.
WARNING: [RTGEN 206-101] Register 'p_ZL15H_filter_FIR_21_78' is power-on initialization.
WARNING: [RTGEN 206-101] Register 'p_ZL15H_filter_FIR_21_79' is power-on initialization.
WARNING: [RTGEN 206-101] Register 'p_ZL15H_filter_FIR_21_80' is power-on initialization.
WARNING: [RTGEN 206-101] Register 'p_ZL15H_filter_FIR_21_81' is power-on initialization.
WARNING: [RTGEN 206-101] Register 'p_ZL15H_filter_FIR_21_82' is power-on initialization.
WARNING: [RTGEN 206-101] Register 'p_ZL15H_filter_FIR_21_83' is power-on initialization.
WARNING: [RTGEN 206-101] Register 'p_ZL15H_filter_FIR_21_84' is power-on initialization.
WARNING: [RTGEN 206-101] Register 'p_ZL15H_filter_FIR_21_85' is power-on initialization.
WARNING: [RTGEN 206-101] Register 'p_ZL15H_filter_FIR_21_86' is power-on initialization.
WARNING: [RTGEN 206-101] Register 'p_ZL15H_filter_FIR_21_87' is power-on initialization.
WARNING: [RTGEN 206-101] Register 'p_ZL15H_filter_FIR_21_88' is power-on initialization.
WARNING: [RTGEN 206-101] Register 'p_ZL15H_filter_FIR_21_89' is power-on initialization.
WARNING: [RTGEN 206-101] Register 'p_ZL15H_filter_FIR_21_90' is power-on initialization.
WARNING: [RTGEN 206-101] Register 'p_ZL15H_filter_FIR_21_91' is power-on initialization.
WARNING: [RTGEN 206-101] Register 'p_ZL15H_filter_FIR_21_92' is power-on initialization.
WARNING: [RTGEN 206-101] Register 'p_ZL15H_filter_FIR_21_93' is power-on initialization.
WARNING: [RTGEN 206-101] Register 'p_ZL15H_filter_FIR_21_94' is power-on initialization.
WARNING: [RTGEN 206-101] Register 'p_ZL15H_filter_FIR_21_95' is power-on initialization.
WARNING: [RTGEN 206-101] Register 'p_ZL15H_filter_FIR_21_96' is power-on initialization.
WARNING: [RTGEN 206-101] Register 'p_ZL15H_filter_FIR_21_97' is power-on initialization.
WARNING: [RTGEN 206-101] Register 'p_ZL15H_filter_FIR_21_98' is power-on initialization.
WARNING: [RTGEN 206-101] Register 'p_ZL15H_filter_FIR_21_99' is power-on initialization.
WARNING: [RTGEN 206-101] Register 'p_ZL15H_filter_FIR_21_100' is power-on initialization.
WARNING: [RTGEN 206-101] Register 'p_ZL15H_filter_FIR_21_101' is power-on initialization.
WARNING: [RTGEN 206-101] Register 'p_ZL15H_filter_FIR_21_102' is power-on initialization.
WARNING: [RTGEN 206-101] Register 'p_ZL15H_filter_FIR_21_103' is power-on initialization.
WARNING: [RTGEN 206-101] Register 'p_ZL15H_filter_FIR_21_104' is power-on initialization.
WARNING: [RTGEN 206-101] Register 'p_ZL15H_filter_FIR_21_105' is power-on initialization.
WARNING: [RTGEN 206-101] Register 'p_ZL15H_filter_FIR_21_106' is power-on initialization.
WARNING: [RTGEN 206-101] Register 'p_ZL15H_filter_FIR_21_107' is power-on initialization.
WARNING: [RTGEN 206-101] Register 'p_ZL15H_filter_FIR_21_108' is power-on initialization.
WARNING: [RTGEN 206-101] Register 'p_ZL15H_filter_FIR_21_109' is power-on initialization.
WARNING: [RTGEN 206-101] Register 'p_ZL15H_filter_FIR_21_110' is power-on initialization.
WARNING: [RTGEN 206-101] Register 'p_ZL15H_filter_FIR_21_111' is power-on initialization.
WARNING: [RTGEN 206-101] Register 'p_ZL15H_filter_FIR_21_112' is power-on initialization.
WARNING: [RTGEN 206-101] Register 'p_ZL15H_filter_FIR_21_113' is power-on initialization.
WARNING: [RTGEN 206-101] Register 'p_ZL15H_filter_FIR_21_114' is power-on initialization.
WARNING: [RTGEN 206-101] Register 'p_ZL15H_filter_FIR_21_115' is power-on initialization.
WARNING: [RTGEN 206-101] Register 'p_ZL15H_filter_FIR_21_116' is power-on initialization.
WARNING: [RTGEN 206-101] Register 'p_ZL15H_filter_FIR_21_117' is power-on initialization.
WARNING: [RTGEN 206-101] Register 'p_ZL15H_filter_FIR_21_118' is power-on initialization.
WARNING: [RTGEN 206-101] Register 'p_ZL15H_filter_FIR_21_119' is power-on initialization.
WARNING: [RTGEN 206-101] Register 'p_ZL15H_filter_FIR_21_120' is power-on initialization.
WARNING: [RTGEN 206-101] Register 'p_ZL15H_filter_FIR_21_121' is power-on initialization.
WARNING: [RTGEN 206-101] Register 'p_ZL15H_filter_FIR_21_122' is power-on initialization.
WARNING: [RTGEN 206-101] Register 'p_ZL15H_filter_FIR_21_123' is power-on initialization.
WARNING: [RTGEN 206-101] Register 'p_ZL15H_filter_FIR_21_124' is power-on initialization.
WARNING: [RTGEN 206-101] Register 'p_ZL15H_filter_FIR_21_125' is power-on initialization.
WARNING: [RTGEN 206-101] Register 'p_ZL15H_filter_FIR_21_126' is power-on initialization.
WARNING: [RTGEN 206-101] Register 'p_ZL15H_filter_FIR_21_127' is power-on initialization.
WARNING: [RTGEN 206-101] Register 'p_ZL15H_filter_FIR_21_128' is power-on initialization.
WARNING: [RTGEN 206-101] Register 'p_ZL15H_filter_FIR_21_129' is power-on initialization.
WARNING: [RTGEN 206-101] Register 'p_ZL15H_filter_FIR_21_130' is power-on initialization.
WARNING: [RTGEN 206-101] Register 'p_ZL15H_filter_FIR_21_131' is power-on initialization.
WARNING: [RTGEN 206-101] Register 'p_ZL15H_filter_FIR_21_132' is power-on initialization.
WARNING: [RTGEN 206-101] Register 'p_ZL15H_filter_FIR_21_133' is power-on initialization.
WARNING: [RTGEN 206-101] Register 'p_ZL15H_filter_FIR_21_134' is power-on initialization.
WARNING: [RTGEN 206-101] Register 'p_ZL15H_filter_FIR_21_135' is power-on initialization.
WARNING: [RTGEN 206-101] Register 'p_ZL15H_filter_FIR_21_136' is power-on initialization.
WARNING: [RTGEN 206-101] Register 'p_ZL15H_filter_FIR_21_137' is power-on initialization.
WARNING: [RTGEN 206-101] Register 'p_ZL15H_filter_FIR_21_138' is power-on initialization.
WARNING: [RTGEN 206-101] Register 'p_ZL15H_filter_FIR_21_139' is power-on initialization.
WARNING: [RTGEN 206-101] Register 'p_ZL15H_filter_FIR_21_140' is power-on initialization.
WARNING: [RTGEN 206-101] Register 'p_ZL15H_filter_FIR_21_141' is power-on initialization.
WARNING: [RTGEN 206-101] Register 'p_ZL15H_filter_FIR_21_142' is power-on initialization.
WARNING: [RTGEN 206-101] Register 'p_ZL15H_filter_FIR_21_143' is power-on initialization.
WARNING: [RTGEN 206-101] Register 'p_ZL15H_filter_FIR_21_144' is power-on initialization.
WARNING: [RTGEN 206-101] Register 'p_ZL15H_filter_FIR_21_145' is power-on initialization.
WARNING: [RTGEN 206-101] Register 'p_ZL15H_filter_FIR_21_146' is power-on initialization.
WARNING: [RTGEN 206-101] Register 'p_ZL15H_filter_FIR_21_147' is power-on initialization.
WARNING: [RTGEN 206-101] Register 'p_ZL15H_filter_FIR_21_148' is power-on initialization.
WARNING: [RTGEN 206-101] Register 'p_ZL15H_filter_FIR_21_149' is power-on initialization.
WARNING: [RTGEN 206-101] Register 'p_ZL15H_filter_FIR_21_150' is power-on initialization.
WARNING: [RTGEN 206-101] Register 'p_ZL15H_filter_FIR_21_151' is power-on initialization.
WARNING: [RTGEN 206-101] Register 'p_ZL15H_filter_FIR_21_152' is power-on initialization.
WARNING: [RTGEN 206-101] Register 'p_ZL15H_filter_FIR_21_153' is power-on initialization.
WARNING: [RTGEN 206-101] Register 'p_ZL15H_filter_FIR_21_154' is power-on initialization.
WARNING: [RTGEN 206-101] Register 'p_ZL15H_filter_FIR_21_155' is power-on initialization.
WARNING: [RTGEN 206-101] Register 'p_ZL15H_filter_FIR_21_156' is power-on initialization.
WARNING: [RTGEN 206-101] Register 'p_ZL15H_filter_FIR_21_157' is power-on initialization.
WARNING: [RTGEN 206-101] Register 'p_ZL15H_filter_FIR_21_158' is power-on initialization.
WARNING: [RTGEN 206-101] Register 'p_ZL15H_filter_FIR_21_159' is power-on initialization.
WARNING: [RTGEN 206-101] Register 'p_ZL15H_filter_FIR_21_160' is power-on initialization.
WARNING: [RTGEN 206-101] Register 'p_ZL15H_filter_FIR_21_161' is power-on initialization.
WARNING: [RTGEN 206-101] Register 'p_ZL15H_filter_FIR_21_162' is power-on initialization.
WARNING: [RTGEN 206-101] Register 'p_ZL15H_filter_FIR_21_163' is power-on initialization.
WARNING: [RTGEN 206-101] Register 'p_ZL15H_filter_FIR_21_164' is power-on initialization.
WARNING: [RTGEN 206-101] Register 'p_ZL15H_filter_FIR_21_165' is power-on initialization.
WARNING: [RTGEN 206-101] Register 'p_ZL15H_filter_FIR_21_166' is power-on initialization.
WARNING: [RTGEN 206-101] Register 'p_ZL15H_filter_FIR_21_167' is power-on initialization.
WARNING: [RTGEN 206-101] Register 'p_ZL15H_filter_FIR_21_168' is power-on initialization.
WARNING: [RTGEN 206-101] Register 'p_ZL15H_filter_FIR_21_169' is power-on initialization.
WARNING: [RTGEN 206-101] Register 'p_ZL15H_filter_FIR_21_170' is power-on initialization.
WARNING: [RTGEN 206-101] Register 'p_ZL15H_filter_FIR_21_171' is power-on initialization.
WARNING: [RTGEN 206-101] Register 'p_ZL15H_filter_FIR_21_172' is power-on initialization.
WARNING: [RTGEN 206-101] Register 'p_ZL15H_filter_FIR_21_173' is power-on initialization.
WARNING: [RTGEN 206-101] Register 'p_ZL15H_filter_FIR_21_174' is power-on initialization.
WARNING: [RTGEN 206-101] Register 'p_ZL15H_filter_FIR_21_175' is power-on initialization.
WARNING: [RTGEN 206-101] Register 'p_ZL15H_filter_FIR_21_176' is power-on initialization.
WARNING: [RTGEN 206-101] Register 'p_ZL15H_filter_FIR_21_177' is power-on initialization.
WARNING: [RTGEN 206-101] Register 'p_ZL15H_filter_FIR_21_178' is power-on initialization.
WARNING: [RTGEN 206-101] Register 'p_ZL15H_filter_FIR_21_179' is power-on initialization.
WARNING: [RTGEN 206-101] Register 'p_ZL15H_filter_FIR_21_180' is power-on initialization.
WARNING: [RTGEN 206-101] Register 'p_ZL15H_filter_FIR_21_181' is power-on initialization.
WARNING: [RTGEN 206-101] Register 'p_ZL15H_filter_FIR_21_182' is power-on initialization.
WARNING: [RTGEN 206-101] Register 'p_ZL15H_filter_FIR_21_183' is power-on initialization.
WARNING: [RTGEN 206-101] Register 'p_ZL15H_filter_FIR_21_184' is power-on initialization.
WARNING: [RTGEN 206-101] Register 'p_ZL15H_filter_FIR_21_185' is power-on initialization.
WARNING: [RTGEN 206-101] Register 'p_ZL15H_filter_FIR_21_186' is power-on initialization.
WARNING: [RTGEN 206-101] Register 'p_ZL15H_filter_FIR_21_187' is power-on initialization.
WARNING: [RTGEN 206-101] Register 'p_ZL15H_filter_FIR_21_188' is power-on initialization.
WARNING: [RTGEN 206-101] Register 'p_ZL15H_filter_FIR_21_189' is power-on initialization.
WARNING: [RTGEN 206-101] Register 'p_ZL15H_filter_FIR_21_190' is power-on initialization.
WARNING: [RTGEN 206-101] Register 'p_ZL15H_filter_FIR_21_191' is power-on initialization.
WARNING: [RTGEN 206-101] Register 'p_ZL15H_filter_FIR_21_192' is power-on initialization.
WARNING: [RTGEN 206-101] Register 'p_ZL15H_filter_FIR_21_193' is power-on initialization.
WARNING: [RTGEN 206-101] Register 'p_ZL15H_filter_FIR_21_194' is power-on initialization.
WARNING: [RTGEN 206-101] Register 'p_ZL15H_filter_FIR_20_0' is power-on initialization.
WARNING: [RTGEN 206-101] Register 'p_ZL15H_filter_FIR_20_1' is power-on initialization.
WARNING: [RTGEN 206-101] Register 'p_ZL15H_filter_FIR_20_2' is power-on initialization.
WARNING: [RTGEN 206-101] Register 'p_ZL15H_filter_FIR_20_3' is power-on initialization.
WARNING: [RTGEN 206-101] Register 'p_ZL15H_filter_FIR_20_4' is power-on initialization.
WARNING: [RTGEN 206-101] Register 'p_ZL15H_filter_FIR_20_5' is power-on initialization.
WARNING: [RTGEN 206-101] Register 'p_ZL15H_filter_FIR_20_6' is power-on initialization.
WARNING: [RTGEN 206-101] Register 'p_ZL15H_filter_FIR_20_7' is power-on initialization.
WARNING: [RTGEN 206-101] Register 'p_ZL15H_filter_FIR_20_8' is power-on initialization.
WARNING: [RTGEN 206-101] Register 'p_ZL15H_filter_FIR_20_9' is power-on initialization.
WARNING: [RTGEN 206-101] Register 'p_ZL15H_filter_FIR_20_10' is power-on initialization.
WARNING: [RTGEN 206-101] Register 'p_ZL15H_filter_FIR_20_11' is power-on initialization.
WARNING: [RTGEN 206-101] Register 'p_ZL15H_filter_FIR_20_12' is power-on initialization.
WARNING: [RTGEN 206-101] Register 'p_ZL15H_filter_FIR_20_13' is power-on initialization.
WARNING: [RTGEN 206-101] Register 'p_ZL15H_filter_FIR_20_14' is power-on initialization.
WARNING: [RTGEN 206-101] Register 'p_ZL15H_filter_FIR_20_15' is power-on initialization.
WARNING: [RTGEN 206-101] Register 'p_ZL15H_filter_FIR_20_16' is power-on initialization.
WARNING: [RTGEN 206-101] Register 'p_ZL15H_filter_FIR_20_17' is power-on initialization.
WARNING: [RTGEN 206-101] Register 'p_ZL15H_filter_FIR_20_18' is power-on initialization.
WARNING: [RTGEN 206-101] Register 'p_ZL15H_filter_FIR_20_19' is power-on initialization.
WARNING: [RTGEN 206-101] Register 'p_ZL15H_filter_FIR_20_20' is power-on initialization.
WARNING: [RTGEN 206-101] Register 'p_ZL15H_filter_FIR_20_21' is power-on initialization.
WARNING: [RTGEN 206-101] Register 'p_ZL15H_filter_FIR_20_22' is power-on initialization.
WARNING: [RTGEN 206-101] Register 'p_ZL15H_filter_FIR_20_23' is power-on initialization.
WARNING: [RTGEN 206-101] Register 'p_ZL15H_filter_FIR_20_24' is power-on initialization.
WARNING: [RTGEN 206-101] Register 'p_ZL15H_filter_FIR_20_25' is power-on initialization.
WARNING: [RTGEN 206-101] Register 'p_ZL15H_filter_FIR_20_26' is power-on initialization.
WARNING: [RTGEN 206-101] Register 'p_ZL15H_filter_FIR_20_27' is power-on initialization.
WARNING: [RTGEN 206-101] Register 'p_ZL15H_filter_FIR_20_28' is power-on initialization.
WARNING: [RTGEN 206-101] Register 'p_ZL15H_filter_FIR_20_29' is power-on initialization.
WARNING: [RTGEN 206-101] Register 'p_ZL15H_filter_FIR_20_30' is power-on initialization.
WARNING: [RTGEN 206-101] Register 'p_ZL15H_filter_FIR_20_31' is power-on initialization.
WARNING: [RTGEN 206-101] Register 'p_ZL15H_filter_FIR_20_32' is power-on initialization.
WARNING: [RTGEN 206-101] Register 'p_ZL15H_filter_FIR_20_33' is power-on initialization.
WARNING: [RTGEN 206-101] Register 'p_ZL15H_filter_FIR_20_34' is power-on initialization.
WARNING: [RTGEN 206-101] Register 'p_ZL15H_filter_FIR_20_35' is power-on initialization.
WARNING: [RTGEN 206-101] Register 'p_ZL15H_filter_FIR_20_36' is power-on initialization.
WARNING: [RTGEN 206-101] Register 'p_ZL15H_filter_FIR_20_37' is power-on initialization.
WARNING: [RTGEN 206-101] Register 'p_ZL15H_filter_FIR_20_38' is power-on initialization.
WARNING: [RTGEN 206-101] Register 'p_ZL15H_filter_FIR_20_39' is power-on initialization.
WARNING: [RTGEN 206-101] Register 'p_ZL15H_filter_FIR_20_40' is power-on initialization.
WARNING: [RTGEN 206-101] Register 'p_ZL15H_filter_FIR_20_41' is power-on initialization.
WARNING: [RTGEN 206-101] Register 'p_ZL15H_filter_FIR_20_42' is power-on initialization.
WARNING: [RTGEN 206-101] Register 'p_ZL15H_filter_FIR_20_43' is power-on initialization.
WARNING: [RTGEN 206-101] Register 'p_ZL15H_filter_FIR_20_44' is power-on initialization.
WARNING: [RTGEN 206-101] Register 'p_ZL15H_filter_FIR_20_45' is power-on initialization.
WARNING: [RTGEN 206-101] Register 'p_ZL15H_filter_FIR_20_46' is power-on initialization.
WARNING: [RTGEN 206-101] Register 'p_ZL15H_filter_FIR_20_47' is power-on initialization.
WARNING: [RTGEN 206-101] Register 'p_ZL15H_filter_FIR_20_48' is power-on initialization.
WARNING: [RTGEN 206-101] Register 'p_ZL15H_filter_FIR_20_49' is power-on initialization.
WARNING: [RTGEN 206-101] Register 'p_ZL15H_filter_FIR_20_50' is power-on initialization.
WARNING: [RTGEN 206-101] Register 'p_ZL15H_filter_FIR_20_51' is power-on initialization.
WARNING: [RTGEN 206-101] Register 'p_ZL15H_filter_FIR_20_52' is power-on initialization.
WARNING: [RTGEN 206-101] Register 'p_ZL15H_filter_FIR_20_53' is power-on initialization.
WARNING: [RTGEN 206-101] Register 'p_ZL15H_filter_FIR_20_54' is power-on initialization.
WARNING: [RTGEN 206-101] Register 'p_ZL15H_filter_FIR_20_55' is power-on initialization.
WARNING: [RTGEN 206-101] Register 'p_ZL15H_filter_FIR_20_56' is power-on initialization.
WARNING: [RTGEN 206-101] Register 'p_ZL15H_filter_FIR_20_57' is power-on initialization.
WARNING: [RTGEN 206-101] Register 'p_ZL15H_filter_FIR_20_58' is power-on initialization.
WARNING: [RTGEN 206-101] Register 'p_ZL15H_filter_FIR_20_59' is power-on initialization.
WARNING: [RTGEN 206-101] Register 'p_ZL15H_filter_FIR_20_60' is power-on initialization.
WARNING: [RTGEN 206-101] Register 'p_ZL15H_filter_FIR_20_61' is power-on initialization.
WARNING: [RTGEN 206-101] Register 'p_ZL15H_filter_FIR_20_62' is power-on initialization.
WARNING: [RTGEN 206-101] Register 'p_ZL15H_filter_FIR_20_63' is power-on initialization.
WARNING: [RTGEN 206-101] Register 'p_ZL15H_filter_FIR_20_64' is power-on initialization.
WARNING: [RTGEN 206-101] Register 'p_ZL15H_filter_FIR_20_65' is power-on initialization.
WARNING: [RTGEN 206-101] Register 'p_ZL15H_filter_FIR_20_66' is power-on initialization.
WARNING: [RTGEN 206-101] Register 'p_ZL15H_filter_FIR_20_67' is power-on initialization.
WARNING: [RTGEN 206-101] Register 'p_ZL15H_filter_FIR_20_68' is power-on initialization.
WARNING: [RTGEN 206-101] Register 'p_ZL15H_filter_FIR_20_69' is power-on initialization.
WARNING: [RTGEN 206-101] Register 'p_ZL15H_filter_FIR_20_70' is power-on initialization.
WARNING: [RTGEN 206-101] Register 'p_ZL15H_filter_FIR_20_71' is power-on initialization.
WARNING: [RTGEN 206-101] Register 'p_ZL15H_filter_FIR_20_72' is power-on initialization.
WARNING: [RTGEN 206-101] Register 'p_ZL15H_filter_FIR_20_73' is power-on initialization.
WARNING: [RTGEN 206-101] Register 'p_ZL15H_filter_FIR_20_74' is power-on initialization.
WARNING: [RTGEN 206-101] Register 'p_ZL15H_filter_FIR_20_75' is power-on initialization.
WARNING: [RTGEN 206-101] Register 'p_ZL15H_filter_FIR_20_76' is power-on initialization.
WARNING: [RTGEN 206-101] Register 'p_ZL15H_filter_FIR_20_77' is power-on initialization.
WARNING: [RTGEN 206-101] Register 'p_ZL15H_filter_FIR_20_78' is power-on initialization.
WARNING: [RTGEN 206-101] Register 'p_ZL15H_filter_FIR_20_79' is power-on initialization.
WARNING: [RTGEN 206-101] Register 'p_ZL15H_filter_FIR_20_80' is power-on initialization.
WARNING: [RTGEN 206-101] Register 'p_ZL15H_filter_FIR_20_81' is power-on initialization.
WARNING: [RTGEN 206-101] Register 'p_ZL15H_filter_FIR_20_82' is power-on initialization.
WARNING: [RTGEN 206-101] Register 'p_ZL15H_filter_FIR_20_83' is power-on initialization.
WARNING: [RTGEN 206-101] Register 'p_ZL15H_filter_FIR_20_84' is power-on initialization.
WARNING: [RTGEN 206-101] Register 'p_ZL15H_filter_FIR_20_85' is power-on initialization.
WARNING: [RTGEN 206-101] Register 'p_ZL15H_filter_FIR_20_86' is power-on initialization.
WARNING: [RTGEN 206-101] Register 'p_ZL15H_filter_FIR_20_87' is power-on initialization.
WARNING: [RTGEN 206-101] Register 'p_ZL15H_filter_FIR_20_88' is power-on initialization.
WARNING: [RTGEN 206-101] Register 'p_ZL15H_filter_FIR_20_89' is power-on initialization.
WARNING: [RTGEN 206-101] Register 'p_ZL15H_filter_FIR_20_90' is power-on initialization.
WARNING: [RTGEN 206-101] Register 'p_ZL15H_filter_FIR_20_91' is power-on initialization.
WARNING: [RTGEN 206-101] Register 'p_ZL15H_filter_FIR_20_92' is power-on initialization.
WARNING: [RTGEN 206-101] Register 'p_ZL15H_filter_FIR_20_93' is power-on initialization.
WARNING: [RTGEN 206-101] Register 'p_ZL15H_filter_FIR_20_94' is power-on initialization.
WARNING: [RTGEN 206-101] Register 'p_ZL15H_filter_FIR_20_95' is power-on initialization.
WARNING: [RTGEN 206-101] Register 'p_ZL15H_filter_FIR_20_96' is power-on initialization.
WARNING: [RTGEN 206-101] Register 'p_ZL15H_filter_FIR_20_97' is power-on initialization.
WARNING: [RTGEN 206-101] Register 'p_ZL15H_filter_FIR_20_98' is power-on initialization.
WARNING: [RTGEN 206-101] Register 'p_ZL15H_filter_FIR_20_99' is power-on initialization.
WARNING: [RTGEN 206-101] Register 'p_ZL15H_filter_FIR_20_100' is power-on initialization.
WARNING: [RTGEN 206-101] Register 'p_ZL15H_filter_FIR_20_101' is power-on initialization.
WARNING: [RTGEN 206-101] Register 'p_ZL15H_filter_FIR_20_102' is power-on initialization.
WARNING: [RTGEN 206-101] Register 'p_ZL15H_filter_FIR_20_103' is power-on initialization.
WARNING: [RTGEN 206-101] Register 'p_ZL15H_filter_FIR_20_104' is power-on initialization.
WARNING: [RTGEN 206-101] Register 'p_ZL15H_filter_FIR_20_105' is power-on initialization.
WARNING: [RTGEN 206-101] Register 'p_ZL15H_filter_FIR_20_106' is power-on initialization.
WARNING: [RTGEN 206-101] Register 'p_ZL15H_filter_FIR_20_107' is power-on initialization.
WARNING: [RTGEN 206-101] Register 'p_ZL15H_filter_FIR_20_108' is power-on initialization.
WARNING: [RTGEN 206-101] Register 'p_ZL15H_filter_FIR_20_109' is power-on initialization.
WARNING: [RTGEN 206-101] Register 'p_ZL15H_filter_FIR_20_110' is power-on initialization.
WARNING: [RTGEN 206-101] Register 'p_ZL15H_filter_FIR_20_111' is power-on initialization.
WARNING: [RTGEN 206-101] Register 'p_ZL15H_filter_FIR_20_112' is power-on initialization.
WARNING: [RTGEN 206-101] Register 'p_ZL15H_filter_FIR_20_113' is power-on initialization.
WARNING: [RTGEN 206-101] Register 'p_ZL15H_filter_FIR_20_114' is power-on initialization.
WARNING: [RTGEN 206-101] Register 'p_ZL15H_filter_FIR_20_115' is power-on initialization.
WARNING: [RTGEN 206-101] Register 'p_ZL15H_filter_FIR_20_116' is power-on initialization.
WARNING: [RTGEN 206-101] Register 'p_ZL15H_filter_FIR_20_117' is power-on initialization.
WARNING: [RTGEN 206-101] Register 'p_ZL15H_filter_FIR_20_118' is power-on initialization.
WARNING: [RTGEN 206-101] Register 'p_ZL15H_filter_FIR_20_119' is power-on initialization.
WARNING: [RTGEN 206-101] Register 'p_ZL15H_filter_FIR_20_120' is power-on initialization.
WARNING: [RTGEN 206-101] Register 'p_ZL15H_filter_FIR_20_121' is power-on initialization.
WARNING: [RTGEN 206-101] Register 'p_ZL15H_filter_FIR_20_122' is power-on initialization.
WARNING: [RTGEN 206-101] Register 'p_ZL15H_filter_FIR_20_123' is power-on initialization.
WARNING: [RTGEN 206-101] Register 'p_ZL15H_filter_FIR_20_124' is power-on initialization.
WARNING: [RTGEN 206-101] Register 'p_ZL15H_filter_FIR_20_125' is power-on initialization.
WARNING: [RTGEN 206-101] Register 'p_ZL15H_filter_FIR_20_126' is power-on initialization.
WARNING: [RTGEN 206-101] Register 'p_ZL15H_filter_FIR_20_127' is power-on initialization.
WARNING: [RTGEN 206-101] Register 'p_ZL15H_filter_FIR_20_128' is power-on initialization.
WARNING: [RTGEN 206-101] Register 'p_ZL15H_filter_FIR_20_129' is power-on initialization.
WARNING: [RTGEN 206-101] Register 'p_ZL15H_filter_FIR_20_130' is power-on initialization.
WARNING: [RTGEN 206-101] Register 'p_ZL15H_filter_FIR_20_131' is power-on initialization.
WARNING: [RTGEN 206-101] Register 'p_ZL15H_filter_FIR_20_132' is power-on initialization.
WARNING: [RTGEN 206-101] Register 'p_ZL15H_filter_FIR_20_133' is power-on initialization.
WARNING: [RTGEN 206-101] Register 'p_ZL15H_filter_FIR_20_134' is power-on initialization.
WARNING: [RTGEN 206-101] Register 'p_ZL15H_filter_FIR_20_135' is power-on initialization.
WARNING: [RTGEN 206-101] Register 'p_ZL15H_filter_FIR_20_136' is power-on initialization.
WARNING: [RTGEN 206-101] Register 'p_ZL15H_filter_FIR_20_137' is power-on initialization.
WARNING: [RTGEN 206-101] Register 'p_ZL15H_filter_FIR_20_138' is power-on initialization.
WARNING: [RTGEN 206-101] Register 'p_ZL15H_filter_FIR_20_139' is power-on initialization.
WARNING: [RTGEN 206-101] Register 'p_ZL15H_filter_FIR_20_140' is power-on initialization.
WARNING: [RTGEN 206-101] Register 'p_ZL15H_filter_FIR_20_141' is power-on initialization.
WARNING: [RTGEN 206-101] Register 'p_ZL15H_filter_FIR_20_142' is power-on initialization.
WARNING: [RTGEN 206-101] Register 'p_ZL15H_filter_FIR_20_143' is power-on initialization.
WARNING: [RTGEN 206-101] Register 'p_ZL15H_filter_FIR_20_144' is power-on initialization.
WARNING: [RTGEN 206-101] Register 'p_ZL15H_filter_FIR_20_145' is power-on initialization.
WARNING: [RTGEN 206-101] Register 'p_ZL15H_filter_FIR_20_146' is power-on initialization.
WARNING: [RTGEN 206-101] Register 'p_ZL15H_filter_FIR_20_147' is power-on initialization.
WARNING: [RTGEN 206-101] Register 'p_ZL15H_filter_FIR_20_148' is power-on initialization.
WARNING: [RTGEN 206-101] Register 'p_ZL15H_filter_FIR_20_149' is power-on initialization.
WARNING: [RTGEN 206-101] Register 'p_ZL15H_filter_FIR_20_150' is power-on initialization.
WARNING: [RTGEN 206-101] Register 'p_ZL15H_filter_FIR_20_151' is power-on initialization.
WARNING: [RTGEN 206-101] Register 'p_ZL15H_filter_FIR_20_152' is power-on initialization.
WARNING: [RTGEN 206-101] Register 'p_ZL15H_filter_FIR_20_153' is power-on initialization.
WARNING: [RTGEN 206-101] Register 'p_ZL15H_filter_FIR_20_154' is power-on initialization.
WARNING: [RTGEN 206-101] Register 'p_ZL15H_filter_FIR_20_155' is power-on initialization.
WARNING: [RTGEN 206-101] Register 'p_ZL15H_filter_FIR_20_156' is power-on initialization.
WARNING: [RTGEN 206-101] Register 'p_ZL15H_filter_FIR_20_157' is power-on initialization.
WARNING: [RTGEN 206-101] Register 'p_ZL15H_filter_FIR_20_158' is power-on initialization.
WARNING: [RTGEN 206-101] Register 'p_ZL15H_filter_FIR_20_159' is power-on initialization.
WARNING: [RTGEN 206-101] Register 'p_ZL15H_filter_FIR_20_160' is power-on initialization.
WARNING: [RTGEN 206-101] Register 'p_ZL15H_filter_FIR_20_161' is power-on initialization.
WARNING: [RTGEN 206-101] Register 'p_ZL15H_filter_FIR_20_162' is power-on initialization.
WARNING: [RTGEN 206-101] Register 'p_ZL15H_filter_FIR_20_163' is power-on initialization.
WARNING: [RTGEN 206-101] Register 'p_ZL15H_filter_FIR_20_164' is power-on initialization.
WARNING: [RTGEN 206-101] Register 'p_ZL15H_filter_FIR_20_165' is power-on initialization.
WARNING: [RTGEN 206-101] Register 'p_ZL15H_filter_FIR_20_166' is power-on initialization.
WARNING: [RTGEN 206-101] Register 'p_ZL15H_filter_FIR_20_167' is power-on initialization.
WARNING: [RTGEN 206-101] Register 'p_ZL15H_filter_FIR_20_168' is power-on initialization.
WARNING: [RTGEN 206-101] Register 'p_ZL15H_filter_FIR_20_169' is power-on initialization.
WARNING: [RTGEN 206-101] Register 'p_ZL15H_filter_FIR_20_170' is power-on initialization.
WARNING: [RTGEN 206-101] Register 'p_ZL15H_filter_FIR_20_171' is power-on initialization.
WARNING: [RTGEN 206-101] Register 'p_ZL15H_filter_FIR_20_172' is power-on initialization.
WARNING: [RTGEN 206-101] Register 'p_ZL15H_filter_FIR_20_173' is power-on initialization.
WARNING: [RTGEN 206-101] Register 'p_ZL15H_filter_FIR_20_174' is power-on initialization.
WARNING: [RTGEN 206-101] Register 'p_ZL15H_filter_FIR_20_175' is power-on initialization.
WARNING: [RTGEN 206-101] Register 'p_ZL15H_filter_FIR_20_176' is power-on initialization.
WARNING: [RTGEN 206-101] Register 'p_ZL15H_filter_FIR_20_177' is power-on initialization.
WARNING: [RTGEN 206-101] Register 'p_ZL15H_filter_FIR_20_178' is power-on initialization.
WARNING: [RTGEN 206-101] Register 'p_ZL15H_filter_FIR_20_179' is power-on initialization.
WARNING: [RTGEN 206-101] Register 'p_ZL15H_filter_FIR_20_180' is power-on initialization.
WARNING: [RTGEN 206-101] Register 'p_ZL15H_filter_FIR_20_181' is power-on initialization.
WARNING: [RTGEN 206-101] Register 'p_ZL15H_filter_FIR_20_182' is power-on initialization.
WARNING: [RTGEN 206-101] Register 'p_ZL15H_filter_FIR_20_183' is power-on initialization.
WARNING: [RTGEN 206-101] Register 'p_ZL15H_filter_FIR_20_184' is power-on initialization.
WARNING: [RTGEN 206-101] Register 'p_ZL15H_filter_FIR_20_185' is power-on initialization.
WARNING: [RTGEN 206-101] Register 'p_ZL15H_filter_FIR_20_186' is power-on initialization.
WARNING: [RTGEN 206-101] Register 'p_ZL15H_filter_FIR_20_187' is power-on initialization.
WARNING: [RTGEN 206-101] Register 'p_ZL15H_filter_FIR_20_188' is power-on initialization.
WARNING: [RTGEN 206-101] Register 'p_ZL15H_filter_FIR_20_189' is power-on initialization.
WARNING: [RTGEN 206-101] Register 'p_ZL15H_filter_FIR_20_190' is power-on initialization.
WARNING: [RTGEN 206-101] Register 'p_ZL15H_filter_FIR_20_191' is power-on initialization.
WARNING: [RTGEN 206-101] Register 'p_ZL15H_filter_FIR_20_192' is power-on initialization.
WARNING: [RTGEN 206-101] Register 'p_ZL15H_filter_FIR_20_193' is power-on initialization.
WARNING: [RTGEN 206-101] Register 'p_ZL15H_filter_FIR_20_194' is power-on initialization.
INFO: [RTGEN 206-104] Estimated max fanout for 'Fast_Running_FIR_HLS' is 12512 from HDL expression: ((mod_value == 1'd1) & (1'b1 == ap_CS_fsm_state1) & (1'b0 == ap_block_state1))
INFO: [RTGEN 206-100] Finished creating RTL model for 'Fast_Running_FIR_HLS'.
INFO: [HLS 200-111] Finished Creating RTL model: CPU user time: 12 seconds. CPU system time: 1 seconds. Elapsed time: 35.013 seconds; current allocated memory: 673.832 MB.
INFO: [HLS 200-111] Finished Generating all RTL models: CPU user time: 2 seconds. CPU system time: 2 seconds. Elapsed time: 3.764 seconds; current allocated memory: 679.199 MB.
INFO: [HLS 200-111] Finished Updating report files: CPU user time: 0 seconds. CPU system time: 0 seconds. Elapsed time: 0.935 seconds; current allocated memory: 679.688 MB.
INFO: [VHDL 208-304] Generating VHDL RTL for Fast_Running_FIR_HLS.
INFO: [VLOG 209-307] Generating Verilog RTL for Fast_Running_FIR_HLS.
INFO: [HLS 200-789] **** Estimated Fmax: 177.49 MHz
INFO: [HLS 200-112] Total CPU user time: 32 seconds. Total CPU system time: 6 seconds. Total elapsed time: 75.722 seconds; peak allocated memory: 681.008 MB.
INFO: [v++ 60-791] Total elapsed time: 0h 1m 20s
