  **** HLS Build v2024.2 5238294
INFO: [HLS 200-2005] Using work_dir C:/HLS-multirate-DSP/HLS_FIR/Fast_Running_FIR_HLS/Fast_Running_FIR_HLS 
INFO: [HLS 200-1505] Using default flow_target 'vivado'
Resolution: For help on HLS 200-1505 see docs.xilinx.com/access/sources/dita/topic?Doc_Version=2024.2%20English&url=ug1448-hls-guidance&resourceid=200-1505.html
INFO: [HLS 200-1465] Applying ini 'syn.file=FIR_HLS.cpp' from C:/HLS-multirate-DSP/HLS_FIR/Fast_Running_FIR_HLS/hls_config.cfg(7)
INFO: [HLS 200-10] Adding design file 'C:/HLS-multirate-DSP/HLS_FIR/Fast_Running_FIR_HLS/FIR_HLS.cpp' to the project
INFO: [HLS 200-1465] Applying ini 'syn.file=FIR_HLS.h' from C:/HLS-multirate-DSP/HLS_FIR/Fast_Running_FIR_HLS/hls_config.cfg(8)
INFO: [HLS 200-10] Adding design file 'C:/HLS-multirate-DSP/HLS_FIR/Fast_Running_FIR_HLS/FIR_HLS.h' to the project
INFO: [HLS 200-1465] Applying ini 'syn.file=../../Matlab/FIR_fastrunning_HLS.h' from C:/HLS-multirate-DSP/HLS_FIR/Fast_Running_FIR_HLS/hls_config.cfg(9)
INFO: [HLS 200-10] Adding design file 'C:/HLS-multirate-DSP/Matlab/FIR_fastrunning_HLS.h' to the project
INFO: [HLS 200-1465] Applying ini 'tb.file=FIR_HLS_TB.cpp' from C:/HLS-multirate-DSP/HLS_FIR/Fast_Running_FIR_HLS/hls_config.cfg(10)
INFO: [HLS 200-10] Adding test bench file 'C:/HLS-multirate-DSP/HLS_FIR/Fast_Running_FIR_HLS/FIR_HLS_TB.cpp' to the project
INFO: [HLS 200-1465] Applying ini 'tb.file=../../Matlab/TS_HLS_fastrunning.dat' from C:/HLS-multirate-DSP/HLS_FIR/Fast_Running_FIR_HLS/hls_config.cfg(11)
INFO: [HLS 200-10] Adding test bench file 'C:/HLS-multirate-DSP/Matlab/TS_HLS_fastrunning.dat' to the project
INFO: [HLS 200-1465] Applying ini 'tb.file=../../Matlab/TS_HLS_fastrunning.res' from C:/HLS-multirate-DSP/HLS_FIR/Fast_Running_FIR_HLS/hls_config.cfg(12)
INFO: [HLS 200-10] Adding test bench file 'C:/HLS-multirate-DSP/Matlab/TS_HLS_fastrunning.res' to the project
INFO: [HLS 200-1465] Applying ini 'syn.top=Fast_Running_FIR_HLS' from C:/HLS-multirate-DSP/HLS_FIR/Fast_Running_FIR_HLS/hls_config.cfg(13)
INFO: [HLS 200-1465] Applying ini 'flow_target=vivado' from C:/HLS-multirate-DSP/HLS_FIR/Fast_Running_FIR_HLS/hls_config.cfg(4)
INFO: [HLS 200-1505] Using flow_target 'vivado'
Resolution: For help on HLS 200-1505 see docs.xilinx.com/access/sources/dita/topic?Doc_Version=2024.2%20English&url=ug1448-hls-guidance&resourceid=200-1505.html
INFO: [HLS 200-1465] Applying ini 'part=xck26-sfvc784-2LV-c' from C:/HLS-multirate-DSP/HLS_FIR/Fast_Running_FIR_HLS/hls_config.cfg(1)
INFO: [HLS 200-1611] Setting target device to 'xck26-sfvc784-2LV-c'
INFO: [HLS 200-1465] Applying ini 'package.ip.display_name=Transposed_FIR_HLS' from C:/HLS-multirate-DSP/HLS_FIR/Fast_Running_FIR_HLS/hls_config.cfg(14)
INFO: [HLS 200-1465] Applying ini 'package.output.format=ip_catalog' from C:/HLS-multirate-DSP/HLS_FIR/Fast_Running_FIR_HLS/hls_config.cfg(5)
INFO: [SIM 211-2] *************** CSIM start ***************
INFO: [SIM 211-4] CSIM will launch CLANG as the compiler.
INFO: [HLS 200-2036] Building debug C Simulation binaries
   Compiling ../../../../FIR_HLS.cpp in debug mode
   Generating csim.exe
In file included from ../../../../FIR_HLS.cpp:1:
In file included from ../../../../FIR_HLS.h:2:
In file included from C:/AMD/Vitis/2024.2/include/ap_fixed.h:9:
In file included from C:/AMD/Vitis/2024.2/include/etc/ap_common.h:658:
In file included from C:/AMD/Vitis/2024.2/include/etc/ap_private.h:68:
In file included from C:/AMD/Vitis/2024.2/include/hls_half.h:26:
In file included from C:/AMD/Vitis/2024.2/include/etc/hls_half_fpo.h:19:
In file included from C:/AMD/Vitis/2024.2/include/hls_fpo.h:140:
In file included from C:/AMD/Vitis/2024.2/include/floating_point_v7_1_bitacc_cmodel.h:150:
C:/AMD/Vitis/2024.2/include/gmp.h:58:9: warning: '__GMP_LIBGMP_DLL' macro redefined [-Wmacro-redefined]
#define __GMP_LIBGMP_DLL  0
        ^
C:/AMD/Vitis/2024.2/include/floating_point_v7_1_bitacc_cmodel.h:142:9: note: previous definition is here
#define __GMP_LIBGMP_DLL 1
        ^
1 warning generated.
INFO: Reading ../../../../../../Matlab/TS_HLS_fastrunning.dat
INFO: Read 460 samples from ../../../../../../Matlab/TS_HLS_fastrunning.dat
INFO: Reading ../../../../../../Matlab/TS_HLS_fastrunning.res
INFO: Read 460 samples from ../../../../../../Matlab/TS_HLS_fastrunning.res
INFO: Input and reference data lengths match.
Mismatch at sample  188: ref=-0.0200806, dut=          0
Mismatch at sample  189: ref=-0.0306702, dut=          0
Mismatch at sample  190: ref=-0.0353394, dut=          0
Mismatch at sample  191: ref=-0.0408325, dut=          0
Mismatch at sample  192: ref=-0.024292, dut=          0
Mismatch at sample  194: ref=0.0320129, dut=          0
Mismatch at sample  195: ref=0.0662231, dut=          0
Mismatch at sample  196: ref=0.143555, dut=          0
Mismatch at sample  197: ref=0.205811, dut=          0
Mismatch at sample  198: ref=0.305847, dut=          0
Mismatch at sample  199: ref=0.392212, dut=          0
Mismatch at sample  200: ref=0.499207, dut=          0
Mismatch at sample  201: ref=0.598419, dut=          0
Mismatch at sample  202: ref=0.693695, dut=          0
Mismatch at sample  203: ref=0.789948, dut=          0
Mismatch at sample  204: ref=0.857208, dut=          0
Mismatch at sample  205: ref=0.934509, dut=          0
Mismatch at sample  206: ref=0.963898, dut=          0
Mismatch at sample  207: ref=-0.989838, dut=          0
Mismatch at sample  208: ref=0.999634, dut=          0
Mismatch at sample  209: ref=-0.990906, dut=          0
Mismatch at sample  210: ref=0.963074, dut=          0
Mismatch at sample  211: ref=0.93631, dut=          0
Mismatch at sample  212: ref=0.862518, dut=          0
Mismatch at sample  213: ref=0.804565, dut=          0
Mismatch at sample  214: ref=0.710724, dut=          0
Mismatch at sample  215: ref=0.628448, dut=          0
Mismatch at sample  216: ref=0.52066, dut=          0
Mismatch at sample  217: ref=0.420593, dut=          0
Mismatch at sample  218: ref=0.303314, dut=          0
Mismatch at sample  219: ref=0.190918, dut=          0
Mismatch at sample  220: ref=0.0684814, dut=          0
Mismatch at sample  221: ref=-0.0513306, dut=          0
Mismatch at sample  222: ref=-0.173248, dut=          0
Mismatch at sample  223: ref=-0.294922, dut=          0
Mismatch at sample  224: ref=-0.408691, dut=          0
Mismatch at sample  225: ref=-0.525391, dut=          0
Mismatch at sample  226: ref=-0.62207, dut=          0
Mismatch at sample  227: ref=-0.725769, dut=          0
Mismatch at sample  228: ref=-0.797058, dut=          0
Mismatch at sample  229: ref=-0.879639, dut=          0
Mismatch at sample  230: ref=-0.919678, dut=          0
Mismatch at sample  231: ref=-0.974518, dut=          0
Mismatch at sample  232: ref=-0.980957, dut=          0
Mismatch at sample  233: ref=0.99585, dut=          0
Mismatch at sample  234: ref=-0.978027, dut=          0
Mismatch at sample  235: ref=-0.968781, dut=          0
Mismatch at sample  236: ref=-0.913452, dut=          0
Mismatch at sample  237: ref=-0.873566, dut=          0
Mismatch at sample  238: ref=-0.793518, dut=          0
Mismatch at sample  239: ref=-0.726624, dut=          0
Mismatch at sample  240: ref=-0.626587, dut=          0
Mismatch at sample  241: ref=-0.53714, dut=          0
Mismatch at sample  242: ref=-0.42218, dut=          0
Mismatch at sample  243: ref=-0.315155, dut=          0
Mismatch at sample  244: ref=-0.191132, dut=          0
Mismatch at sample  245: ref=-0.0722351, dut=          0
Mismatch at sample  246: ref=0.053772, dut=          0
Mismatch at sample  247: ref=0.177917, dut=          0
Mismatch at sample  248: ref=0.297668, dut=          0
Mismatch at sample  249: ref=0.419342, dut=          0
Mismatch at sample  250: ref=0.524231, dut=          0
Mismatch at sample  251: ref=0.635223, dut=          0
Mismatch at sample  252: ref=0.717529, dut=          0
Mismatch at sample  253: ref=0.810028, dut=          0
Mismatch at sample  254: ref=0.864075, dut=          0
Mismatch at sample  255: ref=0.93158, dut=          0
Mismatch at sample  256: ref=0.954376, dut=          0
Mismatch at sample  257: ref=0.992645, dut=          0
Mismatch at sample  258: ref=0.983673, dut=          0
Mismatch at sample  259: ref=0.990845, dut=          0
Mismatch at sample  260: ref=0.95163, dut=          0
Mismatch at sample  261: ref=0.928009, dut=          0
Mismatch at sample  262: ref=0.861328, dut=          0
Mismatch at sample  263: ref=0.808868, dut=          0
Mismatch at sample  264: ref=0.718506, dut=          0
Mismatch at sample  265: ref=0.640503, dut=          0
Mismatch at sample  266: ref=0.531281, dut=          0
Mismatch at sample  267: ref=0.432068, dut=          0
Mismatch at sample  268: ref=0.31015, dut=          0
Mismatch at sample  269: ref=0.195343, dut=          0
Mismatch at sample  270: ref=0.0681152, dut=          0
Mismatch at sample  271: ref=-0.0554504, dut=          0
Mismatch at sample  272: ref=-0.179565, dut=          0
Mismatch at sample  273: ref=-0.303986, dut=          0
Mismatch at sample  274: ref=-0.416443, dut=          0
Mismatch at sample  275: ref=-0.533478, dut=          0
Mismatch at sample  276: ref=-0.626556, dut=          0
Mismatch at sample  277: ref=-0.728271, dut=          0
Mismatch at sample  278: ref=-0.796051, dut=          0
Mismatch at sample  279: ref=-0.875793, dut=          0
Mismatch at sample  280: ref=-0.914398, dut=          0
Mismatch at sample  281: ref=-0.967316, dut=          0
Mismatch at sample  282: ref=-0.975006, dut=          0
Mismatch at sample  283: ref=-0.998169, dut=          0
Mismatch at sample  284: ref=-0.974945, dut=          0
Mismatch at sample  285: ref=-0.967407, dut=          0
Mismatch at sample  286: ref=-0.914764, dut=          0
Mismatch at sample  287: ref=-0.877167, dut=          0
Mismatch at sample  288: ref=-0.798035, dut=          0
Mismatch at sample  289: ref=-0.732574, dut=          0
Mismatch at sample  290: ref=-0.631317, dut=          0
Mismatch at sample  291: ref=-0.541718, dut=          0
Mismatch at sample  292: ref=-0.424316, dut=          0
Mismatch at sample  293: ref=-0.315796, dut=          0
Mismatch at sample  294: ref=-0.189636, dut=          0
Mismatch at sample  295: ref=-0.0689087, dut=          0
Mismatch at sample  296: ref=0.0577087, dut=          0
Mismatch at sample  297: ref=0.182892, dut=          0
Mismatch at sample  298: ref=0.301453, dut=          0
Mismatch at sample  299: ref=0.422852, dut=          0
Mismatch at sample  300: ref=0.525665, dut=          0
Mismatch at sample  301: ref=0.635315, dut=          0
Mismatch at sample  302: ref=0.715942, dut=          0
Mismatch at sample  303: ref=0.806885, dut=          0
Mismatch at sample  304: ref=0.860626, dut=          0
Mismatch at sample  305: ref=0.927368, dut=          0
Mismatch at sample  306: ref=0.951294, dut=          0
Mismatch at sample  307: ref=0.989929, dut=          0
Mismatch at sample  308: ref=0.982758, dut=          0
Mismatch at sample  309: ref=0.99115, dut=          0
Mismatch at sample  310: ref=0.953278, dut=          0
Mismatch at sample  311: ref=0.930908, dut=          0
Mismatch at sample  312: ref=0.864349, dut=          0
Mismatch at sample  313: ref=0.812469, dut=          0
Mismatch at sample  314: ref=0.721008, dut=          0
Mismatch at sample  315: ref=0.642578, dut=          0
Mismatch at sample  316: ref=0.531799, dut=          0
Mismatch at sample  317: ref=0.431488, dut=          0
Mismatch at sample  318: ref=0.308472, dut=          0
Mismatch at sample  319: ref=0.192627, dut=          0
Mismatch at sample  320: ref=0.0654297, dut=          0
Mismatch at sample  321: ref=-0.0585022, dut=          0
Mismatch at sample  322: ref=-0.18158, dut=          0
Mismatch at sample  323: ref=-0.305542, dut=          0
Mismatch at sample  324: ref=-0.416626, dut=          0
Mismatch at sample  325: ref=-0.532684, dut=          0
Mismatch at sample  326: ref=-0.624939, dut=          0
Mismatch at sample  327: ref=-0.7258, dut=          0
Mismatch at sample  328: ref=-0.793701, dut=          0
Mismatch at sample  329: ref=-0.87323, dut=          0
Mismatch at sample  330: ref=-0.912811, dut=          0
Mismatch at sample  331: ref=-0.966187, dut=          0
Mismatch at sample  332: ref=-0.975067, dut=          0
Mismatch at sample  333: ref=-0.999084, dut=          0
Mismatch at sample  334: ref=-0.976532, dut=          0
Mismatch at sample  335: ref=-0.969666, dut=          0
Mismatch at sample  336: ref=-0.916809, dut=          0
Mismatch at sample  337: ref=-0.879333, dut=          0
Mismatch at sample  338: ref=-0.799255, dut=          0
Mismatch at sample  339: ref=-0.733307, dut=          0
Mismatch at sample  340: ref=-0.631073, dut=          0
Mismatch at sample  341: ref=-0.54068, dut=          0
Mismatch at sample  342: ref=-0.422821, dut=          0
Mismatch at sample  343: ref=-0.313751, dut=          0
Mismatch at sample  344: ref=-0.187866, dut=          0
Mismatch at sample  345: ref=-0.0671082, dut=          0
Mismatch at sample  346: ref=0.0586548, dut=          0
Mismatch at sample  347: ref=0.18335, dut=          0
Mismatch at sample  348: ref=0.301086, dut=          0
Mismatch at sample  349: ref=0.421783, dut=          0
Mismatch at sample  350: ref=0.524261, dut=          0
Mismatch at sample  351: ref=0.633484, dut=          0
Mismatch at sample  352: ref=0.714447, dut=          0
Mismatch at sample  353: ref=0.80542, dut=          0
Mismatch at sample  354: ref=0.859955, dut=          0
Mismatch at sample  355: ref=0.927155, dut=          0
Mismatch at sample  356: ref=0.951782, dut=          0
Mismatch at sample  357: ref=0.990997, dut=          0
Mismatch at sample  358: ref=0.98407, dut=          0
Mismatch at sample  359: ref=0.992798, dut=          0
Mismatch at sample  360: ref=0.954559, dut=          0
Mismatch at sample  361: ref=0.932098, dut=          0
Mismatch at sample  362: ref=0.864838, dut=          0
Mismatch at sample  363: ref=0.8125, dut=          0
Mismatch at sample  364: ref=0.720459, dut=          0
Mismatch at sample  365: ref=0.64151, dut=          0
Mismatch at sample  366: ref=0.53064, dut=          0
Mismatch at sample  367: ref=0.430084, dut=          0
Mismatch at sample  368: ref=0.307465, dut=          0
Mismatch at sample  369: ref=0.191772, dut=          0
Mismatch at sample  370: ref=0.0652161, dut=          0
Mismatch at sample  371: ref=-0.0583191, dut=          0
Mismatch at sample  372: ref=-0.180878, dut=          0
Mismatch at sample  373: ref=-0.304413, dut=          0
Mismatch at sample  374: ref=-0.415436, dut=          0
Mismatch at sample  375: ref=-0.531281, dut=          0
Mismatch at sample  376: ref=-0.623901, dut=          0
Mismatch at sample  377: ref=-0.724884, dut=          0
Mismatch at sample  378: ref=-0.793274, dut=          0
Mismatch at sample  379: ref=-0.873108, dut=          0
Mismatch at sample  380: ref=-0.912994, dut=          0
Mismatch at sample  381: ref=-0.966644, dut=          0
Mismatch at sample  382: ref=-0.975342, dut=          0
Mismatch at sample  383: ref=-0.99939, dut=          0
Mismatch at sample  384: ref=-0.976227, dut=          0
Mismatch at sample  385: ref=-0.969025, dut=          0
Mismatch at sample  386: ref=-0.915344, dut=          0
Mismatch at sample  387: ref=-0.877258, dut=          0
Mismatch at sample  388: ref=-0.796448, dut=          0
Mismatch at sample  389: ref=-0.729767, dut=          0
Mismatch at sample  390: ref=-0.626862, dut=          0
Mismatch at sample  391: ref=-0.535767, dut=          0
Mismatch at sample  392: ref=-0.41861, dut=          0
Mismatch at sample  393: ref=-0.30899, dut=          0
Mismatch at sample  394: ref=-0.18338, dut=          0
Mismatch at sample  395: ref=-0.0628052, dut=          0
Mismatch at sample  396: ref=0.0628662, dut=          0
Mismatch at sample  397: ref=0.187347, dut=          0
Mismatch at sample  398: ref=0.305145, dut=          0
Mismatch at sample  399: ref=0.42572, dut=          0
Mismatch at sample  400: ref=0.528229, dut=          0
Mismatch at sample  401: ref=0.637329, dut=          0
Mismatch at sample  402: ref=0.71814, dut=          0
Mismatch at sample  403: ref=0.808899, dut=          0
Mismatch at sample  404: ref=0.862946, dut=          0
Mismatch at sample  405: ref=0.929657, dut=          0
Mismatch at sample  406: ref=0.953522, dut=          0
Mismatch at sample  407: ref=0.991974, dut=          0
Mismatch at sample  408: ref=0.984161, dut=          0
Mismatch at sample  409: ref=0.991974, dut=          0
Mismatch at sample  410: ref=0.952972, dut=          0
Mismatch at sample  411: ref=0.929657, dut=          0
Mismatch at sample  412: ref=0.861908, dut=          0
Mismatch at sample  413: ref=0.808899, dut=          0
Mismatch at sample  414: ref=0.716675, dut=          0
Mismatch at sample  415: ref=0.637329, dut=          0
Mismatch at sample  416: ref=0.526428, dut=          0
Mismatch at sample  417: ref=0.42572, dut=          0
Mismatch at sample  418: ref=0.303101, dut=          0
Mismatch at sample  419: ref=0.187347, dut=          0
Mismatch at sample  420: ref=0.0606995, dut=          0
Mismatch at sample  421: ref=-0.0628052, dut=          0
Mismatch at sample  422: ref=-0.185486, dut=          0
Mismatch at sample  423: ref=-0.30899, dut=          0
Mismatch at sample  424: ref=-0.420044, dut=          0
Mismatch at sample  425: ref=-0.535767, dut=          0
Mismatch at sample  426: ref=-0.628174, dut=          0
Mismatch at sample  427: ref=-0.728882, dut=          0
Mismatch at sample  428: ref=-0.796875, dut=          0
Mismatch at sample  429: ref=-0.876221, dut=          0
Mismatch at sample  430: ref=-0.915466, dut=          0
Mismatch at sample  431: ref=-0.968475, dut=          0
Mismatch at sample  432: ref=-0.976563, dut=          0
Mismatch at sample  433: ref=-0.999908, dut=          0
Mismatch at sample  434: ref=-0.976288, dut=          0
Mismatch at sample  435: ref=-0.968475, dut=          0
Mismatch at sample  436: ref=-0.914673, dut=          0
Mismatch at sample  437: ref=-0.876221, dut=          0
Mismatch at sample  438: ref=-0.795593, dut=          0
Mismatch at sample  439: ref=-0.728882, dut=          0
Mismatch at sample  440: ref=-0.626526, dut=          0
Mismatch at sample  441: ref=-0.535767, dut=          0
Mismatch at sample  442: ref=-0.418091, dut=          0
Mismatch at sample  443: ref=-0.30899, dut=          0
Mismatch at sample  444: ref=-0.18338, dut=          0
Mismatch at sample  445: ref=-0.0628052, dut=          0
Mismatch at sample  446: ref=0.0628662, dut=          0
Mismatch at sample  447: ref=0.187347, dut=          0
Mismatch at sample  448: ref=0.305145, dut=          0
Mismatch at sample  449: ref=0.42572, dut=          0
Mismatch at sample  450: ref=0.528229, dut=          0
Mismatch at sample  451: ref=0.637329, dut=          0
Mismatch at sample  452: ref=0.71814, dut=          0
Mismatch at sample  453: ref=0.808899, dut=          0
Mismatch at sample  454: ref=0.862946, dut=          0
Mismatch at sample  455: ref=0.929657, dut=          0
Mismatch at sample  456: ref=0.953522, dut=          0
Mismatch at sample  457: ref=0.991974, dut=          0
Mismatch at sample  458: ref=0.984161, dut=          0
Mismatch at sample  459: ref=0.991974, dut=          0
---------------------------------------
Testbench Results
Samples processed : 460
Mismatches        : 271
Status: FAIL [!!] (271 samples out of tolerance)
---------------------------------------
INFO [HLS SIM]: The maximum depth reached by any hls::stream() instance in the design is 920
WARNING [HLS SIM]: hls::stream 'hls::stream<ap_fixed<16, 1, (ap_q_mode)5, (ap_o_mode)3, 0>, 0>2' contains leftover data, which may result in RTL simulation hanging.
INFO: [SIM 211-1] CSim done with 0 errors.
INFO: [SIM 211-3] *************** CSIM finish ***************
INFO: [HLS 200-112] Total CPU user time: 3 seconds. Total CPU system time: 1 seconds. Total elapsed time: 8.958 seconds; peak allocated memory: 273.793 MB.
INFO: [vitis-run 60-791] Total elapsed time: 0h 0m 14s
