  **** HLS Build v2024.2 5238294
INFO: [HLS 200-2005] Using work_dir C:/HLS-multirate-DSP/HLS_FIR/Fast_Running_FIR_HLS/Fast_Running_FIR_HLS 
INFO: [HLS 200-1505] Using default flow_target 'vivado'
Resolution: For help on HLS 200-1505 see docs.xilinx.com/access/sources/dita/topic?Doc_Version=2024.2%20English&url=ug1448-hls-guidance&resourceid=200-1505.html
INFO: [HLS 200-1465] Applying ini 'syn.file=FIR_HLS.cpp' from C:/HLS-multirate-DSP/HLS_FIR/Fast_Running_FIR_HLS/hls_config.cfg(7)
INFO: [HLS 200-10] Adding design file 'C:/HLS-multirate-DSP/HLS_FIR/Fast_Running_FIR_HLS/FIR_HLS.cpp' to the project
INFO: [HLS 200-1465] Applying ini 'syn.file=FIR_HLS.h' from C:/HLS-multirate-DSP/HLS_FIR/Fast_Running_FIR_HLS/hls_config.cfg(8)
INFO: [HLS 200-10] Adding design file 'C:/HLS-multirate-DSP/HLS_FIR/Fast_Running_FIR_HLS/FIR_HLS.h' to the project
INFO: [HLS 200-1465] Applying ini 'syn.file=../../Matlab/FIR_fastrunning_HLS.h' from C:/HLS-multirate-DSP/HLS_FIR/Fast_Running_FIR_HLS/hls_config.cfg(9)
INFO: [HLS 200-10] Adding design file 'C:/HLS-multirate-DSP/Matlab/FIR_fastrunning_HLS.h' to the project
INFO: [HLS 200-1465] Applying ini 'tb.file=FIR_HLS_TB.cpp' from C:/HLS-multirate-DSP/HLS_FIR/Fast_Running_FIR_HLS/hls_config.cfg(10)
INFO: [HLS 200-10] Adding test bench file 'C:/HLS-multirate-DSP/HLS_FIR/Fast_Running_FIR_HLS/FIR_HLS_TB.cpp' to the project
INFO: [HLS 200-1465] Applying ini 'tb.file=../../Matlab/TS_HLS_fastrunning.dat' from C:/HLS-multirate-DSP/HLS_FIR/Fast_Running_FIR_HLS/hls_config.cfg(11)
INFO: [HLS 200-10] Adding test bench file 'C:/HLS-multirate-DSP/Matlab/TS_HLS_fastrunning.dat' to the project
INFO: [HLS 200-1465] Applying ini 'tb.file=../../Matlab/TS_HLS_fastrunning.res' from C:/HLS-multirate-DSP/HLS_FIR/Fast_Running_FIR_HLS/hls_config.cfg(12)
INFO: [HLS 200-10] Adding test bench file 'C:/HLS-multirate-DSP/Matlab/TS_HLS_fastrunning.res' to the project
INFO: [HLS 200-1465] Applying ini 'syn.top=Fast_Running_FIR_HLS' from C:/HLS-multirate-DSP/HLS_FIR/Fast_Running_FIR_HLS/hls_config.cfg(13)
INFO: [HLS 200-1465] Applying ini 'flow_target=vivado' from C:/HLS-multirate-DSP/HLS_FIR/Fast_Running_FIR_HLS/hls_config.cfg(4)
INFO: [HLS 200-1505] Using flow_target 'vivado'
Resolution: For help on HLS 200-1505 see docs.xilinx.com/access/sources/dita/topic?Doc_Version=2024.2%20English&url=ug1448-hls-guidance&resourceid=200-1505.html
INFO: [HLS 200-1465] Applying ini 'part=xck26-sfvc784-2LV-c' from C:/HLS-multirate-DSP/HLS_FIR/Fast_Running_FIR_HLS/hls_config.cfg(1)
INFO: [HLS 200-1611] Setting target device to 'xck26-sfvc784-2LV-c'
INFO: [HLS 200-1465] Applying ini 'package.ip.display_name=Transposed_FIR_HLS' from C:/HLS-multirate-DSP/HLS_FIR/Fast_Running_FIR_HLS/hls_config.cfg(14)
INFO: [HLS 200-1465] Applying ini 'package.output.format=ip_catalog' from C:/HLS-multirate-DSP/HLS_FIR/Fast_Running_FIR_HLS/hls_config.cfg(5)
INFO: [HLS 200-111] Finished File checks and directory preparation: CPU user time: 4 seconds. CPU system time: 1 seconds. Elapsed time: 4.657 seconds; current allocated memory: 273.109 MB.
INFO: [HLS 200-10] Analyzing design file 'FIR_HLS.cpp' ... 
INFO: [HLS 200-111] Finished Source Code Analysis and Preprocessing: CPU user time: 0 seconds. CPU system time: 0 seconds. Elapsed time: 6.197 seconds; current allocated memory: 275.898 MB.
INFO: [HLS 200-777] Using interface defaults for 'Vivado' flow target.
INFO: [HLS 200-1995] There were 3,372 instructions in the design after the 'Compile/Link' phase of compilation. See the Design Size Report for more details: C:/HLS-multirate-DSP/HLS_FIR/Fast_Running_FIR_HLS/Fast_Running_FIR_HLS/hls/syn/report/csynth_design_size.rpt
INFO: [HLS 200-1995] There were 478 instructions in the design after the 'Unroll/Inline (step 1)' phase of compilation. See the Design Size Report for more details: C:/HLS-multirate-DSP/HLS_FIR/Fast_Running_FIR_HLS/Fast_Running_FIR_HLS/hls/syn/report/csynth_design_size.rpt
INFO: [HLS 200-1995] There were 172 instructions in the design after the 'Unroll/Inline (step 2)' phase of compilation. See the Design Size Report for more details: C:/HLS-multirate-DSP/HLS_FIR/Fast_Running_FIR_HLS/Fast_Running_FIR_HLS/hls/syn/report/csynth_design_size.rpt
INFO: [HLS 200-1995] There were 128 instructions in the design after the 'Unroll/Inline (step 3)' phase of compilation. See the Design Size Report for more details: C:/HLS-multirate-DSP/HLS_FIR/Fast_Running_FIR_HLS/Fast_Running_FIR_HLS/hls/syn/report/csynth_design_size.rpt
INFO: [HLS 200-1995] There were 110 instructions in the design after the 'Unroll/Inline (step 4)' phase of compilation. See the Design Size Report for more details: C:/HLS-multirate-DSP/HLS_FIR/Fast_Running_FIR_HLS/Fast_Running_FIR_HLS/hls/syn/report/csynth_design_size.rpt
INFO: [HLS 200-1995] There were 110 instructions in the design after the 'Array/Struct (step 1)' phase of compilation. See the Design Size Report for more details: C:/HLS-multirate-DSP/HLS_FIR/Fast_Running_FIR_HLS/Fast_Running_FIR_HLS/hls/syn/report/csynth_design_size.rpt
INFO: [HLS 200-1995] There were 110 instructions in the design after the 'Array/Struct (step 2)' phase of compilation. See the Design Size Report for more details: C:/HLS-multirate-DSP/HLS_FIR/Fast_Running_FIR_HLS/Fast_Running_FIR_HLS/hls/syn/report/csynth_design_size.rpt
INFO: [HLS 200-1995] There were 110 instructions in the design after the 'Array/Struct (step 3)' phase of compilation. See the Design Size Report for more details: C:/HLS-multirate-DSP/HLS_FIR/Fast_Running_FIR_HLS/Fast_Running_FIR_HLS/hls/syn/report/csynth_design_size.rpt
INFO: [HLS 200-1995] There were 110 instructions in the design after the 'Array/Struct (step 4)' phase of compilation. See the Design Size Report for more details: C:/HLS-multirate-DSP/HLS_FIR/Fast_Running_FIR_HLS/Fast_Running_FIR_HLS/hls/syn/report/csynth_design_size.rpt
INFO: [HLS 200-1995] There were 110 instructions in the design after the 'Array/Struct (step 5)' phase of compilation. See the Design Size Report for more details: C:/HLS-multirate-DSP/HLS_FIR/Fast_Running_FIR_HLS/Fast_Running_FIR_HLS/hls/syn/report/csynth_design_size.rpt
INFO: [HLS 200-1995] There were 110 instructions in the design after the 'Performance (step 1)' phase of compilation. See the Design Size Report for more details: C:/HLS-multirate-DSP/HLS_FIR/Fast_Running_FIR_HLS/Fast_Running_FIR_HLS/hls/syn/report/csynth_design_size.rpt
INFO: [HLS 200-1995] There were 110 instructions in the design after the 'Performance (step 2)' phase of compilation. See the Design Size Report for more details: C:/HLS-multirate-DSP/HLS_FIR/Fast_Running_FIR_HLS/Fast_Running_FIR_HLS/hls/syn/report/csynth_design_size.rpt
INFO: [HLS 200-1995] There were 110 instructions in the design after the 'Performance (step 3)' phase of compilation. See the Design Size Report for more details: C:/HLS-multirate-DSP/HLS_FIR/Fast_Running_FIR_HLS/Fast_Running_FIR_HLS/hls/syn/report/csynth_design_size.rpt
INFO: [HLS 200-1995] There were 110 instructions in the design after the 'Performance (step 4)' phase of compilation. See the Design Size Report for more details: C:/HLS-multirate-DSP/HLS_FIR/Fast_Running_FIR_HLS/Fast_Running_FIR_HLS/hls/syn/report/csynth_design_size.rpt
INFO: [HLS 200-1995] There were 112 instructions in the design after the 'HW Transforms (step 1)' phase of compilation. See the Design Size Report for more details: C:/HLS-multirate-DSP/HLS_FIR/Fast_Running_FIR_HLS/Fast_Running_FIR_HLS/hls/syn/report/csynth_design_size.rpt
INFO: [HLS 200-1995] There were 130 instructions in the design after the 'HW Transforms (step 2)' phase of compilation. See the Design Size Report for more details: C:/HLS-multirate-DSP/HLS_FIR/Fast_Running_FIR_HLS/Fast_Running_FIR_HLS/hls/syn/report/csynth_design_size.rpt
INFO: [HLS 214-178] Inlining function 'FIR_filter(ap_fixed<32, 1, (ap_q_mode)5, (ap_o_mode)3, 0>*, ap_fixed<16, 1, (ap_q_mode)5, (ap_o_mode)3, 0> const*, int, ap_fixed<16, 1, (ap_q_mode)5, (ap_o_mode)3, 0>)' into 'Fast_Running_FIR_HLS(hls::stream<ap_fixed<16, 1, (ap_q_mode)5, (ap_o_mode)3, 0>, 0>&, hls::stream<ap_fixed<16, 1, (ap_q_mode)5, (ap_o_mode)3, 0>, 0>&)' (FIR_HLS.cpp:5:0)
INFO: [HLS 214-376] automatically set the pipeline for Loop< VITIS_LOOP_37_1> at FIR_HLS.cpp:37:19 
INFO: [HLS 200-111] Finished Compiling Optimization and Transform: CPU user time: 0 seconds. CPU system time: 0 seconds. Elapsed time: 10.083 seconds; current allocated memory: 277.758 MB.
INFO: [HLS 200-111] Finished Checking Pragmas: CPU user time: 0 seconds. CPU system time: 0 seconds. Elapsed time: 0.004 seconds; current allocated memory: 277.762 MB.
INFO: [HLS 200-10] Starting code transformations ...
INFO: [HLS 200-111] Finished Standard Transforms: CPU user time: 0 seconds. CPU system time: 0 seconds. Elapsed time: 0.202 seconds; current allocated memory: 281.910 MB.
INFO: [HLS 200-10] Checking synthesizability ...
INFO: [HLS 200-111] Finished Checking Synthesizability: CPU user time: 0 seconds. CPU system time: 0 seconds. Elapsed time: 0.06 seconds; current allocated memory: 283.383 MB.
INFO: [HLS 200-111] Finished Loop, function and other optimizations: CPU user time: 0 seconds. CPU system time: 0 seconds. Elapsed time: 0.1 seconds; current allocated memory: 304.945 MB.
INFO: [HLS 200-111] Finished Architecture Synthesis: CPU user time: 0 seconds. CPU system time: 0 seconds. Elapsed time: 0.133 seconds; current allocated memory: 325.234 MB.
INFO: [HLS 200-10] Starting hardware synthesis ...
INFO: [HLS 200-10] Synthesizing 'Fast_Running_FIR_HLS' ...
INFO: [SYN 201-201] Setting up clock 'default' with a period of 10ns.
INFO: [HLS 200-10] ----------------------------------------------------------------
INFO: [HLS 200-42] -- Implementing module 'Fast_Running_FIR_HLS_Pipeline_VITIS_LOOP_37_1' 
INFO: [HLS 200-10] ----------------------------------------------------------------
INFO: [SCHED 204-11] Starting scheduling ...
INFO: [SCHED 204-61] Pipelining loop 'VITIS_LOOP_37_1'.
INFO: [HLS 200-1470] Pipelining result : Target II = NA, Final II = 1, Depth = 2, loop 'VITIS_LOOP_37_1'
INFO: [SCHED 204-11] Finished scheduling.
INFO: [HLS 200-111] Finished Scheduling: CPU user time: 0 seconds. CPU system time: 0 seconds. Elapsed time: 0.304 seconds; current allocated memory: 328.824 MB.
INFO: [BIND 205-100] Starting micro-architecture generation ...
INFO: [BIND 205-101] Performing variable lifetime analysis.
INFO: [BIND 205-101] Exploring resource sharing.
INFO: [BIND 205-101] Binding ...
INFO: [BIND 205-100] Finished micro-architecture generation.
INFO: [HLS 200-111] Finished Binding: CPU user time: 0 seconds. CPU system time: 0 seconds. Elapsed time: 0.096 seconds; current allocated memory: 329.934 MB.
INFO: [HLS 200-10] ----------------------------------------------------------------
INFO: [HLS 200-42] -- Implementing module 'Fast_Running_FIR_HLS_Pipeline_VITIS_LOOP_37_11' 
INFO: [HLS 200-10] ----------------------------------------------------------------
INFO: [SCHED 204-11] Starting scheduling ...
INFO: [SCHED 204-61] Pipelining loop 'VITIS_LOOP_37_1'.
INFO: [HLS 200-1470] Pipelining result : Target II = NA, Final II = 1, Depth = 2, loop 'VITIS_LOOP_37_1'
INFO: [SCHED 204-11] Finished scheduling.
INFO: [HLS 200-111] Finished Scheduling: CPU user time: 0 seconds. CPU system time: 0 seconds. Elapsed time: 0.098 seconds; current allocated memory: 330.000 MB.
INFO: [BIND 205-100] Starting micro-architecture generation ...
INFO: [BIND 205-101] Performing variable lifetime analysis.
INFO: [BIND 205-101] Exploring resource sharing.
INFO: [BIND 205-101] Binding ...
INFO: [BIND 205-100] Finished micro-architecture generation.
INFO: [HLS 200-111] Finished Binding: CPU user time: 0 seconds. CPU system time: 0 seconds. Elapsed time: 0.84 seconds; current allocated memory: 330.004 MB.
INFO: [HLS 200-10] ----------------------------------------------------------------
INFO: [HLS 200-42] -- Implementing module 'Fast_Running_FIR_HLS_Pipeline_VITIS_LOOP_37_12' 
INFO: [HLS 200-10] ----------------------------------------------------------------
INFO: [SCHED 204-11] Starting scheduling ...
INFO: [SCHED 204-61] Pipelining loop 'VITIS_LOOP_37_1'.
INFO: [HLS 200-1470] Pipelining result : Target II = NA, Final II = 1, Depth = 2, loop 'VITIS_LOOP_37_1'
INFO: [SCHED 204-11] Finished scheduling.
INFO: [HLS 200-111] Finished Scheduling: CPU user time: 0 seconds. CPU system time: 0 seconds. Elapsed time: 0.098 seconds; current allocated memory: 330.012 MB.
INFO: [BIND 205-100] Starting micro-architecture generation ...
INFO: [BIND 205-101] Performing variable lifetime analysis.
INFO: [BIND 205-101] Exploring resource sharing.
INFO: [BIND 205-101] Binding ...
INFO: [BIND 205-100] Finished micro-architecture generation.
INFO: [HLS 200-111] Finished Binding: CPU user time: 0 seconds. CPU system time: 0 seconds. Elapsed time: 0.08 seconds; current allocated memory: 330.012 MB.
INFO: [HLS 200-10] ----------------------------------------------------------------
INFO: [HLS 200-42] -- Implementing module 'Fast_Running_FIR_HLS' 
INFO: [HLS 200-10] ----------------------------------------------------------------
INFO: [SCHED 204-11] Starting scheduling ...
INFO: [SCHED 204-11] Finished scheduling.
INFO: [HLS 200-111] Finished Scheduling: CPU user time: 0 seconds. CPU system time: 0 seconds. Elapsed time: 0.107 seconds; current allocated memory: 330.129 MB.
INFO: [BIND 205-100] Starting micro-architecture generation ...
INFO: [BIND 205-101] Performing variable lifetime analysis.
INFO: [BIND 205-101] Exploring resource sharing.
INFO: [BIND 205-101] Binding ...
INFO: [BIND 205-100] Finished micro-architecture generation.
INFO: [HLS 200-111] Finished Binding: CPU user time: 0 seconds. CPU system time: 0 seconds. Elapsed time: 0.077 seconds; current allocated memory: 330.176 MB.
INFO: [HLS 200-10] ----------------------------------------------------------------
INFO: [HLS 200-10] -- Generating RTL for module 'Fast_Running_FIR_HLS_Pipeline_VITIS_LOOP_37_1' 
INFO: [HLS 200-10] ----------------------------------------------------------------
INFO: [HLS 200-1030] Apply Unified Pipeline Control on module 'Fast_Running_FIR_HLS_Pipeline_VITIS_LOOP_37_1' pipeline 'VITIS_LOOP_37_1' pipeline type 'loop pipeline'
INFO: [RTGEN 206-100] Generating core module 'mul_16s_15s_31_1_1': 1 instance(s).
INFO: [RTGEN 206-100] Finished creating RTL model for 'Fast_Running_FIR_HLS_Pipeline_VITIS_LOOP_37_1'.
INFO: [RTMG 210-279] Implementing memory 'Fast_Running_FIR_HLS_Fast_Running_FIR_HLS_Pipeline_VITIS_LOOP_37_1_b_FIR_22_ROM_AUTO_1R' using auto ROMs.
INFO: [HLS 200-111] Finished Creating RTL model: CPU user time: 1 seconds. CPU system time: 0 seconds. Elapsed time: 0.157 seconds; current allocated memory: 332.316 MB.
INFO: [HLS 200-10] ----------------------------------------------------------------
INFO: [HLS 200-10] -- Generating RTL for module 'Fast_Running_FIR_HLS_Pipeline_VITIS_LOOP_37_11' 
INFO: [HLS 200-10] ----------------------------------------------------------------
INFO: [HLS 200-1030] Apply Unified Pipeline Control on module 'Fast_Running_FIR_HLS_Pipeline_VITIS_LOOP_37_11' pipeline 'VITIS_LOOP_37_1' pipeline type 'loop pipeline'
INFO: [RTGEN 206-100] Generating core module 'mul_16s_14s_30_1_1': 1 instance(s).
INFO: [RTGEN 206-100] Finished creating RTL model for 'Fast_Running_FIR_HLS_Pipeline_VITIS_LOOP_37_11'.
INFO: [RTMG 210-279] Implementing memory 'Fast_Running_FIR_HLS_Fast_Running_FIR_HLS_Pipeline_VITIS_LOOP_37_11_b_FIR_21_ROM_AUTO_1R' using auto ROMs.
INFO: [HLS 200-111] Finished Creating RTL model: CPU user time: 0 seconds. CPU system time: 0 seconds. Elapsed time: 0.181 seconds; current allocated memory: 333.652 MB.
INFO: [HLS 200-10] ----------------------------------------------------------------
INFO: [HLS 200-10] -- Generating RTL for module 'Fast_Running_FIR_HLS_Pipeline_VITIS_LOOP_37_12' 
INFO: [HLS 200-10] ----------------------------------------------------------------
INFO: [HLS 200-1030] Apply Unified Pipeline Control on module 'Fast_Running_FIR_HLS_Pipeline_VITIS_LOOP_37_12' pipeline 'VITIS_LOOP_37_1' pipeline type 'loop pipeline'
INFO: [RTGEN 206-100] Generating core module 'mul_16s_14s_30_1_1': 1 instance(s).
INFO: [RTGEN 206-100] Finished creating RTL model for 'Fast_Running_FIR_HLS_Pipeline_VITIS_LOOP_37_12'.
INFO: [RTMG 210-279] Implementing memory 'Fast_Running_FIR_HLS_Fast_Running_FIR_HLS_Pipeline_VITIS_LOOP_37_12_b_FIR_20_ROM_AUTO_1R' using auto ROMs.
INFO: [HLS 200-111] Finished Creating RTL model: CPU user time: 0 seconds. CPU system time: 1 seconds. Elapsed time: 0.184 seconds; current allocated memory: 334.473 MB.
INFO: [HLS 200-10] ----------------------------------------------------------------
INFO: [HLS 200-10] -- Generating RTL for module 'Fast_Running_FIR_HLS' 
INFO: [HLS 200-10] ----------------------------------------------------------------
WARNING: [RTGEN 206-101] Design contains AXI ports. Reset is fixed to synchronous and active low.
INFO: [RTGEN 206-500] Setting interface mode on port 'Fast_Running_FIR_HLS/input_r' to 'axis' (register, both mode).
INFO: [RTGEN 206-500] Setting interface mode on port 'Fast_Running_FIR_HLS/output_r' to 'axis' (register, both mode).
INFO: [RTGEN 206-500] Setting interface mode on function 'Fast_Running_FIR_HLS' to 'ap_ctrl_none'.
WARNING: [RTGEN 206-101] Register 'mod_value' is power-on initialization.
WARNING: [RTGEN 206-101] Register 'input1' is power-on initialization.
WARNING: [RTGEN 206-101] Register 'y2' is power-on initialization.
WARNING: [RTGEN 206-101] Register 'y11' is power-on initialization.
WARNING: [RTGEN 206-101] Register 'input2' is power-on initialization.
INFO: [RTGEN 206-100] Generating core module 'mul_16s_9s_24_1_1': 1 instance(s).
INFO: [RTGEN 206-100] Finished creating RTL model for 'Fast_Running_FIR_HLS'.
INFO: [RTMG 210-278] Implementing memory 'Fast_Running_FIR_HLS_H_filter_FIR_22_RAM_AUTO_1R1W' using auto RAMs.
INFO: [RTMG 210-278] Implementing memory 'Fast_Running_FIR_HLS_H_filter_FIR_21_RAM_AUTO_1R1W' using auto RAMs.
INFO: [HLS 200-111] Finished Creating RTL model: CPU user time: 0 seconds. CPU system time: 0 seconds. Elapsed time: 0.333 seconds; current allocated memory: 335.645 MB.
INFO: [HLS 200-111] Finished Generating all RTL models: CPU user time: 0 seconds. CPU system time: 0 seconds. Elapsed time: 0.727 seconds; current allocated memory: 339.938 MB.
INFO: [HLS 200-111] Finished Updating report files: CPU user time: 0 seconds. CPU system time: 0 seconds. Elapsed time: 0.725 seconds; current allocated memory: 342.070 MB.
INFO: [VHDL 208-304] Generating VHDL RTL for Fast_Running_FIR_HLS.
INFO: [VLOG 209-307] Generating Verilog RTL for Fast_Running_FIR_HLS.
INFO: [HLS 200-790] **** Loop Constraint Status: All loop constraints were satisfied.
INFO: [HLS 200-789] **** Estimated Fmax: 170.36 MHz
INFO: [HLS 200-112] Total CPU user time: 5 seconds. Total CPU system time: 2 seconds. Total elapsed time: 26.914 seconds; peak allocated memory: 342.379 MB.
INFO: [v++ 60-791] Total elapsed time: 0h 0m 32s
