Copyright 1986-2022 Xilinx, Inc. All Rights Reserved. Copyright 2022-2024 Advanced Micro Devices, Inc. All Rights Reserved.
--------------------------------------------------------------------------------------------------------------------------------------------------
| Tool Version      : Vivado v.2024.2 (win64) Build 5239630 Fri Nov 08 22:35:27 MST 2024
| Date              : Sat Jan 17 13:43:04 2026
| Host              : DESKTOP-92OKADH running 64-bit major release  (build 9200)
| Command           : report_timing -max_paths 10 -file ./report/FIR_HLS_timing_paths_routed.rpt
| Design            : bd_0_wrapper
| Device            : xck26-sfvc784
| Speed File        : -2LV  PRODUCTION 1.30 05-15-2022
| Design State      : Routed
| Temperature Grade : C
--------------------------------------------------------------------------------------------------------------------------------------------------

Timing Report

Slack (MET) :             9.267ns  (required time - arrival time)
  Source:                 bd_0_i/hls_inst/inst/regslice_both_input_r_U/state_reg[0]/C
                            (rising edge-triggered cell FDRE clocked by ap_clk  {rise@0.000ns fall@5.000ns period=10.000ns})
  Destination:            bd_0_i/hls_inst/inst/ap_CS_fsm_reg[0]/D
                            (rising edge-triggered cell FDSE clocked by ap_clk  {rise@0.000ns fall@5.000ns period=10.000ns})
  Path Group:             ap_clk
  Path Type:              Setup (Max at Slow Process Corner)
  Requirement:            10.000ns  (ap_clk rise@10.000ns - ap_clk rise@0.000ns)
  Data Path Delay:        0.730ns  (logic 0.346ns (47.421%)  route 0.384ns (52.579%))
  Logic Levels:           1  (LUT5=1)
  Clock Path Skew:        -0.012ns (DCD - SCD + CPR)
    Destination Clock Delay (DCD):    0.031ns = ( 10.031 - 10.000 ) 
    Source Clock Delay      (SCD):    0.043ns
    Clock Pessimism Removal (CPR):    0.000ns
  Clock Uncertainty:      0.035ns  ((TSJ^2 + TIJ^2)^1/2 + DJ) / 2 + PE
    Total System Jitter     (TSJ):    0.071ns
    Total Input Jitter      (TIJ):    0.000ns
    Discrete Jitter          (DJ):    0.000ns
    Phase Error              (PE):    0.000ns

    Location             Delay type                Incr(ns)  Path(ns)    Netlist Resource(s)
  -------------------------------------------------------------------    -------------------
                         (clock ap_clk rise edge)     0.000     0.000 r  
                                                      0.000     0.000 r  ap_clk (IN)
                         net (fo=12, unset)           0.043     0.043    bd_0_i/hls_inst/inst/regslice_both_input_r_U/ap_clk
    SLICE_X24Y46         FDRE                                         r  bd_0_i/hls_inst/inst/regslice_both_input_r_U/state_reg[0]/C
  -------------------------------------------------------------------    -------------------
    SLICE_X24Y46         FDRE (Prop_EFF2_SLICEM_C_Q)
                                                      0.118     0.161 f  bd_0_i/hls_inst/inst/regslice_both_input_r_U/state_reg[0]/Q
                         net (fo=8, routed)           0.304     0.465    bd_0_i/hls_inst/inst/grp_FIR_HLS_Pipeline_VITIS_LOOP_28_2_fu_40/ap_CS_fsm_reg[1]_0[0]
    SLICE_X24Y46         LUT5 (Prop_H6LUT_SLICEM_I3_O)
                                                      0.228     0.693 r  bd_0_i/hls_inst/inst/grp_FIR_HLS_Pipeline_VITIS_LOOP_28_2_fu_40/ap_CS_fsm[0]_i_1/O
                         net (fo=1, routed)           0.080     0.773    bd_0_i/hls_inst/inst/ap_NS_fsm[0]
    SLICE_X24Y46         FDSE                                         r  bd_0_i/hls_inst/inst/ap_CS_fsm_reg[0]/D
  -------------------------------------------------------------------    -------------------

                         (clock ap_clk rise edge)    10.000    10.000 r  
                                                      0.000    10.000 r  ap_clk (IN)
                         net (fo=12, unset)           0.031    10.031    bd_0_i/hls_inst/inst/ap_clk
    SLICE_X24Y46         FDSE                                         r  bd_0_i/hls_inst/inst/ap_CS_fsm_reg[0]/C
                         clock pessimism              0.000    10.031    
                         clock uncertainty           -0.035     9.996    
    SLICE_X24Y46         FDSE (Setup_HFF_SLICEM_C_D)
                                                      0.044    10.040    bd_0_i/hls_inst/inst/ap_CS_fsm_reg[0]
  -------------------------------------------------------------------
                         required time                         10.040    
                         arrival time                          -0.773    
  -------------------------------------------------------------------
                         slack                                  9.267    

Slack (MET) :             9.276ns  (required time - arrival time)
  Source:                 bd_0_i/hls_inst/inst/regslice_both_input_r_U/state_reg[0]/C
                            (rising edge-triggered cell FDRE clocked by ap_clk  {rise@0.000ns fall@5.000ns period=10.000ns})
  Destination:            bd_0_i/hls_inst/inst/regslice_both_input_r_U/ack_in_t_reg/D
                            (rising edge-triggered cell FDRE clocked by ap_clk  {rise@0.000ns fall@5.000ns period=10.000ns})
  Path Group:             ap_clk
  Path Type:              Setup (Max at Slow Process Corner)
  Requirement:            10.000ns  (ap_clk rise@10.000ns - ap_clk rise@0.000ns)
  Data Path Delay:        0.720ns  (logic 0.344ns (47.802%)  route 0.376ns (52.198%))
  Logic Levels:           1  (LUT6=1)
  Clock Path Skew:        -0.012ns (DCD - SCD + CPR)
    Destination Clock Delay (DCD):    0.031ns = ( 10.031 - 10.000 ) 
    Source Clock Delay      (SCD):    0.043ns
    Clock Pessimism Removal (CPR):    0.000ns
  Clock Uncertainty:      0.035ns  ((TSJ^2 + TIJ^2)^1/2 + DJ) / 2 + PE
    Total System Jitter     (TSJ):    0.071ns
    Total Input Jitter      (TIJ):    0.000ns
    Discrete Jitter          (DJ):    0.000ns
    Phase Error              (PE):    0.000ns

    Location             Delay type                Incr(ns)  Path(ns)    Netlist Resource(s)
  -------------------------------------------------------------------    -------------------
                         (clock ap_clk rise edge)     0.000     0.000 r  
                                                      0.000     0.000 r  ap_clk (IN)
                         net (fo=12, unset)           0.043     0.043    bd_0_i/hls_inst/inst/regslice_both_input_r_U/ap_clk
    SLICE_X24Y46         FDRE                                         r  bd_0_i/hls_inst/inst/regslice_both_input_r_U/state_reg[0]/C
  -------------------------------------------------------------------    -------------------
    SLICE_X24Y46         FDRE (Prop_EFF2_SLICEM_C_Q)
                                                      0.118     0.161 r  bd_0_i/hls_inst/inst/regslice_both_input_r_U/state_reg[0]/Q
                         net (fo=8, routed)           0.296     0.457    bd_0_i/hls_inst/inst/regslice_both_input_r_U/state_reg[0]_0[0]
    SLICE_X24Y46         LUT6 (Prop_G6LUT_SLICEM_I1_O)
                                                      0.226     0.683 r  bd_0_i/hls_inst/inst/regslice_both_input_r_U/ack_in_t_i_2/O
                         net (fo=1, routed)           0.080     0.763    bd_0_i/hls_inst/inst/regslice_both_input_r_U/ack_in_t_i_2_n_0
    SLICE_X24Y46         FDRE                                         r  bd_0_i/hls_inst/inst/regslice_both_input_r_U/ack_in_t_reg/D
  -------------------------------------------------------------------    -------------------

                         (clock ap_clk rise edge)    10.000    10.000 r  
                                                      0.000    10.000 r  ap_clk (IN)
                         net (fo=12, unset)           0.031    10.031    bd_0_i/hls_inst/inst/regslice_both_input_r_U/ap_clk
    SLICE_X24Y46         FDRE                                         r  bd_0_i/hls_inst/inst/regslice_both_input_r_U/ack_in_t_reg/C
                         clock pessimism              0.000    10.031    
                         clock uncertainty           -0.035     9.996    
    SLICE_X24Y46         FDRE (Setup_GFF_SLICEM_C_D)
                                                      0.043    10.039    bd_0_i/hls_inst/inst/regslice_both_input_r_U/ack_in_t_reg
  -------------------------------------------------------------------
                         required time                         10.039    
                         arrival time                          -0.763    
  -------------------------------------------------------------------
                         slack                                  9.276    

Slack (MET) :             9.306ns  (required time - arrival time)
  Source:                 bd_0_i/hls_inst/inst/regslice_both_input_r_U/FSM_sequential_state_reg[0]/C
                            (rising edge-triggered cell FDSE clocked by ap_clk  {rise@0.000ns fall@5.000ns period=10.000ns})
  Destination:            bd_0_i/hls_inst/inst/regslice_both_input_r_U/FSM_sequential_state_reg[0]/D
                            (rising edge-triggered cell FDSE clocked by ap_clk  {rise@0.000ns fall@5.000ns period=10.000ns})
  Path Group:             ap_clk
  Path Type:              Setup (Max at Slow Process Corner)
  Requirement:            10.000ns  (ap_clk rise@10.000ns - ap_clk rise@0.000ns)
  Data Path Delay:        0.691ns  (logic 0.314ns (45.463%)  route 0.377ns (54.537%))
  Logic Levels:           1  (LUT5=1)
  Clock Path Skew:        -0.013ns (DCD - SCD + CPR)
    Destination Clock Delay (DCD):    0.030ns = ( 10.030 - 10.000 ) 
    Source Clock Delay      (SCD):    0.043ns
    Clock Pessimism Removal (CPR):    0.000ns
  Clock Uncertainty:      0.035ns  ((TSJ^2 + TIJ^2)^1/2 + DJ) / 2 + PE
    Total System Jitter     (TSJ):    0.071ns
    Total Input Jitter      (TIJ):    0.000ns
    Discrete Jitter          (DJ):    0.000ns
    Phase Error              (PE):    0.000ns

    Location             Delay type                Incr(ns)  Path(ns)    Netlist Resource(s)
  -------------------------------------------------------------------    -------------------
                         (clock ap_clk rise edge)     0.000     0.000 r  
                                                      0.000     0.000 r  ap_clk (IN)
                         net (fo=12, unset)           0.043     0.043    bd_0_i/hls_inst/inst/regslice_both_input_r_U/ap_clk
    SLICE_X24Y46         FDSE                                         r  bd_0_i/hls_inst/inst/regslice_both_input_r_U/FSM_sequential_state_reg[0]/C
  -------------------------------------------------------------------    -------------------
    SLICE_X24Y46         FDSE (Prop_BFF2_SLICEM_C_Q)
                                                      0.115     0.158 r  bd_0_i/hls_inst/inst/regslice_both_input_r_U/FSM_sequential_state_reg[0]/Q
                         net (fo=3, routed)           0.339     0.497    bd_0_i/hls_inst/inst/regslice_both_input_r_U/state__0[0]
    SLICE_X24Y46         LUT5 (Prop_B5LUT_SLICEM_I2_O)
                                                      0.199     0.696 r  bd_0_i/hls_inst/inst/regslice_both_input_r_U/FSM_sequential_state[0]_i_1/O
                         net (fo=1, routed)           0.038     0.734    bd_0_i/hls_inst/inst/regslice_both_input_r_U/FSM_sequential_state[0]_i_1_n_0
    SLICE_X24Y46         FDSE                                         r  bd_0_i/hls_inst/inst/regslice_both_input_r_U/FSM_sequential_state_reg[0]/D
  -------------------------------------------------------------------    -------------------

                         (clock ap_clk rise edge)    10.000    10.000 r  
                                                      0.000    10.000 r  ap_clk (IN)
                         net (fo=12, unset)           0.030    10.030    bd_0_i/hls_inst/inst/regslice_both_input_r_U/ap_clk
    SLICE_X24Y46         FDSE                                         r  bd_0_i/hls_inst/inst/regslice_both_input_r_U/FSM_sequential_state_reg[0]/C
                         clock pessimism              0.000    10.030    
                         clock uncertainty           -0.035     9.995    
    SLICE_X24Y46         FDSE (Setup_BFF2_SLICEM_C_D)
                                                      0.045    10.040    bd_0_i/hls_inst/inst/regslice_both_input_r_U/FSM_sequential_state_reg[0]
  -------------------------------------------------------------------
                         required time                         10.040    
                         arrival time                          -0.734    
  -------------------------------------------------------------------
                         slack                                  9.306    

Slack (MET) :             9.325ns  (required time - arrival time)
  Source:                 bd_0_i/hls_inst/inst/grp_FIR_HLS_Pipeline_VITIS_LOOP_28_2_fu_40/ap_CS_fsm_reg[0]/C
                            (rising edge-triggered cell FDSE clocked by ap_clk  {rise@0.000ns fall@5.000ns period=10.000ns})
  Destination:            bd_0_i/hls_inst/inst/grp_FIR_HLS_Pipeline_VITIS_LOOP_28_2_fu_40/ap_CS_fsm_reg[0]/D
                            (rising edge-triggered cell FDSE clocked by ap_clk  {rise@0.000ns fall@5.000ns period=10.000ns})
  Path Group:             ap_clk
  Path Type:              Setup (Max at Slow Process Corner)
  Requirement:            10.000ns  (ap_clk rise@10.000ns - ap_clk rise@0.000ns)
  Data Path Delay:        0.672ns  (logic 0.335ns (49.870%)  route 0.337ns (50.130%))
  Logic Levels:           1  (LUT3=1)
  Clock Path Skew:        -0.013ns (DCD - SCD + CPR)
    Destination Clock Delay (DCD):    0.030ns = ( 10.030 - 10.000 ) 
    Source Clock Delay      (SCD):    0.043ns
    Clock Pessimism Removal (CPR):    0.000ns
  Clock Uncertainty:      0.035ns  ((TSJ^2 + TIJ^2)^1/2 + DJ) / 2 + PE
    Total System Jitter     (TSJ):    0.071ns
    Total Input Jitter      (TIJ):    0.000ns
    Discrete Jitter          (DJ):    0.000ns
    Phase Error              (PE):    0.000ns

    Location             Delay type                Incr(ns)  Path(ns)    Netlist Resource(s)
  -------------------------------------------------------------------    -------------------
                         (clock ap_clk rise edge)     0.000     0.000 r  
                                                      0.000     0.000 r  ap_clk (IN)
                         net (fo=12, unset)           0.043     0.043    bd_0_i/hls_inst/inst/grp_FIR_HLS_Pipeline_VITIS_LOOP_28_2_fu_40/ap_clk
    SLICE_X24Y46         FDSE                                         r  bd_0_i/hls_inst/inst/grp_FIR_HLS_Pipeline_VITIS_LOOP_28_2_fu_40/ap_CS_fsm_reg[0]/C
  -------------------------------------------------------------------    -------------------
    SLICE_X24Y46         FDSE (Prop_DFF2_SLICEM_C_Q)
                                                      0.115     0.158 f  bd_0_i/hls_inst/inst/grp_FIR_HLS_Pipeline_VITIS_LOOP_28_2_fu_40/ap_CS_fsm_reg[0]/Q
                         net (fo=4, routed)           0.296     0.454    bd_0_i/hls_inst/inst/grp_FIR_HLS_Pipeline_VITIS_LOOP_28_2_fu_40/ap_CS_fsm_state1
    SLICE_X24Y46         LUT3 (Prop_D5LUT_SLICEM_I0_O)
                                                      0.220     0.674 r  bd_0_i/hls_inst/inst/grp_FIR_HLS_Pipeline_VITIS_LOOP_28_2_fu_40/ap_CS_fsm[0]_i_1__0/O
                         net (fo=1, routed)           0.041     0.715    bd_0_i/hls_inst/inst/grp_FIR_HLS_Pipeline_VITIS_LOOP_28_2_fu_40/ap_NS_fsm[0]
    SLICE_X24Y46         FDSE                                         r  bd_0_i/hls_inst/inst/grp_FIR_HLS_Pipeline_VITIS_LOOP_28_2_fu_40/ap_CS_fsm_reg[0]/D
  -------------------------------------------------------------------    -------------------

                         (clock ap_clk rise edge)    10.000    10.000 r  
                                                      0.000    10.000 r  ap_clk (IN)
                         net (fo=12, unset)           0.030    10.030    bd_0_i/hls_inst/inst/grp_FIR_HLS_Pipeline_VITIS_LOOP_28_2_fu_40/ap_clk
    SLICE_X24Y46         FDSE                                         r  bd_0_i/hls_inst/inst/grp_FIR_HLS_Pipeline_VITIS_LOOP_28_2_fu_40/ap_CS_fsm_reg[0]/C
                         clock pessimism              0.000    10.030    
                         clock uncertainty           -0.035     9.995    
    SLICE_X24Y46         FDSE (Setup_DFF2_SLICEM_C_D)
                                                      0.045    10.040    bd_0_i/hls_inst/inst/grp_FIR_HLS_Pipeline_VITIS_LOOP_28_2_fu_40/ap_CS_fsm_reg[0]
  -------------------------------------------------------------------
                         required time                         10.040    
                         arrival time                          -0.715    
  -------------------------------------------------------------------
                         slack                                  9.325    

Slack (MET) :             9.327ns  (required time - arrival time)
  Source:                 bd_0_i/hls_inst/inst/regslice_both_input_r_U/state_reg[0]/C
                            (rising edge-triggered cell FDRE clocked by ap_clk  {rise@0.000ns fall@5.000ns period=10.000ns})
  Destination:            bd_0_i/hls_inst/inst/ap_CS_fsm_reg[1]/D
                            (rising edge-triggered cell FDRE clocked by ap_clk  {rise@0.000ns fall@5.000ns period=10.000ns})
  Path Group:             ap_clk
  Path Type:              Setup (Max at Slow Process Corner)
  Requirement:            10.000ns  (ap_clk rise@10.000ns - ap_clk rise@0.000ns)
  Data Path Delay:        0.672ns  (logic 0.341ns (50.772%)  route 0.331ns (49.228%))
  Logic Levels:           1  (LUT5=1)
  Clock Path Skew:        -0.012ns (DCD - SCD + CPR)
    Destination Clock Delay (DCD):    0.031ns = ( 10.031 - 10.000 ) 
    Source Clock Delay      (SCD):    0.043ns
    Clock Pessimism Removal (CPR):    0.000ns
  Clock Uncertainty:      0.035ns  ((TSJ^2 + TIJ^2)^1/2 + DJ) / 2 + PE
    Total System Jitter     (TSJ):    0.071ns
    Total Input Jitter      (TIJ):    0.000ns
    Discrete Jitter          (DJ):    0.000ns
    Phase Error              (PE):    0.000ns

    Location             Delay type                Incr(ns)  Path(ns)    Netlist Resource(s)
  -------------------------------------------------------------------    -------------------
                         (clock ap_clk rise edge)     0.000     0.000 r  
                                                      0.000     0.000 r  ap_clk (IN)
                         net (fo=12, unset)           0.043     0.043    bd_0_i/hls_inst/inst/regslice_both_input_r_U/ap_clk
    SLICE_X24Y46         FDRE                                         r  bd_0_i/hls_inst/inst/regslice_both_input_r_U/state_reg[0]/C
  -------------------------------------------------------------------    -------------------
    SLICE_X24Y46         FDRE (Prop_EFF2_SLICEM_C_Q)
                                                      0.118     0.161 r  bd_0_i/hls_inst/inst/regslice_both_input_r_U/state_reg[0]/Q
                         net (fo=8, routed)           0.304     0.465    bd_0_i/hls_inst/inst/grp_FIR_HLS_Pipeline_VITIS_LOOP_28_2_fu_40/ap_CS_fsm_reg[1]_0[0]
    SLICE_X24Y46         LUT5 (Prop_H5LUT_SLICEM_I4_O)
                                                      0.223     0.688 r  bd_0_i/hls_inst/inst/grp_FIR_HLS_Pipeline_VITIS_LOOP_28_2_fu_40/ap_CS_fsm[1]_i_1/O
                         net (fo=1, routed)           0.027     0.715    bd_0_i/hls_inst/inst/ap_NS_fsm[1]
    SLICE_X24Y46         FDRE                                         r  bd_0_i/hls_inst/inst/ap_CS_fsm_reg[1]/D
  -------------------------------------------------------------------    -------------------

                         (clock ap_clk rise edge)    10.000    10.000 r  
                                                      0.000    10.000 r  ap_clk (IN)
                         net (fo=12, unset)           0.031    10.031    bd_0_i/hls_inst/inst/ap_clk
    SLICE_X24Y46         FDRE                                         r  bd_0_i/hls_inst/inst/ap_CS_fsm_reg[1]/C
                         clock pessimism              0.000    10.031    
                         clock uncertainty           -0.035     9.996    
    SLICE_X24Y46         FDRE (Setup_HFF2_SLICEM_C_D)
                                                      0.046    10.042    bd_0_i/hls_inst/inst/ap_CS_fsm_reg[1]
  -------------------------------------------------------------------
                         required time                         10.042    
                         arrival time                          -0.715    
  -------------------------------------------------------------------
                         slack                                  9.327    

Slack (MET) :             9.327ns  (required time - arrival time)
  Source:                 bd_0_i/hls_inst/inst/regslice_both_input_r_U/state_reg[0]/C
                            (rising edge-triggered cell FDRE clocked by ap_clk  {rise@0.000ns fall@5.000ns period=10.000ns})
  Destination:            bd_0_i/hls_inst/inst/grp_FIR_HLS_Pipeline_VITIS_LOOP_28_2_fu_40_ap_start_reg_reg/D
                            (rising edge-triggered cell FDRE clocked by ap_clk  {rise@0.000ns fall@5.000ns period=10.000ns})
  Path Group:             ap_clk
  Path Type:              Setup (Max at Slow Process Corner)
  Requirement:            10.000ns  (ap_clk rise@10.000ns - ap_clk rise@0.000ns)
  Data Path Delay:        0.669ns  (logic 0.198ns (29.613%)  route 0.471ns (70.387%))
  Logic Levels:           1  (LUT3=1)
  Clock Path Skew:        -0.012ns (DCD - SCD + CPR)
    Destination Clock Delay (DCD):    0.031ns = ( 10.031 - 10.000 ) 
    Source Clock Delay      (SCD):    0.043ns
    Clock Pessimism Removal (CPR):    0.000ns
  Clock Uncertainty:      0.035ns  ((TSJ^2 + TIJ^2)^1/2 + DJ) / 2 + PE
    Total System Jitter     (TSJ):    0.071ns
    Total Input Jitter      (TIJ):    0.000ns
    Discrete Jitter          (DJ):    0.000ns
    Phase Error              (PE):    0.000ns

    Location             Delay type                Incr(ns)  Path(ns)    Netlist Resource(s)
  -------------------------------------------------------------------    -------------------
                         (clock ap_clk rise edge)     0.000     0.000 r  
                                                      0.000     0.000 r  ap_clk (IN)
                         net (fo=12, unset)           0.043     0.043    bd_0_i/hls_inst/inst/regslice_both_input_r_U/ap_clk
    SLICE_X24Y46         FDRE                                         r  bd_0_i/hls_inst/inst/regslice_both_input_r_U/state_reg[0]/C
  -------------------------------------------------------------------    -------------------
    SLICE_X24Y46         FDRE (Prop_EFF2_SLICEM_C_Q)
                                                      0.118     0.161 r  bd_0_i/hls_inst/inst/regslice_both_input_r_U/state_reg[0]/Q
                         net (fo=8, routed)           0.376     0.537    bd_0_i/hls_inst/inst/regslice_both_input_r_U/state_reg[0]_0[0]
    SLICE_X24Y46         LUT3 (Prop_F6LUT_SLICEM_I1_O)
                                                      0.080     0.617 r  bd_0_i/hls_inst/inst/regslice_both_input_r_U/grp_FIR_HLS_Pipeline_VITIS_LOOP_28_2_fu_40_ap_start_reg_i_1/O
                         net (fo=1, routed)           0.095     0.712    bd_0_i/hls_inst/inst/regslice_both_input_r_U_n_3
    SLICE_X24Y46         FDRE                                         r  bd_0_i/hls_inst/inst/grp_FIR_HLS_Pipeline_VITIS_LOOP_28_2_fu_40_ap_start_reg_reg/D
  -------------------------------------------------------------------    -------------------

                         (clock ap_clk rise edge)    10.000    10.000 r  
                                                      0.000    10.000 r  ap_clk (IN)
                         net (fo=12, unset)           0.031    10.031    bd_0_i/hls_inst/inst/ap_clk
    SLICE_X24Y46         FDRE                                         r  bd_0_i/hls_inst/inst/grp_FIR_HLS_Pipeline_VITIS_LOOP_28_2_fu_40_ap_start_reg_reg/C
                         clock pessimism              0.000    10.031    
                         clock uncertainty           -0.035     9.996    
    SLICE_X24Y46         FDRE (Setup_FFF_SLICEM_C_D)
                                                      0.043    10.039    bd_0_i/hls_inst/inst/grp_FIR_HLS_Pipeline_VITIS_LOOP_28_2_fu_40_ap_start_reg_reg
  -------------------------------------------------------------------
                         required time                         10.039    
                         arrival time                          -0.712    
  -------------------------------------------------------------------
                         slack                                  9.327    

Slack (MET) :             9.356ns  (required time - arrival time)
  Source:                 bd_0_i/hls_inst/inst/regslice_both_input_r_U/state_reg[0]/C
                            (rising edge-triggered cell FDRE clocked by ap_clk  {rise@0.000ns fall@5.000ns period=10.000ns})
  Destination:            bd_0_i/hls_inst/inst/regslice_both_input_r_U/state_reg[1]/D
                            (rising edge-triggered cell FDSE clocked by ap_clk  {rise@0.000ns fall@5.000ns period=10.000ns})
  Path Group:             ap_clk
  Path Type:              Setup (Max at Slow Process Corner)
  Requirement:            10.000ns  (ap_clk rise@10.000ns - ap_clk rise@0.000ns)
  Data Path Delay:        0.642ns  (logic 0.218ns (33.976%)  route 0.424ns (66.024%))
  Logic Levels:           1  (LUT4=1)
  Clock Path Skew:        -0.012ns (DCD - SCD + CPR)
    Destination Clock Delay (DCD):    0.031ns = ( 10.031 - 10.000 ) 
    Source Clock Delay      (SCD):    0.043ns
    Clock Pessimism Removal (CPR):    0.000ns
  Clock Uncertainty:      0.035ns  ((TSJ^2 + TIJ^2)^1/2 + DJ) / 2 + PE
    Total System Jitter     (TSJ):    0.071ns
    Total Input Jitter      (TIJ):    0.000ns
    Discrete Jitter          (DJ):    0.000ns
    Phase Error              (PE):    0.000ns

    Location             Delay type                Incr(ns)  Path(ns)    Netlist Resource(s)
  -------------------------------------------------------------------    -------------------
                         (clock ap_clk rise edge)     0.000     0.000 r  
                                                      0.000     0.000 r  ap_clk (IN)
                         net (fo=12, unset)           0.043     0.043    bd_0_i/hls_inst/inst/regslice_both_input_r_U/ap_clk
    SLICE_X24Y46         FDRE                                         r  bd_0_i/hls_inst/inst/regslice_both_input_r_U/state_reg[0]/C
  -------------------------------------------------------------------    -------------------
    SLICE_X24Y46         FDRE (Prop_EFF2_SLICEM_C_Q)
                                                      0.118     0.161 f  bd_0_i/hls_inst/inst/regslice_both_input_r_U/state_reg[0]/Q
                         net (fo=8, routed)           0.376     0.537    bd_0_i/hls_inst/inst/regslice_both_input_r_U/state_reg[0]_0[0]
    SLICE_X24Y46         LUT4 (Prop_F5LUT_SLICEM_I3_O)
                                                      0.100     0.637 r  bd_0_i/hls_inst/inst/regslice_both_input_r_U/state[1]_i_1/O
                         net (fo=1, routed)           0.048     0.685    bd_0_i/hls_inst/inst/regslice_both_input_r_U/state[1]_i_1_n_0
    SLICE_X24Y46         FDSE                                         r  bd_0_i/hls_inst/inst/regslice_both_input_r_U/state_reg[1]/D
  -------------------------------------------------------------------    -------------------

                         (clock ap_clk rise edge)    10.000    10.000 r  
                                                      0.000    10.000 r  ap_clk (IN)
                         net (fo=12, unset)           0.031    10.031    bd_0_i/hls_inst/inst/regslice_both_input_r_U/ap_clk
    SLICE_X24Y46         FDSE                                         r  bd_0_i/hls_inst/inst/regslice_both_input_r_U/state_reg[1]/C
                         clock pessimism              0.000    10.031    
                         clock uncertainty           -0.035     9.996    
    SLICE_X24Y46         FDSE (Setup_FFF2_SLICEM_C_D)
                                                      0.045    10.041    bd_0_i/hls_inst/inst/regslice_both_input_r_U/state_reg[1]
  -------------------------------------------------------------------
                         required time                         10.041    
                         arrival time                          -0.685    
  -------------------------------------------------------------------
                         slack                                  9.356    

Slack (MET) :             9.363ns  (required time - arrival time)
  Source:                 bd_0_i/hls_inst/inst/regslice_both_input_r_U/state_reg[0]/C
                            (rising edge-triggered cell FDRE clocked by ap_clk  {rise@0.000ns fall@5.000ns period=10.000ns})
  Destination:            bd_0_i/hls_inst/inst/regslice_both_input_r_U/state_reg[0]/D
                            (rising edge-triggered cell FDRE clocked by ap_clk  {rise@0.000ns fall@5.000ns period=10.000ns})
  Path Group:             ap_clk
  Path Type:              Setup (Max at Slow Process Corner)
  Requirement:            10.000ns  (ap_clk rise@10.000ns - ap_clk rise@0.000ns)
  Data Path Delay:        0.635ns  (logic 0.313ns (49.310%)  route 0.322ns (50.690%))
  Logic Levels:           1  (LUT5=1)
  Clock Path Skew:        -0.012ns (DCD - SCD + CPR)
    Destination Clock Delay (DCD):    0.031ns = ( 10.031 - 10.000 ) 
    Source Clock Delay      (SCD):    0.043ns
    Clock Pessimism Removal (CPR):    0.000ns
  Clock Uncertainty:      0.035ns  ((TSJ^2 + TIJ^2)^1/2 + DJ) / 2 + PE
    Total System Jitter     (TSJ):    0.071ns
    Total Input Jitter      (TIJ):    0.000ns
    Discrete Jitter          (DJ):    0.000ns
    Phase Error              (PE):    0.000ns

    Location             Delay type                Incr(ns)  Path(ns)    Netlist Resource(s)
  -------------------------------------------------------------------    -------------------
                         (clock ap_clk rise edge)     0.000     0.000 r  
                                                      0.000     0.000 r  ap_clk (IN)
                         net (fo=12, unset)           0.043     0.043    bd_0_i/hls_inst/inst/regslice_both_input_r_U/ap_clk
    SLICE_X24Y46         FDRE                                         r  bd_0_i/hls_inst/inst/regslice_both_input_r_U/state_reg[0]/C
  -------------------------------------------------------------------    -------------------
    SLICE_X24Y46         FDRE (Prop_EFF2_SLICEM_C_Q)
                                                      0.118     0.161 r  bd_0_i/hls_inst/inst/regslice_both_input_r_U/state_reg[0]/Q
                         net (fo=8, routed)           0.285     0.446    bd_0_i/hls_inst/inst/regslice_both_input_r_U/state_reg[0]_0[0]
    SLICE_X24Y46         LUT5 (Prop_E5LUT_SLICEM_I1_O)
                                                      0.195     0.641 r  bd_0_i/hls_inst/inst/regslice_both_input_r_U/next_inferred__10/i_/O
                         net (fo=1, routed)           0.037     0.678    bd_0_i/hls_inst/inst/regslice_both_input_r_U/next_inferred__10/i__n_0
    SLICE_X24Y46         FDRE                                         r  bd_0_i/hls_inst/inst/regslice_both_input_r_U/state_reg[0]/D
  -------------------------------------------------------------------    -------------------

                         (clock ap_clk rise edge)    10.000    10.000 r  
                                                      0.000    10.000 r  ap_clk (IN)
                         net (fo=12, unset)           0.031    10.031    bd_0_i/hls_inst/inst/regslice_both_input_r_U/ap_clk
    SLICE_X24Y46         FDRE                                         r  bd_0_i/hls_inst/inst/regslice_both_input_r_U/state_reg[0]/C
                         clock pessimism              0.000    10.031    
                         clock uncertainty           -0.035     9.996    
    SLICE_X24Y46         FDRE (Setup_EFF2_SLICEM_C_D)
                                                      0.045    10.041    bd_0_i/hls_inst/inst/regslice_both_input_r_U/state_reg[0]
  -------------------------------------------------------------------
                         required time                         10.041    
                         arrival time                          -0.678    
  -------------------------------------------------------------------
                         slack                                  9.363    

Slack (MET) :             9.372ns  (required time - arrival time)
  Source:                 bd_0_i/hls_inst/inst/regslice_both_input_r_U/state_reg[0]/C
                            (rising edge-triggered cell FDRE clocked by ap_clk  {rise@0.000ns fall@5.000ns period=10.000ns})
  Destination:            bd_0_i/hls_inst/inst/regslice_both_input_r_U/FSM_sequential_state_reg[1]/D
                            (rising edge-triggered cell FDRE clocked by ap_clk  {rise@0.000ns fall@5.000ns period=10.000ns})
  Path Group:             ap_clk
  Path Type:              Setup (Max at Slow Process Corner)
  Requirement:            10.000ns  (ap_clk rise@10.000ns - ap_clk rise@0.000ns)
  Data Path Delay:        0.624ns  (logic 0.270ns (43.286%)  route 0.354ns (56.714%))
  Logic Levels:           1  (LUT6=1)
  Clock Path Skew:        -0.013ns (DCD - SCD + CPR)
    Destination Clock Delay (DCD):    0.030ns = ( 10.030 - 10.000 ) 
    Source Clock Delay      (SCD):    0.043ns
    Clock Pessimism Removal (CPR):    0.000ns
  Clock Uncertainty:      0.035ns  ((TSJ^2 + TIJ^2)^1/2 + DJ) / 2 + PE
    Total System Jitter     (TSJ):    0.071ns
    Total Input Jitter      (TIJ):    0.000ns
    Discrete Jitter          (DJ):    0.000ns
    Phase Error              (PE):    0.000ns

    Location             Delay type                Incr(ns)  Path(ns)    Netlist Resource(s)
  -------------------------------------------------------------------    -------------------
                         (clock ap_clk rise edge)     0.000     0.000 r  
                                                      0.000     0.000 r  ap_clk (IN)
                         net (fo=12, unset)           0.043     0.043    bd_0_i/hls_inst/inst/regslice_both_input_r_U/ap_clk
    SLICE_X24Y46         FDRE                                         r  bd_0_i/hls_inst/inst/regslice_both_input_r_U/state_reg[0]/C
  -------------------------------------------------------------------    -------------------
    SLICE_X24Y46         FDRE (Prop_EFF2_SLICEM_C_Q)
                                                      0.118     0.161 f  bd_0_i/hls_inst/inst/regslice_both_input_r_U/state_reg[0]/Q
                         net (fo=8, routed)           0.281     0.442    bd_0_i/hls_inst/inst/regslice_both_input_r_U/state_reg[0]_0[0]
    SLICE_X24Y46         LUT6 (Prop_A6LUT_SLICEM_I0_O)
                                                      0.152     0.594 r  bd_0_i/hls_inst/inst/regslice_both_input_r_U/FSM_sequential_state[1]_i_1/O
                         net (fo=1, routed)           0.073     0.667    bd_0_i/hls_inst/inst/regslice_both_input_r_U/FSM_sequential_state[1]_i_1_n_0
    SLICE_X24Y46         FDRE                                         r  bd_0_i/hls_inst/inst/regslice_both_input_r_U/FSM_sequential_state_reg[1]/D
  -------------------------------------------------------------------    -------------------

                         (clock ap_clk rise edge)    10.000    10.000 r  
                                                      0.000    10.000 r  ap_clk (IN)
                         net (fo=12, unset)           0.030    10.030    bd_0_i/hls_inst/inst/regslice_both_input_r_U/ap_clk
    SLICE_X24Y46         FDRE                                         r  bd_0_i/hls_inst/inst/regslice_both_input_r_U/FSM_sequential_state_reg[1]/C
                         clock pessimism              0.000    10.030    
                         clock uncertainty           -0.035     9.995    
    SLICE_X24Y46         FDRE (Setup_AFF_SLICEM_C_D)
                                                      0.044    10.039    bd_0_i/hls_inst/inst/regslice_both_input_r_U/FSM_sequential_state_reg[1]
  -------------------------------------------------------------------
                         required time                         10.039    
                         arrival time                          -0.667    
  -------------------------------------------------------------------
                         slack                                  9.372    

Slack (MET) :             9.469ns  (required time - arrival time)
  Source:                 bd_0_i/hls_inst/inst/grp_FIR_HLS_Pipeline_VITIS_LOOP_28_2_fu_40/ap_CS_fsm_reg[0]/C
                            (rising edge-triggered cell FDSE clocked by ap_clk  {rise@0.000ns fall@5.000ns period=10.000ns})
  Destination:            bd_0_i/hls_inst/inst/grp_FIR_HLS_Pipeline_VITIS_LOOP_28_2_fu_40/ap_CS_fsm_reg[1]/D
                            (rising edge-triggered cell FDRE clocked by ap_clk  {rise@0.000ns fall@5.000ns period=10.000ns})
  Path Group:             ap_clk
  Path Type:              Setup (Max at Slow Process Corner)
  Requirement:            10.000ns  (ap_clk rise@10.000ns - ap_clk rise@0.000ns)
  Data Path Delay:        0.528ns  (logic 0.208ns (39.413%)  route 0.320ns (60.587%))
  Logic Levels:           1  (LUT2=1)
  Clock Path Skew:        -0.013ns (DCD - SCD + CPR)
    Destination Clock Delay (DCD):    0.030ns = ( 10.030 - 10.000 ) 
    Source Clock Delay      (SCD):    0.043ns
    Clock Pessimism Removal (CPR):    0.000ns
  Clock Uncertainty:      0.035ns  ((TSJ^2 + TIJ^2)^1/2 + DJ) / 2 + PE
    Total System Jitter     (TSJ):    0.071ns
    Total Input Jitter      (TIJ):    0.000ns
    Discrete Jitter          (DJ):    0.000ns
    Phase Error              (PE):    0.000ns

    Location             Delay type                Incr(ns)  Path(ns)    Netlist Resource(s)
  -------------------------------------------------------------------    -------------------
                         (clock ap_clk rise edge)     0.000     0.000 r  
                                                      0.000     0.000 r  ap_clk (IN)
                         net (fo=12, unset)           0.043     0.043    bd_0_i/hls_inst/inst/grp_FIR_HLS_Pipeline_VITIS_LOOP_28_2_fu_40/ap_clk
    SLICE_X24Y46         FDSE                                         r  bd_0_i/hls_inst/inst/grp_FIR_HLS_Pipeline_VITIS_LOOP_28_2_fu_40/ap_CS_fsm_reg[0]/C
  -------------------------------------------------------------------    -------------------
    SLICE_X24Y46         FDSE (Prop_DFF2_SLICEM_C_Q)
                                                      0.115     0.158 f  bd_0_i/hls_inst/inst/grp_FIR_HLS_Pipeline_VITIS_LOOP_28_2_fu_40/ap_CS_fsm_reg[0]/Q
                         net (fo=4, routed)           0.281     0.439    bd_0_i/hls_inst/inst/grp_FIR_HLS_Pipeline_VITIS_LOOP_28_2_fu_40/ap_CS_fsm_state1
    SLICE_X24Y46         LUT2 (Prop_C5LUT_SLICEM_I1_O)
                                                      0.093     0.532 r  bd_0_i/hls_inst/inst/grp_FIR_HLS_Pipeline_VITIS_LOOP_28_2_fu_40/ap_CS_fsm[1]_i_1__0/O
                         net (fo=1, routed)           0.039     0.571    bd_0_i/hls_inst/inst/grp_FIR_HLS_Pipeline_VITIS_LOOP_28_2_fu_40/ap_CS_fsm[1]_i_1__0_n_0
    SLICE_X24Y46         FDRE                                         r  bd_0_i/hls_inst/inst/grp_FIR_HLS_Pipeline_VITIS_LOOP_28_2_fu_40/ap_CS_fsm_reg[1]/D
  -------------------------------------------------------------------    -------------------

                         (clock ap_clk rise edge)    10.000    10.000 r  
                                                      0.000    10.000 r  ap_clk (IN)
                         net (fo=12, unset)           0.030    10.030    bd_0_i/hls_inst/inst/grp_FIR_HLS_Pipeline_VITIS_LOOP_28_2_fu_40/ap_clk
    SLICE_X24Y46         FDRE                                         r  bd_0_i/hls_inst/inst/grp_FIR_HLS_Pipeline_VITIS_LOOP_28_2_fu_40/ap_CS_fsm_reg[1]/C
                         clock pessimism              0.000    10.030    
                         clock uncertainty           -0.035     9.995    
    SLICE_X24Y46         FDRE (Setup_CFF2_SLICEM_C_D)
                                                      0.045    10.040    bd_0_i/hls_inst/inst/grp_FIR_HLS_Pipeline_VITIS_LOOP_28_2_fu_40/ap_CS_fsm_reg[1]
  -------------------------------------------------------------------
                         required time                         10.040    
                         arrival time                          -0.571    
  -------------------------------------------------------------------
                         slack                                  9.469    




