Copyright 1986-2022 Xilinx, Inc. All Rights Reserved. Copyright 2022-2024 Advanced Micro Devices, Inc. All Rights Reserved.
---------------------------------------------------------------------------------------------------------------------------------------------
| Tool Version : Vivado v.2024.2 (win64) Build 5239630 Fri Nov 08 22:35:27 MST 2024
| Date         : Sat Jan 17 13:43:01 2026
| Host         : DESKTOP-92OKADH running 64-bit major release  (build 9200)
| Command      : report_utilization -hierarchical -hierarchical_depth 6 -file ./report/FIR_HLS_utilization_hierarchical_routed.rpt
| Design       : bd_0_wrapper
| Device       : xck26-sfvc784-2LV-c
| Speed File   : -2LV
| Design State : Routed
---------------------------------------------------------------------------------------------------------------------------------------------

Utilization Design Information

Table of Contents
-----------------
1. Utilization by Hierarchy

1. Utilization by Hierarchy
---------------------------

+----------------------------------------------------+----------------------------------------------------------+------------+------------+---------+------+-----+--------+--------+------+------------+
|                      Instance                      |                          Module                          | Total LUTs | Logic LUTs | LUTRAMs | SRLs | FFs | RAMB36 | RAMB18 | URAM | DSP Blocks |
+----------------------------------------------------+----------------------------------------------------------+------------+------------+---------+------+-----+--------+--------+------+------------+
| bd_0_wrapper                                       |                                                    (top) |         10 |         10 |       0 |    0 |  13 |      0 |      0 |    0 |          0 |
|   bd_0_i                                           |                                                     bd_0 |         10 |         10 |       0 |    0 |  13 |      0 |      0 |    0 |          0 |
|     hls_inst                                       |                                          bd_0_hls_inst_0 |         10 |         10 |       0 |    0 |  13 |      0 |      0 |    0 |          0 |
|       inst                                         |                                  bd_0_hls_inst_0_FIR_HLS |         10 |         10 |       0 |    0 |  13 |      0 |      0 |    0 |          0 |
|         (inst)                                     |                                  bd_0_hls_inst_0_FIR_HLS |          0 |          0 |       0 |    0 |   3 |      0 |      0 |    0 |          0 |
|         grp_FIR_HLS_Pipeline_VITIS_LOOP_28_2_fu_40 | bd_0_hls_inst_0_FIR_HLS_FIR_HLS_Pipeline_VITIS_LOOP_28_2 |          3 |          3 |       0 |    0 |   2 |      0 |      0 |    0 |          0 |
|         regslice_both_input_r_U                    |                    bd_0_hls_inst_0_FIR_HLS_regslice_both |          5 |          5 |       0 |    0 |   5 |      0 |      0 |    0 |          0 |
|         regslice_both_output_r_U                   |                  bd_0_hls_inst_0_FIR_HLS_regslice_both_0 |          2 |          2 |       0 |    0 |   3 |      0 |      0 |    0 |          0 |
+----------------------------------------------------+----------------------------------------------------------+------------+------------+---------+------+-----+--------+--------+------+------------+
* Note: The sum of lower-level cells may be larger than their parent cells total, due to cross-hierarchy LUT combining


