Copyright 1986-2022 Xilinx, Inc. All Rights Reserved. Copyright 2022-2024 Advanced Micro Devices, Inc. All Rights Reserved.
---------------------------------------------------------------------------------------------------------------------------------------------
| Tool Version : Vivado v.2024.2 (win64) Build 5239630 Fri Nov 08 22:35:27 MST 2024
| Date         : Sun Nov 23 21:56:36 2025
| Host         : DESKTOP-92OKADH running 64-bit major release  (build 9200)
| Command      : report_drc -file bd_0_wrapper_drc_routed.rpt -pb bd_0_wrapper_drc_routed.pb -rpx bd_0_wrapper_drc_routed.rpx
| Design       : bd_0_wrapper
| Device       : xck26-sfvc784-2LV-c
| Speed File   : -2LV
| Design State : Fully Routed
---------------------------------------------------------------------------------------------------------------------------------------------

Report DRC

Table of Contents
-----------------
1. REPORT SUMMARY
2. REPORT DETAILS

1. REPORT SUMMARY
-----------------
            Netlist: netlist
          Floorplan: checkpoint_bd_0_wrapper
      Design limits: <entire design considered>
           Ruledeck: default
             Max checks: <unlimited>
             Checks found: 14
+-----------+----------+------------------------+--------+
| Rule      | Severity | Description            | Checks |
+-----------+----------+------------------------+--------+
| DPIP-2    | Warning  | Input pipelining       | 12     |
| DPOP-4    | Warning  | MREG Output pipelining | 1      |
| RTSTAT-10 | Warning  | No routable loads      | 1      |
+-----------+----------+------------------------+--------+

2. REPORT DETAILS
-----------------
DPIP-2#1 Warning
Input pipelining  
DSP bd_0_i/hls_inst/inst/grp_FIR_filter_fu_448/am_addmul_17s_17s_9ns_27_4_1_U2/FIR_Halfband_v1_am_addmul_17s_17s_9ns_27_4_1_DSP48_0_U/p_reg_reg input bd_0_i/hls_inst/inst/grp_FIR_filter_fu_448/am_addmul_17s_17s_9ns_27_4_1_U2/FIR_Halfband_v1_am_addmul_17s_17s_9ns_27_4_1_DSP48_0_U/p_reg_reg/A[29:0] is not pipelined. Pipelining DSP48 input will improve performance.
Related violations: <none>

DPIP-2#2 Warning
Input pipelining  
DSP bd_0_i/hls_inst/inst/grp_FIR_filter_fu_448/ama_addmuladd_16s_16s_10s_26s_26_4_1_U18/FIR_Halfband_v1_ama_addmuladd_16s_16s_10s_26s_26_4_1_DSP48_0_U/p_reg_reg input bd_0_i/hls_inst/inst/grp_FIR_filter_fu_448/ama_addmuladd_16s_16s_10s_26s_26_4_1_U18/FIR_Halfband_v1_ama_addmuladd_16s_16s_10s_26s_26_4_1_DSP48_0_U/p_reg_reg/C[47:0] is not pipelined. Pipelining DSP48 input will improve performance.
Related violations: <none>

DPIP-2#3 Warning
Input pipelining  
DSP bd_0_i/hls_inst/inst/grp_FIR_filter_fu_448/ama_addmuladd_16s_16s_11ns_23s_28_4_1_U10/FIR_Halfband_v1_ama_addmuladd_16s_16s_11ns_23s_28_4_1_DSP48_0_U/p_reg_reg input bd_0_i/hls_inst/inst/grp_FIR_filter_fu_448/ama_addmuladd_16s_16s_11ns_23s_28_4_1_U10/FIR_Halfband_v1_ama_addmuladd_16s_16s_11ns_23s_28_4_1_DSP48_0_U/p_reg_reg/C[47:0] is not pipelined. Pipelining DSP48 input will improve performance.
Related violations: <none>

DPIP-2#4 Warning
Input pipelining  
DSP bd_0_i/hls_inst/inst/grp_FIR_filter_fu_448/ama_addmuladd_16s_16s_12ns_27s_29_4_1_U8/FIR_Halfband_v1_ama_addmuladd_16s_16s_12ns_27s_29_4_1_DSP48_0_U/p_reg_reg input bd_0_i/hls_inst/inst/grp_FIR_filter_fu_448/ama_addmuladd_16s_16s_12ns_27s_29_4_1_U8/FIR_Halfband_v1_ama_addmuladd_16s_16s_12ns_27s_29_4_1_DSP48_0_U/p_reg_reg/C[47:0] is not pipelined. Pipelining DSP48 input will improve performance.
Related violations: <none>

DPIP-2#5 Warning
Input pipelining  
DSP bd_0_i/hls_inst/inst/grp_FIR_filter_fu_448/ama_addmuladd_16s_16s_13s_30s_30_4_1_U6/FIR_Halfband_v1_ama_addmuladd_16s_16s_13s_30s_30_4_1_DSP48_0_U/p_reg_reg input bd_0_i/hls_inst/inst/grp_FIR_filter_fu_448/ama_addmuladd_16s_16s_13s_30s_30_4_1_U6/FIR_Halfband_v1_ama_addmuladd_16s_16s_13s_30s_30_4_1_DSP48_0_U/p_reg_reg/C[47:0] is not pipelined. Pipelining DSP48 input will improve performance.
Related violations: <none>

DPIP-2#6 Warning
Input pipelining  
DSP bd_0_i/hls_inst/inst/grp_FIR_filter_fu_448/ama_addmuladd_16s_16s_6ns_24s_24_4_1_U25/FIR_Halfband_v1_ama_addmuladd_16s_16s_6ns_24s_24_4_1_DSP48_0_U/p_reg_reg input bd_0_i/hls_inst/inst/grp_FIR_filter_fu_448/ama_addmuladd_16s_16s_6ns_24s_24_4_1_U25/FIR_Halfband_v1_ama_addmuladd_16s_16s_6ns_24s_24_4_1_DSP48_0_U/p_reg_reg/C[47:0] is not pipelined. Pipelining DSP48 input will improve performance.
Related violations: <none>

DPIP-2#7 Warning
Input pipelining  
DSP bd_0_i/hls_inst/inst/grp_FIR_filter_fu_448/ama_addmuladd_16s_16s_7ns_25s_25_4_1_U24/FIR_Halfband_v1_ama_addmuladd_16s_16s_7ns_25s_25_4_1_DSP48_0_U/p_reg_reg input bd_0_i/hls_inst/inst/grp_FIR_filter_fu_448/ama_addmuladd_16s_16s_7ns_25s_25_4_1_U24/FIR_Halfband_v1_ama_addmuladd_16s_16s_7ns_25s_25_4_1_DSP48_0_U/p_reg_reg/C[47:0] is not pipelined. Pipelining DSP48 input will improve performance.
Related violations: <none>

DPIP-2#8 Warning
Input pipelining  
DSP bd_0_i/hls_inst/inst/grp_FIR_filter_fu_448/ama_addmuladd_16s_16s_7ns_26s_26_4_1_U26/FIR_Halfband_v1_ama_addmuladd_16s_16s_7ns_26s_26_4_1_DSP48_0_U/p_reg_reg input bd_0_i/hls_inst/inst/grp_FIR_filter_fu_448/ama_addmuladd_16s_16s_7ns_26s_26_4_1_U26/FIR_Halfband_v1_ama_addmuladd_16s_16s_7ns_26s_26_4_1_DSP48_0_U/p_reg_reg/C[47:0] is not pipelined. Pipelining DSP48 input will improve performance.
Related violations: <none>

DPIP-2#9 Warning
Input pipelining  
DSP bd_0_i/hls_inst/inst/grp_FIR_filter_fu_448/ama_addmuladd_16s_16s_7s_26s_26_4_1_U20/FIR_Halfband_v1_ama_addmuladd_16s_16s_7s_26s_26_4_1_DSP48_0_U/p_reg_reg input bd_0_i/hls_inst/inst/grp_FIR_filter_fu_448/ama_addmuladd_16s_16s_7s_26s_26_4_1_U20/FIR_Halfband_v1_ama_addmuladd_16s_16s_7s_26s_26_4_1_DSP48_0_U/p_reg_reg/C[47:0] is not pipelined. Pipelining DSP48 input will improve performance.
Related violations: <none>

DPIP-2#10 Warning
Input pipelining  
DSP bd_0_i/hls_inst/inst/grp_FIR_filter_fu_448/ama_addmuladd_17s_17s_6ns_25s_25_4_1_U3/FIR_Halfband_v1_ama_addmuladd_17s_17s_6ns_25s_25_4_1_DSP48_0_U/m_reg_reg input bd_0_i/hls_inst/inst/grp_FIR_filter_fu_448/ama_addmuladd_17s_17s_6ns_25s_25_4_1_U3/FIR_Halfband_v1_ama_addmuladd_17s_17s_6ns_25s_25_4_1_DSP48_0_U/m_reg_reg/A[29:0] is not pipelined. Pipelining DSP48 input will improve performance.
Related violations: <none>

DPIP-2#11 Warning
Input pipelining  
DSP bd_0_i/hls_inst/inst/grp_FIR_filter_fu_448/ama_addmuladd_17s_17s_8s_24s_25_4_1_U4/FIR_Halfband_v1_ama_addmuladd_17s_17s_8s_24s_25_4_1_DSP48_0_U/p_reg_reg input bd_0_i/hls_inst/inst/grp_FIR_filter_fu_448/ama_addmuladd_17s_17s_8s_24s_25_4_1_U4/FIR_Halfband_v1_ama_addmuladd_17s_17s_8s_24s_25_4_1_DSP48_0_U/p_reg_reg/A[29:0] is not pipelined. Pipelining DSP48 input will improve performance.
Related violations: <none>

DPIP-2#12 Warning
Input pipelining  
DSP bd_0_i/hls_inst/inst/grp_FIR_filter_fu_448/ama_addmuladd_17s_17s_8s_24s_25_4_1_U4/FIR_Halfband_v1_ama_addmuladd_17s_17s_8s_24s_25_4_1_DSP48_0_U/p_reg_reg input bd_0_i/hls_inst/inst/grp_FIR_filter_fu_448/ama_addmuladd_17s_17s_8s_24s_25_4_1_U4/FIR_Halfband_v1_ama_addmuladd_17s_17s_8s_24s_25_4_1_DSP48_0_U/p_reg_reg/C[47:0] is not pipelined. Pipelining DSP48 input will improve performance.
Related violations: <none>

DPOP-4#1 Warning
MREG Output pipelining  
DSP bd_0_i/hls_inst/inst/grp_FIR_filter_fu_448/ama_addmuladd_17s_17s_6ns_25s_25_4_1_U3/FIR_Halfband_v1_ama_addmuladd_17s_17s_6ns_25s_25_4_1_DSP48_0_U/p_reg_reg multiplier stage bd_0_i/hls_inst/inst/grp_FIR_filter_fu_448/ama_addmuladd_17s_17s_6ns_25s_25_4_1_U3/FIR_Halfband_v1_ama_addmuladd_17s_17s_6ns_25s_25_4_1_DSP48_0_U/p_reg_reg/P[47:0] is not pipelined (MREG=0). Pipelining the multiplier function will improve performance and will save significant power so it is suggested whenever possible to fully pipeline this function.  If this multiplier was inferred, it is suggested to describe an additional register stage after this function.  If there is no registered adder/accumulator following the multiply function, two pipeline stages are suggested to allow both the MREG and PREG registers to be used.  If the DSP48 was instantiated in the design, it is suggested to set both the MREG and PREG attributes to 1 when performing multiply functions.
Related violations: <none>

RTSTAT-10#1 Warning
No routable loads  
16 net(s) have no routable loads. The problem bus(es) and/or net(s) are bd_0_i/hls_inst/inst/regslice_both_output_r_U/output_r_TDATA[15:0].
Related violations: <none>


