================================================================
== Vivado Place & Route Results
================================================================
+ General Information:
    * Date:            Sat Jan 17 11:15:39 +0100 2026
    * Version:         2024.2 (Build 5238294 on Nov  8 2024)
    * Project:         Fast_Running_FIR_HLS
    * Solution:        hls (Vivado IP Flow Target)
    * Product family:  zynquplus
    * Target device:   xck26-sfvc784-2LV-c


================================================================
== Run Constraints & Options
================================================================
+ Design Constraints & Options:
    * Place & Route target clock:  10 ns
    * C-Synthesis uncertainty:     27%

+ RTL Synthesis Options:
    * config_export -vivado_synth_strategy:     default
    * config_export -vivado_synth_design_args:  -directive sdx_optimization_effort_high

+ Place & Route Options:
    * config_export -vivado_impl_strategy:  default
    * config_export -vivado_phys_opt:       auto

+ Reporting Options:
    * config_export -vivado_report_level:      2
    * config_export -vivado_max_timing_paths:  10


================================================================
== Place & Route Resource Summary
================================================================
LUT:              1397
FF:               398
DSP:              6
BRAM:             0
URAM:             0
SRL:              0


================================================================
== Place & Route Timing Summary
================================================================
* Timing was met
+----------------+-------------+
| Timing         | Period (ns) |
+----------------+-------------+
| Target         | 10.000      |
| Post-Synthesis | 4.797       |
| Post-Route     | 5.815       |
+----------------+-------------+


================================================================
== Place & Route Resources
================================================================
+-----------------------------------------------------------------+------+-----+-----+------+------+-----+--------+------+---------+----------+--------+
| Name                                                            | LUT  | FF  | DSP | BRAM | URAM | SRL | Pragma | Impl | Latency | Variable | Source |
+-----------------------------------------------------------------+------+-----+-----+------+------+-----+--------+------+---------+----------+--------+
| inst                                                            | 1397 | 398 | 6   |      |      |     |        |      |         |          |        |
|   (inst)                                                        | 1    | 75  |     |      |      |     |        |      |         |          |        |
|   H_filter_FIR_20_U                                             | 302  | 64  |     |      |      |     |        |      |         |          |        |
|   H_filter_FIR_21_U                                             | 288  | 64  |     |      |      |     |        |      |         |          |        |
|   H_filter_FIR_22_U                                             | 307  | 64  |     |      |      |     |        |      |         |          |        |
|   grp_Fast_Running_FIR_HLS_Pipeline_VITIS_LOOP_37_11_fu_131     | 130  | 19  | 1   |      |      |     |        |      |         |          |        |
|     (grp_Fast_Running_FIR_HLS_Pipeline_VITIS_LOOP_37_11_fu_131) | 43   | 17  |     |      |      |     |        |      |         |          |        |
|     mul_16s_14s_30_1_1_U6                                       | 17   |     | 1   |      |      |     |        |      |         |          |        |
|   grp_Fast_Running_FIR_HLS_Pipeline_VITIS_LOOP_37_12_fu_140     | 113  | 19  | 1   |      |      |     |        |      |         |          |        |
|     (grp_Fast_Running_FIR_HLS_Pipeline_VITIS_LOOP_37_12_fu_140) | 43   | 17  |     |      |      |     |        |      |         |          |        |
|     flow_control_loop_pipe_sequential_init_U                    | 70   | 2   |     |      |      |     |        |      |         |          |        |
|     mul_16s_14s_30_1_1_U10                                      | 1    |     | 1   |      |      |     |        |      |         |          |        |
|   grp_Fast_Running_FIR_HLS_Pipeline_VITIS_LOOP_37_1_fu_122      | 116  | 19  | 1   |      |      |     |        |      |         |          |        |
|     (grp_Fast_Running_FIR_HLS_Pipeline_VITIS_LOOP_37_1_fu_122)  | 43   | 17  |     |      |      |     |        |      |         |          |        |
|     flow_control_loop_pipe_sequential_init_U                    | 73   | 2   |     |      |      |     |        |      |         |          |        |
|     mul_16s_14s_30_1_1_U1                                       | 1    |     | 1   |      |      |     |        |      |         |          |        |
|   mac_muladd_16s_7ns_32s_32_4_1_U16                             |      |     | 1   |      |      |     |        |      |         |          |        |
|   mul_16s_10s_25_1_1_U15                                        | 24   |     | 1   |      |      |     |        |      |         |          |        |
|   mul_16s_9s_24_1_1_U14                                         | 31   |     | 1   |      |      |     |        |      |         |          |        |
|   regslice_both_input_r_U                                       | 59   | 37  |     |      |      |     |        |      |         |          |        |
|   regslice_both_output_r_U                                      | 27   | 37  |     |      |      |     |        |      |         |          |        |
+-----------------------------------------------------------------+------+-----+-----+------+------+-----+--------+------+---------+----------+--------+


================================================================
== Place & Route Fail Fast
================================================================
+-----------------------------------------------------------+-----------+--------+--------+
| Criteria                                                  | Guideline | Actual | Status |
+-----------------------------------------------------------+-----------+--------+--------+
| LUT                                                       | 70%       | 1.19%  | OK     |
| FD                                                        | 50%       | 0.17%  | OK     |
| LUTRAM+SRL                                                | 25%       | 1.18%  | OK     |
| CARRY8                                                    | 25%       | 0.18%  | OK     |
| MUXF7                                                     | 15%       | 0.38%  | OK     |
| DSP                                                       | 80%       | 0.48%  | OK     |
| RAMB/FIFO                                                 | 80%       | 0.00%  | OK     |
| URAM                                                      | 80%       | 0.00%  | OK     |
| DSP+RAMB+URAM (Avg)                                       | 70%       | 0.48%  | OK     |
| BUFGCE* + BUFGCTRL                                        | 24        | 0      | OK     |
| DONT_TOUCH (cells/nets)                                   | 0         | 0      | OK     |
| MARK_DEBUG (nets)                                         | 0         | 0      | OK     |
| Control Sets                                              | 2196      | 30     | OK     |
| Average Fanout for modules > 100k cells                   | 4         | 2.35   | OK     |
| Max Average Fanout for modules > 100k cells               | 4         | 0      | OK     |
| Non-FD high fanout nets > 10k loads                       | 0         | 0      | OK     |
+-----------------------------------------------------------+-----------+--------+--------+
| TIMING-6 (No common primary clock between related clocks) | 0         | 0      | OK     |
| TIMING-7 (No common node between related clocks)          | 0         | 0      | OK     |
| TIMING-8 (No common period between related clocks)        | 0         | 0      | OK     |
| TIMING-14 (LUT on the clock tree)                         | 0         | 0      | OK     |
| TIMING-35 (No common node in paths with the same clock)   | 0         | 0      | OK     |
+-----------------------------------------------------------+-----------+--------+--------+
| Number of paths above max LUT budgeting (0.391ns)         | 0         | 0      | OK     |
| Number of paths above max Net budgeting (0.263ns)         | 0         | 0      | OK     |
+-----------------------------------------------------------+-----------+--------+--------+


================================================================
== Place & Route Timing Paths
================================================================
* Timing was met
+-------+-------+------------------------------------------+--------------------------------------------+--------------+------------+----------------+----------------+--------------+
| Path  | SLACK | STARTPOINT PIN                           | ENDPOINT PIN                               | LOGIC LEVELS | MAX FANOUT | DATAPATH DELAY | DATAPATH LOGIC | DATAPATH NET |
|       |       |                                          |                                            |              |            |                |          DELAY |        DELAY |
+-------+-------+------------------------------------------+--------------------------------------------+--------------+------------+----------------+----------------+--------------+
| Path1 | 4.185 | regslice_both_input_r_U/data_p1_reg[2]/C | regslice_both_output_r_U/data_p1_reg[15]/D |           15 |          4 |          5.810 |          3.640 |        2.170 |
| Path2 | 4.248 | regslice_both_input_r_U/data_p1_reg[2]/C | regslice_both_output_r_U/data_p1_reg[8]/D  |           15 |          4 |          5.748 |          3.679 |        2.069 |
| Path3 | 4.268 | regslice_both_input_r_U/data_p1_reg[2]/C | regslice_both_output_r_U/data_p1_reg[11]/D |           15 |          4 |          5.728 |          3.608 |        2.120 |
| Path4 | 4.278 | regslice_both_input_r_U/data_p1_reg[2]/C | regslice_both_output_r_U/data_p1_reg[13]/D |           15 |          4 |          5.717 |          3.629 |        2.088 |
| Path5 | 4.286 | regslice_both_input_r_U/data_p1_reg[2]/C | regslice_both_output_r_U/data_p1_reg[9]/D  |           15 |          4 |          5.709 |          3.654 |        2.055 |
+-------+-------+------------------------------------------+--------------------------------------------+--------------+------------+----------------+----------------+--------------+

    +---------------------------------------------------------+------------------------+
    | Path1 Cells                                             | Primitive Type         |
    +---------------------------------------------------------+------------------------+
    | regslice_both_input_r_U/data_p1_reg[2]                  | REGISTER.SDR.FDRE      |
    | regslice_both_input_r_U/tmp_product_i_58__0             | CLB.LUT.LUT2           |
    | regslice_both_input_r_U/tmp_product_i_16__0             | CLB.CARRY.CARRY8       |
    | mul_16s_10s_25_1_1_U15/tmp_product/DSP_A_B_DATA_INST    | ARITHMETIC.DSP.DSP48E2 |
    | mul_16s_10s_25_1_1_U15/tmp_product/DSP_PREADD_DATA_INST | ARITHMETIC.DSP.DSP48E2 |
    | mul_16s_10s_25_1_1_U15/tmp_product/DSP_MULTIPLIER_INST  | ARITHMETIC.DSP.DSP48E2 |
    | mul_16s_10s_25_1_1_U15/tmp_product/DSP_M_DATA_INST      | ARITHMETIC.DSP.DSP48E2 |
    | mul_16s_10s_25_1_1_U15/tmp_product/DSP_ALU_INST         | ARITHMETIC.DSP.DSP48E2 |
    | mul_16s_10s_25_1_1_U15/tmp_product/DSP_OUTPUT_INST      | ARITHMETIC.DSP.DSP48E2 |
    | mul_16s_10s_25_1_1_U15/data_p2[7]_i_36                  | CLB.LUT.LUT2           |
    | mul_16s_10s_25_1_1_U15/data_p2_reg[7]_i_19              | CLB.CARRY.CARRY8       |
    | mul_16s_10s_25_1_1_U15/data_p2_reg[7]_i_18              | CLB.CARRY.CARRY8       |
    | mul_16s_9s_24_1_1_U14/data_p2[7]_i_16                   | CLB.LUT.LUT5           |
    | regslice_both_input_r_U/data_p2_reg[7]_i_1              | CLB.CARRY.CARRY8       |
    | regslice_both_input_r_U/data_p2_reg[15]_i_2             | CLB.CARRY.CARRY8       |
    | regslice_both_output_r_U/data_p1[15]_i_2                | CLB.LUT.LUT4           |
    | regslice_both_output_r_U/data_p1_reg[15]                | REGISTER.SDR.FDRE      |
    | regslice_both_input_r_U/data_p1_reg[2]                  | REGISTER.SDR.FDRE      |
    | regslice_both_input_r_U/tmp_product_i_58__0             | CLB.LUT.LUT2           |
    | regslice_both_input_r_U/tmp_product_i_16__0             | CLB.CARRY.CARRY8       |
    | mul_16s_10s_25_1_1_U15/tmp_product/DSP_A_B_DATA_INST    | ARITHMETIC.DSP.DSP48E2 |
    | mul_16s_10s_25_1_1_U15/tmp_product/DSP_PREADD_DATA_INST | ARITHMETIC.DSP.DSP48E2 |
    | mul_16s_10s_25_1_1_U15/tmp_product/DSP_MULTIPLIER_INST  | ARITHMETIC.DSP.DSP48E2 |
    | mul_16s_10s_25_1_1_U15/tmp_product/DSP_M_DATA_INST      | ARITHMETIC.DSP.DSP48E2 |
    | mul_16s_10s_25_1_1_U15/tmp_product/DSP_ALU_INST         | ARITHMETIC.DSP.DSP48E2 |
    | mul_16s_10s_25_1_1_U15/tmp_product/DSP_OUTPUT_INST      | ARITHMETIC.DSP.DSP48E2 |
    | mul_16s_10s_25_1_1_U15/data_p2[7]_i_36                  | CLB.LUT.LUT2           |
    | mul_16s_10s_25_1_1_U15/data_p2_reg[7]_i_19              | CLB.CARRY.CARRY8       |
    | mul_16s_10s_25_1_1_U15/data_p2_reg[7]_i_18              | CLB.CARRY.CARRY8       |
    | mul_16s_9s_24_1_1_U14/data_p2[7]_i_16                   | CLB.LUT.LUT5           |
    | regslice_both_input_r_U/data_p2_reg[7]_i_1              | CLB.CARRY.CARRY8       |
    | regslice_both_input_r_U/data_p2_reg[15]_i_2             | CLB.CARRY.CARRY8       |
    | regslice_both_output_r_U/data_p1[8]_i_1                 | CLB.LUT.LUT4           |
    | regslice_both_output_r_U/data_p1_reg[8]                 | REGISTER.SDR.FDRE      |
    | regslice_both_input_r_U/data_p1_reg[2]                  | REGISTER.SDR.FDRE      |
    | regslice_both_input_r_U/tmp_product_i_58__0             | CLB.LUT.LUT2           |
    | regslice_both_input_r_U/tmp_product_i_16__0             | CLB.CARRY.CARRY8       |
    | mul_16s_10s_25_1_1_U15/tmp_product/DSP_A_B_DATA_INST    | ARITHMETIC.DSP.DSP48E2 |
    | mul_16s_10s_25_1_1_U15/tmp_product/DSP_PREADD_DATA_INST | ARITHMETIC.DSP.DSP48E2 |
    | mul_16s_10s_25_1_1_U15/tmp_product/DSP_MULTIPLIER_INST  | ARITHMETIC.DSP.DSP48E2 |
    | mul_16s_10s_25_1_1_U15/tmp_product/DSP_M_DATA_INST      | ARITHMETIC.DSP.DSP48E2 |
    | mul_16s_10s_25_1_1_U15/tmp_product/DSP_ALU_INST         | ARITHMETIC.DSP.DSP48E2 |
    | mul_16s_10s_25_1_1_U15/tmp_product/DSP_OUTPUT_INST      | ARITHMETIC.DSP.DSP48E2 |
    | mul_16s_10s_25_1_1_U15/data_p2[7]_i_36                  | CLB.LUT.LUT2           |
    | mul_16s_10s_25_1_1_U15/data_p2_reg[7]_i_19              | CLB.CARRY.CARRY8       |
    | mul_16s_10s_25_1_1_U15/data_p2_reg[7]_i_18              | CLB.CARRY.CARRY8       |
    | mul_16s_9s_24_1_1_U14/data_p2[7]_i_16                   | CLB.LUT.LUT5           |
    | regslice_both_input_r_U/data_p2_reg[7]_i_1              | CLB.CARRY.CARRY8       |
    | regslice_both_input_r_U/data_p2_reg[15]_i_2             | CLB.CARRY.CARRY8       |
    | regslice_both_output_r_U/data_p1[11]_i_1                | CLB.LUT.LUT4           |
    | regslice_both_output_r_U/data_p1_reg[11]                | REGISTER.SDR.FDRE      |
    | regslice_both_input_r_U/data_p1_reg[2]                  | REGISTER.SDR.FDRE      |
    | regslice_both_input_r_U/tmp_product_i_58__0             | CLB.LUT.LUT2           |
    | regslice_both_input_r_U/tmp_product_i_16__0             | CLB.CARRY.CARRY8       |
    | mul_16s_10s_25_1_1_U15/tmp_product/DSP_A_B_DATA_INST    | ARITHMETIC.DSP.DSP48E2 |
    | mul_16s_10s_25_1_1_U15/tmp_product/DSP_PREADD_DATA_INST | ARITHMETIC.DSP.DSP48E2 |
    | mul_16s_10s_25_1_1_U15/tmp_product/DSP_MULTIPLIER_INST  | ARITHMETIC.DSP.DSP48E2 |
    | mul_16s_10s_25_1_1_U15/tmp_product/DSP_M_DATA_INST      | ARITHMETIC.DSP.DSP48E2 |
    | mul_16s_10s_25_1_1_U15/tmp_product/DSP_ALU_INST         | ARITHMETIC.DSP.DSP48E2 |
    | mul_16s_10s_25_1_1_U15/tmp_product/DSP_OUTPUT_INST      | ARITHMETIC.DSP.DSP48E2 |
    | mul_16s_10s_25_1_1_U15/data_p2[7]_i_36                  | CLB.LUT.LUT2           |
    | mul_16s_10s_25_1_1_U15/data_p2_reg[7]_i_19              | CLB.CARRY.CARRY8       |
    | mul_16s_10s_25_1_1_U15/data_p2_reg[7]_i_18              | CLB.CARRY.CARRY8       |
    | mul_16s_9s_24_1_1_U14/data_p2[7]_i_16                   | CLB.LUT.LUT5           |
    | regslice_both_input_r_U/data_p2_reg[7]_i_1              | CLB.CARRY.CARRY8       |
    | regslice_both_input_r_U/data_p2_reg[15]_i_2             | CLB.CARRY.CARRY8       |
    | regslice_both_output_r_U/data_p1[13]_i_1                | CLB.LUT.LUT4           |
    | regslice_both_output_r_U/data_p1_reg[13]                | REGISTER.SDR.FDRE      |
    | regslice_both_input_r_U/data_p1_reg[2]                  | REGISTER.SDR.FDRE      |
    | regslice_both_input_r_U/tmp_product_i_58__0             | CLB.LUT.LUT2           |
    | regslice_both_input_r_U/tmp_product_i_16__0             | CLB.CARRY.CARRY8       |
    | mul_16s_10s_25_1_1_U15/tmp_product/DSP_A_B_DATA_INST    | ARITHMETIC.DSP.DSP48E2 |
    | mul_16s_10s_25_1_1_U15/tmp_product/DSP_PREADD_DATA_INST | ARITHMETIC.DSP.DSP48E2 |
    | mul_16s_10s_25_1_1_U15/tmp_product/DSP_MULTIPLIER_INST  | ARITHMETIC.DSP.DSP48E2 |
    | mul_16s_10s_25_1_1_U15/tmp_product/DSP_M_DATA_INST      | ARITHMETIC.DSP.DSP48E2 |
    | mul_16s_10s_25_1_1_U15/tmp_product/DSP_ALU_INST         | ARITHMETIC.DSP.DSP48E2 |
    | mul_16s_10s_25_1_1_U15/tmp_product/DSP_OUTPUT_INST      | ARITHMETIC.DSP.DSP48E2 |
    | mul_16s_10s_25_1_1_U15/data_p2[7]_i_36                  | CLB.LUT.LUT2           |
    | mul_16s_10s_25_1_1_U15/data_p2_reg[7]_i_19              | CLB.CARRY.CARRY8       |
    | mul_16s_10s_25_1_1_U15/data_p2_reg[7]_i_18              | CLB.CARRY.CARRY8       |
    | mul_16s_9s_24_1_1_U14/data_p2[7]_i_16                   | CLB.LUT.LUT5           |
    | regslice_both_input_r_U/data_p2_reg[7]_i_1              | CLB.CARRY.CARRY8       |
    | regslice_both_input_r_U/data_p2_reg[15]_i_2             | CLB.CARRY.CARRY8       |
    | regslice_both_output_r_U/data_p1[9]_i_1                 | CLB.LUT.LUT4           |
    | regslice_both_output_r_U/data_p1_reg[9]                 | REGISTER.SDR.FDRE      |
    +---------------------------------------------------------+------------------------+

    +---------------------------------------------------------+------------------------+
    | Path2 Cells                                             | Primitive Type         |
    +---------------------------------------------------------+------------------------+
    | regslice_both_input_r_U/data_p1_reg[2]                  | REGISTER.SDR.FDRE      |
    | regslice_both_input_r_U/tmp_product_i_58__0             | CLB.LUT.LUT2           |
    | regslice_both_input_r_U/tmp_product_i_16__0             | CLB.CARRY.CARRY8       |
    | mul_16s_10s_25_1_1_U15/tmp_product/DSP_A_B_DATA_INST    | ARITHMETIC.DSP.DSP48E2 |
    | mul_16s_10s_25_1_1_U15/tmp_product/DSP_PREADD_DATA_INST | ARITHMETIC.DSP.DSP48E2 |
    | mul_16s_10s_25_1_1_U15/tmp_product/DSP_MULTIPLIER_INST  | ARITHMETIC.DSP.DSP48E2 |
    | mul_16s_10s_25_1_1_U15/tmp_product/DSP_M_DATA_INST      | ARITHMETIC.DSP.DSP48E2 |
    | mul_16s_10s_25_1_1_U15/tmp_product/DSP_ALU_INST         | ARITHMETIC.DSP.DSP48E2 |
    | mul_16s_10s_25_1_1_U15/tmp_product/DSP_OUTPUT_INST      | ARITHMETIC.DSP.DSP48E2 |
    | mul_16s_10s_25_1_1_U15/data_p2[7]_i_36                  | CLB.LUT.LUT2           |
    | mul_16s_10s_25_1_1_U15/data_p2_reg[7]_i_19              | CLB.CARRY.CARRY8       |
    | mul_16s_10s_25_1_1_U15/data_p2_reg[7]_i_18              | CLB.CARRY.CARRY8       |
    | mul_16s_9s_24_1_1_U14/data_p2[7]_i_16                   | CLB.LUT.LUT5           |
    | regslice_both_input_r_U/data_p2_reg[7]_i_1              | CLB.CARRY.CARRY8       |
    | regslice_both_input_r_U/data_p2_reg[15]_i_2             | CLB.CARRY.CARRY8       |
    | regslice_both_output_r_U/data_p1[15]_i_2                | CLB.LUT.LUT4           |
    | regslice_both_output_r_U/data_p1_reg[15]                | REGISTER.SDR.FDRE      |
    | regslice_both_input_r_U/data_p1_reg[2]                  | REGISTER.SDR.FDRE      |
    | regslice_both_input_r_U/tmp_product_i_58__0             | CLB.LUT.LUT2           |
    | regslice_both_input_r_U/tmp_product_i_16__0             | CLB.CARRY.CARRY8       |
    | mul_16s_10s_25_1_1_U15/tmp_product/DSP_A_B_DATA_INST    | ARITHMETIC.DSP.DSP48E2 |
    | mul_16s_10s_25_1_1_U15/tmp_product/DSP_PREADD_DATA_INST | ARITHMETIC.DSP.DSP48E2 |
    | mul_16s_10s_25_1_1_U15/tmp_product/DSP_MULTIPLIER_INST  | ARITHMETIC.DSP.DSP48E2 |
    | mul_16s_10s_25_1_1_U15/tmp_product/DSP_M_DATA_INST      | ARITHMETIC.DSP.DSP48E2 |
    | mul_16s_10s_25_1_1_U15/tmp_product/DSP_ALU_INST         | ARITHMETIC.DSP.DSP48E2 |
    | mul_16s_10s_25_1_1_U15/tmp_product/DSP_OUTPUT_INST      | ARITHMETIC.DSP.DSP48E2 |
    | mul_16s_10s_25_1_1_U15/data_p2[7]_i_36                  | CLB.LUT.LUT2           |
    | mul_16s_10s_25_1_1_U15/data_p2_reg[7]_i_19              | CLB.CARRY.CARRY8       |
    | mul_16s_10s_25_1_1_U15/data_p2_reg[7]_i_18              | CLB.CARRY.CARRY8       |
    | mul_16s_9s_24_1_1_U14/data_p2[7]_i_16                   | CLB.LUT.LUT5           |
    | regslice_both_input_r_U/data_p2_reg[7]_i_1              | CLB.CARRY.CARRY8       |
    | regslice_both_input_r_U/data_p2_reg[15]_i_2             | CLB.CARRY.CARRY8       |
    | regslice_both_output_r_U/data_p1[8]_i_1                 | CLB.LUT.LUT4           |
    | regslice_both_output_r_U/data_p1_reg[8]                 | REGISTER.SDR.FDRE      |
    | regslice_both_input_r_U/data_p1_reg[2]                  | REGISTER.SDR.FDRE      |
    | regslice_both_input_r_U/tmp_product_i_58__0             | CLB.LUT.LUT2           |
    | regslice_both_input_r_U/tmp_product_i_16__0             | CLB.CARRY.CARRY8       |
    | mul_16s_10s_25_1_1_U15/tmp_product/DSP_A_B_DATA_INST    | ARITHMETIC.DSP.DSP48E2 |
    | mul_16s_10s_25_1_1_U15/tmp_product/DSP_PREADD_DATA_INST | ARITHMETIC.DSP.DSP48E2 |
    | mul_16s_10s_25_1_1_U15/tmp_product/DSP_MULTIPLIER_INST  | ARITHMETIC.DSP.DSP48E2 |
    | mul_16s_10s_25_1_1_U15/tmp_product/DSP_M_DATA_INST      | ARITHMETIC.DSP.DSP48E2 |
    | mul_16s_10s_25_1_1_U15/tmp_product/DSP_ALU_INST         | ARITHMETIC.DSP.DSP48E2 |
    | mul_16s_10s_25_1_1_U15/tmp_product/DSP_OUTPUT_INST      | ARITHMETIC.DSP.DSP48E2 |
    | mul_16s_10s_25_1_1_U15/data_p2[7]_i_36                  | CLB.LUT.LUT2           |
    | mul_16s_10s_25_1_1_U15/data_p2_reg[7]_i_19              | CLB.CARRY.CARRY8       |
    | mul_16s_10s_25_1_1_U15/data_p2_reg[7]_i_18              | CLB.CARRY.CARRY8       |
    | mul_16s_9s_24_1_1_U14/data_p2[7]_i_16                   | CLB.LUT.LUT5           |
    | regslice_both_input_r_U/data_p2_reg[7]_i_1              | CLB.CARRY.CARRY8       |
    | regslice_both_input_r_U/data_p2_reg[15]_i_2             | CLB.CARRY.CARRY8       |
    | regslice_both_output_r_U/data_p1[11]_i_1                | CLB.LUT.LUT4           |
    | regslice_both_output_r_U/data_p1_reg[11]                | REGISTER.SDR.FDRE      |
    | regslice_both_input_r_U/data_p1_reg[2]                  | REGISTER.SDR.FDRE      |
    | regslice_both_input_r_U/tmp_product_i_58__0             | CLB.LUT.LUT2           |
    | regslice_both_input_r_U/tmp_product_i_16__0             | CLB.CARRY.CARRY8       |
    | mul_16s_10s_25_1_1_U15/tmp_product/DSP_A_B_DATA_INST    | ARITHMETIC.DSP.DSP48E2 |
    | mul_16s_10s_25_1_1_U15/tmp_product/DSP_PREADD_DATA_INST | ARITHMETIC.DSP.DSP48E2 |
    | mul_16s_10s_25_1_1_U15/tmp_product/DSP_MULTIPLIER_INST  | ARITHMETIC.DSP.DSP48E2 |
    | mul_16s_10s_25_1_1_U15/tmp_product/DSP_M_DATA_INST      | ARITHMETIC.DSP.DSP48E2 |
    | mul_16s_10s_25_1_1_U15/tmp_product/DSP_ALU_INST         | ARITHMETIC.DSP.DSP48E2 |
    | mul_16s_10s_25_1_1_U15/tmp_product/DSP_OUTPUT_INST      | ARITHMETIC.DSP.DSP48E2 |
    | mul_16s_10s_25_1_1_U15/data_p2[7]_i_36                  | CLB.LUT.LUT2           |
    | mul_16s_10s_25_1_1_U15/data_p2_reg[7]_i_19              | CLB.CARRY.CARRY8       |
    | mul_16s_10s_25_1_1_U15/data_p2_reg[7]_i_18              | CLB.CARRY.CARRY8       |
    | mul_16s_9s_24_1_1_U14/data_p2[7]_i_16                   | CLB.LUT.LUT5           |
    | regslice_both_input_r_U/data_p2_reg[7]_i_1              | CLB.CARRY.CARRY8       |
    | regslice_both_input_r_U/data_p2_reg[15]_i_2             | CLB.CARRY.CARRY8       |
    | regslice_both_output_r_U/data_p1[13]_i_1                | CLB.LUT.LUT4           |
    | regslice_both_output_r_U/data_p1_reg[13]                | REGISTER.SDR.FDRE      |
    | regslice_both_input_r_U/data_p1_reg[2]                  | REGISTER.SDR.FDRE      |
    | regslice_both_input_r_U/tmp_product_i_58__0             | CLB.LUT.LUT2           |
    | regslice_both_input_r_U/tmp_product_i_16__0             | CLB.CARRY.CARRY8       |
    | mul_16s_10s_25_1_1_U15/tmp_product/DSP_A_B_DATA_INST    | ARITHMETIC.DSP.DSP48E2 |
    | mul_16s_10s_25_1_1_U15/tmp_product/DSP_PREADD_DATA_INST | ARITHMETIC.DSP.DSP48E2 |
    | mul_16s_10s_25_1_1_U15/tmp_product/DSP_MULTIPLIER_INST  | ARITHMETIC.DSP.DSP48E2 |
    | mul_16s_10s_25_1_1_U15/tmp_product/DSP_M_DATA_INST      | ARITHMETIC.DSP.DSP48E2 |
    | mul_16s_10s_25_1_1_U15/tmp_product/DSP_ALU_INST         | ARITHMETIC.DSP.DSP48E2 |
    | mul_16s_10s_25_1_1_U15/tmp_product/DSP_OUTPUT_INST      | ARITHMETIC.DSP.DSP48E2 |
    | mul_16s_10s_25_1_1_U15/data_p2[7]_i_36                  | CLB.LUT.LUT2           |
    | mul_16s_10s_25_1_1_U15/data_p2_reg[7]_i_19              | CLB.CARRY.CARRY8       |
    | mul_16s_10s_25_1_1_U15/data_p2_reg[7]_i_18              | CLB.CARRY.CARRY8       |
    | mul_16s_9s_24_1_1_U14/data_p2[7]_i_16                   | CLB.LUT.LUT5           |
    | regslice_both_input_r_U/data_p2_reg[7]_i_1              | CLB.CARRY.CARRY8       |
    | regslice_both_input_r_U/data_p2_reg[15]_i_2             | CLB.CARRY.CARRY8       |
    | regslice_both_output_r_U/data_p1[9]_i_1                 | CLB.LUT.LUT4           |
    | regslice_both_output_r_U/data_p1_reg[9]                 | REGISTER.SDR.FDRE      |
    +---------------------------------------------------------+------------------------+

    +---------------------------------------------------------+------------------------+
    | Path3 Cells                                             | Primitive Type         |
    +---------------------------------------------------------+------------------------+
    | regslice_both_input_r_U/data_p1_reg[2]                  | REGISTER.SDR.FDRE      |
    | regslice_both_input_r_U/tmp_product_i_58__0             | CLB.LUT.LUT2           |
    | regslice_both_input_r_U/tmp_product_i_16__0             | CLB.CARRY.CARRY8       |
    | mul_16s_10s_25_1_1_U15/tmp_product/DSP_A_B_DATA_INST    | ARITHMETIC.DSP.DSP48E2 |
    | mul_16s_10s_25_1_1_U15/tmp_product/DSP_PREADD_DATA_INST | ARITHMETIC.DSP.DSP48E2 |
    | mul_16s_10s_25_1_1_U15/tmp_product/DSP_MULTIPLIER_INST  | ARITHMETIC.DSP.DSP48E2 |
    | mul_16s_10s_25_1_1_U15/tmp_product/DSP_M_DATA_INST      | ARITHMETIC.DSP.DSP48E2 |
    | mul_16s_10s_25_1_1_U15/tmp_product/DSP_ALU_INST         | ARITHMETIC.DSP.DSP48E2 |
    | mul_16s_10s_25_1_1_U15/tmp_product/DSP_OUTPUT_INST      | ARITHMETIC.DSP.DSP48E2 |
    | mul_16s_10s_25_1_1_U15/data_p2[7]_i_36                  | CLB.LUT.LUT2           |
    | mul_16s_10s_25_1_1_U15/data_p2_reg[7]_i_19              | CLB.CARRY.CARRY8       |
    | mul_16s_10s_25_1_1_U15/data_p2_reg[7]_i_18              | CLB.CARRY.CARRY8       |
    | mul_16s_9s_24_1_1_U14/data_p2[7]_i_16                   | CLB.LUT.LUT5           |
    | regslice_both_input_r_U/data_p2_reg[7]_i_1              | CLB.CARRY.CARRY8       |
    | regslice_both_input_r_U/data_p2_reg[15]_i_2             | CLB.CARRY.CARRY8       |
    | regslice_both_output_r_U/data_p1[15]_i_2                | CLB.LUT.LUT4           |
    | regslice_both_output_r_U/data_p1_reg[15]                | REGISTER.SDR.FDRE      |
    | regslice_both_input_r_U/data_p1_reg[2]                  | REGISTER.SDR.FDRE      |
    | regslice_both_input_r_U/tmp_product_i_58__0             | CLB.LUT.LUT2           |
    | regslice_both_input_r_U/tmp_product_i_16__0             | CLB.CARRY.CARRY8       |
    | mul_16s_10s_25_1_1_U15/tmp_product/DSP_A_B_DATA_INST    | ARITHMETIC.DSP.DSP48E2 |
    | mul_16s_10s_25_1_1_U15/tmp_product/DSP_PREADD_DATA_INST | ARITHMETIC.DSP.DSP48E2 |
    | mul_16s_10s_25_1_1_U15/tmp_product/DSP_MULTIPLIER_INST  | ARITHMETIC.DSP.DSP48E2 |
    | mul_16s_10s_25_1_1_U15/tmp_product/DSP_M_DATA_INST      | ARITHMETIC.DSP.DSP48E2 |
    | mul_16s_10s_25_1_1_U15/tmp_product/DSP_ALU_INST         | ARITHMETIC.DSP.DSP48E2 |
    | mul_16s_10s_25_1_1_U15/tmp_product/DSP_OUTPUT_INST      | ARITHMETIC.DSP.DSP48E2 |
    | mul_16s_10s_25_1_1_U15/data_p2[7]_i_36                  | CLB.LUT.LUT2           |
    | mul_16s_10s_25_1_1_U15/data_p2_reg[7]_i_19              | CLB.CARRY.CARRY8       |
    | mul_16s_10s_25_1_1_U15/data_p2_reg[7]_i_18              | CLB.CARRY.CARRY8       |
    | mul_16s_9s_24_1_1_U14/data_p2[7]_i_16                   | CLB.LUT.LUT5           |
    | regslice_both_input_r_U/data_p2_reg[7]_i_1              | CLB.CARRY.CARRY8       |
    | regslice_both_input_r_U/data_p2_reg[15]_i_2             | CLB.CARRY.CARRY8       |
    | regslice_both_output_r_U/data_p1[8]_i_1                 | CLB.LUT.LUT4           |
    | regslice_both_output_r_U/data_p1_reg[8]                 | REGISTER.SDR.FDRE      |
    | regslice_both_input_r_U/data_p1_reg[2]                  | REGISTER.SDR.FDRE      |
    | regslice_both_input_r_U/tmp_product_i_58__0             | CLB.LUT.LUT2           |
    | regslice_both_input_r_U/tmp_product_i_16__0             | CLB.CARRY.CARRY8       |
    | mul_16s_10s_25_1_1_U15/tmp_product/DSP_A_B_DATA_INST    | ARITHMETIC.DSP.DSP48E2 |
    | mul_16s_10s_25_1_1_U15/tmp_product/DSP_PREADD_DATA_INST | ARITHMETIC.DSP.DSP48E2 |
    | mul_16s_10s_25_1_1_U15/tmp_product/DSP_MULTIPLIER_INST  | ARITHMETIC.DSP.DSP48E2 |
    | mul_16s_10s_25_1_1_U15/tmp_product/DSP_M_DATA_INST      | ARITHMETIC.DSP.DSP48E2 |
    | mul_16s_10s_25_1_1_U15/tmp_product/DSP_ALU_INST         | ARITHMETIC.DSP.DSP48E2 |
    | mul_16s_10s_25_1_1_U15/tmp_product/DSP_OUTPUT_INST      | ARITHMETIC.DSP.DSP48E2 |
    | mul_16s_10s_25_1_1_U15/data_p2[7]_i_36                  | CLB.LUT.LUT2           |
    | mul_16s_10s_25_1_1_U15/data_p2_reg[7]_i_19              | CLB.CARRY.CARRY8       |
    | mul_16s_10s_25_1_1_U15/data_p2_reg[7]_i_18              | CLB.CARRY.CARRY8       |
    | mul_16s_9s_24_1_1_U14/data_p2[7]_i_16                   | CLB.LUT.LUT5           |
    | regslice_both_input_r_U/data_p2_reg[7]_i_1              | CLB.CARRY.CARRY8       |
    | regslice_both_input_r_U/data_p2_reg[15]_i_2             | CLB.CARRY.CARRY8       |
    | regslice_both_output_r_U/data_p1[11]_i_1                | CLB.LUT.LUT4           |
    | regslice_both_output_r_U/data_p1_reg[11]                | REGISTER.SDR.FDRE      |
    | regslice_both_input_r_U/data_p1_reg[2]                  | REGISTER.SDR.FDRE      |
    | regslice_both_input_r_U/tmp_product_i_58__0             | CLB.LUT.LUT2           |
    | regslice_both_input_r_U/tmp_product_i_16__0             | CLB.CARRY.CARRY8       |
    | mul_16s_10s_25_1_1_U15/tmp_product/DSP_A_B_DATA_INST    | ARITHMETIC.DSP.DSP48E2 |
    | mul_16s_10s_25_1_1_U15/tmp_product/DSP_PREADD_DATA_INST | ARITHMETIC.DSP.DSP48E2 |
    | mul_16s_10s_25_1_1_U15/tmp_product/DSP_MULTIPLIER_INST  | ARITHMETIC.DSP.DSP48E2 |
    | mul_16s_10s_25_1_1_U15/tmp_product/DSP_M_DATA_INST      | ARITHMETIC.DSP.DSP48E2 |
    | mul_16s_10s_25_1_1_U15/tmp_product/DSP_ALU_INST         | ARITHMETIC.DSP.DSP48E2 |
    | mul_16s_10s_25_1_1_U15/tmp_product/DSP_OUTPUT_INST      | ARITHMETIC.DSP.DSP48E2 |
    | mul_16s_10s_25_1_1_U15/data_p2[7]_i_36                  | CLB.LUT.LUT2           |
    | mul_16s_10s_25_1_1_U15/data_p2_reg[7]_i_19              | CLB.CARRY.CARRY8       |
    | mul_16s_10s_25_1_1_U15/data_p2_reg[7]_i_18              | CLB.CARRY.CARRY8       |
    | mul_16s_9s_24_1_1_U14/data_p2[7]_i_16                   | CLB.LUT.LUT5           |
    | regslice_both_input_r_U/data_p2_reg[7]_i_1              | CLB.CARRY.CARRY8       |
    | regslice_both_input_r_U/data_p2_reg[15]_i_2             | CLB.CARRY.CARRY8       |
    | regslice_both_output_r_U/data_p1[13]_i_1                | CLB.LUT.LUT4           |
    | regslice_both_output_r_U/data_p1_reg[13]                | REGISTER.SDR.FDRE      |
    | regslice_both_input_r_U/data_p1_reg[2]                  | REGISTER.SDR.FDRE      |
    | regslice_both_input_r_U/tmp_product_i_58__0             | CLB.LUT.LUT2           |
    | regslice_both_input_r_U/tmp_product_i_16__0             | CLB.CARRY.CARRY8       |
    | mul_16s_10s_25_1_1_U15/tmp_product/DSP_A_B_DATA_INST    | ARITHMETIC.DSP.DSP48E2 |
    | mul_16s_10s_25_1_1_U15/tmp_product/DSP_PREADD_DATA_INST | ARITHMETIC.DSP.DSP48E2 |
    | mul_16s_10s_25_1_1_U15/tmp_product/DSP_MULTIPLIER_INST  | ARITHMETIC.DSP.DSP48E2 |
    | mul_16s_10s_25_1_1_U15/tmp_product/DSP_M_DATA_INST      | ARITHMETIC.DSP.DSP48E2 |
    | mul_16s_10s_25_1_1_U15/tmp_product/DSP_ALU_INST         | ARITHMETIC.DSP.DSP48E2 |
    | mul_16s_10s_25_1_1_U15/tmp_product/DSP_OUTPUT_INST      | ARITHMETIC.DSP.DSP48E2 |
    | mul_16s_10s_25_1_1_U15/data_p2[7]_i_36                  | CLB.LUT.LUT2           |
    | mul_16s_10s_25_1_1_U15/data_p2_reg[7]_i_19              | CLB.CARRY.CARRY8       |
    | mul_16s_10s_25_1_1_U15/data_p2_reg[7]_i_18              | CLB.CARRY.CARRY8       |
    | mul_16s_9s_24_1_1_U14/data_p2[7]_i_16                   | CLB.LUT.LUT5           |
    | regslice_both_input_r_U/data_p2_reg[7]_i_1              | CLB.CARRY.CARRY8       |
    | regslice_both_input_r_U/data_p2_reg[15]_i_2             | CLB.CARRY.CARRY8       |
    | regslice_both_output_r_U/data_p1[9]_i_1                 | CLB.LUT.LUT4           |
    | regslice_both_output_r_U/data_p1_reg[9]                 | REGISTER.SDR.FDRE      |
    +---------------------------------------------------------+------------------------+

    +---------------------------------------------------------+------------------------+
    | Path4 Cells                                             | Primitive Type         |
    +---------------------------------------------------------+------------------------+
    | regslice_both_input_r_U/data_p1_reg[2]                  | REGISTER.SDR.FDRE      |
    | regslice_both_input_r_U/tmp_product_i_58__0             | CLB.LUT.LUT2           |
    | regslice_both_input_r_U/tmp_product_i_16__0             | CLB.CARRY.CARRY8       |
    | mul_16s_10s_25_1_1_U15/tmp_product/DSP_A_B_DATA_INST    | ARITHMETIC.DSP.DSP48E2 |
    | mul_16s_10s_25_1_1_U15/tmp_product/DSP_PREADD_DATA_INST | ARITHMETIC.DSP.DSP48E2 |
    | mul_16s_10s_25_1_1_U15/tmp_product/DSP_MULTIPLIER_INST  | ARITHMETIC.DSP.DSP48E2 |
    | mul_16s_10s_25_1_1_U15/tmp_product/DSP_M_DATA_INST      | ARITHMETIC.DSP.DSP48E2 |
    | mul_16s_10s_25_1_1_U15/tmp_product/DSP_ALU_INST         | ARITHMETIC.DSP.DSP48E2 |
    | mul_16s_10s_25_1_1_U15/tmp_product/DSP_OUTPUT_INST      | ARITHMETIC.DSP.DSP48E2 |
    | mul_16s_10s_25_1_1_U15/data_p2[7]_i_36                  | CLB.LUT.LUT2           |
    | mul_16s_10s_25_1_1_U15/data_p2_reg[7]_i_19              | CLB.CARRY.CARRY8       |
    | mul_16s_10s_25_1_1_U15/data_p2_reg[7]_i_18              | CLB.CARRY.CARRY8       |
    | mul_16s_9s_24_1_1_U14/data_p2[7]_i_16                   | CLB.LUT.LUT5           |
    | regslice_both_input_r_U/data_p2_reg[7]_i_1              | CLB.CARRY.CARRY8       |
    | regslice_both_input_r_U/data_p2_reg[15]_i_2             | CLB.CARRY.CARRY8       |
    | regslice_both_output_r_U/data_p1[15]_i_2                | CLB.LUT.LUT4           |
    | regslice_both_output_r_U/data_p1_reg[15]                | REGISTER.SDR.FDRE      |
    | regslice_both_input_r_U/data_p1_reg[2]                  | REGISTER.SDR.FDRE      |
    | regslice_both_input_r_U/tmp_product_i_58__0             | CLB.LUT.LUT2           |
    | regslice_both_input_r_U/tmp_product_i_16__0             | CLB.CARRY.CARRY8       |
    | mul_16s_10s_25_1_1_U15/tmp_product/DSP_A_B_DATA_INST    | ARITHMETIC.DSP.DSP48E2 |
    | mul_16s_10s_25_1_1_U15/tmp_product/DSP_PREADD_DATA_INST | ARITHMETIC.DSP.DSP48E2 |
    | mul_16s_10s_25_1_1_U15/tmp_product/DSP_MULTIPLIER_INST  | ARITHMETIC.DSP.DSP48E2 |
    | mul_16s_10s_25_1_1_U15/tmp_product/DSP_M_DATA_INST      | ARITHMETIC.DSP.DSP48E2 |
    | mul_16s_10s_25_1_1_U15/tmp_product/DSP_ALU_INST         | ARITHMETIC.DSP.DSP48E2 |
    | mul_16s_10s_25_1_1_U15/tmp_product/DSP_OUTPUT_INST      | ARITHMETIC.DSP.DSP48E2 |
    | mul_16s_10s_25_1_1_U15/data_p2[7]_i_36                  | CLB.LUT.LUT2           |
    | mul_16s_10s_25_1_1_U15/data_p2_reg[7]_i_19              | CLB.CARRY.CARRY8       |
    | mul_16s_10s_25_1_1_U15/data_p2_reg[7]_i_18              | CLB.CARRY.CARRY8       |
    | mul_16s_9s_24_1_1_U14/data_p2[7]_i_16                   | CLB.LUT.LUT5           |
    | regslice_both_input_r_U/data_p2_reg[7]_i_1              | CLB.CARRY.CARRY8       |
    | regslice_both_input_r_U/data_p2_reg[15]_i_2             | CLB.CARRY.CARRY8       |
    | regslice_both_output_r_U/data_p1[8]_i_1                 | CLB.LUT.LUT4           |
    | regslice_both_output_r_U/data_p1_reg[8]                 | REGISTER.SDR.FDRE      |
    | regslice_both_input_r_U/data_p1_reg[2]                  | REGISTER.SDR.FDRE      |
    | regslice_both_input_r_U/tmp_product_i_58__0             | CLB.LUT.LUT2           |
    | regslice_both_input_r_U/tmp_product_i_16__0             | CLB.CARRY.CARRY8       |
    | mul_16s_10s_25_1_1_U15/tmp_product/DSP_A_B_DATA_INST    | ARITHMETIC.DSP.DSP48E2 |
    | mul_16s_10s_25_1_1_U15/tmp_product/DSP_PREADD_DATA_INST | ARITHMETIC.DSP.DSP48E2 |
    | mul_16s_10s_25_1_1_U15/tmp_product/DSP_MULTIPLIER_INST  | ARITHMETIC.DSP.DSP48E2 |
    | mul_16s_10s_25_1_1_U15/tmp_product/DSP_M_DATA_INST      | ARITHMETIC.DSP.DSP48E2 |
    | mul_16s_10s_25_1_1_U15/tmp_product/DSP_ALU_INST         | ARITHMETIC.DSP.DSP48E2 |
    | mul_16s_10s_25_1_1_U15/tmp_product/DSP_OUTPUT_INST      | ARITHMETIC.DSP.DSP48E2 |
    | mul_16s_10s_25_1_1_U15/data_p2[7]_i_36                  | CLB.LUT.LUT2           |
    | mul_16s_10s_25_1_1_U15/data_p2_reg[7]_i_19              | CLB.CARRY.CARRY8       |
    | mul_16s_10s_25_1_1_U15/data_p2_reg[7]_i_18              | CLB.CARRY.CARRY8       |
    | mul_16s_9s_24_1_1_U14/data_p2[7]_i_16                   | CLB.LUT.LUT5           |
    | regslice_both_input_r_U/data_p2_reg[7]_i_1              | CLB.CARRY.CARRY8       |
    | regslice_both_input_r_U/data_p2_reg[15]_i_2             | CLB.CARRY.CARRY8       |
    | regslice_both_output_r_U/data_p1[11]_i_1                | CLB.LUT.LUT4           |
    | regslice_both_output_r_U/data_p1_reg[11]                | REGISTER.SDR.FDRE      |
    | regslice_both_input_r_U/data_p1_reg[2]                  | REGISTER.SDR.FDRE      |
    | regslice_both_input_r_U/tmp_product_i_58__0             | CLB.LUT.LUT2           |
    | regslice_both_input_r_U/tmp_product_i_16__0             | CLB.CARRY.CARRY8       |
    | mul_16s_10s_25_1_1_U15/tmp_product/DSP_A_B_DATA_INST    | ARITHMETIC.DSP.DSP48E2 |
    | mul_16s_10s_25_1_1_U15/tmp_product/DSP_PREADD_DATA_INST | ARITHMETIC.DSP.DSP48E2 |
    | mul_16s_10s_25_1_1_U15/tmp_product/DSP_MULTIPLIER_INST  | ARITHMETIC.DSP.DSP48E2 |
    | mul_16s_10s_25_1_1_U15/tmp_product/DSP_M_DATA_INST      | ARITHMETIC.DSP.DSP48E2 |
    | mul_16s_10s_25_1_1_U15/tmp_product/DSP_ALU_INST         | ARITHMETIC.DSP.DSP48E2 |
    | mul_16s_10s_25_1_1_U15/tmp_product/DSP_OUTPUT_INST      | ARITHMETIC.DSP.DSP48E2 |
    | mul_16s_10s_25_1_1_U15/data_p2[7]_i_36                  | CLB.LUT.LUT2           |
    | mul_16s_10s_25_1_1_U15/data_p2_reg[7]_i_19              | CLB.CARRY.CARRY8       |
    | mul_16s_10s_25_1_1_U15/data_p2_reg[7]_i_18              | CLB.CARRY.CARRY8       |
    | mul_16s_9s_24_1_1_U14/data_p2[7]_i_16                   | CLB.LUT.LUT5           |
    | regslice_both_input_r_U/data_p2_reg[7]_i_1              | CLB.CARRY.CARRY8       |
    | regslice_both_input_r_U/data_p2_reg[15]_i_2             | CLB.CARRY.CARRY8       |
    | regslice_both_output_r_U/data_p1[13]_i_1                | CLB.LUT.LUT4           |
    | regslice_both_output_r_U/data_p1_reg[13]                | REGISTER.SDR.FDRE      |
    | regslice_both_input_r_U/data_p1_reg[2]                  | REGISTER.SDR.FDRE      |
    | regslice_both_input_r_U/tmp_product_i_58__0             | CLB.LUT.LUT2           |
    | regslice_both_input_r_U/tmp_product_i_16__0             | CLB.CARRY.CARRY8       |
    | mul_16s_10s_25_1_1_U15/tmp_product/DSP_A_B_DATA_INST    | ARITHMETIC.DSP.DSP48E2 |
    | mul_16s_10s_25_1_1_U15/tmp_product/DSP_PREADD_DATA_INST | ARITHMETIC.DSP.DSP48E2 |
    | mul_16s_10s_25_1_1_U15/tmp_product/DSP_MULTIPLIER_INST  | ARITHMETIC.DSP.DSP48E2 |
    | mul_16s_10s_25_1_1_U15/tmp_product/DSP_M_DATA_INST      | ARITHMETIC.DSP.DSP48E2 |
    | mul_16s_10s_25_1_1_U15/tmp_product/DSP_ALU_INST         | ARITHMETIC.DSP.DSP48E2 |
    | mul_16s_10s_25_1_1_U15/tmp_product/DSP_OUTPUT_INST      | ARITHMETIC.DSP.DSP48E2 |
    | mul_16s_10s_25_1_1_U15/data_p2[7]_i_36                  | CLB.LUT.LUT2           |
    | mul_16s_10s_25_1_1_U15/data_p2_reg[7]_i_19              | CLB.CARRY.CARRY8       |
    | mul_16s_10s_25_1_1_U15/data_p2_reg[7]_i_18              | CLB.CARRY.CARRY8       |
    | mul_16s_9s_24_1_1_U14/data_p2[7]_i_16                   | CLB.LUT.LUT5           |
    | regslice_both_input_r_U/data_p2_reg[7]_i_1              | CLB.CARRY.CARRY8       |
    | regslice_both_input_r_U/data_p2_reg[15]_i_2             | CLB.CARRY.CARRY8       |
    | regslice_both_output_r_U/data_p1[9]_i_1                 | CLB.LUT.LUT4           |
    | regslice_both_output_r_U/data_p1_reg[9]                 | REGISTER.SDR.FDRE      |
    +---------------------------------------------------------+------------------------+

    +---------------------------------------------------------+------------------------+
    | Path5 Cells                                             | Primitive Type         |
    +---------------------------------------------------------+------------------------+
    | regslice_both_input_r_U/data_p1_reg[2]                  | REGISTER.SDR.FDRE      |
    | regslice_both_input_r_U/tmp_product_i_58__0             | CLB.LUT.LUT2           |
    | regslice_both_input_r_U/tmp_product_i_16__0             | CLB.CARRY.CARRY8       |
    | mul_16s_10s_25_1_1_U15/tmp_product/DSP_A_B_DATA_INST    | ARITHMETIC.DSP.DSP48E2 |
    | mul_16s_10s_25_1_1_U15/tmp_product/DSP_PREADD_DATA_INST | ARITHMETIC.DSP.DSP48E2 |
    | mul_16s_10s_25_1_1_U15/tmp_product/DSP_MULTIPLIER_INST  | ARITHMETIC.DSP.DSP48E2 |
    | mul_16s_10s_25_1_1_U15/tmp_product/DSP_M_DATA_INST      | ARITHMETIC.DSP.DSP48E2 |
    | mul_16s_10s_25_1_1_U15/tmp_product/DSP_ALU_INST         | ARITHMETIC.DSP.DSP48E2 |
    | mul_16s_10s_25_1_1_U15/tmp_product/DSP_OUTPUT_INST      | ARITHMETIC.DSP.DSP48E2 |
    | mul_16s_10s_25_1_1_U15/data_p2[7]_i_36                  | CLB.LUT.LUT2           |
    | mul_16s_10s_25_1_1_U15/data_p2_reg[7]_i_19              | CLB.CARRY.CARRY8       |
    | mul_16s_10s_25_1_1_U15/data_p2_reg[7]_i_18              | CLB.CARRY.CARRY8       |
    | mul_16s_9s_24_1_1_U14/data_p2[7]_i_16                   | CLB.LUT.LUT5           |
    | regslice_both_input_r_U/data_p2_reg[7]_i_1              | CLB.CARRY.CARRY8       |
    | regslice_both_input_r_U/data_p2_reg[15]_i_2             | CLB.CARRY.CARRY8       |
    | regslice_both_output_r_U/data_p1[15]_i_2                | CLB.LUT.LUT4           |
    | regslice_both_output_r_U/data_p1_reg[15]                | REGISTER.SDR.FDRE      |
    | regslice_both_input_r_U/data_p1_reg[2]                  | REGISTER.SDR.FDRE      |
    | regslice_both_input_r_U/tmp_product_i_58__0             | CLB.LUT.LUT2           |
    | regslice_both_input_r_U/tmp_product_i_16__0             | CLB.CARRY.CARRY8       |
    | mul_16s_10s_25_1_1_U15/tmp_product/DSP_A_B_DATA_INST    | ARITHMETIC.DSP.DSP48E2 |
    | mul_16s_10s_25_1_1_U15/tmp_product/DSP_PREADD_DATA_INST | ARITHMETIC.DSP.DSP48E2 |
    | mul_16s_10s_25_1_1_U15/tmp_product/DSP_MULTIPLIER_INST  | ARITHMETIC.DSP.DSP48E2 |
    | mul_16s_10s_25_1_1_U15/tmp_product/DSP_M_DATA_INST      | ARITHMETIC.DSP.DSP48E2 |
    | mul_16s_10s_25_1_1_U15/tmp_product/DSP_ALU_INST         | ARITHMETIC.DSP.DSP48E2 |
    | mul_16s_10s_25_1_1_U15/tmp_product/DSP_OUTPUT_INST      | ARITHMETIC.DSP.DSP48E2 |
    | mul_16s_10s_25_1_1_U15/data_p2[7]_i_36                  | CLB.LUT.LUT2           |
    | mul_16s_10s_25_1_1_U15/data_p2_reg[7]_i_19              | CLB.CARRY.CARRY8       |
    | mul_16s_10s_25_1_1_U15/data_p2_reg[7]_i_18              | CLB.CARRY.CARRY8       |
    | mul_16s_9s_24_1_1_U14/data_p2[7]_i_16                   | CLB.LUT.LUT5           |
    | regslice_both_input_r_U/data_p2_reg[7]_i_1              | CLB.CARRY.CARRY8       |
    | regslice_both_input_r_U/data_p2_reg[15]_i_2             | CLB.CARRY.CARRY8       |
    | regslice_both_output_r_U/data_p1[8]_i_1                 | CLB.LUT.LUT4           |
    | regslice_both_output_r_U/data_p1_reg[8]                 | REGISTER.SDR.FDRE      |
    | regslice_both_input_r_U/data_p1_reg[2]                  | REGISTER.SDR.FDRE      |
    | regslice_both_input_r_U/tmp_product_i_58__0             | CLB.LUT.LUT2           |
    | regslice_both_input_r_U/tmp_product_i_16__0             | CLB.CARRY.CARRY8       |
    | mul_16s_10s_25_1_1_U15/tmp_product/DSP_A_B_DATA_INST    | ARITHMETIC.DSP.DSP48E2 |
    | mul_16s_10s_25_1_1_U15/tmp_product/DSP_PREADD_DATA_INST | ARITHMETIC.DSP.DSP48E2 |
    | mul_16s_10s_25_1_1_U15/tmp_product/DSP_MULTIPLIER_INST  | ARITHMETIC.DSP.DSP48E2 |
    | mul_16s_10s_25_1_1_U15/tmp_product/DSP_M_DATA_INST      | ARITHMETIC.DSP.DSP48E2 |
    | mul_16s_10s_25_1_1_U15/tmp_product/DSP_ALU_INST         | ARITHMETIC.DSP.DSP48E2 |
    | mul_16s_10s_25_1_1_U15/tmp_product/DSP_OUTPUT_INST      | ARITHMETIC.DSP.DSP48E2 |
    | mul_16s_10s_25_1_1_U15/data_p2[7]_i_36                  | CLB.LUT.LUT2           |
    | mul_16s_10s_25_1_1_U15/data_p2_reg[7]_i_19              | CLB.CARRY.CARRY8       |
    | mul_16s_10s_25_1_1_U15/data_p2_reg[7]_i_18              | CLB.CARRY.CARRY8       |
    | mul_16s_9s_24_1_1_U14/data_p2[7]_i_16                   | CLB.LUT.LUT5           |
    | regslice_both_input_r_U/data_p2_reg[7]_i_1              | CLB.CARRY.CARRY8       |
    | regslice_both_input_r_U/data_p2_reg[15]_i_2             | CLB.CARRY.CARRY8       |
    | regslice_both_output_r_U/data_p1[11]_i_1                | CLB.LUT.LUT4           |
    | regslice_both_output_r_U/data_p1_reg[11]                | REGISTER.SDR.FDRE      |
    | regslice_both_input_r_U/data_p1_reg[2]                  | REGISTER.SDR.FDRE      |
    | regslice_both_input_r_U/tmp_product_i_58__0             | CLB.LUT.LUT2           |
    | regslice_both_input_r_U/tmp_product_i_16__0             | CLB.CARRY.CARRY8       |
    | mul_16s_10s_25_1_1_U15/tmp_product/DSP_A_B_DATA_INST    | ARITHMETIC.DSP.DSP48E2 |
    | mul_16s_10s_25_1_1_U15/tmp_product/DSP_PREADD_DATA_INST | ARITHMETIC.DSP.DSP48E2 |
    | mul_16s_10s_25_1_1_U15/tmp_product/DSP_MULTIPLIER_INST  | ARITHMETIC.DSP.DSP48E2 |
    | mul_16s_10s_25_1_1_U15/tmp_product/DSP_M_DATA_INST      | ARITHMETIC.DSP.DSP48E2 |
    | mul_16s_10s_25_1_1_U15/tmp_product/DSP_ALU_INST         | ARITHMETIC.DSP.DSP48E2 |
    | mul_16s_10s_25_1_1_U15/tmp_product/DSP_OUTPUT_INST      | ARITHMETIC.DSP.DSP48E2 |
    | mul_16s_10s_25_1_1_U15/data_p2[7]_i_36                  | CLB.LUT.LUT2           |
    | mul_16s_10s_25_1_1_U15/data_p2_reg[7]_i_19              | CLB.CARRY.CARRY8       |
    | mul_16s_10s_25_1_1_U15/data_p2_reg[7]_i_18              | CLB.CARRY.CARRY8       |
    | mul_16s_9s_24_1_1_U14/data_p2[7]_i_16                   | CLB.LUT.LUT5           |
    | regslice_both_input_r_U/data_p2_reg[7]_i_1              | CLB.CARRY.CARRY8       |
    | regslice_both_input_r_U/data_p2_reg[15]_i_2             | CLB.CARRY.CARRY8       |
    | regslice_both_output_r_U/data_p1[13]_i_1                | CLB.LUT.LUT4           |
    | regslice_both_output_r_U/data_p1_reg[13]                | REGISTER.SDR.FDRE      |
    | regslice_both_input_r_U/data_p1_reg[2]                  | REGISTER.SDR.FDRE      |
    | regslice_both_input_r_U/tmp_product_i_58__0             | CLB.LUT.LUT2           |
    | regslice_both_input_r_U/tmp_product_i_16__0             | CLB.CARRY.CARRY8       |
    | mul_16s_10s_25_1_1_U15/tmp_product/DSP_A_B_DATA_INST    | ARITHMETIC.DSP.DSP48E2 |
    | mul_16s_10s_25_1_1_U15/tmp_product/DSP_PREADD_DATA_INST | ARITHMETIC.DSP.DSP48E2 |
    | mul_16s_10s_25_1_1_U15/tmp_product/DSP_MULTIPLIER_INST  | ARITHMETIC.DSP.DSP48E2 |
    | mul_16s_10s_25_1_1_U15/tmp_product/DSP_M_DATA_INST      | ARITHMETIC.DSP.DSP48E2 |
    | mul_16s_10s_25_1_1_U15/tmp_product/DSP_ALU_INST         | ARITHMETIC.DSP.DSP48E2 |
    | mul_16s_10s_25_1_1_U15/tmp_product/DSP_OUTPUT_INST      | ARITHMETIC.DSP.DSP48E2 |
    | mul_16s_10s_25_1_1_U15/data_p2[7]_i_36                  | CLB.LUT.LUT2           |
    | mul_16s_10s_25_1_1_U15/data_p2_reg[7]_i_19              | CLB.CARRY.CARRY8       |
    | mul_16s_10s_25_1_1_U15/data_p2_reg[7]_i_18              | CLB.CARRY.CARRY8       |
    | mul_16s_9s_24_1_1_U14/data_p2[7]_i_16                   | CLB.LUT.LUT5           |
    | regslice_both_input_r_U/data_p2_reg[7]_i_1              | CLB.CARRY.CARRY8       |
    | regslice_both_input_r_U/data_p2_reg[15]_i_2             | CLB.CARRY.CARRY8       |
    | regslice_both_output_r_U/data_p1[9]_i_1                 | CLB.LUT.LUT4           |
    | regslice_both_output_r_U/data_p1_reg[9]                 | REGISTER.SDR.FDRE      |
    +---------------------------------------------------------+------------------------+


================================================================
== Place & Route Vivado Reports
================================================================
+--------------------------+------------------------------------------------------------------------------+
| Report Type              | Report Location                                                              |
+--------------------------+------------------------------------------------------------------------------+
| design_analysis          | impl/verilog/report/Fast_Running_FIR_HLS_design_analysis_routed.rpt          |
| failfast                 | impl/verilog/report/Fast_Running_FIR_HLS_failfast_routed.rpt                 |
| power                    | impl/verilog/report/Fast_Running_FIR_HLS_power_routed.rpt                    |
| status                   | impl/verilog/report/Fast_Running_FIR_HLS_status_routed.rpt                   |
| timing                   | impl/verilog/report/Fast_Running_FIR_HLS_timing_routed.rpt                   |
| timing_paths             | impl/verilog/report/Fast_Running_FIR_HLS_timing_paths_routed.rpt             |
| utilization              | impl/verilog/report/Fast_Running_FIR_HLS_utilization_routed.rpt              |
| utilization_hierarchical | impl/verilog/report/Fast_Running_FIR_HLS_utilization_hierarchical_routed.rpt |
+--------------------------+------------------------------------------------------------------------------+


