

Implementation tool: Xilinx Vivado v.2024.2
Project:             Fast_Running_FIR_HLS
Solution:            hls
Device target:       xck26-sfvc784-2LV-c
Report date:         Sat Jan 17 11:15:38 +0100 2026

#=== Post-Implementation Resource usage ===
SLICE:            0
LUT:           1397
FF:             398
DSP:              6
BRAM:             0
URAM:             0
LATCH:            0
SRL:              0
CLB:            227

#=== Final timing ===
CP required:                     10.000
CP achieved post-synthesis:      4.797
CP achieved post-implementation: 5.815
Timing met
