================================================================
== Vivado Place & Route Results
================================================================
+ General Information:
    * Date:            Sat Jan 17 13:43:08 +0100 2026
    * Version:         2024.2 (Build 5238294 on Nov  8 2024)
    * Project:         Transposed_Folded_FIR_HLS
    * Solution:        hls (Vivado IP Flow Target)
    * Product family:  zynquplus
    * Target device:   xck26-sfvc784-2LV-c


================================================================
== Run Constraints & Options
================================================================
+ Design Constraints & Options:
    * Place & Route target clock:  10 ns
    * C-Synthesis uncertainty:     27%

+ RTL Synthesis Options:
    * config_export -vivado_synth_strategy:     default
    * config_export -vivado_synth_design_args:  -directive sdx_optimization_effort_high

+ Place & Route Options:
    * config_export -vivado_impl_strategy:  default
    * config_export -vivado_phys_opt:       auto

+ Reporting Options:
    * config_export -vivado_report_level:      2
    * config_export -vivado_max_timing_paths:  10


================================================================
== Place & Route Resource Summary
================================================================
LUT:              10
FF:               13
DSP:              0
BRAM:             0
URAM:             0
SRL:              0


================================================================
== Place & Route Timing Summary
================================================================
* Timing was met
+----------------+-------------+
| Timing         | Period (ns) |
+----------------+-------------+
| Target         | 10.000      |
| Post-Synthesis | 0.611       |
| Post-Route     | 0.733       |
+----------------+-------------+


================================================================
== Place & Route Resources
================================================================
+----------------------------------------------+-----+----+-----+------+------+-----+--------+------+---------+----------+--------+
| Name                                         | LUT | FF | DSP | BRAM | URAM | SRL | Pragma | Impl | Latency | Variable | Source |
+----------------------------------------------+-----+----+-----+------+------+-----+--------+------+---------+----------+--------+
| inst                                         | 10  | 13 |     |      |      |     |        |      |         |          |        |
|   (inst)                                     |     | 3  |     |      |      |     |        |      |         |          |        |
|   grp_FIR_HLS_Pipeline_VITIS_LOOP_28_2_fu_40 | 3   | 2  |     |      |      |     |        |      |         |          |        |
|   regslice_both_input_r_U                    | 5   | 5  |     |      |      |     |        |      |         |          |        |
|   regslice_both_output_r_U                   | 2   | 3  |     |      |      |     |        |      |         |          |        |
+----------------------------------------------+-----+----+-----+------+------+-----+--------+------+---------+----------+--------+


================================================================
== Place & Route Fail Fast
================================================================
+-----------------------------------------------------------+-----------+--------+--------+
| Criteria                                                  | Guideline | Actual | Status |
+-----------------------------------------------------------+-----------+--------+--------+
| LUT                                                       | 70%       | 0.01%  | OK     |
| FD                                                        | 50%       | 0.01%  | OK     |
| LUTRAM+SRL                                                | 25%       | 0.00%  | OK     |
| CARRY8                                                    | 25%       | 0.00%  | OK     |
| MUXF7                                                     | 15%       | 0.00%  | OK     |
| DSP                                                       | 80%       | 0.00%  | OK     |
| RAMB/FIFO                                                 | 80%       | 0.00%  | OK     |
| URAM                                                      | 80%       | 0.00%  | OK     |
| DSP+RAMB+URAM (Avg)                                       | 70%       | 0.00%  | OK     |
| BUFGCE* + BUFGCTRL                                        | 24        | 0      | OK     |
| DONT_TOUCH (cells/nets)                                   | 0         | 0      | OK     |
| MARK_DEBUG (nets)                                         | 0         | 0      | OK     |
| Control Sets                                              | 2196      | 1      | OK     |
| Average Fanout for modules > 100k cells                   | 4         | 2.31   | OK     |
| Max Average Fanout for modules > 100k cells               | 4         | 0      | OK     |
| Non-FD high fanout nets > 10k loads                       | 0         | 0      | OK     |
+-----------------------------------------------------------+-----------+--------+--------+
| TIMING-6 (No common primary clock between related clocks) | 0         | 0      | OK     |
| TIMING-7 (No common node between related clocks)          | 0         | 0      | OK     |
| TIMING-8 (No common period between related clocks)        | 0         | 0      | OK     |
| TIMING-14 (LUT on the clock tree)                         | 0         | 0      | OK     |
| TIMING-35 (No common node in paths with the same clock)   | 0         | 0      | OK     |
+-----------------------------------------------------------+-----------+--------+--------+
| Number of paths above max LUT budgeting (0.391ns)         | 0         | 0      | OK     |
| Number of paths above max Net budgeting (0.263ns)         | 0         | 0      | OK     |
+-----------------------------------------------------------+-----------+--------+--------+


================================================================
== Place & Route Timing Paths
================================================================
* Timing was met
+-------+-------+---------------------------------------------------------------+---------------------------------------------------------------+--------------+------------+----------------+----------------+--------------+
| Path  | SLACK | STARTPOINT PIN                                                | ENDPOINT PIN                                                  | LOGIC LEVELS | MAX FANOUT | DATAPATH DELAY | DATAPATH LOGIC | DATAPATH NET |
|       |       |                                                               |                                                               |              |            |                |          DELAY |        DELAY |
+-------+-------+---------------------------------------------------------------+---------------------------------------------------------------+--------------+------------+----------------+----------------+--------------+
| Path1 | 9.267 | regslice_both_input_r_U/state_reg[0]/C                        | ap_CS_fsm_reg[0]/D                                            |            1 |          8 |          0.730 |          0.346 |        0.384 |
| Path2 | 9.276 | regslice_both_input_r_U/state_reg[0]/C                        | regslice_both_input_r_U/ack_in_t_reg/D                        |            1 |          8 |          0.720 |          0.344 |        0.376 |
| Path3 | 9.306 | regslice_both_input_r_U/FSM_sequential_state_reg[0]/C         | regslice_both_input_r_U/FSM_sequential_state_reg[0]/D         |            1 |          3 |          0.691 |          0.314 |        0.377 |
| Path4 | 9.325 | grp_FIR_HLS_Pipeline_VITIS_LOOP_28_2_fu_40/ap_CS_fsm_reg[0]/C | grp_FIR_HLS_Pipeline_VITIS_LOOP_28_2_fu_40/ap_CS_fsm_reg[0]/D |            1 |          4 |          0.672 |          0.335 |        0.337 |
| Path5 | 9.327 | regslice_both_input_r_U/state_reg[0]/C                        | ap_CS_fsm_reg[1]/D                                            |            1 |          8 |          0.672 |          0.341 |        0.331 |
+-------+-------+---------------------------------------------------------------+---------------------------------------------------------------+--------------+------------+----------------+----------------+--------------+

    +----------------------------------------------------------------+-------------------+
    | Path1 Cells                                                    | Primitive Type    |
    +----------------------------------------------------------------+-------------------+
    | regslice_both_input_r_U/state_reg[0]                           | REGISTER.SDR.FDRE |
    | grp_FIR_HLS_Pipeline_VITIS_LOOP_28_2_fu_40/ap_CS_fsm[0]_i_1    | CLB.LUT.LUT5      |
    | ap_CS_fsm_reg[0]                                               | REGISTER.SDR.FDSE |
    | regslice_both_input_r_U/state_reg[0]                           | REGISTER.SDR.FDRE |
    | regslice_both_input_r_U/ack_in_t_i_2                           | CLB.LUT.LUT6      |
    | regslice_both_input_r_U/ack_in_t_reg                           | REGISTER.SDR.FDRE |
    | regslice_both_input_r_U/FSM_sequential_state_reg[0]            | REGISTER.SDR.FDSE |
    | regslice_both_input_r_U/FSM_sequential_state[0]_i_1            | CLB.LUT.LUT5      |
    | grp_FIR_HLS_Pipeline_VITIS_LOOP_28_2_fu_40/ap_CS_fsm_reg[0]    | REGISTER.SDR.FDSE |
    | grp_FIR_HLS_Pipeline_VITIS_LOOP_28_2_fu_40/ap_CS_fsm[0]_i_1__0 | CLB.LUT.LUT3      |
    | regslice_both_input_r_U/state_reg[0]                           | REGISTER.SDR.FDRE |
    | grp_FIR_HLS_Pipeline_VITIS_LOOP_28_2_fu_40/ap_CS_fsm[1]_i_1    | CLB.LUT.LUT5      |
    | ap_CS_fsm_reg[1]                                               | REGISTER.SDR.FDRE |
    +----------------------------------------------------------------+-------------------+

    +----------------------------------------------------------------+-------------------+
    | Path2 Cells                                                    | Primitive Type    |
    +----------------------------------------------------------------+-------------------+
    | regslice_both_input_r_U/state_reg[0]                           | REGISTER.SDR.FDRE |
    | grp_FIR_HLS_Pipeline_VITIS_LOOP_28_2_fu_40/ap_CS_fsm[0]_i_1    | CLB.LUT.LUT5      |
    | ap_CS_fsm_reg[0]                                               | REGISTER.SDR.FDSE |
    | regslice_both_input_r_U/state_reg[0]                           | REGISTER.SDR.FDRE |
    | regslice_both_input_r_U/ack_in_t_i_2                           | CLB.LUT.LUT6      |
    | regslice_both_input_r_U/ack_in_t_reg                           | REGISTER.SDR.FDRE |
    | regslice_both_input_r_U/FSM_sequential_state_reg[0]            | REGISTER.SDR.FDSE |
    | regslice_both_input_r_U/FSM_sequential_state[0]_i_1            | CLB.LUT.LUT5      |
    | grp_FIR_HLS_Pipeline_VITIS_LOOP_28_2_fu_40/ap_CS_fsm_reg[0]    | REGISTER.SDR.FDSE |
    | grp_FIR_HLS_Pipeline_VITIS_LOOP_28_2_fu_40/ap_CS_fsm[0]_i_1__0 | CLB.LUT.LUT3      |
    | regslice_both_input_r_U/state_reg[0]                           | REGISTER.SDR.FDRE |
    | grp_FIR_HLS_Pipeline_VITIS_LOOP_28_2_fu_40/ap_CS_fsm[1]_i_1    | CLB.LUT.LUT5      |
    | ap_CS_fsm_reg[1]                                               | REGISTER.SDR.FDRE |
    +----------------------------------------------------------------+-------------------+

    +----------------------------------------------------------------+-------------------+
    | Path3 Cells                                                    | Primitive Type    |
    +----------------------------------------------------------------+-------------------+
    | regslice_both_input_r_U/state_reg[0]                           | REGISTER.SDR.FDRE |
    | grp_FIR_HLS_Pipeline_VITIS_LOOP_28_2_fu_40/ap_CS_fsm[0]_i_1    | CLB.LUT.LUT5      |
    | ap_CS_fsm_reg[0]                                               | REGISTER.SDR.FDSE |
    | regslice_both_input_r_U/state_reg[0]                           | REGISTER.SDR.FDRE |
    | regslice_both_input_r_U/ack_in_t_i_2                           | CLB.LUT.LUT6      |
    | regslice_both_input_r_U/ack_in_t_reg                           | REGISTER.SDR.FDRE |
    | regslice_both_input_r_U/FSM_sequential_state_reg[0]            | REGISTER.SDR.FDSE |
    | regslice_both_input_r_U/FSM_sequential_state[0]_i_1            | CLB.LUT.LUT5      |
    | grp_FIR_HLS_Pipeline_VITIS_LOOP_28_2_fu_40/ap_CS_fsm_reg[0]    | REGISTER.SDR.FDSE |
    | grp_FIR_HLS_Pipeline_VITIS_LOOP_28_2_fu_40/ap_CS_fsm[0]_i_1__0 | CLB.LUT.LUT3      |
    | regslice_both_input_r_U/state_reg[0]                           | REGISTER.SDR.FDRE |
    | grp_FIR_HLS_Pipeline_VITIS_LOOP_28_2_fu_40/ap_CS_fsm[1]_i_1    | CLB.LUT.LUT5      |
    | ap_CS_fsm_reg[1]                                               | REGISTER.SDR.FDRE |
    +----------------------------------------------------------------+-------------------+

    +----------------------------------------------------------------+-------------------+
    | Path4 Cells                                                    | Primitive Type    |
    +----------------------------------------------------------------+-------------------+
    | regslice_both_input_r_U/state_reg[0]                           | REGISTER.SDR.FDRE |
    | grp_FIR_HLS_Pipeline_VITIS_LOOP_28_2_fu_40/ap_CS_fsm[0]_i_1    | CLB.LUT.LUT5      |
    | ap_CS_fsm_reg[0]                                               | REGISTER.SDR.FDSE |
    | regslice_both_input_r_U/state_reg[0]                           | REGISTER.SDR.FDRE |
    | regslice_both_input_r_U/ack_in_t_i_2                           | CLB.LUT.LUT6      |
    | regslice_both_input_r_U/ack_in_t_reg                           | REGISTER.SDR.FDRE |
    | regslice_both_input_r_U/FSM_sequential_state_reg[0]            | REGISTER.SDR.FDSE |
    | regslice_both_input_r_U/FSM_sequential_state[0]_i_1            | CLB.LUT.LUT5      |
    | grp_FIR_HLS_Pipeline_VITIS_LOOP_28_2_fu_40/ap_CS_fsm_reg[0]    | REGISTER.SDR.FDSE |
    | grp_FIR_HLS_Pipeline_VITIS_LOOP_28_2_fu_40/ap_CS_fsm[0]_i_1__0 | CLB.LUT.LUT3      |
    | regslice_both_input_r_U/state_reg[0]                           | REGISTER.SDR.FDRE |
    | grp_FIR_HLS_Pipeline_VITIS_LOOP_28_2_fu_40/ap_CS_fsm[1]_i_1    | CLB.LUT.LUT5      |
    | ap_CS_fsm_reg[1]                                               | REGISTER.SDR.FDRE |
    +----------------------------------------------------------------+-------------------+

    +----------------------------------------------------------------+-------------------+
    | Path5 Cells                                                    | Primitive Type    |
    +----------------------------------------------------------------+-------------------+
    | regslice_both_input_r_U/state_reg[0]                           | REGISTER.SDR.FDRE |
    | grp_FIR_HLS_Pipeline_VITIS_LOOP_28_2_fu_40/ap_CS_fsm[0]_i_1    | CLB.LUT.LUT5      |
    | ap_CS_fsm_reg[0]                                               | REGISTER.SDR.FDSE |
    | regslice_both_input_r_U/state_reg[0]                           | REGISTER.SDR.FDRE |
    | regslice_both_input_r_U/ack_in_t_i_2                           | CLB.LUT.LUT6      |
    | regslice_both_input_r_U/ack_in_t_reg                           | REGISTER.SDR.FDRE |
    | regslice_both_input_r_U/FSM_sequential_state_reg[0]            | REGISTER.SDR.FDSE |
    | regslice_both_input_r_U/FSM_sequential_state[0]_i_1            | CLB.LUT.LUT5      |
    | grp_FIR_HLS_Pipeline_VITIS_LOOP_28_2_fu_40/ap_CS_fsm_reg[0]    | REGISTER.SDR.FDSE |
    | grp_FIR_HLS_Pipeline_VITIS_LOOP_28_2_fu_40/ap_CS_fsm[0]_i_1__0 | CLB.LUT.LUT3      |
    | regslice_both_input_r_U/state_reg[0]                           | REGISTER.SDR.FDRE |
    | grp_FIR_HLS_Pipeline_VITIS_LOOP_28_2_fu_40/ap_CS_fsm[1]_i_1    | CLB.LUT.LUT5      |
    | ap_CS_fsm_reg[1]                                               | REGISTER.SDR.FDRE |
    +----------------------------------------------------------------+-------------------+


================================================================
== Place & Route Vivado Reports
================================================================
+--------------------------+-----------------------------------------------------------------+
| Report Type              | Report Location                                                 |
+--------------------------+-----------------------------------------------------------------+
| design_analysis          | impl/verilog/report/FIR_HLS_design_analysis_routed.rpt          |
| failfast                 | impl/verilog/report/FIR_HLS_failfast_routed.rpt                 |
| power                    | impl/verilog/report/FIR_HLS_power_routed.rpt                    |
| status                   | impl/verilog/report/FIR_HLS_status_routed.rpt                   |
| timing                   | impl/verilog/report/FIR_HLS_timing_routed.rpt                   |
| timing_paths             | impl/verilog/report/FIR_HLS_timing_paths_routed.rpt             |
| utilization              | impl/verilog/report/FIR_HLS_utilization_routed.rpt              |
| utilization_hierarchical | impl/verilog/report/FIR_HLS_utilization_hierarchical_routed.rpt |
+--------------------------+-----------------------------------------------------------------+


