

Implementation tool: Xilinx Vivado v.2024.2
Project:             Transposed_Folded_FIR_HLS
Solution:            hls
Device target:       xck26-sfvc784-2LV-c
Report date:         Sat Jan 17 13:43:06 +0100 2026

#=== Post-Implementation Resource usage ===
SLICE:            0
LUT:             10
FF:              13
DSP:              0
BRAM:             0
URAM:             0
LATCH:            0
SRL:              0
CLB:              2

#=== Final timing ===
CP required:                     10.000
CP achieved post-synthesis:      0.611
CP achieved post-implementation: 0.733
Timing met
