

================================================================
== Vitis HLS Report for 'FIR_HLS_Pipeline_VITIS_LOOP_28_2'
================================================================
* Date:           Sat Jan 17 13:34:11 2026

* Version:        2024.2 (Build 5238294 on Nov  8 2024)
* Project:        Transposed_Folded_FIR_HLS
* Solution:       hls (Vivado IP Flow Target)
* Product family: zynquplus
* Target device:  xck26-sfvc784-2LV-c


================================================================
== Performance Estimates
================================================================
+ Timing: 
    * Summary: 
    +--------+----------+----------+------------+
    |  Clock |  Target  | Estimated| Uncertainty|
    +--------+----------+----------+------------+
    |ap_clk  |  10.00 ns|  5.870 ns|     2.70 ns|
    +--------+----------+----------+------------+

+ Latency: 
    * Summary: 
    +---------+---------+----------+----------+-----+-----+---------+
    |  Latency (cycles) |  Latency (absolute) |  Interval | Pipeline|
    |   min   |   max   |    min   |    max   | min | max |   Type  |
    +---------+---------+----------+----------+-----+-----+---------+
    |        ?|        ?|         ?|         ?|    ?|    ?|       no|
    +---------+---------+----------+----------+-----+-----+---------+

    + Detail: 
        * Instance: 
        N/A

        * Loop: 
        +-------------------+---------+---------+----------+-----------+-----------+------+----------+
        |                   |  Latency (cycles) | Iteration|  Initiation Interval  | Trip |          |
        |     Loop Name     |   min   |   max   |  Latency |  achieved |   target  | Count| Pipelined|
        +-------------------+---------+---------+----------+-----------+-----------+------+----------+
        |- VITIS_LOOP_28_2  |      392|      392|         2|          1|          1|   391|       yes|
        +-------------------+---------+---------+----------+-----------+-----------+------+----------+



================================================================
== Utilization Estimates
================================================================
* Summary: 
+-----------------+---------+------+--------+--------+-----+
|       Name      | BRAM_18K|  DSP |   FF   |   LUT  | URAM|
+-----------------+---------+------+--------+--------+-----+
|DSP              |        -|     -|       -|       -|    -|
|Expression       |        -|     -|       0|     128|    -|
|FIFO             |        -|     -|       -|       -|    -|
|Instance         |        -|     1|       0|       5|    -|
|Memory           |        2|     -|       0|       0|    0|
|Multiplexer      |        -|     -|       0|      32|    -|
|Register         |        -|     -|     107|       -|    -|
+-----------------+---------+------+--------+--------+-----+
|Total            |        2|     1|     107|     165|    0|
+-----------------+---------+------+--------+--------+-----+
|Available        |      288|  1248|  234240|  117120|   64|
+-----------------+---------+------+--------+--------+-----+
|Utilization (%)  |       ~0|    ~0|      ~0|      ~0|    0|
+-----------------+---------+------+--------+--------+-----+

+ Detail: 
    * Instance: 
    +-----------------------+--------------------+---------+----+---+----+-----+
    |        Instance       |       Module       | BRAM_18K| DSP| FF| LUT| URAM|
    +-----------------------+--------------------+---------+----+---+----+-----+
    |mul_16s_14s_30_1_1_U1  |mul_16s_14s_30_1_1  |        0|   1|  0|   5|    0|
    +-----------------------+--------------------+---------+----+---+----+-----+
    |Total                  |                    |        0|   1|  0|   5|    0|
    +-----------------------+--------------------+---------+----+---+----+-----+

    * DSP: 
    N/A

    * Memory: 
    +---------------+------------------------------------------------------------+---------+---+----+-----+------+-----+------+-------------+
    |     Memory    |                           Module                           | BRAM_18K| FF| LUT| URAM| Words| Bits| Banks| W*Bits*Banks|
    +---------------+------------------------------------------------------------+---------+---+----+-----+------+-----+------+-------------+
    |H_accu_FIR1_U  |FIR_HLS_Pipeline_VITIS_LOOP_28_2_H_accu_FIR1_RAM_AUTO_1R1W  |        1|  0|   0|    0|   392|   32|     1|        12544|
    |b_FIR_U        |FIR_HLS_Pipeline_VITIS_LOOP_28_2_b_FIR_ROM_AUTO_1R          |        1|  0|   0|    0|   392|   14|     1|         5488|
    +---------------+------------------------------------------------------------+---------+---+----+-----+------+-----+------+-------------+
    |Total          |                                                            |        2|  0|   0|    0|   784|   46|     2|        18032|
    +---------------+------------------------------------------------------------+---------+---+----+-----+------+-----+------+-------------+

    * FIFO: 
    N/A

    * Expression: 
    +----------------------+----------+----+---+----+------------+------------+
    |     Variable Name    | Operation| DSP| FF| LUT| Bitwidth P0| Bitwidth P1|
    +----------------------+----------+----+---+----+------------+------------+
    |add_ln28_fu_102_p2    |         +|   0|  0|  71|          64|           1|
    |add_ln31_1_fu_144_p2  |         +|   0|  0|  39|          32|          32|
    |add_ln31_fu_134_p2    |         +|   0|  0|  16|           9|           2|
    |ap_enable_pp0         |       xor|   0|  0|   2|           1|           2|
    +----------------------+----------+----+---+----+------------+------------+
    |Total                 |          |   0|  0| 128|         106|          37|
    +----------------------+----------+----+---+----+------------+------------+

    * Multiplexer: 
    +-------------------------+----+-----------+-----+-----------+
    |           Name          | LUT| Input Size| Bits| Total Bits|
    +-------------------------+----+-----------+-----+-----------+
    |ap_NS_fsm                |  14|          3|    1|          3|
    |ap_enable_reg_pp0_iter1  |   9|          2|    1|          2|
    |i_fu_36                  |   9|          2|   64|        128|
    +-------------------------+----+-----------+-----+-----------+
    |Total                    |  32|          7|   66|        133|
    +-------------------------+----+-----------+-----+-----------+

    * Register: 
    +-------------------------+----+----+-----+-----------+
    |           Name          | FF | LUT| Bits| Const Bits|
    +-------------------------+----+----+-----+-----------+
    |ap_CS_fsm                |   2|   0|    2|          0|
    |ap_enable_reg_pp0_iter0  |   1|   0|    1|          0|
    |ap_enable_reg_pp0_iter1  |   1|   0|    1|          0|
    |i_fu_36                  |  64|   0|   64|          0|
    |sext_ln28_cast_reg_158   |  30|   0|   30|          0|
    |trunc_ln28_reg_163       |   9|   0|    9|          0|
    +-------------------------+----+----+-----+-----------+
    |Total                    | 107|   0|  107|          0|
    +-------------------------+----+----+-----+-----------+



================================================================
== Interface
================================================================
* Summary: 
+-----------+-----+-----+------------+----------------------------------+--------------+
| RTL Ports | Dir | Bits|  Protocol  |           Source Object          |    C Type    |
+-----------+-----+-----+------------+----------------------------------+--------------+
|ap_clk     |   in|    1|  ap_ctrl_hs|  FIR_HLS_Pipeline_VITIS_LOOP_28_2|  return value|
|ap_rst     |   in|    1|  ap_ctrl_hs|  FIR_HLS_Pipeline_VITIS_LOOP_28_2|  return value|
|ap_start   |   in|    1|  ap_ctrl_hs|  FIR_HLS_Pipeline_VITIS_LOOP_28_2|  return value|
|ap_done    |  out|    1|  ap_ctrl_hs|  FIR_HLS_Pipeline_VITIS_LOOP_28_2|  return value|
|ap_idle    |  out|    1|  ap_ctrl_hs|  FIR_HLS_Pipeline_VITIS_LOOP_28_2|  return value|
|ap_ready   |  out|    1|  ap_ctrl_hs|  FIR_HLS_Pipeline_VITIS_LOOP_28_2|  return value|
|sext_ln28  |   in|   16|     ap_none|                         sext_ln28|        scalar|
+-----------+-----+-----+------------+----------------------------------+--------------+

============================================================
+ Verbose Summary: Synthesis Manager
============================================================
InlineROM: 1
ExposeGlobal: 0
============================================================
+ Verbose Summary: CDFG Model
============================================================
IsTopModel: 0
ResetActiveHigh: 1
IsCombinational: 2
IsDatapathOnly: 2
HasWiredReturn: 1
HasMFsm: 2
HasVarLatency: 1
IsPipeline: 0
IsRtlPipelined: 0
IsInstanceOverlapped: 0
IsDontTouch: 0
HasImplIP: 0
IsGatedGlobalClock: 0

+ Individual pipeline summary: 
  * Pipeline-0: initiation interval (II) = 1, depth = 2


============================================================
+ Verbose Summary: Schedule
============================================================
* Number of FSM states : 3
* Pipeline : 1
  Pipeline-0 : II = 1, D = 2, States = { 2 3 }
* Dataflow Pipeline: 0

* FSM state transitions: 
1 --> 2 
2 --> 3 
3 --> 2 

* FSM state operations: 

State 1 <SV = 0> <Delay = 0.42>
ST_1 : Operation 4 [1/1] (0.00ns)   --->   "%i = alloca i32 1" [FIR_HLS.cpp:28->FIR_HLS.cpp:12]   --->   Operation 4 'alloca' 'i' <Predicate = true> <Delay = 0.00>
ST_1 : Operation 5 [1/1] (0.00ns)   --->   "%sext_ln28_read = read i16 @_ssdm_op_Read.ap_auto.i16, i16 %sext_ln28"   --->   Operation 5 'read' 'sext_ln28_read' <Predicate = true> <Delay = 0.00>
ST_1 : Operation 6 [1/1] (0.00ns)   --->   "%sext_ln28_cast = sext i16 %sext_ln28_read"   --->   Operation 6 'sext' 'sext_ln28_cast' <Predicate = true> <Delay = 0.00>
ST_1 : Operation 7 [1/1] (0.42ns)   --->   "%store_ln28 = store i64 1, i64 %i" [FIR_HLS.cpp:28->FIR_HLS.cpp:12]   --->   Operation 7 'store' 'store_ln28' <Predicate = true> <Delay = 0.42>
ST_1 : Operation 8 [1/1] (0.00ns)   --->   "%br_ln0 = br void %for.body14.i.split_ifconv"   --->   Operation 8 'br' 'br_ln0' <Predicate = true> <Delay = 0.00>

State 2 <SV = 1> <Delay = 1.51>
ST_2 : Operation 9 [1/1] (0.00ns)   --->   "%i_1 = load i64 %i" [FIR_HLS.cpp:28->FIR_HLS.cpp:12]   --->   Operation 9 'load' 'i_1' <Predicate = true> <Delay = 0.00>
ST_2 : Operation 10 [1/1] (0.00ns)   --->   "%trunc_ln28 = trunc i64 %i_1" [FIR_HLS.cpp:28->FIR_HLS.cpp:12]   --->   Operation 10 'trunc' 'trunc_ln28' <Predicate = true> <Delay = 0.00>
ST_2 : Operation 11 [1/1] (0.00ns)   --->   "%b_FIR_addr = getelementptr i14 %b_FIR, i64 0, i64 %i_1" [FIR_HLS.cpp:29->FIR_HLS.cpp:12]   --->   Operation 11 'getelementptr' 'b_FIR_addr' <Predicate = true> <Delay = 0.00>
ST_2 : Operation 12 [2/2] (1.23ns)   --->   "%b_FIR_load = load i9 %b_FIR_addr" [FIR_HLS.cpp:29->FIR_HLS.cpp:12]   --->   Operation 12 'load' 'b_FIR_load' <Predicate = true> <Delay = 1.23> <CoreInst = "ROM">   --->   Core 100 'ROM' <Latency = 1> <II = 1> <Delay = 1.23> <Storage> <Opcode : 'load'> <Ports = 0> <Width = 14> <Depth = 392> <ROM>
ST_2 : Operation 13 [1/1] (0.00ns)   --->   "%H_accu_FIR1_addr = getelementptr i32 %H_accu_FIR1, i64 0, i64 %i_1" [FIR_HLS.cpp:31->FIR_HLS.cpp:12]   --->   Operation 13 'getelementptr' 'H_accu_FIR1_addr' <Predicate = true> <Delay = 0.00>
ST_2 : Operation 14 [2/2] (1.23ns)   --->   "%H_accu_FIR1_load = load i9 %H_accu_FIR1_addr" [FIR_HLS.cpp:31->FIR_HLS.cpp:12]   --->   Operation 14 'load' 'H_accu_FIR1_load' <Predicate = true> <Delay = 1.23> <CoreInst = "RAM">   --->   Core 82 'RAM' <Latency = 1> <II = 1> <Delay = 1.23> <Storage> <Opcode : 'load' 'store'> <Ports = 2> <Width = 32> <Depth = 392> <RAM>
ST_2 : Operation 15 [1/1] (1.08ns)   --->   "%add_ln28 = add i64 %i_1, i64 1" [FIR_HLS.cpp:28->FIR_HLS.cpp:12]   --->   Operation 15 'add' 'add_ln28' <Predicate = true> <Delay = 1.08> <CoreInst = "Adder">   --->   Core 1 'Adder' <Latency = 0> <II = 1> <Delay = 1.08> <FuncUnit> <Opcode : 'add' 'sub'> <InPorts = 2> <OutPorts = 1>
ST_2 : Operation 16 [1/1] (0.42ns)   --->   "%store_ln28 = store i64 %add_ln28, i64 %i" [FIR_HLS.cpp:28->FIR_HLS.cpp:12]   --->   Operation 16 'store' 'store_ln28' <Predicate = true> <Delay = 0.42>

State 3 <SV = 2> <Delay = 5.87>
ST_3 : Operation 17 [1/1] (0.00ns)   --->   "%specpipeline_ln28 = specpipeline void @_ssdm_op_SpecPipeline, i32 4294967295, i32 0, i32 0, i32 0, void @empty_1" [FIR_HLS.cpp:28->FIR_HLS.cpp:12]   --->   Operation 17 'specpipeline' 'specpipeline_ln28' <Predicate = true> <Delay = 0.00>
ST_3 : Operation 18 [1/1] (0.00ns)   --->   "%speclooptripcount_ln28 = speclooptripcount void @_ssdm_op_SpecLoopTripCount, i64 391, i64 391, i64 391" [FIR_HLS.cpp:28->FIR_HLS.cpp:12]   --->   Operation 18 'speclooptripcount' 'speclooptripcount_ln28' <Predicate = true> <Delay = 0.00>
ST_3 : Operation 19 [1/1] (0.00ns)   --->   "%specloopname_ln28 = specloopname void @_ssdm_op_SpecLoopName, void @empty_4" [FIR_HLS.cpp:28->FIR_HLS.cpp:12]   --->   Operation 19 'specloopname' 'specloopname_ln28' <Predicate = true> <Delay = 0.00>
ST_3 : Operation 20 [1/2] ( I:1.23ns O:1.23ns )   --->   "%b_FIR_load = load i9 %b_FIR_addr" [FIR_HLS.cpp:29->FIR_HLS.cpp:12]   --->   Operation 20 'load' 'b_FIR_load' <Predicate = true> <Delay = 1.23> <CoreInst = "ROM">   --->   Core 100 'ROM' <Latency = 1> <II = 1> <Delay = 1.23> <Storage> <Opcode : 'load'> <Ports = 0> <Width = 14> <Depth = 392> <ROM>
ST_3 : Operation 21 [1/1] (0.00ns)   --->   "%sext_ln29 = sext i14 %b_FIR_load" [FIR_HLS.cpp:29->FIR_HLS.cpp:12]   --->   Operation 21 'sext' 'sext_ln29' <Predicate = true> <Delay = 0.00>
ST_3 : Operation 22 [1/1] (2.38ns)   --->   "%mul_ln29 = mul i30 %sext_ln28_cast, i30 %sext_ln29" [FIR_HLS.cpp:29->FIR_HLS.cpp:12]   --->   Operation 22 'mul' 'mul_ln29' <Predicate = true> <Delay = 2.38> <CoreInst = "Multiplier">   --->   Core 3 'Multiplier' <Latency = 0> <II = 1> <Delay = 2.38> <FuncUnit> <Opcode : 'mul'> <InPorts = 2> <OutPorts = 1>
ST_3 : Operation 23 [1/1] (0.00ns)   --->   "%tmp = bitconcatenate i31 @_ssdm_op_BitConcatenate.i31.i30.i1, i30 %mul_ln29, i1 0" [FIR_HLS.cpp:29->FIR_HLS.cpp:12]   --->   Operation 23 'bitconcatenate' 'tmp' <Predicate = true> <Delay = 0.00>
ST_3 : Operation 24 [1/1] (0.00ns)   --->   "%sext_ln29_1 = sext i31 %tmp" [FIR_HLS.cpp:29->FIR_HLS.cpp:12]   --->   Operation 24 'sext' 'sext_ln29_1' <Predicate = true> <Delay = 0.00>
ST_3 : Operation 25 [1/1] (0.77ns)   --->   "%add_ln31 = add i9 %trunc_ln28, i9 511" [FIR_HLS.cpp:31->FIR_HLS.cpp:12]   --->   Operation 25 'add' 'add_ln31' <Predicate = true> <Delay = 0.77> <CoreInst = "Adder">   --->   Core 1 'Adder' <Latency = 0> <II = 1> <Delay = 0.77> <FuncUnit> <Opcode : 'add' 'sub'> <InPorts = 2> <OutPorts = 1>
ST_3 : Operation 26 [1/1] (0.00ns)   --->   "%zext_ln31 = zext i9 %add_ln31" [FIR_HLS.cpp:31->FIR_HLS.cpp:12]   --->   Operation 26 'zext' 'zext_ln31' <Predicate = true> <Delay = 0.00>
ST_3 : Operation 27 [1/1] (0.00ns)   --->   "%H_accu_FIR1_addr_1 = getelementptr i32 %H_accu_FIR1, i64 0, i64 %zext_ln31" [FIR_HLS.cpp:31->FIR_HLS.cpp:12]   --->   Operation 27 'getelementptr' 'H_accu_FIR1_addr_1' <Predicate = true> <Delay = 0.00>
ST_3 : Operation 28 [1/2] ( I:1.23ns O:1.23ns )   --->   "%H_accu_FIR1_load = load i9 %H_accu_FIR1_addr" [FIR_HLS.cpp:31->FIR_HLS.cpp:12]   --->   Operation 28 'load' 'H_accu_FIR1_load' <Predicate = true> <Delay = 1.23> <CoreInst = "RAM">   --->   Core 82 'RAM' <Latency = 1> <II = 1> <Delay = 1.23> <Storage> <Opcode : 'load' 'store'> <Ports = 2> <Width = 32> <Depth = 392> <RAM>
ST_3 : Operation 29 [1/1] (1.01ns)   --->   "%add_ln31_1 = add i32 %H_accu_FIR1_load, i32 %sext_ln29_1" [FIR_HLS.cpp:31->FIR_HLS.cpp:12]   --->   Operation 29 'add' 'add_ln31_1' <Predicate = true> <Delay = 1.01> <CoreInst = "Adder">   --->   Core 1 'Adder' <Latency = 0> <II = 1> <Delay = 1.01> <FuncUnit> <Opcode : 'add' 'sub'> <InPorts = 2> <OutPorts = 1>
ST_3 : Operation 30 [1/1] ( I:1.23ns O:1.23ns )   --->   "%store_ln31 = store i32 %add_ln31_1, i9 %H_accu_FIR1_addr_1" [FIR_HLS.cpp:31->FIR_HLS.cpp:12]   --->   Operation 30 'store' 'store_ln31' <Predicate = true> <Delay = 1.23> <CoreInst = "RAM">   --->   Core 82 'RAM' <Latency = 1> <II = 1> <Delay = 1.23> <Storage> <Opcode : 'load' 'store'> <Ports = 2> <Width = 32> <Depth = 392> <RAM>
ST_3 : Operation 31 [1/1] (0.00ns)   --->   "%br_ln28 = br void %for.body14.i.split_ifconv" [FIR_HLS.cpp:28->FIR_HLS.cpp:12]   --->   Operation 31 'br' 'br_ln28' <Predicate = true> <Delay = 0.00>


============================================================
+ Verbose Summary: Binding
============================================================
STG Binding: 
---------------- STG Properties BEGIN ----------------
- Is combinational: 0
- Is one-state seq: 0
- Is datapath-only: 0
- Is pipelined: 0
- Is top level: 0
Port [ Return ] is wired: 1; IO mode=ap_ctrl_hs:ce=0
Port [ sext_ln28]:  wired=1; compound=0; hidden=0; nouse=0; global=0; static=0; extern=0; dir=0; type=0; pingpong=0; private_global=0; IO mode=ap_none:ce=0
Port [ b_FIR]:  wired=0; compound=1; hidden=1; nouse=0; global=1; static=1; extern=0; dir=0; type=1; pingpong=0; private_global=1; MemPort=[1]; IO mode=ap_memory:ce=0
Port [ H_accu_FIR1]:  wired=0; compound=1; hidden=1; nouse=0; global=1; static=1; extern=0; dir=2; type=1; pingpong=0; private_global=1; MemPort=[01]; IO mode=ap_memory:ce=0
---------------- STG Properties END ------------------

---------------- Datapath Model BEGIN ----------------

<LifeTime>
<method=bitvector/>
i                      (alloca           ) [ 0111]
sext_ln28_read         (read             ) [ 0000]
sext_ln28_cast         (sext             ) [ 0011]
store_ln28             (store            ) [ 0000]
br_ln0                 (br               ) [ 0000]
i_1                    (load             ) [ 0000]
trunc_ln28             (trunc            ) [ 0011]
b_FIR_addr             (getelementptr    ) [ 0011]
H_accu_FIR1_addr       (getelementptr    ) [ 0011]
add_ln28               (add              ) [ 0000]
store_ln28             (store            ) [ 0000]
specpipeline_ln28      (specpipeline     ) [ 0000]
speclooptripcount_ln28 (speclooptripcount) [ 0000]
specloopname_ln28      (specloopname     ) [ 0000]
b_FIR_load             (load             ) [ 0000]
sext_ln29              (sext             ) [ 0000]
mul_ln29               (mul              ) [ 0000]
tmp                    (bitconcatenate   ) [ 0000]
sext_ln29_1            (sext             ) [ 0000]
add_ln31               (add              ) [ 0000]
zext_ln31              (zext             ) [ 0000]
H_accu_FIR1_addr_1     (getelementptr    ) [ 0000]
H_accu_FIR1_load       (load             ) [ 0000]
add_ln31_1             (add              ) [ 0000]
store_ln31             (store            ) [ 0000]
br_ln28                (br               ) [ 0000]
</LifeTime>

<model>

<comp_list>
<comp id="0" class="1000" name="sext_ln28">
<pin_list>
<pin id="1" dir="1" index="0" bw="1" slack="0"/>
</pin_list>
<bind>
<StgValue><ssdm name="sext_ln28"/></StgValue>
</bind>
</comp>

<comp id="2" class="1000" name="b_FIR">
<pin_list>
<pin id="3" dir="1" index="0" bw="1" slack="0"/>
</pin_list>
<bind>
<StgValue><ssdm name="b_FIR"/><MemPortTyVec>1 </MemPortTyVec>
</StgValue>
</bind>
</comp>

<comp id="4" class="1000" name="H_accu_FIR1">
<pin_list>
<pin id="5" dir="1" index="0" bw="1" slack="0"/>
</pin_list>
<bind>
<StgValue><ssdm name="H_accu_FIR1"/><MemPortTyVec>0 1 </MemPortTyVec>
</StgValue>
</bind>
</comp>

<comp id="6" class="1001" name="const_6">
<pin_list>
<pin id="7" dir="1" index="0" bw="1" slack="0"/>
</pin_list>
<bind>
<StgValue><ssdm name=""/></StgValue>
</bind>
</comp>

<comp id="8" class="1001" name="const_8">
<pin_list>
<pin id="9" dir="1" index="0" bw="1" slack="0"/>
</pin_list>
<bind>
<StgValue><ssdm name="_ssdm_op_Read.ap_auto.i16"/></StgValue>
</bind>
</comp>

<comp id="10" class="1001" name="const_10">
<pin_list>
<pin id="11" dir="1" index="0" bw="1" slack="0"/>
</pin_list>
<bind>
<StgValue><ssdm name=""/></StgValue>
</bind>
</comp>

<comp id="12" class="1001" name="const_12">
<pin_list>
<pin id="13" dir="1" index="0" bw="1" slack="0"/>
</pin_list>
<bind>
<StgValue><ssdm name=""/></StgValue>
</bind>
</comp>

<comp id="14" class="1001" name="const_14">
<pin_list>
<pin id="15" dir="1" index="0" bw="1" slack="2147483647"/>
</pin_list>
<bind>
<StgValue><ssdm name="_ssdm_op_SpecPipeline"/></StgValue>
</bind>
</comp>

<comp id="16" class="1001" name="const_16">
<pin_list>
<pin id="17" dir="1" index="0" bw="1" slack="2147483647"/>
</pin_list>
<bind>
<StgValue><ssdm name=""/></StgValue>
</bind>
</comp>

<comp id="18" class="1001" name="const_18">
<pin_list>
<pin id="19" dir="1" index="0" bw="1" slack="2147483647"/>
</pin_list>
<bind>
<StgValue><ssdm name=""/></StgValue>
</bind>
</comp>

<comp id="20" class="1001" name="const_20">
<pin_list>
<pin id="21" dir="1" index="0" bw="1" slack="2147483647"/>
</pin_list>
<bind>
<StgValue><ssdm name="empty_1"/></StgValue>
</bind>
</comp>

<comp id="22" class="1001" name="const_22">
<pin_list>
<pin id="23" dir="1" index="0" bw="1" slack="2147483647"/>
</pin_list>
<bind>
<StgValue><ssdm name="_ssdm_op_SpecLoopTripCount"/></StgValue>
</bind>
</comp>

<comp id="24" class="1001" name="const_24">
<pin_list>
<pin id="25" dir="1" index="0" bw="1" slack="2147483647"/>
</pin_list>
<bind>
<StgValue><ssdm name=""/></StgValue>
</bind>
</comp>

<comp id="26" class="1001" name="const_26">
<pin_list>
<pin id="27" dir="1" index="0" bw="1" slack="2147483647"/>
</pin_list>
<bind>
<StgValue><ssdm name="_ssdm_op_SpecLoopName"/></StgValue>
</bind>
</comp>

<comp id="28" class="1001" name="const_28">
<pin_list>
<pin id="29" dir="1" index="0" bw="1" slack="2147483647"/>
</pin_list>
<bind>
<StgValue><ssdm name="empty_4"/></StgValue>
</bind>
</comp>

<comp id="30" class="1001" name="const_30">
<pin_list>
<pin id="31" dir="1" index="0" bw="1" slack="0"/>
</pin_list>
<bind>
<StgValue><ssdm name="_ssdm_op_BitConcatenate.i31.i30.i1"/></StgValue>
</bind>
</comp>

<comp id="32" class="1001" name="const_32">
<pin_list>
<pin id="33" dir="1" index="0" bw="1" slack="0"/>
</pin_list>
<bind>
<StgValue><ssdm name=""/></StgValue>
</bind>
</comp>

<comp id="34" class="1001" name="const_34">
<pin_list>
<pin id="35" dir="1" index="0" bw="1" slack="0"/>
</pin_list>
<bind>
<StgValue><ssdm name=""/></StgValue>
</bind>
</comp>

<comp id="36" class="1004" name="i_fu_36">
<pin_list>
<pin id="37" dir="0" index="0" bw="1" slack="0"/>
<pin id="38" dir="1" index="1" bw="64" slack="0"/>
</pin_list>
<bind>
<opcode="alloca(26) " fcode="alloca"/>
<opset="i/1 "/>
</bind>
</comp>

<comp id="40" class="1004" name="sext_ln28_read_read_fu_40">
<pin_list>
<pin id="41" dir="0" index="0" bw="16" slack="0"/>
<pin id="42" dir="0" index="1" bw="16" slack="0"/>
<pin id="43" dir="1" index="2" bw="16" slack="0"/>
</pin_list>
<bind>
<opcode="read(1150) " fcode="read"/>
<opset="sext_ln28_read/1 "/>
</bind>
</comp>

<comp id="46" class="1004" name="b_FIR_addr_gep_fu_46">
<pin_list>
<pin id="47" dir="0" index="0" bw="14" slack="0"/>
<pin id="48" dir="0" index="1" bw="1" slack="0"/>
<pin id="49" dir="0" index="2" bw="64" slack="0"/>
<pin id="50" dir="1" index="3" bw="9" slack="0"/>
</pin_list>
<bind>
<opcode="getelementptr(29) " fcode="getelementptr"/>
<opset="b_FIR_addr/2 "/>
</bind>
</comp>

<comp id="53" class="1004" name="grp_access_fu_53">
<pin_list>
<pin id="54" dir="0" index="0" bw="9" slack="0"/>
<pin id="55" dir="0" index="1" bw="14" slack="2147483647"/>
<pin id="56" dir="0" index="2" bw="0" slack="2147483647"/>
<pin id="57" dir="1" index="3" bw="14" slack="0"/>
</pin_list>
<bind>
<opcode="load(27) " fcode="load"/>
<opset="b_FIR_load/2 "/>
</bind>
</comp>

<comp id="59" class="1004" name="H_accu_FIR1_addr_gep_fu_59">
<pin_list>
<pin id="60" dir="0" index="0" bw="32" slack="0"/>
<pin id="61" dir="0" index="1" bw="1" slack="0"/>
<pin id="62" dir="0" index="2" bw="64" slack="0"/>
<pin id="63" dir="1" index="3" bw="9" slack="0"/>
</pin_list>
<bind>
<opcode="getelementptr(29) " fcode="getelementptr"/>
<opset="H_accu_FIR1_addr/2 "/>
</bind>
</comp>

<comp id="66" class="1004" name="grp_access_fu_66">
<pin_list>
<pin id="67" dir="0" index="0" bw="9" slack="0"/>
<pin id="68" dir="0" index="1" bw="32" slack="0"/>
<pin id="69" dir="0" index="2" bw="0" slack="0"/>
<pin id="71" dir="0" index="4" bw="9" slack="2147483647"/>
<pin id="72" dir="0" index="5" bw="32" slack="2147483647"/>
<pin id="73" dir="0" index="6" bw="0" slack="2147483647"/>
<pin id="70" dir="1" index="3" bw="32" slack="2147483647"/>
<pin id="74" dir="1" index="7" bw="32" slack="0"/>
</pin_list>
<bind>
<opcode="load(27) store(28) " fcode="store"/>
<opset="H_accu_FIR1_load/2 store_ln31/3 "/>
</bind>
</comp>

<comp id="76" class="1004" name="H_accu_FIR1_addr_1_gep_fu_76">
<pin_list>
<pin id="77" dir="0" index="0" bw="32" slack="0"/>
<pin id="78" dir="0" index="1" bw="1" slack="0"/>
<pin id="79" dir="0" index="2" bw="9" slack="0"/>
<pin id="80" dir="1" index="3" bw="9" slack="0"/>
</pin_list>
<bind>
<opcode="getelementptr(29) " fcode="getelementptr"/>
<opset="H_accu_FIR1_addr_1/3 "/>
</bind>
</comp>

<comp id="84" class="1004" name="sext_ln28_cast_fu_84">
<pin_list>
<pin id="85" dir="0" index="0" bw="16" slack="0"/>
<pin id="86" dir="1" index="1" bw="30" slack="2"/>
</pin_list>
<bind>
<opcode="sext(35) " fcode="sext"/>
<opset="sext_ln28_cast/1 "/>
</bind>
</comp>

<comp id="88" class="1004" name="store_ln28_store_fu_88">
<pin_list>
<pin id="89" dir="0" index="0" bw="1" slack="0"/>
<pin id="90" dir="0" index="1" bw="64" slack="0"/>
<pin id="91" dir="1" index="2" bw="0" slack="2147483647"/>
</pin_list>
<bind>
<opcode="store(28) " fcode="store"/>
<opset="store_ln28/1 "/>
</bind>
</comp>

<comp id="93" class="1004" name="i_1_load_fu_93">
<pin_list>
<pin id="94" dir="0" index="0" bw="64" slack="1"/>
<pin id="95" dir="1" index="1" bw="64" slack="0"/>
</pin_list>
<bind>
<opcode="load(27) " fcode="load"/>
<opset="i_1/2 "/>
</bind>
</comp>

<comp id="98" class="1004" name="trunc_ln28_fu_98">
<pin_list>
<pin id="99" dir="0" index="0" bw="64" slack="0"/>
<pin id="100" dir="1" index="1" bw="9" slack="1"/>
</pin_list>
<bind>
<opcode="trunc(33) " fcode="trunc"/>
<opset="trunc_ln28/2 "/>
</bind>
</comp>

<comp id="102" class="1004" name="add_ln28_fu_102">
<pin_list>
<pin id="103" dir="0" index="0" bw="64" slack="0"/>
<pin id="104" dir="0" index="1" bw="1" slack="0"/>
<pin id="105" dir="1" index="2" bw="64" slack="0"/>
</pin_list>
<bind>
<opcode="add(8) " fcode="add"/>
<opset="add_ln28/2 "/>
</bind>
</comp>

<comp id="108" class="1004" name="store_ln28_store_fu_108">
<pin_list>
<pin id="109" dir="0" index="0" bw="64" slack="0"/>
<pin id="110" dir="0" index="1" bw="64" slack="1"/>
<pin id="111" dir="1" index="2" bw="0" slack="2147483647"/>
</pin_list>
<bind>
<opcode="store(28) " fcode="store"/>
<opset="store_ln28/2 "/>
</bind>
</comp>

<comp id="113" class="1004" name="sext_ln29_fu_113">
<pin_list>
<pin id="114" dir="0" index="0" bw="14" slack="0"/>
<pin id="115" dir="1" index="1" bw="30" slack="0"/>
</pin_list>
<bind>
<opcode="sext(35) " fcode="sext"/>
<opset="sext_ln29/3 "/>
</bind>
</comp>

<comp id="117" class="1004" name="mul_ln29_fu_117">
<pin_list>
<pin id="118" dir="0" index="0" bw="16" slack="2"/>
<pin id="119" dir="0" index="1" bw="14" slack="0"/>
<pin id="120" dir="1" index="2" bw="30" slack="0"/>
</pin_list>
<bind>
<opcode="mul(12) " fcode="mul"/>
<opset="mul_ln29/3 "/>
</bind>
</comp>

<comp id="122" class="1004" name="tmp_fu_122">
<pin_list>
<pin id="123" dir="0" index="0" bw="31" slack="0"/>
<pin id="124" dir="0" index="1" bw="30" slack="0"/>
<pin id="125" dir="0" index="2" bw="1" slack="0"/>
<pin id="126" dir="1" index="3" bw="31" slack="0"/>
</pin_list>
<bind>
<opcode="bitconcatenate(1004) " fcode="bitconcatenate"/>
<opset="tmp/3 "/>
</bind>
</comp>

<comp id="130" class="1004" name="sext_ln29_1_fu_130">
<pin_list>
<pin id="131" dir="0" index="0" bw="31" slack="0"/>
<pin id="132" dir="1" index="1" bw="32" slack="0"/>
</pin_list>
<bind>
<opcode="sext(35) " fcode="sext"/>
<opset="sext_ln29_1/3 "/>
</bind>
</comp>

<comp id="134" class="1004" name="add_ln31_fu_134">
<pin_list>
<pin id="135" dir="0" index="0" bw="9" slack="1"/>
<pin id="136" dir="0" index="1" bw="1" slack="0"/>
<pin id="137" dir="1" index="2" bw="9" slack="0"/>
</pin_list>
<bind>
<opcode="add(8) " fcode="add"/>
<opset="add_ln31/3 "/>
</bind>
</comp>

<comp id="139" class="1004" name="zext_ln31_fu_139">
<pin_list>
<pin id="140" dir="0" index="0" bw="9" slack="0"/>
<pin id="141" dir="1" index="1" bw="64" slack="0"/>
</pin_list>
<bind>
<opcode="zext(34) " fcode="zext"/>
<opset="zext_ln31/3 "/>
</bind>
</comp>

<comp id="144" class="1004" name="add_ln31_1_fu_144">
<pin_list>
<pin id="145" dir="0" index="0" bw="32" slack="0"/>
<pin id="146" dir="0" index="1" bw="31" slack="0"/>
<pin id="147" dir="1" index="2" bw="32" slack="0"/>
</pin_list>
<bind>
<opcode="add(8) " fcode="add"/>
<opset="add_ln31_1/3 "/>
</bind>
</comp>

<comp id="151" class="1005" name="i_reg_151">
<pin_list>
<pin id="152" dir="0" index="0" bw="64" slack="0"/>
<pin id="153" dir="1" index="1" bw="64" slack="0"/>
</pin_list>
<bind>
<opset="i "/>
</bind>
</comp>

<comp id="158" class="1005" name="sext_ln28_cast_reg_158">
<pin_list>
<pin id="159" dir="0" index="0" bw="30" slack="2"/>
<pin id="160" dir="1" index="1" bw="30" slack="2"/>
</pin_list>
<bind>
<opset="sext_ln28_cast "/>
</bind>
</comp>

<comp id="163" class="1005" name="trunc_ln28_reg_163">
<pin_list>
<pin id="164" dir="0" index="0" bw="9" slack="1"/>
<pin id="165" dir="1" index="1" bw="9" slack="1"/>
</pin_list>
<bind>
<opset="trunc_ln28 "/>
</bind>
</comp>

<comp id="168" class="1005" name="b_FIR_addr_reg_168">
<pin_list>
<pin id="169" dir="0" index="0" bw="9" slack="1"/>
<pin id="170" dir="1" index="1" bw="9" slack="1"/>
</pin_list>
<bind>
<opset="b_FIR_addr "/>
</bind>
</comp>

<comp id="173" class="1005" name="H_accu_FIR1_addr_reg_173">
<pin_list>
<pin id="174" dir="0" index="0" bw="9" slack="1"/>
<pin id="175" dir="1" index="1" bw="9" slack="1"/>
</pin_list>
<bind>
<opset="H_accu_FIR1_addr "/>
</bind>
</comp>

</comp_list>

<net_list>
<net id="39"><net_src comp="6" pin="0"/><net_sink comp="36" pin=0"/></net>

<net id="44"><net_src comp="8" pin="0"/><net_sink comp="40" pin=0"/></net>

<net id="45"><net_src comp="0" pin="0"/><net_sink comp="40" pin=1"/></net>

<net id="51"><net_src comp="2" pin="0"/><net_sink comp="46" pin=0"/></net>

<net id="52"><net_src comp="12" pin="0"/><net_sink comp="46" pin=1"/></net>

<net id="58"><net_src comp="46" pin="3"/><net_sink comp="53" pin=0"/></net>

<net id="64"><net_src comp="4" pin="0"/><net_sink comp="59" pin=0"/></net>

<net id="65"><net_src comp="12" pin="0"/><net_sink comp="59" pin=1"/></net>

<net id="75"><net_src comp="59" pin="3"/><net_sink comp="66" pin=2"/></net>

<net id="81"><net_src comp="4" pin="0"/><net_sink comp="76" pin=0"/></net>

<net id="82"><net_src comp="12" pin="0"/><net_sink comp="76" pin=1"/></net>

<net id="83"><net_src comp="76" pin="3"/><net_sink comp="66" pin=0"/></net>

<net id="87"><net_src comp="40" pin="2"/><net_sink comp="84" pin=0"/></net>

<net id="92"><net_src comp="10" pin="0"/><net_sink comp="88" pin=0"/></net>

<net id="96"><net_src comp="93" pin="1"/><net_sink comp="46" pin=2"/></net>

<net id="97"><net_src comp="93" pin="1"/><net_sink comp="59" pin=2"/></net>

<net id="101"><net_src comp="93" pin="1"/><net_sink comp="98" pin=0"/></net>

<net id="106"><net_src comp="93" pin="1"/><net_sink comp="102" pin=0"/></net>

<net id="107"><net_src comp="10" pin="0"/><net_sink comp="102" pin=1"/></net>

<net id="112"><net_src comp="102" pin="2"/><net_sink comp="108" pin=0"/></net>

<net id="116"><net_src comp="53" pin="3"/><net_sink comp="113" pin=0"/></net>

<net id="121"><net_src comp="113" pin="1"/><net_sink comp="117" pin=1"/></net>

<net id="127"><net_src comp="30" pin="0"/><net_sink comp="122" pin=0"/></net>

<net id="128"><net_src comp="117" pin="2"/><net_sink comp="122" pin=1"/></net>

<net id="129"><net_src comp="32" pin="0"/><net_sink comp="122" pin=2"/></net>

<net id="133"><net_src comp="122" pin="3"/><net_sink comp="130" pin=0"/></net>

<net id="138"><net_src comp="34" pin="0"/><net_sink comp="134" pin=1"/></net>

<net id="142"><net_src comp="134" pin="2"/><net_sink comp="139" pin=0"/></net>

<net id="143"><net_src comp="139" pin="1"/><net_sink comp="76" pin=2"/></net>

<net id="148"><net_src comp="66" pin="7"/><net_sink comp="144" pin=0"/></net>

<net id="149"><net_src comp="130" pin="1"/><net_sink comp="144" pin=1"/></net>

<net id="150"><net_src comp="144" pin="2"/><net_sink comp="66" pin=1"/></net>

<net id="154"><net_src comp="36" pin="1"/><net_sink comp="151" pin=0"/></net>

<net id="155"><net_src comp="151" pin="1"/><net_sink comp="88" pin=1"/></net>

<net id="156"><net_src comp="151" pin="1"/><net_sink comp="93" pin=0"/></net>

<net id="157"><net_src comp="151" pin="1"/><net_sink comp="108" pin=1"/></net>

<net id="161"><net_src comp="84" pin="1"/><net_sink comp="158" pin=0"/></net>

<net id="162"><net_src comp="158" pin="1"/><net_sink comp="117" pin=0"/></net>

<net id="166"><net_src comp="98" pin="1"/><net_sink comp="163" pin=0"/></net>

<net id="167"><net_src comp="163" pin="1"/><net_sink comp="134" pin=0"/></net>

<net id="171"><net_src comp="46" pin="3"/><net_sink comp="168" pin=0"/></net>

<net id="172"><net_src comp="168" pin="1"/><net_sink comp="53" pin=0"/></net>

<net id="176"><net_src comp="59" pin="3"/><net_sink comp="173" pin=0"/></net>

<net id="177"><net_src comp="173" pin="1"/><net_sink comp="66" pin=2"/></net>

</net_list>

</model> 
---------------- Datapath Model END ------------------

* FSMD analyzer results:
  - Output states:
	Port: b_FIR | {}
	Port: H_accu_FIR1 | {3 }
 - Input state : 
	Port: FIR_HLS_Pipeline_VITIS_LOOP_28_2 : sext_ln28 | {1 }
	Port: FIR_HLS_Pipeline_VITIS_LOOP_28_2 : b_FIR | {2 3 }
	Port: FIR_HLS_Pipeline_VITIS_LOOP_28_2 : H_accu_FIR1 | {2 3 }
  - Chain level:
	State 1
		store_ln28 : 1
	State 2
		trunc_ln28 : 1
		b_FIR_addr : 1
		b_FIR_load : 2
		H_accu_FIR1_addr : 1
		H_accu_FIR1_load : 2
		add_ln28 : 1
		store_ln28 : 2
	State 3
		sext_ln29 : 1
		mul_ln29 : 2
		tmp : 3
		sext_ln29_1 : 4
		zext_ln31 : 1
		H_accu_FIR1_addr_1 : 2
		add_ln31_1 : 5
		store_ln31 : 6


============================================================
+ Verbose Summary: Datapath Resource usage 
============================================================

* Functional unit list:
|----------|---------------------------|---------|---------|---------|
| Operation|      Functional Unit      |   DSP   |    FF   |   LUT   |
|----------|---------------------------|---------|---------|---------|
|          |      add_ln28_fu_102      |    0    |    0    |    71   |
|    add   |      add_ln31_fu_134      |    0    |    0    |    16   |
|          |     add_ln31_1_fu_144     |    0    |    0    |    39   |
|----------|---------------------------|---------|---------|---------|
|    mul   |      mul_ln29_fu_117      |    1    |    0    |    5    |
|----------|---------------------------|---------|---------|---------|
|   read   | sext_ln28_read_read_fu_40 |    0    |    0    |    0    |
|----------|---------------------------|---------|---------|---------|
|          |    sext_ln28_cast_fu_84   |    0    |    0    |    0    |
|   sext   |      sext_ln29_fu_113     |    0    |    0    |    0    |
|          |     sext_ln29_1_fu_130    |    0    |    0    |    0    |
|----------|---------------------------|---------|---------|---------|
|   trunc  |      trunc_ln28_fu_98     |    0    |    0    |    0    |
|----------|---------------------------|---------|---------|---------|
|bitconcatenate|         tmp_fu_122        |    0    |    0    |    0    |
|----------|---------------------------|---------|---------|---------|
|   zext   |      zext_ln31_fu_139     |    0    |    0    |    0    |
|----------|---------------------------|---------|---------|---------|
|   Total  |                           |    1    |    0    |   131   |
|----------|---------------------------|---------|---------|---------|

Memories:
N/A

* Register list:
+------------------------+--------+
|                        |   FF   |
+------------------------+--------+
|H_accu_FIR1_addr_reg_173|    9   |
|   b_FIR_addr_reg_168   |    9   |
|        i_reg_151       |   64   |
| sext_ln28_cast_reg_158 |   30   |
|   trunc_ln28_reg_163   |    9   |
+------------------------+--------+
|          Total         |   121  |
+------------------------+--------+

* Multiplexer (MUX) list: 
|------------------|------|------|------|--------||---------||---------||---------|
|       Comp       |  Pin | Size |  BW  | S x BW ||  Delay  ||    FF   ||   LUT   |
|------------------|------|------|------|--------||---------||---------||---------|
| grp_access_fu_53 |  p0  |   2  |   9  |   18   ||    0    ||    9    |
| grp_access_fu_66 |  p2  |   2  |   0  |    0   ||    0    ||    9    |
|------------------|------|------|------|--------||---------||---------||---------|
|       Total      |      |      |      |   18   ||  0.854  ||    0    ||    18   |
|------------------|------|------|------|--------||---------||---------||---------|



* Summary:
+-----------+--------+--------+--------+--------+
|           |   DSP  |  Delay |   FF   |   LUT  |
+-----------+--------+--------+--------+--------+
|  Function |    1   |    -   |    0   |   131  |
|   Memory  |    -   |    -   |    -   |    -   |
|Multiplexer|    -   |    0   |    0   |   18   |
|  Register |    -   |    -   |   121  |    -   |
+-----------+--------+--------+--------+--------+
|   Total   |    1   |    0   |   121  |   149  |
+-----------+--------+--------+--------+--------+
