

================================================================
== Vitis HLS Report for 'FIR_HLS'
================================================================
* Date:           Sat Jan 17 13:34:11 2026

* Version:        2024.2 (Build 5238294 on Nov  8 2024)
* Project:        Transposed_Folded_FIR_HLS
* Solution:       hls (Vivado IP Flow Target)
* Product family: zynquplus
* Target device:  xck26-sfvc784-2LV-c


================================================================
== Performance Estimates
================================================================
+ Timing: 
    * Summary: 
    +--------+----------+----------+------------+
    |  Clock |  Target  | Estimated| Uncertainty|
    +--------+----------+----------+------------+
    |ap_clk  |  10.00 ns|  5.870 ns|     2.70 ns|
    +--------+----------+----------+------------+

+ Latency: 
    * Summary: 
    +---------+---------+----------+----------+-----+-----+---------+
    |  Latency (cycles) |  Latency (absolute) |  Interval | Pipeline|
    |   min   |   max   |    min   |    max   | min | max |   Type  |
    +---------+---------+----------+----------+-----+-----+---------+
    |        ?|        ?|         ?|         ?|    ?|    ?|       no|
    +---------+---------+----------+----------+-----+-----+---------+

    + Detail: 
        * Instance: 
        +--------------------------------------------+----------------------------------+---------+---------+----------+----------+-----+-----+---------+
        |                                            |                                  |  Latency (cycles) |  Latency (absolute) |  Interval | Pipeline|
        |                  Instance                  |              Module              |   min   |   max   |    min   |    max   | min | max |   Type  |
        +--------------------------------------------+----------------------------------+---------+---------+----------+----------+-----+-----+---------+
        |grp_FIR_HLS_Pipeline_VITIS_LOOP_28_2_fu_40  |FIR_HLS_Pipeline_VITIS_LOOP_28_2  |        ?|        ?|         ?|         ?|    ?|    ?|       no|
        +--------------------------------------------+----------------------------------+---------+---------+----------+----------+-----+-----+---------+

        * Loop: 
        N/A



================================================================
== Utilization Estimates
================================================================
* Summary: 
+-----------------+---------+------+--------+--------+-----+
|       Name      | BRAM_18K|  DSP |   FF   |   LUT  | URAM|
+-----------------+---------+------+--------+--------+-----+
|DSP              |        -|     -|       -|       -|    -|
|Expression       |        -|     -|       -|       -|    -|
|FIFO             |        -|     -|       -|       -|    -|
|Instance         |        2|     1|     107|     165|    0|
|Memory           |        -|     -|       -|       -|    -|
|Multiplexer      |        -|     -|       0|      23|    -|
|Register         |        -|     -|      19|       -|    -|
+-----------------+---------+------+--------+--------+-----+
|Total            |        2|     1|     126|     188|    0|
+-----------------+---------+------+--------+--------+-----+
|Available        |      288|  1248|  234240|  117120|   64|
+-----------------+---------+------+--------+--------+-----+
|Utilization (%)  |       ~0|    ~0|      ~0|      ~0|    0|
+-----------------+---------+------+--------+--------+-----+

+ Detail: 
    * Instance: 
    +--------------------------------------------+----------------------------------+---------+----+-----+-----+-----+
    |                  Instance                  |              Module              | BRAM_18K| DSP|  FF | LUT | URAM|
    +--------------------------------------------+----------------------------------+---------+----+-----+-----+-----+
    |grp_FIR_HLS_Pipeline_VITIS_LOOP_28_2_fu_40  |FIR_HLS_Pipeline_VITIS_LOOP_28_2  |        2|   1|  107|  165|    0|
    +--------------------------------------------+----------------------------------+---------+----+-----+-----+-----+
    |Total                                       |                                  |        2|   1|  107|  165|    0|
    +--------------------------------------------+----------------------------------+---------+----+-----+-----+-----+

    * DSP: 
    N/A

    * Memory: 
    N/A

    * FIFO: 
    N/A

    * Expression: 
    N/A

    * Multiplexer: 
    +---------------------+----+-----------+-----+-----------+
    |         Name        | LUT| Input Size| Bits| Total Bits|
    +---------------------+----+-----------+-----+-----------+
    |ap_NS_fsm            |  14|          3|    1|          3|
    |input_r_TDATA_blk_n  |   9|          2|    1|          2|
    +---------------------+----+-----------+-----+-----------+
    |Total                |  23|          5|    2|          5|
    +---------------------+----+-----------+-----+-----------+

    * Register: 
    +---------------------------------------------------------+----+----+-----+-----------+
    |                           Name                          | FF | LUT| Bits| Const Bits|
    +---------------------------------------------------------+----+----+-----+-----------+
    |ap_CS_fsm                                                |   2|   0|    2|          0|
    |grp_FIR_HLS_Pipeline_VITIS_LOOP_28_2_fu_40_ap_start_reg  |   1|   0|    1|          0|
    |x_n_reg_50                                               |  16|   0|   16|          0|
    +---------------------------------------------------------+----+----+-----+-----------+
    |Total                                                    |  19|   0|   19|          0|
    +---------------------------------------------------------+----+----+-----+-----------+



================================================================
== Interface
================================================================
* Summary: 
+-----------------+-----+-----+--------------+--------------+--------------+
|    RTL Ports    | Dir | Bits|   Protocol   | Source Object|    C Type    |
+-----------------+-----+-----+--------------+--------------+--------------+
|ap_clk           |   in|    1|  ap_ctrl_none|       FIR_HLS|  return value|
|ap_rst_n         |   in|    1|  ap_ctrl_none|       FIR_HLS|  return value|
|input_r_TDATA    |   in|   16|          axis|       input_r|       pointer|
|input_r_TVALID   |   in|    1|          axis|       input_r|       pointer|
|input_r_TREADY   |  out|    1|          axis|       input_r|       pointer|
|output_r_TDATA   |   in|   16|          axis|      output_r|       pointer|
|output_r_TVALID  |   in|    1|          axis|      output_r|       pointer|
|output_r_TREADY  |  out|    1|          axis|      output_r|       pointer|
+-----------------+-----+-----+--------------+--------------+--------------+

============================================================
+ Verbose Summary: Synthesis Manager
============================================================
InlineROM: 1
ExposeGlobal: 0
============================================================
+ Verbose Summary: CDFG Model
============================================================
IsTopModel: 1
ResetActiveHigh: 1
IsCombinational: 2
IsDatapathOnly: 2
HasWiredReturn: 1
HasMFsm: 0
HasVarLatency: 1
IsPipeline: 0
IsRtlPipelined: 0
IsInstanceOverlapped: 0
IsDontTouch: 0
HasImplIP: 0
IsGatedGlobalClock: 0


============================================================
+ Verbose Summary: Schedule
============================================================
* Number of FSM states : 2
* Pipeline : 0
* Dataflow Pipeline: 0

* FSM state transitions: 
1 --> 2 
2 --> 

* FSM state operations: 

State 1 <SV = 0> <Delay = 0.07>
ST_1 : Operation 3 [1/1] (0.07ns)   --->   "%x_n = read i16 @_ssdm_op_Read.axis.volatile.i16P128A, i16 %input_r" [FIR_HLS.cpp:12]   --->   Operation 3 'read' 'x_n' <Predicate = true> <Delay = 0.07> <CoreInst = "regslice">   --->   Core 147 'regslice' <Latency = 0> <II = 1> <Delay = 0.59> <Adapter> <Opcode : 'read' 'write'>
ST_1 : Operation 4 [2/2] (0.00ns)   --->   "%call_ln12 = call void @FIR_HLS_Pipeline_VITIS_LOOP_28_2, i16 %x_n, i14 %b_FIR, i32 %H_accu_FIR1" [FIR_HLS.cpp:12]   --->   Operation 4 'call' 'call_ln12' <Predicate = true> <Delay = 0.00> <CoreType = "Generic">   --->   Generic Core

State 2 <SV = 1> <Delay = 0.00>
ST_2 : Operation 5 [1/1] (0.00ns)   --->   "%spectopmodule_ln6 = spectopmodule void @_ssdm_op_SpecTopModule, void @empty_2" [FIR_HLS.cpp:6]   --->   Operation 5 'spectopmodule' 'spectopmodule_ln6' <Predicate = true> <Delay = 0.00>
ST_2 : Operation 6 [1/1] (0.00ns)   --->   "%specinterface_ln6 = specinterface void @_ssdm_op_SpecInterface, i32 0, void @empty_3, i32 0, i32 0, void @empty_1, i32 0, i32 0, void @empty_1, void @empty_1, void @empty_1, i32 0, i32 0, i32 0, i32 0, void @empty_1, void @empty_1, i32 4294967295, i32 0, i32 0" [FIR_HLS.cpp:6]   --->   Operation 6 'specinterface' 'specinterface_ln6' <Predicate = true> <Delay = 0.00>
ST_2 : Operation 7 [1/1] (0.00ns)   --->   "%specinterface_ln0 = specinterface void @_ssdm_op_SpecInterface, i16 %input_r, void @empty, i32 1, i32 1, void @empty_0, i32 0, i32 0, void @empty_1, void @empty_1, void @empty_1, i32 0, i32 0, i32 0, i32 0, void @empty_1, void @empty_1, i32 4294967295, i32 0, i32 0"   --->   Operation 7 'specinterface' 'specinterface_ln0' <Predicate = true> <Delay = 0.00>
ST_2 : Operation 8 [1/1] (0.00ns)   --->   "%specbitsmap_ln0 = specbitsmap void @_ssdm_op_SpecBitsMap, i16 %input_r"   --->   Operation 8 'specbitsmap' 'specbitsmap_ln0' <Predicate = true> <Delay = 0.00>
ST_2 : Operation 9 [1/1] (0.00ns)   --->   "%specinterface_ln0 = specinterface void @_ssdm_op_SpecInterface, i16 %output_r, void @empty, i32 1, i32 1, void @empty_0, i32 0, i32 0, void @empty_1, void @empty_1, void @empty_1, i32 0, i32 0, i32 0, i32 0, void @empty_1, void @empty_1, i32 4294967295, i32 0, i32 0"   --->   Operation 9 'specinterface' 'specinterface_ln0' <Predicate = true> <Delay = 0.00>
ST_2 : Operation 10 [1/1] (0.00ns)   --->   "%specbitsmap_ln0 = specbitsmap void @_ssdm_op_SpecBitsMap, i16 %output_r"   --->   Operation 10 'specbitsmap' 'specbitsmap_ln0' <Predicate = true> <Delay = 0.00>
ST_2 : Operation 11 [1/2] (0.00ns)   --->   "%call_ln12 = call void @FIR_HLS_Pipeline_VITIS_LOOP_28_2, i16 %x_n, i14 %b_FIR, i32 %H_accu_FIR1" [FIR_HLS.cpp:12]   --->   Operation 11 'call' 'call_ln12' <Predicate = true> <Delay = 0.00> <CoreType = "Generic">   --->   Generic Core
ST_2 : Operation 12 [1/1] (0.00ns)   --->   "%ret_ln0 = ret"   --->   Operation 12 'ret' 'ret_ln0' <Predicate = true> <Delay = 0.00>


============================================================
+ Verbose Summary: Binding
============================================================
STG Binding: 
---------------- STG Properties BEGIN ----------------
- Is combinational: 0
- Is one-state seq: 0
- Is datapath-only: 0
- Is pipelined: 0
- Is top level: 1
Port [ Return ] is wired: 1; IO mode=ap_ctrl_none:ce=0
Port [ input_r]:  wired=1; compound=1; hidden=0; nouse=0; global=0; static=0; extern=0; dir=0; type=0; pingpong=0; private_global=0; IO mode=axis:ce=0
Port [ output_r]:  wired=1; compound=1; hidden=0; nouse=1; global=0; static=0; extern=0; dir=0; type=0; pingpong=0; private_global=0; IO mode=axis:ce=0
Port [ b_FIR]:  wired=0; compound=1; hidden=1; nouse=1; global=1; static=1; extern=0; dir=0; type=1; pingpong=0; private_global=0; MemPort=[1]; IO mode=ap_memory:ce=0
Port [ H_accu_FIR1]:  wired=0; compound=1; hidden=1; nouse=1; global=1; static=1; extern=0; dir=2; type=1; pingpong=0; private_global=0; MemPort=[01]; IO mode=ap_memory:ce=0
---------------- STG Properties END ------------------

---------------- Datapath Model BEGIN ----------------

<LifeTime>
<method=bitvector/>
x_n               (read         ) [ 001]
spectopmodule_ln6 (spectopmodule) [ 000]
specinterface_ln6 (specinterface) [ 000]
specinterface_ln0 (specinterface) [ 000]
specbitsmap_ln0   (specbitsmap  ) [ 000]
specinterface_ln0 (specinterface) [ 000]
specbitsmap_ln0   (specbitsmap  ) [ 000]
call_ln12         (call         ) [ 000]
ret_ln0           (ret          ) [ 000]
</LifeTime>

<model>

<comp_list>
<comp id="0" class="1000" name="input_r">
<pin_list>
<pin id="1" dir="1" index="0" bw="1" slack="0"/>
</pin_list>
<bind>
<StgValue><ssdm name="input_r"/></StgValue>
</bind>
</comp>

<comp id="2" class="1000" name="output_r">
<pin_list>
<pin id="3" dir="1" index="0" bw="1" slack="2147483647"/>
</pin_list>
<bind>
<StgValue><ssdm name="output_r"/></StgValue>
</bind>
</comp>

<comp id="4" class="1000" name="b_FIR">
<pin_list>
<pin id="5" dir="1" index="0" bw="1" slack="0"/>
</pin_list>
<bind>
<StgValue><ssdm name="b_FIR"/><MemPortTyVec>1 </MemPortTyVec>
</StgValue>
</bind>
</comp>

<comp id="6" class="1000" name="H_accu_FIR1">
<pin_list>
<pin id="7" dir="1" index="0" bw="1" slack="0"/>
</pin_list>
<bind>
<StgValue><ssdm name="H_accu_FIR1"/><MemPortTyVec>0 1 </MemPortTyVec>
</StgValue>
</bind>
</comp>

<comp id="8" class="1001" name="const_8">
<pin_list>
<pin id="9" dir="1" index="0" bw="1" slack="0"/>
</pin_list>
<bind>
<StgValue><ssdm name="_ssdm_op_Read.axis.volatile.i16P128A"/></StgValue>
</bind>
</comp>

<comp id="10" class="1001" name="const_10">
<pin_list>
<pin id="11" dir="1" index="0" bw="1" slack="0"/>
</pin_list>
<bind>
<StgValue><ssdm name="FIR_HLS_Pipeline_VITIS_LOOP_28_2"/></StgValue>
</bind>
</comp>

<comp id="12" class="1001" name="const_12">
<pin_list>
<pin id="13" dir="1" index="0" bw="1" slack="2147483647"/>
</pin_list>
<bind>
<StgValue><ssdm name="_ssdm_op_SpecTopModule"/></StgValue>
</bind>
</comp>

<comp id="14" class="1001" name="const_14">
<pin_list>
<pin id="15" dir="1" index="0" bw="1" slack="2147483647"/>
</pin_list>
<bind>
<StgValue><ssdm name="empty_2"/></StgValue>
</bind>
</comp>

<comp id="16" class="1001" name="const_16">
<pin_list>
<pin id="17" dir="1" index="0" bw="1" slack="2147483647"/>
</pin_list>
<bind>
<StgValue><ssdm name="_ssdm_op_SpecInterface"/></StgValue>
</bind>
</comp>

<comp id="18" class="1001" name="const_18">
<pin_list>
<pin id="19" dir="1" index="0" bw="1" slack="2147483647"/>
</pin_list>
<bind>
<StgValue><ssdm name=""/></StgValue>
</bind>
</comp>

<comp id="20" class="1001" name="const_20">
<pin_list>
<pin id="21" dir="1" index="0" bw="1" slack="2147483647"/>
</pin_list>
<bind>
<StgValue><ssdm name="empty_3"/></StgValue>
</bind>
</comp>

<comp id="22" class="1001" name="const_22">
<pin_list>
<pin id="23" dir="1" index="0" bw="1" slack="2147483647"/>
</pin_list>
<bind>
<StgValue><ssdm name="empty_1"/></StgValue>
</bind>
</comp>

<comp id="24" class="1001" name="const_24">
<pin_list>
<pin id="25" dir="1" index="0" bw="1" slack="2147483647"/>
</pin_list>
<bind>
<StgValue><ssdm name=""/></StgValue>
</bind>
</comp>

<comp id="26" class="1001" name="const_26">
<pin_list>
<pin id="27" dir="1" index="0" bw="1" slack="2147483647"/>
</pin_list>
<bind>
<StgValue><ssdm name="empty"/></StgValue>
</bind>
</comp>

<comp id="28" class="1001" name="const_28">
<pin_list>
<pin id="29" dir="1" index="0" bw="1" slack="2147483647"/>
</pin_list>
<bind>
<StgValue><ssdm name=""/></StgValue>
</bind>
</comp>

<comp id="30" class="1001" name="const_30">
<pin_list>
<pin id="31" dir="1" index="0" bw="1" slack="2147483647"/>
</pin_list>
<bind>
<StgValue><ssdm name="empty_0"/></StgValue>
</bind>
</comp>

<comp id="32" class="1001" name="const_32">
<pin_list>
<pin id="33" dir="1" index="0" bw="1" slack="2147483647"/>
</pin_list>
<bind>
<StgValue><ssdm name="_ssdm_op_SpecBitsMap"/></StgValue>
</bind>
</comp>

<comp id="34" class="1004" name="x_n_read_fu_34">
<pin_list>
<pin id="35" dir="0" index="0" bw="16" slack="0"/>
<pin id="36" dir="0" index="1" bw="16" slack="0"/>
<pin id="37" dir="1" index="2" bw="16" slack="0"/>
</pin_list>
<bind>
<opcode="read(1150) " fcode="read"/>
<opset="x_n/1 "/>
</bind>
</comp>

<comp id="40" class="1004" name="grp_FIR_HLS_Pipeline_VITIS_LOOP_28_2_fu_40">
<pin_list>
<pin id="41" dir="0" index="0" bw="0" slack="0"/>
<pin id="42" dir="0" index="1" bw="16" slack="0"/>
<pin id="43" dir="0" index="2" bw="14" slack="0"/>
<pin id="44" dir="0" index="3" bw="32" slack="0"/>
<pin id="45" dir="1" index="4" bw="0" slack="2147483647"/>
</pin_list>
<bind>
<opcode="call(48) " fcode="call"/>
<opset="call_ln12/1 "/>
</bind>
</comp>

<comp id="50" class="1005" name="x_n_reg_50">
<pin_list>
<pin id="51" dir="0" index="0" bw="16" slack="1"/>
<pin id="52" dir="1" index="1" bw="16" slack="1"/>
</pin_list>
<bind>
<opset="x_n "/>
</bind>
</comp>

</comp_list>

<net_list>
<net id="38"><net_src comp="8" pin="0"/><net_sink comp="34" pin=0"/></net>

<net id="39"><net_src comp="0" pin="0"/><net_sink comp="34" pin=1"/></net>

<net id="46"><net_src comp="10" pin="0"/><net_sink comp="40" pin=0"/></net>

<net id="47"><net_src comp="34" pin="2"/><net_sink comp="40" pin=1"/></net>

<net id="48"><net_src comp="4" pin="0"/><net_sink comp="40" pin=2"/></net>

<net id="49"><net_src comp="6" pin="0"/><net_sink comp="40" pin=3"/></net>

<net id="53"><net_src comp="34" pin="2"/><net_sink comp="50" pin=0"/></net>

<net id="54"><net_src comp="50" pin="1"/><net_sink comp="40" pin=1"/></net>

</net_list>

</model> 
---------------- Datapath Model END ------------------

* FSMD analyzer results:
  - Output states:
	Port: H_accu_FIR1 | {1 2 }
 - Input state : 
	Port: FIR_HLS : input_r | {1 }
	Port: FIR_HLS : b_FIR | {1 2 }
	Port: FIR_HLS : H_accu_FIR1 | {1 2 }
  - Chain level:
	State 1
	State 2


============================================================
+ Verbose Summary: Datapath Resource usage 
============================================================

* Functional unit list:
|----------|--------------------------------------------|---------|---------|---------|---------|
| Operation|               Functional Unit              |   DSP   |  Delay  |    FF   |   LUT   |
|----------|--------------------------------------------|---------|---------|---------|---------|
|   call   | grp_FIR_HLS_Pipeline_VITIS_LOOP_28_2_fu_40 |    1    |  0.854  |   121   |   149   |
|----------|--------------------------------------------|---------|---------|---------|---------|
|   read   |               x_n_read_fu_34               |    0    |    0    |    0    |    0    |
|----------|--------------------------------------------|---------|---------|---------|---------|
|   Total  |                                            |    1    |  0.854  |   121   |   149   |
|----------|--------------------------------------------|---------|---------|---------|---------|

Memories:
+-----------+--------+--------+--------+--------+
|           |  BRAM  |   FF   |   LUT  |  URAM  |
+-----------+--------+--------+--------+--------+
|H_accu_FIR1|    1   |    0   |    0   |    0   |
|   b_FIR   |    1   |    0   |    0   |    -   |
+-----------+--------+--------+--------+--------+
|   Total   |    2   |    0   |    0   |    0   |
+-----------+--------+--------+--------+--------+

* Register list:
+----------+--------+
|          |   FF   |
+----------+--------+
|x_n_reg_50|   16   |
+----------+--------+
|   Total  |   16   |
+----------+--------+

* Multiplexer (MUX) list: 
|--------------------------------------------|------|------|------|--------||---------||---------||---------|
|                    Comp                    |  Pin | Size |  BW  | S x BW ||  Delay  ||    FF   ||   LUT   |
|--------------------------------------------|------|------|------|--------||---------||---------||---------|
| grp_FIR_HLS_Pipeline_VITIS_LOOP_28_2_fu_40 |  p1  |   2  |  16  |   32   ||    0    ||    9    |
|--------------------------------------------|------|------|------|--------||---------||---------||---------|
|                    Total                   |      |      |      |   32   ||  0.427  ||    0    ||    9    |
|--------------------------------------------|------|------|------|--------||---------||---------||---------|



* Summary:
+-----------+--------+--------+--------+--------+--------+--------+
|           |  BRAM  |   DSP  |  Delay |   FF   |   LUT  |  URAM  |
+-----------+--------+--------+--------+--------+--------+--------+
|  Function |    -   |    1   |    0   |   121  |   149  |    -   |
|   Memory  |    2   |    -   |    -   |    0   |    0   |    0   |
|Multiplexer|    -   |    -   |    0   |    0   |    9   |    -   |
|  Register |    -   |    -   |    -   |   16   |    -   |    -   |
+-----------+--------+--------+--------+--------+--------+--------+
|   Total   |    2   |    1   |    1   |   137  |   158  |    0   |
+-----------+--------+--------+--------+--------+--------+--------+
