
*** Running vivado
    with args -log bd_0_hls_inst_0.vds -m64 -product Vivado -mode batch -messageDb vivado.pb -notrace -source bd_0_hls_inst_0.tcl


WARNING: C:/AMD/Vivado/2024.2/tps/win64/jre11.0.16_1 does not exist.

****** Vivado v2024.2 (64-bit)
  **** SW Build 5239630 on Fri Nov 08 22:35:27 MST 2024
  **** IP Build 5239520 on Sun Nov 10 16:12:51 MST 2024
  **** SharedData Build 5239561 on Fri Nov 08 14:39:27 MST 2024
  **** Start of session at: Sat Jan 17 13:37:04 2026
    ** Copyright 1986-2022 Xilinx, Inc. All Rights Reserved.
    ** Copyright 2022-2024 Advanced Micro Devices, Inc. All Rights Reserved.

source bd_0_hls_inst_0.tcl -notrace
INFO: Dispatch client connection id - 52420
INFO: [IP_Flow 19-234] Refreshing IP repositories
INFO: [IP_Flow 19-1700] Loaded user IP repository 'c:/HLS-multirate-DSP/HLS_FIR/Transposed_Folded_FIR_HLS/Transposed_Folded_FIR_HLS/hls/impl/ip'.
INFO: [IP_Flow 19-2313] Loaded Vivado IP repository 'C:/AMD/Vivado/2024.2/data/ip'.
WARNING: [IP_Flow 19-4995] The host OS only allows 260 characters in a normal path. The IP cache path is more than 80 characters. If you experience issues with IP caching, please consider changing the IP cache to a location with a shorter path. Alternately consider using the OS subst command to map part of the path to a drive letter. 
Current IP cache path is c:/HLS-multirate-DSP/HLS_FIR/Transposed_Folded_FIR_HLS/Transposed_Folded_FIR_HLS/hls/impl/verilog/project.cache/ip 
INFO: [IP_Flow 19-6924] IPCACHE: Running cache check for IP inst: bd_0_hls_inst_0
Command: synth_design -top bd_0_hls_inst_0 -part xck26-sfvc784-2LV-c -directive sdx_optimization_effort_high -incremental_mode off -mode out_of_context
Starting synth_design
Attempting to get a license for feature 'Synthesis' and/or device 'xck26'
INFO: [Common 17-349] Got license for feature 'Synthesis' and/or device 'xck26'
INFO: [Device 21-403] Loading part xck26-sfvc784-2LV-c
INFO: [Synth 8-7079] Multithreading enabled for synth_design using a maximum of 2 processes.
INFO: [Synth 8-7078] Launching helper process for spawning children vivado processes
INFO: [Synth 8-7075] Helper process launched with PID 12476
---------------------------------------------------------------------------------
Starting RTL Elaboration : Time (s): cpu = 00:00:06 ; elapsed = 00:00:06 . Memory (MB): peak = 1676.871 ; gain = 178.895
---------------------------------------------------------------------------------
INFO: [Synth 8-6157] synthesizing module 'bd_0_hls_inst_0' [c:/HLS-multirate-DSP/HLS_FIR/Transposed_Folded_FIR_HLS/Transposed_Folded_FIR_HLS/hls/impl/verilog/project.gen/sources_1/bd/bd_0/ip/bd_0_hls_inst_0/synth/bd_0_hls_inst_0.v:53]
INFO: [Synth 8-6157] synthesizing module 'FIR_HLS' [c:/HLS-multirate-DSP/HLS_FIR/Transposed_Folded_FIR_HLS/Transposed_Folded_FIR_HLS/hls/impl/verilog/project.gen/sources_1/bd/bd_0/ipshared/515a/hdl/verilog/FIR_HLS.v:9]
INFO: [Synth 8-6157] synthesizing module 'FIR_HLS_FIR_HLS_Pipeline_VITIS_LOOP_28_2' [c:/HLS-multirate-DSP/HLS_FIR/Transposed_Folded_FIR_HLS/Transposed_Folded_FIR_HLS/hls/impl/verilog/project.gen/sources_1/bd/bd_0/ipshared/515a/hdl/verilog/FIR_HLS_FIR_HLS_Pipeline_VITIS_LOOP_28_2.v:9]
INFO: [Synth 8-6157] synthesizing module 'FIR_HLS_FIR_HLS_Pipeline_VITIS_LOOP_28_2_b_FIR_ROM_AUTO_1R' [c:/HLS-multirate-DSP/HLS_FIR/Transposed_Folded_FIR_HLS/Transposed_Folded_FIR_HLS/hls/impl/verilog/project.gen/sources_1/bd/bd_0/ipshared/515a/hdl/verilog/FIR_HLS_FIR_HLS_Pipeline_VITIS_LOOP_28_2_b_FIR_ROM_AUTO_1R.v:7]
INFO: [Synth 8-3876] $readmem data file './FIR_HLS_FIR_HLS_Pipeline_VITIS_LOOP_28_2_b_FIR_ROM_AUTO_1R.dat' is read successfully [c:/HLS-multirate-DSP/HLS_FIR/Transposed_Folded_FIR_HLS/Transposed_Folded_FIR_HLS/hls/impl/verilog/project.gen/sources_1/bd/bd_0/ipshared/515a/hdl/verilog/FIR_HLS_FIR_HLS_Pipeline_VITIS_LOOP_28_2_b_FIR_ROM_AUTO_1R.v:28]
INFO: [Synth 8-6155] done synthesizing module 'FIR_HLS_FIR_HLS_Pipeline_VITIS_LOOP_28_2_b_FIR_ROM_AUTO_1R' (0#1) [c:/HLS-multirate-DSP/HLS_FIR/Transposed_Folded_FIR_HLS/Transposed_Folded_FIR_HLS/hls/impl/verilog/project.gen/sources_1/bd/bd_0/ipshared/515a/hdl/verilog/FIR_HLS_FIR_HLS_Pipeline_VITIS_LOOP_28_2_b_FIR_ROM_AUTO_1R.v:7]
INFO: [Synth 8-6157] synthesizing module 'FIR_HLS_FIR_HLS_Pipeline_VITIS_LOOP_28_2_H_accu_FIR1_RAM_AUTO_1R1W' [c:/HLS-multirate-DSP/HLS_FIR/Transposed_Folded_FIR_HLS/Transposed_Folded_FIR_HLS/hls/impl/verilog/project.gen/sources_1/bd/bd_0/ipshared/515a/hdl/verilog/FIR_HLS_FIR_HLS_Pipeline_VITIS_LOOP_28_2_H_accu_FIR1_RAM_AUTO_1R1W.v:7]
INFO: [Synth 8-3876] $readmem data file './FIR_HLS_FIR_HLS_Pipeline_VITIS_LOOP_28_2_H_accu_FIR1_RAM_AUTO_1R1W.dat' is read successfully [c:/HLS-multirate-DSP/HLS_FIR/Transposed_Folded_FIR_HLS/Transposed_Folded_FIR_HLS/hls/impl/verilog/project.gen/sources_1/bd/bd_0/ipshared/515a/hdl/verilog/FIR_HLS_FIR_HLS_Pipeline_VITIS_LOOP_28_2_H_accu_FIR1_RAM_AUTO_1R1W.v:40]
INFO: [Synth 8-6155] done synthesizing module 'FIR_HLS_FIR_HLS_Pipeline_VITIS_LOOP_28_2_H_accu_FIR1_RAM_AUTO_1R1W' (0#1) [c:/HLS-multirate-DSP/HLS_FIR/Transposed_Folded_FIR_HLS/Transposed_Folded_FIR_HLS/hls/impl/verilog/project.gen/sources_1/bd/bd_0/ipshared/515a/hdl/verilog/FIR_HLS_FIR_HLS_Pipeline_VITIS_LOOP_28_2_H_accu_FIR1_RAM_AUTO_1R1W.v:7]
INFO: [Synth 8-6157] synthesizing module 'FIR_HLS_mul_16s_14s_30_1_1' [c:/HLS-multirate-DSP/HLS_FIR/Transposed_Folded_FIR_HLS/Transposed_Folded_FIR_HLS/hls/impl/verilog/project.gen/sources_1/bd/bd_0/ipshared/515a/hdl/verilog/FIR_HLS_mul_16s_14s_30_1_1.v:5]
INFO: [Synth 8-6155] done synthesizing module 'FIR_HLS_mul_16s_14s_30_1_1' (0#1) [c:/HLS-multirate-DSP/HLS_FIR/Transposed_Folded_FIR_HLS/Transposed_Folded_FIR_HLS/hls/impl/verilog/project.gen/sources_1/bd/bd_0/ipshared/515a/hdl/verilog/FIR_HLS_mul_16s_14s_30_1_1.v:5]
INFO: [Synth 8-6155] done synthesizing module 'FIR_HLS_FIR_HLS_Pipeline_VITIS_LOOP_28_2' (0#1) [c:/HLS-multirate-DSP/HLS_FIR/Transposed_Folded_FIR_HLS/Transposed_Folded_FIR_HLS/hls/impl/verilog/project.gen/sources_1/bd/bd_0/ipshared/515a/hdl/verilog/FIR_HLS_FIR_HLS_Pipeline_VITIS_LOOP_28_2.v:9]
INFO: [Synth 8-6157] synthesizing module 'FIR_HLS_regslice_both' [c:/HLS-multirate-DSP/HLS_FIR/Transposed_Folded_FIR_HLS/Transposed_Folded_FIR_HLS/hls/impl/verilog/project.gen/sources_1/bd/bd_0/ipshared/515a/hdl/verilog/FIR_HLS_regslice_both.v:8]
INFO: [Synth 8-6155] done synthesizing module 'FIR_HLS_regslice_both' (0#1) [c:/HLS-multirate-DSP/HLS_FIR/Transposed_Folded_FIR_HLS/Transposed_Folded_FIR_HLS/hls/impl/verilog/project.gen/sources_1/bd/bd_0/ipshared/515a/hdl/verilog/FIR_HLS_regslice_both.v:8]
INFO: [Synth 8-6155] done synthesizing module 'FIR_HLS' (0#1) [c:/HLS-multirate-DSP/HLS_FIR/Transposed_Folded_FIR_HLS/Transposed_Folded_FIR_HLS/hls/impl/verilog/project.gen/sources_1/bd/bd_0/ipshared/515a/hdl/verilog/FIR_HLS.v:9]
INFO: [Synth 8-6155] done synthesizing module 'bd_0_hls_inst_0' (0#1) [c:/HLS-multirate-DSP/HLS_FIR/Transposed_Folded_FIR_HLS/Transposed_Folded_FIR_HLS/hls/impl/verilog/project.gen/sources_1/bd/bd_0/ip/bd_0_hls_inst_0/synth/bd_0_hls_inst_0.v:53]
INFO: [Synth 8-4490] FSM extraction disabled for register 'ap_CS_fsm_reg' through user attribute
INFO: [Synth 8-4490] FSM extraction disabled for register 'ap_CS_fsm_reg' through user attribute
WARNING: [Synth 8-7129] Port reset in module FIR_HLS_FIR_HLS_Pipeline_VITIS_LOOP_28_2_H_accu_FIR1_RAM_AUTO_1R1W is either unconnected or has no load
WARNING: [Synth 8-7129] Port reset in module FIR_HLS_FIR_HLS_Pipeline_VITIS_LOOP_28_2_b_FIR_ROM_AUTO_1R is either unconnected or has no load
---------------------------------------------------------------------------------
Finished RTL Elaboration : Time (s): cpu = 00:00:08 ; elapsed = 00:00:08 . Memory (MB): peak = 1789.547 ; gain = 291.570
---------------------------------------------------------------------------------
---------------------------------------------------------------------------------
Start Handling Custom Attributes
---------------------------------------------------------------------------------
---------------------------------------------------------------------------------
Finished Handling Custom Attributes : Time (s): cpu = 00:00:08 ; elapsed = 00:00:08 . Memory (MB): peak = 1789.547 ; gain = 291.570
---------------------------------------------------------------------------------
---------------------------------------------------------------------------------
Finished RTL Optimization Phase 1 : Time (s): cpu = 00:00:08 ; elapsed = 00:00:08 . Memory (MB): peak = 1789.547 ; gain = 291.570
---------------------------------------------------------------------------------
Netlist sorting complete. Time (s): cpu = 00:00:00 ; elapsed = 00:00:00.005 . Memory (MB): peak = 1789.547 ; gain = 0.000
INFO: [Project 1-570] Preparing netlist for logic optimization

Processing XDC Constraints
Initializing timing engine
Parsing XDC File [c:/HLS-multirate-DSP/HLS_FIR/Transposed_Folded_FIR_HLS/Transposed_Folded_FIR_HLS/hls/impl/verilog/project.gen/sources_1/bd/bd_0/ip/bd_0_hls_inst_0/constraints/FIR_HLS_ooc.xdc] for cell 'inst'
create_clock: Time (s): cpu = 00:00:05 ; elapsed = 00:00:06 . Memory (MB): peak = 1894.504 ; gain = 0.000
Finished Parsing XDC File [c:/HLS-multirate-DSP/HLS_FIR/Transposed_Folded_FIR_HLS/Transposed_Folded_FIR_HLS/hls/impl/verilog/project.gen/sources_1/bd/bd_0/ip/bd_0_hls_inst_0/constraints/FIR_HLS_ooc.xdc] for cell 'inst'
Parsing XDC File [C:/HLS-multirate-DSP/HLS_FIR/Transposed_Folded_FIR_HLS/Transposed_Folded_FIR_HLS/hls/impl/verilog/project.runs/bd_0_hls_inst_0_synth_1/dont_touch.xdc]
Finished Parsing XDC File [C:/HLS-multirate-DSP/HLS_FIR/Transposed_Folded_FIR_HLS/Transposed_Folded_FIR_HLS/hls/impl/verilog/project.runs/bd_0_hls_inst_0_synth_1/dont_touch.xdc]
Completed Processing XDC Constraints

Netlist sorting complete. Time (s): cpu = 00:00:00 ; elapsed = 00:00:00 . Memory (MB): peak = 1894.504 ; gain = 0.000
INFO: [Project 1-111] Unisim Transformation Summary:
No Unisim elements were transformed.

Constraint Validation Runtime : Time (s): cpu = 00:00:00 ; elapsed = 00:00:00.024 . Memory (MB): peak = 1894.504 ; gain = 0.000
INFO: [Designutils 20-5008] Incremental synthesis strategy off
---------------------------------------------------------------------------------
Finished Constraint Validation : Time (s): cpu = 00:00:22 ; elapsed = 00:00:23 . Memory (MB): peak = 1894.504 ; gain = 396.527
---------------------------------------------------------------------------------
---------------------------------------------------------------------------------
Start Loading Part and Timing Information
---------------------------------------------------------------------------------
Loading part: xck26-sfvc784-2LV-c
INFO: [Synth 8-6742] Reading net delay rules and data
---------------------------------------------------------------------------------
Finished Loading Part and Timing Information : Time (s): cpu = 00:00:22 ; elapsed = 00:00:23 . Memory (MB): peak = 1894.504 ; gain = 396.527
---------------------------------------------------------------------------------
---------------------------------------------------------------------------------
Start Applying 'set_property' XDC Constraints
---------------------------------------------------------------------------------
Applied set_property KEEP_HIERARCHY = SOFT for inst. (constraint file  C:/HLS-multirate-DSP/HLS_FIR/Transposed_Folded_FIR_HLS/Transposed_Folded_FIR_HLS/hls/impl/verilog/project.runs/bd_0_hls_inst_0_synth_1/dont_touch.xdc, line 9).
---------------------------------------------------------------------------------
Finished applying 'set_property' XDC Constraints : Time (s): cpu = 00:00:22 ; elapsed = 00:00:23 . Memory (MB): peak = 1894.504 ; gain = 396.527
---------------------------------------------------------------------------------
INFO: [Synth 8-4490] FSM extraction disabled for register 'ap_CS_fsm_reg' through user attribute
INFO: [Synth 8-4490] FSM extraction disabled for register 'ap_CS_fsm_reg' through user attribute
INFO: [Synth 8-802] inferred FSM for state register 'state_reg' in module 'FIR_HLS_regslice_both'
INFO: [Synth 8-4490] FSM extraction disabled for register 'ap_CS_fsm_reg' through user attribute
INFO: [Synth 8-4490] FSM extraction disabled for register 'ap_CS_fsm_reg' through user attribute
---------------------------------------------------------------------------------------------------
                   State |                     New Encoding |                Previous Encoding 
---------------------------------------------------------------------------------------------------
                  iSTATE |                               00 |                               00
*
                    ZERO |                               01 |                               10
                     ONE |                               11 |                               11
                     TWO |                               10 |                               01
---------------------------------------------------------------------------------------------------
INFO: [Synth 8-3354] encoded FSM with state register 'state_reg' using encoding 'sequential' in module 'FIR_HLS_regslice_both'
---------------------------------------------------------------------------------
Finished RTL Optimization Phase 2 : Time (s): cpu = 00:00:22 ; elapsed = 00:00:23 . Memory (MB): peak = 1894.504 ; gain = 396.527
---------------------------------------------------------------------------------
---------------------------------------------------------------------------------
Start RTL Component Statistics 
---------------------------------------------------------------------------------
Detailed RTL Component Info : 
+---Adders : 
	   2 Input   64 Bit       Adders := 1     
	   2 Input   32 Bit       Adders := 1     
	   2 Input    9 Bit       Adders := 1     
+---Registers : 
	               64 Bit    Registers := 1     
	               32 Bit    Registers := 1     
	               30 Bit    Registers := 1     
	               16 Bit    Registers := 5     
	               14 Bit    Registers := 1     
	                9 Bit    Registers := 1     
	                2 Bit    Registers := 4     
	                1 Bit    Registers := 5     
+---RAMs : 
	              12K Bit	(392 X 32 bit)          RAMs := 1     
+---ROMs : 
	                    ROMs := 1     
+---Muxes : 
	   2 Input   16 Bit        Muxes := 2     
	   4 Input    2 Bit        Muxes := 10    
	   2 Input    2 Bit        Muxes := 21    
	   2 Input    1 Bit        Muxes := 7     
---------------------------------------------------------------------------------
Finished RTL Component Statistics 
---------------------------------------------------------------------------------
---------------------------------------------------------------------------------
Start Part Resource Summary
---------------------------------------------------------------------------------
Part Resources:
DSPs: 1248 (col length:96)
BRAMs: 288 (col length: RAMB18 96 RAMB36 48)
---------------------------------------------------------------------------------
Finished Part Resource Summary
---------------------------------------------------------------------------------
---------------------------------------------------------------------------------
Start Cross Boundary and Area Optimization
---------------------------------------------------------------------------------
WARNING: [Synth 8-7080] Parallel synthesis criteria is not met
WARNING: [Synth 8-3936] Found unconnected internal register 'grp_FIR_HLS_Pipeline_VITIS_LOOP_28_2_fu_40/sext_ln28_cast_reg_158_reg' and it is trimmed from '30' to '16' bits. [c:/HLS-multirate-DSP/HLS_FIR/Transposed_Folded_FIR_HLS/Transposed_Folded_FIR_HLS/hls/impl/verilog/project.gen/sources_1/bd/bd_0/ipshared/515a/hdl/verilog/FIR_HLS_FIR_HLS_Pipeline_VITIS_LOOP_28_2.v:157]
DSP Report: Generating DSP grp_FIR_HLS_Pipeline_VITIS_LOOP_28_2_fu_40/mul_16s_14s_30_1_1_U1/tmp_product, operation Mode is: A''*B2.
DSP Report: register grp_FIR_HLS_Pipeline_VITIS_LOOP_28_2_fu_40/b_FIR_U/q0_reg is absorbed into DSP grp_FIR_HLS_Pipeline_VITIS_LOOP_28_2_fu_40/mul_16s_14s_30_1_1_U1/tmp_product.
DSP Report: register x_n_reg_50_reg is absorbed into DSP grp_FIR_HLS_Pipeline_VITIS_LOOP_28_2_fu_40/mul_16s_14s_30_1_1_U1/tmp_product.
DSP Report: register grp_FIR_HLS_Pipeline_VITIS_LOOP_28_2_fu_40/sext_ln28_cast_reg_158_reg is absorbed into DSP grp_FIR_HLS_Pipeline_VITIS_LOOP_28_2_fu_40/mul_16s_14s_30_1_1_U1/tmp_product.
DSP Report: operator grp_FIR_HLS_Pipeline_VITIS_LOOP_28_2_fu_40/mul_16s_14s_30_1_1_U1/tmp_product is absorbed into DSP grp_FIR_HLS_Pipeline_VITIS_LOOP_28_2_fu_40/mul_16s_14s_30_1_1_U1/tmp_product.
WARNING: [Synth 8-7129] Port output_r_TDATA[15] in module FIR_HLS is either unconnected or has no load
WARNING: [Synth 8-7129] Port output_r_TDATA[14] in module FIR_HLS is either unconnected or has no load
WARNING: [Synth 8-7129] Port output_r_TDATA[13] in module FIR_HLS is either unconnected or has no load
WARNING: [Synth 8-7129] Port output_r_TDATA[12] in module FIR_HLS is either unconnected or has no load
WARNING: [Synth 8-7129] Port output_r_TDATA[11] in module FIR_HLS is either unconnected or has no load
WARNING: [Synth 8-7129] Port output_r_TDATA[10] in module FIR_HLS is either unconnected or has no load
WARNING: [Synth 8-7129] Port output_r_TDATA[9] in module FIR_HLS is either unconnected or has no load
WARNING: [Synth 8-7129] Port output_r_TDATA[8] in module FIR_HLS is either unconnected or has no load
WARNING: [Synth 8-7129] Port output_r_TDATA[7] in module FIR_HLS is either unconnected or has no load
WARNING: [Synth 8-7129] Port output_r_TDATA[6] in module FIR_HLS is either unconnected or has no load
WARNING: [Synth 8-7129] Port output_r_TDATA[5] in module FIR_HLS is either unconnected or has no load
WARNING: [Synth 8-7129] Port output_r_TDATA[4] in module FIR_HLS is either unconnected or has no load
WARNING: [Synth 8-7129] Port output_r_TDATA[3] in module FIR_HLS is either unconnected or has no load
WARNING: [Synth 8-7129] Port output_r_TDATA[2] in module FIR_HLS is either unconnected or has no load
WARNING: [Synth 8-7129] Port output_r_TDATA[1] in module FIR_HLS is either unconnected or has no load
WARNING: [Synth 8-7129] Port output_r_TDATA[0] in module FIR_HLS is either unconnected or has no load
RAM ("inst/grp_FIR_HLS_Pipeline_VITIS_LOOP_28_2_fu_40/H_accu_FIR1_U/ram_reg") is too shallow (depth = 392) to use URAM. Choosing BRAM instead of URAM 
---------------------------------------------------------------------------------
Finished Cross Boundary and Area Optimization : Time (s): cpu = 00:00:26 ; elapsed = 00:00:27 . Memory (MB): peak = 1894.504 ; gain = 396.527
---------------------------------------------------------------------------------
 Sort Area is  grp_FIR_HLS_Pipeline_VITIS_LOOP_28_2_fu_40/mul_16s_14s_30_1_1_U1/tmp_product_0 : 0 0 : 1705 1705 : Used 1 time 0
---------------------------------------------------------------------------------
Start ROM, RAM, DSP, Shift Register and Retiming Reporting
---------------------------------------------------------------------------------

ROM: Preliminary Mapping Report
+------------+------------+---------------+----------------+
|Module Name | RTL Object | Depth x Width | Implemented As | 
+------------+------------+---------------+----------------+
|FIR_HLS     | p_0_out    | 512x14        | LUT            | 
+------------+------------+---------------+----------------+


DSP: Preliminary Mapping Report (see note below. The ' indicates corresponding REG is set)
+------------+-------------+--------+--------+--------+--------+--------+------+------+------+------+-------+------+------+
|Module Name | DSP Mapping | A Size | B Size | C Size | D Size | P Size | AREG | BREG | CREG | DREG | ADREG | MREG | PREG | 
+------------+-------------+--------+--------+--------+--------+--------+------+------+------+------+-------+------+------+
|FIR_HLS     | A''*B2      | 16     | 14     | -      | -      | 30     | 2    | 1    | -    | -    | -     | 0    | 0    | 
+------------+-------------+--------+--------+--------+--------+--------+------+------+------+------+-------+------+------+

Note: The table above is a preliminary report that shows the DSPs inferred at the current stage of the synthesis flow. Some DSP may be reimplemented as non DSP primitives later in the synthesis flow. Multiple instantiated DSPs are reported only once.
---------------------------------------------------------------------------------
Finished ROM, RAM, DSP, Shift Register and Retiming Reporting
---------------------------------------------------------------------------------
---------------------------------------------------------------------------------
Start Applying XDC Timing Constraints
---------------------------------------------------------------------------------
---------------------------------------------------------------------------------
Finished Applying XDC Timing Constraints : Time (s): cpu = 00:00:37 ; elapsed = 00:00:39 . Memory (MB): peak = 2531.742 ; gain = 1033.766
---------------------------------------------------------------------------------
---------------------------------------------------------------------------------
Start Timing Optimization
---------------------------------------------------------------------------------
---------------------------------------------------------------------------------
Finished Timing Optimization : Time (s): cpu = 00:00:37 ; elapsed = 00:00:39 . Memory (MB): peak = 2541.629 ; gain = 1043.652
---------------------------------------------------------------------------------
---------------------------------------------------------------------------------
Start Technology Mapping
---------------------------------------------------------------------------------
---------------------------------------------------------------------------------
Finished Technology Mapping : Time (s): cpu = 00:00:37 ; elapsed = 00:00:39 . Memory (MB): peak = 2541.691 ; gain = 1043.715
---------------------------------------------------------------------------------
---------------------------------------------------------------------------------
Start IO Insertion
---------------------------------------------------------------------------------
---------------------------------------------------------------------------------
Start Flattening Before IO Insertion
---------------------------------------------------------------------------------
---------------------------------------------------------------------------------
Finished Flattening Before IO Insertion
---------------------------------------------------------------------------------
---------------------------------------------------------------------------------
Start Final Netlist Cleanup
---------------------------------------------------------------------------------
---------------------------------------------------------------------------------
Finished Final Netlist Cleanup
---------------------------------------------------------------------------------
---------------------------------------------------------------------------------
Finished IO Insertion : Time (s): cpu = 00:00:42 ; elapsed = 00:00:44 . Memory (MB): peak = 2758.012 ; gain = 1260.035
---------------------------------------------------------------------------------
---------------------------------------------------------------------------------
Start Renaming Generated Instances
---------------------------------------------------------------------------------
---------------------------------------------------------------------------------
Finished Renaming Generated Instances : Time (s): cpu = 00:00:42 ; elapsed = 00:00:44 . Memory (MB): peak = 2758.012 ; gain = 1260.035
---------------------------------------------------------------------------------
---------------------------------------------------------------------------------
Start Rebuilding User Hierarchy
---------------------------------------------------------------------------------
---------------------------------------------------------------------------------
Finished Rebuilding User Hierarchy : Time (s): cpu = 00:00:42 ; elapsed = 00:00:44 . Memory (MB): peak = 2758.012 ; gain = 1260.035
---------------------------------------------------------------------------------
---------------------------------------------------------------------------------
Start Renaming Generated Ports
---------------------------------------------------------------------------------
---------------------------------------------------------------------------------
Finished Renaming Generated Ports : Time (s): cpu = 00:00:42 ; elapsed = 00:00:44 . Memory (MB): peak = 2758.012 ; gain = 1260.035
---------------------------------------------------------------------------------
---------------------------------------------------------------------------------
Start Handling Custom Attributes
---------------------------------------------------------------------------------
---------------------------------------------------------------------------------
Finished Handling Custom Attributes : Time (s): cpu = 00:00:42 ; elapsed = 00:00:44 . Memory (MB): peak = 2758.012 ; gain = 1260.035
---------------------------------------------------------------------------------
---------------------------------------------------------------------------------
Start Renaming Generated Nets
---------------------------------------------------------------------------------
---------------------------------------------------------------------------------
Finished Renaming Generated Nets : Time (s): cpu = 00:00:42 ; elapsed = 00:00:44 . Memory (MB): peak = 2758.012 ; gain = 1260.035
---------------------------------------------------------------------------------
---------------------------------------------------------------------------------
Start Writing Synthesis Report
---------------------------------------------------------------------------------

Report BlackBoxes: 
+-+--------------+----------+
| |BlackBox name |Instances |
+-+--------------+----------+
+-+--------------+----------+

Report Cell Usage: 
+------+-----+------+
|      |Cell |Count |
+------+-----+------+
|1     |LUT1 |     1|
|2     |LUT2 |     1|
|3     |LUT3 |     3|
|4     |LUT4 |     3|
|5     |LUT5 |     4|
|6     |LUT6 |     2|
|7     |FDRE |     8|
|8     |FDSE |     5|
+------+-----+------+
---------------------------------------------------------------------------------
Finished Writing Synthesis Report : Time (s): cpu = 00:00:42 ; elapsed = 00:00:44 . Memory (MB): peak = 2758.012 ; gain = 1260.035
---------------------------------------------------------------------------------
Synthesis finished with 0 errors, 0 critical warnings and 18 warnings.
Synthesis Optimization Runtime : Time (s): cpu = 00:00:26 ; elapsed = 00:00:36 . Memory (MB): peak = 2758.012 ; gain = 1155.078
Synthesis Optimization Complete : Time (s): cpu = 00:00:42 ; elapsed = 00:00:44 . Memory (MB): peak = 2758.012 ; gain = 1260.035
INFO: [Project 1-571] Translating synthesized netlist
Netlist sorting complete. Time (s): cpu = 00:00:00 ; elapsed = 00:00:00 . Memory (MB): peak = 2758.012 ; gain = 0.000
INFO: [Project 1-570] Preparing netlist for logic optimization
INFO: [Opt 31-138] Pushed 0 inverter(s) to 0 load pin(s).
Netlist sorting complete. Time (s): cpu = 00:00:00 ; elapsed = 00:00:00 . Memory (MB): peak = 2758.012 ; gain = 0.000
INFO: [Project 1-111] Unisim Transformation Summary:
No Unisim elements were transformed.

Synth Design complete | Checksum: 5b80d8cf
INFO: [Common 17-83] Releasing license: Synthesis
42 Infos, 21 Warnings, 0 Critical Warnings and 0 Errors encountered.
synth_design completed successfully
synth_design: Time (s): cpu = 00:00:49 ; elapsed = 00:00:53 . Memory (MB): peak = 2758.012 ; gain = 2252.168
Write ShapeDB Complete: Time (s): cpu = 00:00:00 ; elapsed = 00:00:00.001 . Memory (MB): peak = 2758.012 ; gain = 0.000
INFO: [Common 17-1381] The checkpoint 'C:/HLS-multirate-DSP/HLS_FIR/Transposed_Folded_FIR_HLS/Transposed_Folded_FIR_HLS/hls/impl/verilog/project.runs/bd_0_hls_inst_0_synth_1/bd_0_hls_inst_0.dcp' has been generated.
INFO: [Coretcl 2-1648] Added synthesis output to IP cache for IP bd_0_hls_inst_0, cache-ID = bddf05c814c3ac5c
INFO: [Coretcl 2-1174] Renamed 4 cell refs.
Write ShapeDB Complete: Time (s): cpu = 00:00:00 ; elapsed = 00:00:00.001 . Memory (MB): peak = 2758.012 ; gain = 0.000
INFO: [Common 17-1381] The checkpoint 'C:/HLS-multirate-DSP/HLS_FIR/Transposed_Folded_FIR_HLS/Transposed_Folded_FIR_HLS/hls/impl/verilog/project.runs/bd_0_hls_inst_0_synth_1/bd_0_hls_inst_0.dcp' has been generated.
INFO: [Vivado 12-24828] Executing command : report_utilization -file bd_0_hls_inst_0_utilization_synth.rpt -pb bd_0_hls_inst_0_utilization_synth.pb
INFO: [Common 17-206] Exiting Vivado at Sat Jan 17 13:38:07 2026...
