Copyright 1986-2022 Xilinx, Inc. All Rights Reserved. Copyright 2022-2024 Advanced Micro Devices, Inc. All Rights Reserved.
---------------------------------------------------------------------------------------------------------------------------------------------
| Tool Version : Vivado v.2024.2 (win64) Build 5239630 Fri Nov 08 22:35:27 MST 2024
| Date         : Mon Nov 24 00:00:34 2025
| Host         : DESKTOP-92OKADH running 64-bit major release  (build 9200)
| Command      : report_drc -file bd_0_wrapper_drc_opted.rpt -pb bd_0_wrapper_drc_opted.pb -rpx bd_0_wrapper_drc_opted.rpx
| Design       : bd_0_wrapper
| Device       : xck26-sfvc784-2LV-c
| Speed File   : -2LV
| Design State : Synthesized
---------------------------------------------------------------------------------------------------------------------------------------------

Report DRC

Table of Contents
-----------------
1. REPORT SUMMARY
2. REPORT DETAILS

1. REPORT SUMMARY
-----------------
            Netlist: netlist
          Floorplan: checkpoint_bd_0_wrapper
      Design limits: <entire design considered>
           Ruledeck: default
             Max checks: <unlimited>
             Checks found: 19
+--------+----------+------------------------+--------+
| Rule   | Severity | Description            | Checks |
+--------+----------+------------------------+--------+
| DPOP-3 | Warning  | PREG Output pipelining | 1      |
| DPOP-4 | Warning  | MREG Output pipelining | 18     |
+--------+----------+------------------------+--------+

2. REPORT DETAILS
-----------------
DPOP-3#1 Warning
PREG Output pipelining  
DSP bd_0_i/hls_inst/inst/p_2_FIR_filter_transposed_fu_448/mul_16s_8ns_23_1_1_U1/tmp_product output bd_0_i/hls_inst/inst/p_2_FIR_filter_transposed_fu_448/mul_16s_8ns_23_1_1_U1/tmp_product/P[47:0] is not pipelined (PREG=0). Pipelining the DSP48 output will improve performance and often saves power so it is suggested whenever possible to fully pipeline this function.  If this DSP48 function was inferred, it is suggested to describe an additional register stage after this function.  If the DSP48 was instantiated in the design, it is suggested to set the PREG attribute to 1.
Related violations: <none>

DPOP-4#1 Warning
MREG Output pipelining  
DSP bd_0_i/hls_inst/inst/p_2_FIR_filter_transposed_fu_448/mul_16s_8ns_23_1_1_U1/tmp_product multiplier stage bd_0_i/hls_inst/inst/p_2_FIR_filter_transposed_fu_448/mul_16s_8ns_23_1_1_U1/tmp_product/P[47:0] is not pipelined (MREG=0). Pipelining the multiplier function will improve performance and will save significant power so it is suggested whenever possible to fully pipeline this function.  If this multiplier was inferred, it is suggested to describe an additional register stage after this function.  If there is no registered adder/accumulator following the multiply function, two pipeline stages are suggested to allow both the MREG and PREG registers to be used.  If the DSP48 was instantiated in the design, it is suggested to set both the MREG and PREG attributes to 1 when performing multiply functions.
Related violations: <none>

DPOP-4#2 Warning
MREG Output pipelining  
DSP bd_0_i/hls_inst/inst/p_2_FIR_filter_transposed_fu_448/p_ZL10H_accu_FIR_102_reg multiplier stage bd_0_i/hls_inst/inst/p_2_FIR_filter_transposed_fu_448/p_ZL10H_accu_FIR_102_reg/P[47:0] is not pipelined (MREG=0). Pipelining the multiplier function will improve performance and will save significant power so it is suggested whenever possible to fully pipeline this function.  If this multiplier was inferred, it is suggested to describe an additional register stage after this function.  If there is no registered adder/accumulator following the multiply function, two pipeline stages are suggested to allow both the MREG and PREG registers to be used.  If the DSP48 was instantiated in the design, it is suggested to set both the MREG and PREG attributes to 1 when performing multiply functions.
Related violations: <none>

DPOP-4#3 Warning
MREG Output pipelining  
DSP bd_0_i/hls_inst/inst/p_2_FIR_filter_transposed_fu_448/p_ZL10H_accu_FIR_112_reg multiplier stage bd_0_i/hls_inst/inst/p_2_FIR_filter_transposed_fu_448/p_ZL10H_accu_FIR_112_reg/P[47:0] is not pipelined (MREG=0). Pipelining the multiplier function will improve performance and will save significant power so it is suggested whenever possible to fully pipeline this function.  If this multiplier was inferred, it is suggested to describe an additional register stage after this function.  If there is no registered adder/accumulator following the multiply function, two pipeline stages are suggested to allow both the MREG and PREG registers to be used.  If the DSP48 was instantiated in the design, it is suggested to set both the MREG and PREG attributes to 1 when performing multiply functions.
Related violations: <none>

DPOP-4#4 Warning
MREG Output pipelining  
DSP bd_0_i/hls_inst/inst/p_2_FIR_filter_transposed_fu_448/p_ZL10H_accu_FIR_115_reg multiplier stage bd_0_i/hls_inst/inst/p_2_FIR_filter_transposed_fu_448/p_ZL10H_accu_FIR_115_reg/P[47:0] is not pipelined (MREG=0). Pipelining the multiplier function will improve performance and will save significant power so it is suggested whenever possible to fully pipeline this function.  If this multiplier was inferred, it is suggested to describe an additional register stage after this function.  If there is no registered adder/accumulator following the multiply function, two pipeline stages are suggested to allow both the MREG and PREG registers to be used.  If the DSP48 was instantiated in the design, it is suggested to set both the MREG and PREG attributes to 1 when performing multiply functions.
Related violations: <none>

DPOP-4#5 Warning
MREG Output pipelining  
DSP bd_0_i/hls_inst/inst/p_2_FIR_filter_transposed_fu_448/p_ZL10H_accu_FIR_120_reg multiplier stage bd_0_i/hls_inst/inst/p_2_FIR_filter_transposed_fu_448/p_ZL10H_accu_FIR_120_reg/P[47:0] is not pipelined (MREG=0). Pipelining the multiplier function will improve performance and will save significant power so it is suggested whenever possible to fully pipeline this function.  If this multiplier was inferred, it is suggested to describe an additional register stage after this function.  If there is no registered adder/accumulator following the multiply function, two pipeline stages are suggested to allow both the MREG and PREG registers to be used.  If the DSP48 was instantiated in the design, it is suggested to set both the MREG and PREG attributes to 1 when performing multiply functions.
Related violations: <none>

DPOP-4#6 Warning
MREG Output pipelining  
DSP bd_0_i/hls_inst/inst/p_2_FIR_filter_transposed_fu_448/p_ZL10H_accu_FIR_12_reg multiplier stage bd_0_i/hls_inst/inst/p_2_FIR_filter_transposed_fu_448/p_ZL10H_accu_FIR_12_reg/P[47:0] is not pipelined (MREG=0). Pipelining the multiplier function will improve performance and will save significant power so it is suggested whenever possible to fully pipeline this function.  If this multiplier was inferred, it is suggested to describe an additional register stage after this function.  If there is no registered adder/accumulator following the multiply function, two pipeline stages are suggested to allow both the MREG and PREG registers to be used.  If the DSP48 was instantiated in the design, it is suggested to set both the MREG and PREG attributes to 1 when performing multiply functions.
Related violations: <none>

DPOP-4#7 Warning
MREG Output pipelining  
DSP bd_0_i/hls_inst/inst/p_2_FIR_filter_transposed_fu_448/p_ZL10H_accu_FIR_1_reg multiplier stage bd_0_i/hls_inst/inst/p_2_FIR_filter_transposed_fu_448/p_ZL10H_accu_FIR_1_reg/P[47:0] is not pipelined (MREG=0). Pipelining the multiplier function will improve performance and will save significant power so it is suggested whenever possible to fully pipeline this function.  If this multiplier was inferred, it is suggested to describe an additional register stage after this function.  If there is no registered adder/accumulator following the multiply function, two pipeline stages are suggested to allow both the MREG and PREG registers to be used.  If the DSP48 was instantiated in the design, it is suggested to set both the MREG and PREG attributes to 1 when performing multiply functions.
Related violations: <none>

DPOP-4#8 Warning
MREG Output pipelining  
DSP bd_0_i/hls_inst/inst/p_2_FIR_filter_transposed_fu_448/p_ZL10H_accu_FIR_22_reg multiplier stage bd_0_i/hls_inst/inst/p_2_FIR_filter_transposed_fu_448/p_ZL10H_accu_FIR_22_reg/P[47:0] is not pipelined (MREG=0). Pipelining the multiplier function will improve performance and will save significant power so it is suggested whenever possible to fully pipeline this function.  If this multiplier was inferred, it is suggested to describe an additional register stage after this function.  If there is no registered adder/accumulator following the multiply function, two pipeline stages are suggested to allow both the MREG and PREG registers to be used.  If the DSP48 was instantiated in the design, it is suggested to set both the MREG and PREG attributes to 1 when performing multiply functions.
Related violations: <none>

DPOP-4#9 Warning
MREG Output pipelining  
DSP bd_0_i/hls_inst/inst/p_2_FIR_filter_transposed_fu_448/p_ZL10H_accu_FIR_27_reg multiplier stage bd_0_i/hls_inst/inst/p_2_FIR_filter_transposed_fu_448/p_ZL10H_accu_FIR_27_reg/P[47:0] is not pipelined (MREG=0). Pipelining the multiplier function will improve performance and will save significant power so it is suggested whenever possible to fully pipeline this function.  If this multiplier was inferred, it is suggested to describe an additional register stage after this function.  If there is no registered adder/accumulator following the multiply function, two pipeline stages are suggested to allow both the MREG and PREG registers to be used.  If the DSP48 was instantiated in the design, it is suggested to set both the MREG and PREG attributes to 1 when performing multiply functions.
Related violations: <none>

DPOP-4#10 Warning
MREG Output pipelining  
DSP bd_0_i/hls_inst/inst/p_2_FIR_filter_transposed_fu_448/p_ZL10H_accu_FIR_48_reg multiplier stage bd_0_i/hls_inst/inst/p_2_FIR_filter_transposed_fu_448/p_ZL10H_accu_FIR_48_reg/P[47:0] is not pipelined (MREG=0). Pipelining the multiplier function will improve performance and will save significant power so it is suggested whenever possible to fully pipeline this function.  If this multiplier was inferred, it is suggested to describe an additional register stage after this function.  If there is no registered adder/accumulator following the multiply function, two pipeline stages are suggested to allow both the MREG and PREG registers to be used.  If the DSP48 was instantiated in the design, it is suggested to set both the MREG and PREG attributes to 1 when performing multiply functions.
Related violations: <none>

DPOP-4#11 Warning
MREG Output pipelining  
DSP bd_0_i/hls_inst/inst/p_2_FIR_filter_transposed_fu_448/p_ZL10H_accu_FIR_4_reg multiplier stage bd_0_i/hls_inst/inst/p_2_FIR_filter_transposed_fu_448/p_ZL10H_accu_FIR_4_reg/P[47:0] is not pipelined (MREG=0). Pipelining the multiplier function will improve performance and will save significant power so it is suggested whenever possible to fully pipeline this function.  If this multiplier was inferred, it is suggested to describe an additional register stage after this function.  If there is no registered adder/accumulator following the multiply function, two pipeline stages are suggested to allow both the MREG and PREG registers to be used.  If the DSP48 was instantiated in the design, it is suggested to set both the MREG and PREG attributes to 1 when performing multiply functions.
Related violations: <none>

DPOP-4#12 Warning
MREG Output pipelining  
DSP bd_0_i/hls_inst/inst/p_2_FIR_filter_transposed_fu_448/p_ZL10H_accu_FIR_52_reg multiplier stage bd_0_i/hls_inst/inst/p_2_FIR_filter_transposed_fu_448/p_ZL10H_accu_FIR_52_reg/P[47:0] is not pipelined (MREG=0). Pipelining the multiplier function will improve performance and will save significant power so it is suggested whenever possible to fully pipeline this function.  If this multiplier was inferred, it is suggested to describe an additional register stage after this function.  If there is no registered adder/accumulator following the multiply function, two pipeline stages are suggested to allow both the MREG and PREG registers to be used.  If the DSP48 was instantiated in the design, it is suggested to set both the MREG and PREG attributes to 1 when performing multiply functions.
Related violations: <none>

DPOP-4#13 Warning
MREG Output pipelining  
DSP bd_0_i/hls_inst/inst/p_2_FIR_filter_transposed_fu_448/p_ZL10H_accu_FIR_57_reg multiplier stage bd_0_i/hls_inst/inst/p_2_FIR_filter_transposed_fu_448/p_ZL10H_accu_FIR_57_reg/P[47:0] is not pipelined (MREG=0). Pipelining the multiplier function will improve performance and will save significant power so it is suggested whenever possible to fully pipeline this function.  If this multiplier was inferred, it is suggested to describe an additional register stage after this function.  If there is no registered adder/accumulator following the multiply function, two pipeline stages are suggested to allow both the MREG and PREG registers to be used.  If the DSP48 was instantiated in the design, it is suggested to set both the MREG and PREG attributes to 1 when performing multiply functions.
Related violations: <none>

DPOP-4#14 Warning
MREG Output pipelining  
DSP bd_0_i/hls_inst/inst/p_2_FIR_filter_transposed_fu_448/p_ZL10H_accu_FIR_66_reg multiplier stage bd_0_i/hls_inst/inst/p_2_FIR_filter_transposed_fu_448/p_ZL10H_accu_FIR_66_reg/P[47:0] is not pipelined (MREG=0). Pipelining the multiplier function will improve performance and will save significant power so it is suggested whenever possible to fully pipeline this function.  If this multiplier was inferred, it is suggested to describe an additional register stage after this function.  If there is no registered adder/accumulator following the multiply function, two pipeline stages are suggested to allow both the MREG and PREG registers to be used.  If the DSP48 was instantiated in the design, it is suggested to set both the MREG and PREG attributes to 1 when performing multiply functions.
Related violations: <none>

DPOP-4#15 Warning
MREG Output pipelining  
DSP bd_0_i/hls_inst/inst/p_2_FIR_filter_transposed_fu_448/p_ZL10H_accu_FIR_71_reg multiplier stage bd_0_i/hls_inst/inst/p_2_FIR_filter_transposed_fu_448/p_ZL10H_accu_FIR_71_reg/P[47:0] is not pipelined (MREG=0). Pipelining the multiplier function will improve performance and will save significant power so it is suggested whenever possible to fully pipeline this function.  If this multiplier was inferred, it is suggested to describe an additional register stage after this function.  If there is no registered adder/accumulator following the multiply function, two pipeline stages are suggested to allow both the MREG and PREG registers to be used.  If the DSP48 was instantiated in the design, it is suggested to set both the MREG and PREG attributes to 1 when performing multiply functions.
Related violations: <none>

DPOP-4#16 Warning
MREG Output pipelining  
DSP bd_0_i/hls_inst/inst/p_2_FIR_filter_transposed_fu_448/p_ZL10H_accu_FIR_75_reg multiplier stage bd_0_i/hls_inst/inst/p_2_FIR_filter_transposed_fu_448/p_ZL10H_accu_FIR_75_reg/P[47:0] is not pipelined (MREG=0). Pipelining the multiplier function will improve performance and will save significant power so it is suggested whenever possible to fully pipeline this function.  If this multiplier was inferred, it is suggested to describe an additional register stage after this function.  If there is no registered adder/accumulator following the multiply function, two pipeline stages are suggested to allow both the MREG and PREG registers to be used.  If the DSP48 was instantiated in the design, it is suggested to set both the MREG and PREG attributes to 1 when performing multiply functions.
Related violations: <none>

DPOP-4#17 Warning
MREG Output pipelining  
DSP bd_0_i/hls_inst/inst/p_2_FIR_filter_transposed_fu_448/p_ZL10H_accu_FIR_8_reg multiplier stage bd_0_i/hls_inst/inst/p_2_FIR_filter_transposed_fu_448/p_ZL10H_accu_FIR_8_reg/P[47:0] is not pipelined (MREG=0). Pipelining the multiplier function will improve performance and will save significant power so it is suggested whenever possible to fully pipeline this function.  If this multiplier was inferred, it is suggested to describe an additional register stage after this function.  If there is no registered adder/accumulator following the multiply function, two pipeline stages are suggested to allow both the MREG and PREG registers to be used.  If the DSP48 was instantiated in the design, it is suggested to set both the MREG and PREG attributes to 1 when performing multiply functions.
Related violations: <none>

DPOP-4#18 Warning
MREG Output pipelining  
DSP bd_0_i/hls_inst/inst/p_2_FIR_filter_transposed_fu_448/p_ZL10H_accu_FIR_96_reg multiplier stage bd_0_i/hls_inst/inst/p_2_FIR_filter_transposed_fu_448/p_ZL10H_accu_FIR_96_reg/P[47:0] is not pipelined (MREG=0). Pipelining the multiplier function will improve performance and will save significant power so it is suggested whenever possible to fully pipeline this function.  If this multiplier was inferred, it is suggested to describe an additional register stage after this function.  If there is no registered adder/accumulator following the multiply function, two pipeline stages are suggested to allow both the MREG and PREG registers to be used.  If the DSP48 was instantiated in the design, it is suggested to set both the MREG and PREG attributes to 1 when performing multiply functions.
Related violations: <none>


