

================================================================
== Synthesis Summary Report of 'FIR_HLS'
================================================================
+ General Information: 
    * Date:           Sat Jan 17 13:34:12 2026
    * Version:        2024.2 (Build 5238294 on Nov  8 2024)
    * Project:        Transposed_Folded_FIR_HLS
    * Solution:       hls (Vivado IP Flow Target)
    * Product family: zynquplus
    * Target device:  xck26-sfvc784-2LV-c
    

+ Performance & Resource Estimates: 
    
    PS: '+' for module; 'o' for loop; '*' for dataflow
    +-------------------------------------+------+------+---------+-----------+----------+---------+------+----------+---------+---------+-----------+-----------+-----+
    |               Modules               | Issue|      | Latency |  Latency  | Iteration|         | Trip |          |         |         |           |           |     |
    |               & Loops               | Type | Slack| (cycles)|    (ns)   |  Latency | Interval| Count| Pipelined|  BRAM   |   DSP   |     FF    |    LUT    | URAM|
    +-------------------------------------+------+------+---------+-----------+----------+---------+------+----------+---------+---------+-----------+-----------+-----+
    |+ FIR_HLS                            |     -|  1.43|        -|          -|         -|        -|     -|        no|  2 (~0%)|  1 (~0%)|  126 (~0%)|  188 (~0%)|    -|
    | + FIR_HLS_Pipeline_VITIS_LOOP_28_2  |     -|  1.43|        -|          -|         -|        -|     -|        no|  2 (~0%)|  1 (~0%)|  107 (~0%)|  165 (~0%)|    -|
    |  o VITIS_LOOP_28_2                  |     -|  7.30|      392|  3.920e+03|         2|        1|   391|       yes|        -|        -|          -|          -|    -|
    +-------------------------------------+------+------+---------+-----------+----------+---------+------+----------+---------+---------+-----------+-----------+-----+


================================================================
== HW Interfaces
================================================================
* AXIS
+-----------+-----------+---------------+-------+--------+--------+
| Interface | Direction | Register Mode | TDATA | TREADY | TVALID |
+-----------+-----------+---------------+-------+--------+--------+
| input_r   | in        | both          | 16    | 1      | 1      |
| output_r  | in        | both          | 16    | 1      | 1      |
+-----------+-----------+---------------+-------+--------+--------+

* TOP LEVEL CONTROL
+-----------+--------------+----------+
| Interface | Type         | Ports    |
+-----------+--------------+----------+
| ap_clk    | clock        | ap_clk   |
| ap_rst_n  | reset        | ap_rst_n |
| ap_ctrl   | ap_ctrl_none |          |
+-----------+--------------+----------+


================================================================
== SW I/O Information
================================================================
* Top Function Arguments
+----------+-----------+-------------------------------------------------+
| Argument | Direction | Datatype                                        |
+----------+-----------+-------------------------------------------------+
| input    | in        | stream<ap_fixed<16, 1, AP_TRN, AP_WRAP, 0>, 0>& |
| output   | out       | stream<ap_fixed<16, 1, AP_TRN, AP_WRAP, 0>, 0>& |
+----------+-----------+-------------------------------------------------+

* SW-to-HW Mapping
+----------+--------------+-----------+
| Argument | HW Interface | HW Type   |
+----------+--------------+-----------+
| input    | input_r      | interface |
| output   | output_r     | interface |
+----------+--------------+-----------+


================================================================
== Bind Op Report
================================================================
+-------------------------------------+-----+--------+------------+-----+--------+---------+
| Name                                | DSP | Pragma | Variable   | Op  | Impl   | Latency |
+-------------------------------------+-----+--------+------------+-----+--------+---------+
| + FIR_HLS                           | 1   |        |            |     |        |         |
|  + FIR_HLS_Pipeline_VITIS_LOOP_28_2 | 1   |        |            |     |        |         |
|    mul_16s_14s_30_1_1_U1            | 1   |        | mul_ln29   | mul | auto   | 0       |
|    add_ln31_fu_134_p2               |     |        | add_ln31   | add | fabric | 0       |
|    add_ln31_1_fu_144_p2             |     |        | add_ln31_1 | add | fabric | 0       |
|    add_ln28_fu_102_p2               |     |        | add_ln28   | add | fabric | 0       |
+-------------------------------------+-----+--------+------------+-----+--------+---------+


================================================================
== Storage Report
================================================================
+-------------------------------------+---------+------+------+------+--------+-------------+------+---------+------------------+
| Name                                | Usage   | Type | BRAM | URAM | Pragma | Variable    | Impl | Latency | Bitwidth, Depth, |
|                                     |         |      |      |      |        |             |      |         | Banks            |
+-------------------------------------+---------+------+------+------+--------+-------------+------+---------+------------------+
| + FIR_HLS                           |         |      | 2    | 0    |        |             |      |         |                  |
|  + FIR_HLS_Pipeline_VITIS_LOOP_28_2 |         |      | 2    | 0    |        |             |      |         |                  |
|    b_FIR_U                          | rom_1p  |      | 1    |      |        | b_FIR       | auto | 1       | 14, 392, 1       |
|    H_accu_FIR1_U                    | ram_s2p |      | 1    |      |        | H_accu_FIR1 | auto | 1       | 32, 392, 1       |
+-------------------------------------+---------+------+------+------+--------+-------------+------+---------+------------------+


================================================================
== Pragma Report
================================================================
* Valid Pragma Syntax
+-----------+-------------------------------+----------------------------------+
| Type      | Options                       | Location                         |
+-----------+-------------------------------+----------------------------------+
| interface | mode=axis port=input          | FIR_HLS.cpp:7 in fir_hls, input  |
| interface | mode=axis port=output         | FIR_HLS.cpp:8 in fir_hls, output |
| interface | mode=ap_ctrl_none port=return | FIR_HLS.cpp:9 in fir_hls, return |
+-----------+-------------------------------+----------------------------------+


