================================================================
== Vivado RTL Synthesis Results
================================================================
+ General Information:
    * Date:            Sat Jan 17 11:15:39 +0100 2026
    * Version:         2024.2 (Build 5238294 on Nov  8 2024)
    * Project:         Fast_Running_FIR_HLS
    * Solution:        hls (Vivado IP Flow Target)
    * Product family:  zynquplus
    * Target device:   xck26-sfvc784-2LV-c


================================================================
== Run Constraints & Options
================================================================
+ Design Constraints & Options:
    * RTL Synthesis target clock:  10 ns
    * C-Synthesis uncertainty:     27%

+ RTL Synthesis Options:
    * config_export -vivado_synth_strategy:     default
    * config_export -vivado_synth_design_args:  -directive sdx_optimization_effort_high

+ Reporting Options:
    * config_export -vivado_report_level:      2
    * config_export -vivado_max_timing_paths:  10


================================================================
== RTL Synthesis Resource Summary
================================================================
LUT:              1516
FF:               398
DSP:              6
BRAM:             0
URAM:             0
SRL:              0


================================================================
== RTL Synthesis Timing Summary
================================================================
* Timing was met
+----------------+-------------+
| Timing         | Period (ns) |
+----------------+-------------+
| Target         | 10.000      |
| Post-Synthesis | 4.797       |
+----------------+-------------+


================================================================
== RTL Synthesis Resources
================================================================
+-----------------------------------------------------------------+------+-----+-----+------+------+-----+--------+------+---------+----------+--------+
| Name                                                            | LUT  | FF  | DSP | BRAM | URAM | SRL | Pragma | Impl | Latency | Variable | Source |
+-----------------------------------------------------------------+------+-----+-----+------+------+-----+--------+------+---------+----------+--------+
| inst                                                            | 1516 | 398 | 6   |      |      |     |        |      |         |          |        |
|   (inst)                                                        | 1    | 75  |     |      |      |     |        |      |         |          |        |
|   H_filter_FIR_20_U                                             | 330  | 64  |     |      |      |     |        |      |         |          |        |
|   H_filter_FIR_21_U                                             | 320  | 64  |     |      |      |     |        |      |         |          |        |
|   H_filter_FIR_22_U                                             | 337  | 64  |     |      |      |     |        |      |         |          |        |
|   grp_Fast_Running_FIR_HLS_Pipeline_VITIS_LOOP_37_11_fu_131     | 139  | 19  | 1   |      |      |     |        |      |         |          |        |
|     (grp_Fast_Running_FIR_HLS_Pipeline_VITIS_LOOP_37_11_fu_131) | 45   | 17  |     |      |      |     |        |      |         |          |        |
|     mul_16s_14s_30_1_1_U6                                       | 17   |     | 1   |      |      |     |        |      |         |          |        |
|   grp_Fast_Running_FIR_HLS_Pipeline_VITIS_LOOP_37_12_fu_140     | 121  | 19  | 1   |      |      |     |        |      |         |          |        |
|     (grp_Fast_Running_FIR_HLS_Pipeline_VITIS_LOOP_37_12_fu_140) | 45   | 17  |     |      |      |     |        |      |         |          |        |
|     flow_control_loop_pipe_sequential_init_U                    | 75   | 2   |     |      |      |     |        |      |         |          |        |
|     mul_16s_14s_30_1_1_U10                                      | 1    |     | 1   |      |      |     |        |      |         |          |        |
|   grp_Fast_Running_FIR_HLS_Pipeline_VITIS_LOOP_37_1_fu_122      | 126  | 19  | 1   |      |      |     |        |      |         |          |        |
|     (grp_Fast_Running_FIR_HLS_Pipeline_VITIS_LOOP_37_1_fu_122)  | 45   | 17  |     |      |      |     |        |      |         |          |        |
|     flow_control_loop_pipe_sequential_init_U                    | 80   | 2   |     |      |      |     |        |      |         |          |        |
|     mul_16s_14s_30_1_1_U1                                       | 1    |     | 1   |      |      |     |        |      |         |          |        |
|   mac_muladd_16s_7ns_32s_32_4_1_U16                             |      |     | 1   |      |      |     |        |      |         |          |        |
|   mul_16s_10s_25_1_1_U15                                        | 24   |     | 1   |      |      |     |        |      |         |          |        |
|   mul_16s_9s_24_1_1_U14                                         | 31   |     | 1   |      |      |     |        |      |         |          |        |
|   regslice_both_input_r_U                                       | 59   | 37  |     |      |      |     |        |      |         |          |        |
|   regslice_both_output_r_U                                      | 28   | 37  |     |      |      |     |        |      |         |          |        |
+-----------------------------------------------------------------+------+-----+-----+------+------+-----+--------+------+---------+----------+--------+


================================================================
== RTL Synthesis Fail Fast
================================================================
+-----------------------------------------------------------+-----------+--------+--------+
| Criteria                                                  | Guideline | Actual | Status |
+-----------------------------------------------------------+-----------+--------+--------+
| LUT                                                       | 70%       | 1.29%  | OK     |
| FD                                                        | 50%       | 0.17%  | OK     |
| LUTRAM+SRL                                                | 25%       | 1.33%  | OK     |
| CARRY8                                                    | 25%       | 0.18%  | OK     |
| MUXF7                                                     | 15%       | 0.38%  | OK     |
| DSP                                                       | 80%       | 0.48%  | OK     |
| RAMB/FIFO                                                 | 80%       | 0.00%  | OK     |
| URAM                                                      | 80%       | 0.00%  | OK     |
| DSP+RAMB+URAM (Avg)                                       | 70%       | 0.48%  | OK     |
| BUFGCE* + BUFGCTRL                                        | 24        | 0      | OK     |
| DONT_TOUCH (cells/nets)                                   | 0         | 0      | OK     |
| MARK_DEBUG (nets)                                         | 0         | 0      | OK     |
| Control Sets                                              | 2196      | 30     | OK     |
| Average Fanout for modules > 100k cells                   | 4         | 2.36   | OK     |
| Max Average Fanout for modules > 100k cells               | 4         | 0      | OK     |
| Non-FD high fanout nets > 10k loads                       | 0         | 0      | OK     |
+-----------------------------------------------------------+-----------+--------+--------+
| TIMING-6 (No common primary clock between related clocks) | 0         | 0      | OK     |
| TIMING-7 (No common node between related clocks)          | 0         | 0      | OK     |
| TIMING-8 (No common period between related clocks)        | 0         | 0      | OK     |
| TIMING-14 (LUT on the clock tree)                         | 0         | 0      | OK     |
| TIMING-35 (No common node in paths with the same clock)   | 0         | 0      | OK     |
+-----------------------------------------------------------+-----------+--------+--------+
| Number of paths above max LUT budgeting (0.391ns)         | 0         | 0      | OK     |
| Number of paths above max Net budgeting (0.263ns)         | 0         | 0      | OK     |
+-----------------------------------------------------------+-----------+--------+--------+


================================================================
== RTL Synthesis Timing Paths
================================================================
* Timing was met
+-------+-------+------------------------------------------+--------------------------------------------+--------------+------------+----------------+----------------+--------------+
| Path  | SLACK | STARTPOINT PIN                           | ENDPOINT PIN                               | LOGIC LEVELS | MAX FANOUT | DATAPATH DELAY | DATAPATH LOGIC | DATAPATH NET |
|       |       |                                          |                                            |              |            |                |          DELAY |        DELAY |
+-------+-------+------------------------------------------+--------------------------------------------+--------------+------------+----------------+----------------+--------------+
| Path1 | 5.203 | regslice_both_input_r_U/data_p1_reg[0]/C | regslice_both_output_r_U/data_p1_reg[12]/D |           16 |         30 |          4.794 |          3.518 |        1.276 |
| Path2 | 5.209 | regslice_both_input_r_U/data_p1_reg[0]/C | regslice_both_output_r_U/data_p1_reg[15]/D |           16 |         30 |          4.788 |          3.570 |        1.218 |
| Path3 | 5.216 | regslice_both_input_r_U/data_p1_reg[0]/C | regslice_both_output_r_U/data_p1_reg[9]/D  |           16 |         30 |          4.781 |          3.505 |        1.276 |
| Path4 | 5.223 | regslice_both_input_r_U/data_p1_reg[0]/C | regslice_both_output_r_U/data_p1_reg[14]/D |           16 |         30 |          4.774 |          3.556 |        1.218 |
| Path5 | 5.227 | regslice_both_input_r_U/data_p1_reg[0]/C | regslice_both_output_r_U/data_p1_reg[10]/D |           16 |         30 |          4.770 |          3.492 |        1.278 |
+-------+-------+------------------------------------------+--------------------------------------------+--------------+------------+----------------+----------------+--------------+

    +---------------------------------------------------------+------------------------+
    | Path1 Cells                                             | Primitive Type         |
    +---------------------------------------------------------+------------------------+
    | regslice_both_input_r_U/data_p1_reg[0]                  | REGISTER.SDR.FDRE      |
    | regslice_both_input_r_U/tmp_product_i_60__0             | CLB.LUT.LUT2           |
    | regslice_both_input_r_U/tmp_product_i_16__0             | CLB.CARRY.CARRY8       |
    | regslice_both_input_r_U/tmp_product_i_15__0             | CLB.CARRY.CARRY8       |
    | mul_16s_10s_25_1_1_U15/tmp_product/DSP_A_B_DATA_INST    | ARITHMETIC.DSP.DSP48E2 |
    | mul_16s_10s_25_1_1_U15/tmp_product/DSP_PREADD_DATA_INST | ARITHMETIC.DSP.DSP48E2 |
    | mul_16s_10s_25_1_1_U15/tmp_product/DSP_MULTIPLIER_INST  | ARITHMETIC.DSP.DSP48E2 |
    | mul_16s_10s_25_1_1_U15/tmp_product/DSP_M_DATA_INST      | ARITHMETIC.DSP.DSP48E2 |
    | mul_16s_10s_25_1_1_U15/tmp_product/DSP_ALU_INST         | ARITHMETIC.DSP.DSP48E2 |
    | mul_16s_10s_25_1_1_U15/tmp_product/DSP_OUTPUT_INST      | ARITHMETIC.DSP.DSP48E2 |
    | mul_16s_10s_25_1_1_U15/data_p2[7]_i_29                  | CLB.LUT.LUT2           |
    | mul_16s_10s_25_1_1_U15/data_p2_reg[7]_i_19              | CLB.CARRY.CARRY8       |
    | mul_16s_10s_25_1_1_U15/data_p2_reg[7]_i_18              | CLB.CARRY.CARRY8       |
    | mul_16s_9s_24_1_1_U14/data_p2[7]_i_16                   | CLB.LUT.LUT5           |
    | regslice_both_input_r_U/data_p2_reg[7]_i_1              | CLB.CARRY.CARRY8       |
    | regslice_both_input_r_U/data_p2_reg[15]_i_2             | CLB.CARRY.CARRY8       |
    | regslice_both_output_r_U/data_p1[12]_i_1                | CLB.LUT.LUT4           |
    | regslice_both_output_r_U/data_p1_reg[12]                | REGISTER.SDR.FDRE      |
    | regslice_both_input_r_U/data_p1_reg[0]                  | REGISTER.SDR.FDRE      |
    | regslice_both_input_r_U/tmp_product_i_60__0             | CLB.LUT.LUT2           |
    | regslice_both_input_r_U/tmp_product_i_16__0             | CLB.CARRY.CARRY8       |
    | regslice_both_input_r_U/tmp_product_i_15__0             | CLB.CARRY.CARRY8       |
    | mul_16s_10s_25_1_1_U15/tmp_product/DSP_A_B_DATA_INST    | ARITHMETIC.DSP.DSP48E2 |
    | mul_16s_10s_25_1_1_U15/tmp_product/DSP_PREADD_DATA_INST | ARITHMETIC.DSP.DSP48E2 |
    | mul_16s_10s_25_1_1_U15/tmp_product/DSP_MULTIPLIER_INST  | ARITHMETIC.DSP.DSP48E2 |
    | mul_16s_10s_25_1_1_U15/tmp_product/DSP_M_DATA_INST      | ARITHMETIC.DSP.DSP48E2 |
    | mul_16s_10s_25_1_1_U15/tmp_product/DSP_ALU_INST         | ARITHMETIC.DSP.DSP48E2 |
    | mul_16s_10s_25_1_1_U15/tmp_product/DSP_OUTPUT_INST      | ARITHMETIC.DSP.DSP48E2 |
    | mul_16s_10s_25_1_1_U15/data_p2[7]_i_29                  | CLB.LUT.LUT2           |
    | mul_16s_10s_25_1_1_U15/data_p2_reg[7]_i_19              | CLB.CARRY.CARRY8       |
    | mul_16s_10s_25_1_1_U15/data_p2_reg[7]_i_18              | CLB.CARRY.CARRY8       |
    | mul_16s_9s_24_1_1_U14/data_p2[7]_i_16                   | CLB.LUT.LUT5           |
    | regslice_both_input_r_U/data_p2_reg[7]_i_1              | CLB.CARRY.CARRY8       |
    | regslice_both_input_r_U/data_p2_reg[15]_i_2             | CLB.CARRY.CARRY8       |
    | regslice_both_output_r_U/data_p1[15]_i_2                | CLB.LUT.LUT4           |
    | regslice_both_output_r_U/data_p1_reg[15]                | REGISTER.SDR.FDRE      |
    | regslice_both_input_r_U/data_p1_reg[0]                  | REGISTER.SDR.FDRE      |
    | regslice_both_input_r_U/tmp_product_i_60__0             | CLB.LUT.LUT2           |
    | regslice_both_input_r_U/tmp_product_i_16__0             | CLB.CARRY.CARRY8       |
    | regslice_both_input_r_U/tmp_product_i_15__0             | CLB.CARRY.CARRY8       |
    | mul_16s_10s_25_1_1_U15/tmp_product/DSP_A_B_DATA_INST    | ARITHMETIC.DSP.DSP48E2 |
    | mul_16s_10s_25_1_1_U15/tmp_product/DSP_PREADD_DATA_INST | ARITHMETIC.DSP.DSP48E2 |
    | mul_16s_10s_25_1_1_U15/tmp_product/DSP_MULTIPLIER_INST  | ARITHMETIC.DSP.DSP48E2 |
    | mul_16s_10s_25_1_1_U15/tmp_product/DSP_M_DATA_INST      | ARITHMETIC.DSP.DSP48E2 |
    | mul_16s_10s_25_1_1_U15/tmp_product/DSP_ALU_INST         | ARITHMETIC.DSP.DSP48E2 |
    | mul_16s_10s_25_1_1_U15/tmp_product/DSP_OUTPUT_INST      | ARITHMETIC.DSP.DSP48E2 |
    | mul_16s_10s_25_1_1_U15/data_p2[7]_i_29                  | CLB.LUT.LUT2           |
    | mul_16s_10s_25_1_1_U15/data_p2_reg[7]_i_19              | CLB.CARRY.CARRY8       |
    | mul_16s_10s_25_1_1_U15/data_p2_reg[7]_i_18              | CLB.CARRY.CARRY8       |
    | mul_16s_9s_24_1_1_U14/data_p2[7]_i_16                   | CLB.LUT.LUT5           |
    | regslice_both_input_r_U/data_p2_reg[7]_i_1              | CLB.CARRY.CARRY8       |
    | regslice_both_input_r_U/data_p2_reg[15]_i_2             | CLB.CARRY.CARRY8       |
    | regslice_both_output_r_U/data_p1[9]_i_1                 | CLB.LUT.LUT4           |
    | regslice_both_output_r_U/data_p1_reg[9]                 | REGISTER.SDR.FDRE      |
    | regslice_both_input_r_U/data_p1_reg[0]                  | REGISTER.SDR.FDRE      |
    | regslice_both_input_r_U/tmp_product_i_60__0             | CLB.LUT.LUT2           |
    | regslice_both_input_r_U/tmp_product_i_16__0             | CLB.CARRY.CARRY8       |
    | regslice_both_input_r_U/tmp_product_i_15__0             | CLB.CARRY.CARRY8       |
    | mul_16s_10s_25_1_1_U15/tmp_product/DSP_A_B_DATA_INST    | ARITHMETIC.DSP.DSP48E2 |
    | mul_16s_10s_25_1_1_U15/tmp_product/DSP_PREADD_DATA_INST | ARITHMETIC.DSP.DSP48E2 |
    | mul_16s_10s_25_1_1_U15/tmp_product/DSP_MULTIPLIER_INST  | ARITHMETIC.DSP.DSP48E2 |
    | mul_16s_10s_25_1_1_U15/tmp_product/DSP_M_DATA_INST      | ARITHMETIC.DSP.DSP48E2 |
    | mul_16s_10s_25_1_1_U15/tmp_product/DSP_ALU_INST         | ARITHMETIC.DSP.DSP48E2 |
    | mul_16s_10s_25_1_1_U15/tmp_product/DSP_OUTPUT_INST      | ARITHMETIC.DSP.DSP48E2 |
    | mul_16s_10s_25_1_1_U15/data_p2[7]_i_29                  | CLB.LUT.LUT2           |
    | mul_16s_10s_25_1_1_U15/data_p2_reg[7]_i_19              | CLB.CARRY.CARRY8       |
    | mul_16s_10s_25_1_1_U15/data_p2_reg[7]_i_18              | CLB.CARRY.CARRY8       |
    | mul_16s_9s_24_1_1_U14/data_p2[7]_i_16                   | CLB.LUT.LUT5           |
    | regslice_both_input_r_U/data_p2_reg[7]_i_1              | CLB.CARRY.CARRY8       |
    | regslice_both_input_r_U/data_p2_reg[15]_i_2             | CLB.CARRY.CARRY8       |
    | regslice_both_output_r_U/data_p1[14]_i_1                | CLB.LUT.LUT4           |
    | regslice_both_output_r_U/data_p1_reg[14]                | REGISTER.SDR.FDRE      |
    | regslice_both_input_r_U/data_p1_reg[0]                  | REGISTER.SDR.FDRE      |
    | regslice_both_input_r_U/tmp_product_i_60__0             | CLB.LUT.LUT2           |
    | regslice_both_input_r_U/tmp_product_i_16__0             | CLB.CARRY.CARRY8       |
    | regslice_both_input_r_U/tmp_product_i_15__0             | CLB.CARRY.CARRY8       |
    | mul_16s_10s_25_1_1_U15/tmp_product/DSP_A_B_DATA_INST    | ARITHMETIC.DSP.DSP48E2 |
    | mul_16s_10s_25_1_1_U15/tmp_product/DSP_PREADD_DATA_INST | ARITHMETIC.DSP.DSP48E2 |
    | mul_16s_10s_25_1_1_U15/tmp_product/DSP_MULTIPLIER_INST  | ARITHMETIC.DSP.DSP48E2 |
    | mul_16s_10s_25_1_1_U15/tmp_product/DSP_M_DATA_INST      | ARITHMETIC.DSP.DSP48E2 |
    | mul_16s_10s_25_1_1_U15/tmp_product/DSP_ALU_INST         | ARITHMETIC.DSP.DSP48E2 |
    | mul_16s_10s_25_1_1_U15/tmp_product/DSP_OUTPUT_INST      | ARITHMETIC.DSP.DSP48E2 |
    | mul_16s_10s_25_1_1_U15/data_p2[7]_i_29                  | CLB.LUT.LUT2           |
    | mul_16s_10s_25_1_1_U15/data_p2_reg[7]_i_19              | CLB.CARRY.CARRY8       |
    | mul_16s_10s_25_1_1_U15/data_p2_reg[7]_i_18              | CLB.CARRY.CARRY8       |
    | mul_16s_9s_24_1_1_U14/data_p2[7]_i_16                   | CLB.LUT.LUT5           |
    | regslice_both_input_r_U/data_p2_reg[7]_i_1              | CLB.CARRY.CARRY8       |
    | regslice_both_input_r_U/data_p2_reg[15]_i_2             | CLB.CARRY.CARRY8       |
    | regslice_both_output_r_U/data_p1[10]_i_1                | CLB.LUT.LUT4           |
    | regslice_both_output_r_U/data_p1_reg[10]                | REGISTER.SDR.FDRE      |
    +---------------------------------------------------------+------------------------+

    +---------------------------------------------------------+------------------------+
    | Path2 Cells                                             | Primitive Type         |
    +---------------------------------------------------------+------------------------+
    | regslice_both_input_r_U/data_p1_reg[0]                  | REGISTER.SDR.FDRE      |
    | regslice_both_input_r_U/tmp_product_i_60__0             | CLB.LUT.LUT2           |
    | regslice_both_input_r_U/tmp_product_i_16__0             | CLB.CARRY.CARRY8       |
    | regslice_both_input_r_U/tmp_product_i_15__0             | CLB.CARRY.CARRY8       |
    | mul_16s_10s_25_1_1_U15/tmp_product/DSP_A_B_DATA_INST    | ARITHMETIC.DSP.DSP48E2 |
    | mul_16s_10s_25_1_1_U15/tmp_product/DSP_PREADD_DATA_INST | ARITHMETIC.DSP.DSP48E2 |
    | mul_16s_10s_25_1_1_U15/tmp_product/DSP_MULTIPLIER_INST  | ARITHMETIC.DSP.DSP48E2 |
    | mul_16s_10s_25_1_1_U15/tmp_product/DSP_M_DATA_INST      | ARITHMETIC.DSP.DSP48E2 |
    | mul_16s_10s_25_1_1_U15/tmp_product/DSP_ALU_INST         | ARITHMETIC.DSP.DSP48E2 |
    | mul_16s_10s_25_1_1_U15/tmp_product/DSP_OUTPUT_INST      | ARITHMETIC.DSP.DSP48E2 |
    | mul_16s_10s_25_1_1_U15/data_p2[7]_i_29                  | CLB.LUT.LUT2           |
    | mul_16s_10s_25_1_1_U15/data_p2_reg[7]_i_19              | CLB.CARRY.CARRY8       |
    | mul_16s_10s_25_1_1_U15/data_p2_reg[7]_i_18              | CLB.CARRY.CARRY8       |
    | mul_16s_9s_24_1_1_U14/data_p2[7]_i_16                   | CLB.LUT.LUT5           |
    | regslice_both_input_r_U/data_p2_reg[7]_i_1              | CLB.CARRY.CARRY8       |
    | regslice_both_input_r_U/data_p2_reg[15]_i_2             | CLB.CARRY.CARRY8       |
    | regslice_both_output_r_U/data_p1[12]_i_1                | CLB.LUT.LUT4           |
    | regslice_both_output_r_U/data_p1_reg[12]                | REGISTER.SDR.FDRE      |
    | regslice_both_input_r_U/data_p1_reg[0]                  | REGISTER.SDR.FDRE      |
    | regslice_both_input_r_U/tmp_product_i_60__0             | CLB.LUT.LUT2           |
    | regslice_both_input_r_U/tmp_product_i_16__0             | CLB.CARRY.CARRY8       |
    | regslice_both_input_r_U/tmp_product_i_15__0             | CLB.CARRY.CARRY8       |
    | mul_16s_10s_25_1_1_U15/tmp_product/DSP_A_B_DATA_INST    | ARITHMETIC.DSP.DSP48E2 |
    | mul_16s_10s_25_1_1_U15/tmp_product/DSP_PREADD_DATA_INST | ARITHMETIC.DSP.DSP48E2 |
    | mul_16s_10s_25_1_1_U15/tmp_product/DSP_MULTIPLIER_INST  | ARITHMETIC.DSP.DSP48E2 |
    | mul_16s_10s_25_1_1_U15/tmp_product/DSP_M_DATA_INST      | ARITHMETIC.DSP.DSP48E2 |
    | mul_16s_10s_25_1_1_U15/tmp_product/DSP_ALU_INST         | ARITHMETIC.DSP.DSP48E2 |
    | mul_16s_10s_25_1_1_U15/tmp_product/DSP_OUTPUT_INST      | ARITHMETIC.DSP.DSP48E2 |
    | mul_16s_10s_25_1_1_U15/data_p2[7]_i_29                  | CLB.LUT.LUT2           |
    | mul_16s_10s_25_1_1_U15/data_p2_reg[7]_i_19              | CLB.CARRY.CARRY8       |
    | mul_16s_10s_25_1_1_U15/data_p2_reg[7]_i_18              | CLB.CARRY.CARRY8       |
    | mul_16s_9s_24_1_1_U14/data_p2[7]_i_16                   | CLB.LUT.LUT5           |
    | regslice_both_input_r_U/data_p2_reg[7]_i_1              | CLB.CARRY.CARRY8       |
    | regslice_both_input_r_U/data_p2_reg[15]_i_2             | CLB.CARRY.CARRY8       |
    | regslice_both_output_r_U/data_p1[15]_i_2                | CLB.LUT.LUT4           |
    | regslice_both_output_r_U/data_p1_reg[15]                | REGISTER.SDR.FDRE      |
    | regslice_both_input_r_U/data_p1_reg[0]                  | REGISTER.SDR.FDRE      |
    | regslice_both_input_r_U/tmp_product_i_60__0             | CLB.LUT.LUT2           |
    | regslice_both_input_r_U/tmp_product_i_16__0             | CLB.CARRY.CARRY8       |
    | regslice_both_input_r_U/tmp_product_i_15__0             | CLB.CARRY.CARRY8       |
    | mul_16s_10s_25_1_1_U15/tmp_product/DSP_A_B_DATA_INST    | ARITHMETIC.DSP.DSP48E2 |
    | mul_16s_10s_25_1_1_U15/tmp_product/DSP_PREADD_DATA_INST | ARITHMETIC.DSP.DSP48E2 |
    | mul_16s_10s_25_1_1_U15/tmp_product/DSP_MULTIPLIER_INST  | ARITHMETIC.DSP.DSP48E2 |
    | mul_16s_10s_25_1_1_U15/tmp_product/DSP_M_DATA_INST      | ARITHMETIC.DSP.DSP48E2 |
    | mul_16s_10s_25_1_1_U15/tmp_product/DSP_ALU_INST         | ARITHMETIC.DSP.DSP48E2 |
    | mul_16s_10s_25_1_1_U15/tmp_product/DSP_OUTPUT_INST      | ARITHMETIC.DSP.DSP48E2 |
    | mul_16s_10s_25_1_1_U15/data_p2[7]_i_29                  | CLB.LUT.LUT2           |
    | mul_16s_10s_25_1_1_U15/data_p2_reg[7]_i_19              | CLB.CARRY.CARRY8       |
    | mul_16s_10s_25_1_1_U15/data_p2_reg[7]_i_18              | CLB.CARRY.CARRY8       |
    | mul_16s_9s_24_1_1_U14/data_p2[7]_i_16                   | CLB.LUT.LUT5           |
    | regslice_both_input_r_U/data_p2_reg[7]_i_1              | CLB.CARRY.CARRY8       |
    | regslice_both_input_r_U/data_p2_reg[15]_i_2             | CLB.CARRY.CARRY8       |
    | regslice_both_output_r_U/data_p1[9]_i_1                 | CLB.LUT.LUT4           |
    | regslice_both_output_r_U/data_p1_reg[9]                 | REGISTER.SDR.FDRE      |
    | regslice_both_input_r_U/data_p1_reg[0]                  | REGISTER.SDR.FDRE      |
    | regslice_both_input_r_U/tmp_product_i_60__0             | CLB.LUT.LUT2           |
    | regslice_both_input_r_U/tmp_product_i_16__0             | CLB.CARRY.CARRY8       |
    | regslice_both_input_r_U/tmp_product_i_15__0             | CLB.CARRY.CARRY8       |
    | mul_16s_10s_25_1_1_U15/tmp_product/DSP_A_B_DATA_INST    | ARITHMETIC.DSP.DSP48E2 |
    | mul_16s_10s_25_1_1_U15/tmp_product/DSP_PREADD_DATA_INST | ARITHMETIC.DSP.DSP48E2 |
    | mul_16s_10s_25_1_1_U15/tmp_product/DSP_MULTIPLIER_INST  | ARITHMETIC.DSP.DSP48E2 |
    | mul_16s_10s_25_1_1_U15/tmp_product/DSP_M_DATA_INST      | ARITHMETIC.DSP.DSP48E2 |
    | mul_16s_10s_25_1_1_U15/tmp_product/DSP_ALU_INST         | ARITHMETIC.DSP.DSP48E2 |
    | mul_16s_10s_25_1_1_U15/tmp_product/DSP_OUTPUT_INST      | ARITHMETIC.DSP.DSP48E2 |
    | mul_16s_10s_25_1_1_U15/data_p2[7]_i_29                  | CLB.LUT.LUT2           |
    | mul_16s_10s_25_1_1_U15/data_p2_reg[7]_i_19              | CLB.CARRY.CARRY8       |
    | mul_16s_10s_25_1_1_U15/data_p2_reg[7]_i_18              | CLB.CARRY.CARRY8       |
    | mul_16s_9s_24_1_1_U14/data_p2[7]_i_16                   | CLB.LUT.LUT5           |
    | regslice_both_input_r_U/data_p2_reg[7]_i_1              | CLB.CARRY.CARRY8       |
    | regslice_both_input_r_U/data_p2_reg[15]_i_2             | CLB.CARRY.CARRY8       |
    | regslice_both_output_r_U/data_p1[14]_i_1                | CLB.LUT.LUT4           |
    | regslice_both_output_r_U/data_p1_reg[14]                | REGISTER.SDR.FDRE      |
    | regslice_both_input_r_U/data_p1_reg[0]                  | REGISTER.SDR.FDRE      |
    | regslice_both_input_r_U/tmp_product_i_60__0             | CLB.LUT.LUT2           |
    | regslice_both_input_r_U/tmp_product_i_16__0             | CLB.CARRY.CARRY8       |
    | regslice_both_input_r_U/tmp_product_i_15__0             | CLB.CARRY.CARRY8       |
    | mul_16s_10s_25_1_1_U15/tmp_product/DSP_A_B_DATA_INST    | ARITHMETIC.DSP.DSP48E2 |
    | mul_16s_10s_25_1_1_U15/tmp_product/DSP_PREADD_DATA_INST | ARITHMETIC.DSP.DSP48E2 |
    | mul_16s_10s_25_1_1_U15/tmp_product/DSP_MULTIPLIER_INST  | ARITHMETIC.DSP.DSP48E2 |
    | mul_16s_10s_25_1_1_U15/tmp_product/DSP_M_DATA_INST      | ARITHMETIC.DSP.DSP48E2 |
    | mul_16s_10s_25_1_1_U15/tmp_product/DSP_ALU_INST         | ARITHMETIC.DSP.DSP48E2 |
    | mul_16s_10s_25_1_1_U15/tmp_product/DSP_OUTPUT_INST      | ARITHMETIC.DSP.DSP48E2 |
    | mul_16s_10s_25_1_1_U15/data_p2[7]_i_29                  | CLB.LUT.LUT2           |
    | mul_16s_10s_25_1_1_U15/data_p2_reg[7]_i_19              | CLB.CARRY.CARRY8       |
    | mul_16s_10s_25_1_1_U15/data_p2_reg[7]_i_18              | CLB.CARRY.CARRY8       |
    | mul_16s_9s_24_1_1_U14/data_p2[7]_i_16                   | CLB.LUT.LUT5           |
    | regslice_both_input_r_U/data_p2_reg[7]_i_1              | CLB.CARRY.CARRY8       |
    | regslice_both_input_r_U/data_p2_reg[15]_i_2             | CLB.CARRY.CARRY8       |
    | regslice_both_output_r_U/data_p1[10]_i_1                | CLB.LUT.LUT4           |
    | regslice_both_output_r_U/data_p1_reg[10]                | REGISTER.SDR.FDRE      |
    +---------------------------------------------------------+------------------------+

    +---------------------------------------------------------+------------------------+
    | Path3 Cells                                             | Primitive Type         |
    +---------------------------------------------------------+------------------------+
    | regslice_both_input_r_U/data_p1_reg[0]                  | REGISTER.SDR.FDRE      |
    | regslice_both_input_r_U/tmp_product_i_60__0             | CLB.LUT.LUT2           |
    | regslice_both_input_r_U/tmp_product_i_16__0             | CLB.CARRY.CARRY8       |
    | regslice_both_input_r_U/tmp_product_i_15__0             | CLB.CARRY.CARRY8       |
    | mul_16s_10s_25_1_1_U15/tmp_product/DSP_A_B_DATA_INST    | ARITHMETIC.DSP.DSP48E2 |
    | mul_16s_10s_25_1_1_U15/tmp_product/DSP_PREADD_DATA_INST | ARITHMETIC.DSP.DSP48E2 |
    | mul_16s_10s_25_1_1_U15/tmp_product/DSP_MULTIPLIER_INST  | ARITHMETIC.DSP.DSP48E2 |
    | mul_16s_10s_25_1_1_U15/tmp_product/DSP_M_DATA_INST      | ARITHMETIC.DSP.DSP48E2 |
    | mul_16s_10s_25_1_1_U15/tmp_product/DSP_ALU_INST         | ARITHMETIC.DSP.DSP48E2 |
    | mul_16s_10s_25_1_1_U15/tmp_product/DSP_OUTPUT_INST      | ARITHMETIC.DSP.DSP48E2 |
    | mul_16s_10s_25_1_1_U15/data_p2[7]_i_29                  | CLB.LUT.LUT2           |
    | mul_16s_10s_25_1_1_U15/data_p2_reg[7]_i_19              | CLB.CARRY.CARRY8       |
    | mul_16s_10s_25_1_1_U15/data_p2_reg[7]_i_18              | CLB.CARRY.CARRY8       |
    | mul_16s_9s_24_1_1_U14/data_p2[7]_i_16                   | CLB.LUT.LUT5           |
    | regslice_both_input_r_U/data_p2_reg[7]_i_1              | CLB.CARRY.CARRY8       |
    | regslice_both_input_r_U/data_p2_reg[15]_i_2             | CLB.CARRY.CARRY8       |
    | regslice_both_output_r_U/data_p1[12]_i_1                | CLB.LUT.LUT4           |
    | regslice_both_output_r_U/data_p1_reg[12]                | REGISTER.SDR.FDRE      |
    | regslice_both_input_r_U/data_p1_reg[0]                  | REGISTER.SDR.FDRE      |
    | regslice_both_input_r_U/tmp_product_i_60__0             | CLB.LUT.LUT2           |
    | regslice_both_input_r_U/tmp_product_i_16__0             | CLB.CARRY.CARRY8       |
    | regslice_both_input_r_U/tmp_product_i_15__0             | CLB.CARRY.CARRY8       |
    | mul_16s_10s_25_1_1_U15/tmp_product/DSP_A_B_DATA_INST    | ARITHMETIC.DSP.DSP48E2 |
    | mul_16s_10s_25_1_1_U15/tmp_product/DSP_PREADD_DATA_INST | ARITHMETIC.DSP.DSP48E2 |
    | mul_16s_10s_25_1_1_U15/tmp_product/DSP_MULTIPLIER_INST  | ARITHMETIC.DSP.DSP48E2 |
    | mul_16s_10s_25_1_1_U15/tmp_product/DSP_M_DATA_INST      | ARITHMETIC.DSP.DSP48E2 |
    | mul_16s_10s_25_1_1_U15/tmp_product/DSP_ALU_INST         | ARITHMETIC.DSP.DSP48E2 |
    | mul_16s_10s_25_1_1_U15/tmp_product/DSP_OUTPUT_INST      | ARITHMETIC.DSP.DSP48E2 |
    | mul_16s_10s_25_1_1_U15/data_p2[7]_i_29                  | CLB.LUT.LUT2           |
    | mul_16s_10s_25_1_1_U15/data_p2_reg[7]_i_19              | CLB.CARRY.CARRY8       |
    | mul_16s_10s_25_1_1_U15/data_p2_reg[7]_i_18              | CLB.CARRY.CARRY8       |
    | mul_16s_9s_24_1_1_U14/data_p2[7]_i_16                   | CLB.LUT.LUT5           |
    | regslice_both_input_r_U/data_p2_reg[7]_i_1              | CLB.CARRY.CARRY8       |
    | regslice_both_input_r_U/data_p2_reg[15]_i_2             | CLB.CARRY.CARRY8       |
    | regslice_both_output_r_U/data_p1[15]_i_2                | CLB.LUT.LUT4           |
    | regslice_both_output_r_U/data_p1_reg[15]                | REGISTER.SDR.FDRE      |
    | regslice_both_input_r_U/data_p1_reg[0]                  | REGISTER.SDR.FDRE      |
    | regslice_both_input_r_U/tmp_product_i_60__0             | CLB.LUT.LUT2           |
    | regslice_both_input_r_U/tmp_product_i_16__0             | CLB.CARRY.CARRY8       |
    | regslice_both_input_r_U/tmp_product_i_15__0             | CLB.CARRY.CARRY8       |
    | mul_16s_10s_25_1_1_U15/tmp_product/DSP_A_B_DATA_INST    | ARITHMETIC.DSP.DSP48E2 |
    | mul_16s_10s_25_1_1_U15/tmp_product/DSP_PREADD_DATA_INST | ARITHMETIC.DSP.DSP48E2 |
    | mul_16s_10s_25_1_1_U15/tmp_product/DSP_MULTIPLIER_INST  | ARITHMETIC.DSP.DSP48E2 |
    | mul_16s_10s_25_1_1_U15/tmp_product/DSP_M_DATA_INST      | ARITHMETIC.DSP.DSP48E2 |
    | mul_16s_10s_25_1_1_U15/tmp_product/DSP_ALU_INST         | ARITHMETIC.DSP.DSP48E2 |
    | mul_16s_10s_25_1_1_U15/tmp_product/DSP_OUTPUT_INST      | ARITHMETIC.DSP.DSP48E2 |
    | mul_16s_10s_25_1_1_U15/data_p2[7]_i_29                  | CLB.LUT.LUT2           |
    | mul_16s_10s_25_1_1_U15/data_p2_reg[7]_i_19              | CLB.CARRY.CARRY8       |
    | mul_16s_10s_25_1_1_U15/data_p2_reg[7]_i_18              | CLB.CARRY.CARRY8       |
    | mul_16s_9s_24_1_1_U14/data_p2[7]_i_16                   | CLB.LUT.LUT5           |
    | regslice_both_input_r_U/data_p2_reg[7]_i_1              | CLB.CARRY.CARRY8       |
    | regslice_both_input_r_U/data_p2_reg[15]_i_2             | CLB.CARRY.CARRY8       |
    | regslice_both_output_r_U/data_p1[9]_i_1                 | CLB.LUT.LUT4           |
    | regslice_both_output_r_U/data_p1_reg[9]                 | REGISTER.SDR.FDRE      |
    | regslice_both_input_r_U/data_p1_reg[0]                  | REGISTER.SDR.FDRE      |
    | regslice_both_input_r_U/tmp_product_i_60__0             | CLB.LUT.LUT2           |
    | regslice_both_input_r_U/tmp_product_i_16__0             | CLB.CARRY.CARRY8       |
    | regslice_both_input_r_U/tmp_product_i_15__0             | CLB.CARRY.CARRY8       |
    | mul_16s_10s_25_1_1_U15/tmp_product/DSP_A_B_DATA_INST    | ARITHMETIC.DSP.DSP48E2 |
    | mul_16s_10s_25_1_1_U15/tmp_product/DSP_PREADD_DATA_INST | ARITHMETIC.DSP.DSP48E2 |
    | mul_16s_10s_25_1_1_U15/tmp_product/DSP_MULTIPLIER_INST  | ARITHMETIC.DSP.DSP48E2 |
    | mul_16s_10s_25_1_1_U15/tmp_product/DSP_M_DATA_INST      | ARITHMETIC.DSP.DSP48E2 |
    | mul_16s_10s_25_1_1_U15/tmp_product/DSP_ALU_INST         | ARITHMETIC.DSP.DSP48E2 |
    | mul_16s_10s_25_1_1_U15/tmp_product/DSP_OUTPUT_INST      | ARITHMETIC.DSP.DSP48E2 |
    | mul_16s_10s_25_1_1_U15/data_p2[7]_i_29                  | CLB.LUT.LUT2           |
    | mul_16s_10s_25_1_1_U15/data_p2_reg[7]_i_19              | CLB.CARRY.CARRY8       |
    | mul_16s_10s_25_1_1_U15/data_p2_reg[7]_i_18              | CLB.CARRY.CARRY8       |
    | mul_16s_9s_24_1_1_U14/data_p2[7]_i_16                   | CLB.LUT.LUT5           |
    | regslice_both_input_r_U/data_p2_reg[7]_i_1              | CLB.CARRY.CARRY8       |
    | regslice_both_input_r_U/data_p2_reg[15]_i_2             | CLB.CARRY.CARRY8       |
    | regslice_both_output_r_U/data_p1[14]_i_1                | CLB.LUT.LUT4           |
    | regslice_both_output_r_U/data_p1_reg[14]                | REGISTER.SDR.FDRE      |
    | regslice_both_input_r_U/data_p1_reg[0]                  | REGISTER.SDR.FDRE      |
    | regslice_both_input_r_U/tmp_product_i_60__0             | CLB.LUT.LUT2           |
    | regslice_both_input_r_U/tmp_product_i_16__0             | CLB.CARRY.CARRY8       |
    | regslice_both_input_r_U/tmp_product_i_15__0             | CLB.CARRY.CARRY8       |
    | mul_16s_10s_25_1_1_U15/tmp_product/DSP_A_B_DATA_INST    | ARITHMETIC.DSP.DSP48E2 |
    | mul_16s_10s_25_1_1_U15/tmp_product/DSP_PREADD_DATA_INST | ARITHMETIC.DSP.DSP48E2 |
    | mul_16s_10s_25_1_1_U15/tmp_product/DSP_MULTIPLIER_INST  | ARITHMETIC.DSP.DSP48E2 |
    | mul_16s_10s_25_1_1_U15/tmp_product/DSP_M_DATA_INST      | ARITHMETIC.DSP.DSP48E2 |
    | mul_16s_10s_25_1_1_U15/tmp_product/DSP_ALU_INST         | ARITHMETIC.DSP.DSP48E2 |
    | mul_16s_10s_25_1_1_U15/tmp_product/DSP_OUTPUT_INST      | ARITHMETIC.DSP.DSP48E2 |
    | mul_16s_10s_25_1_1_U15/data_p2[7]_i_29                  | CLB.LUT.LUT2           |
    | mul_16s_10s_25_1_1_U15/data_p2_reg[7]_i_19              | CLB.CARRY.CARRY8       |
    | mul_16s_10s_25_1_1_U15/data_p2_reg[7]_i_18              | CLB.CARRY.CARRY8       |
    | mul_16s_9s_24_1_1_U14/data_p2[7]_i_16                   | CLB.LUT.LUT5           |
    | regslice_both_input_r_U/data_p2_reg[7]_i_1              | CLB.CARRY.CARRY8       |
    | regslice_both_input_r_U/data_p2_reg[15]_i_2             | CLB.CARRY.CARRY8       |
    | regslice_both_output_r_U/data_p1[10]_i_1                | CLB.LUT.LUT4           |
    | regslice_both_output_r_U/data_p1_reg[10]                | REGISTER.SDR.FDRE      |
    +---------------------------------------------------------+------------------------+

    +---------------------------------------------------------+------------------------+
    | Path4 Cells                                             | Primitive Type         |
    +---------------------------------------------------------+------------------------+
    | regslice_both_input_r_U/data_p1_reg[0]                  | REGISTER.SDR.FDRE      |
    | regslice_both_input_r_U/tmp_product_i_60__0             | CLB.LUT.LUT2           |
    | regslice_both_input_r_U/tmp_product_i_16__0             | CLB.CARRY.CARRY8       |
    | regslice_both_input_r_U/tmp_product_i_15__0             | CLB.CARRY.CARRY8       |
    | mul_16s_10s_25_1_1_U15/tmp_product/DSP_A_B_DATA_INST    | ARITHMETIC.DSP.DSP48E2 |
    | mul_16s_10s_25_1_1_U15/tmp_product/DSP_PREADD_DATA_INST | ARITHMETIC.DSP.DSP48E2 |
    | mul_16s_10s_25_1_1_U15/tmp_product/DSP_MULTIPLIER_INST  | ARITHMETIC.DSP.DSP48E2 |
    | mul_16s_10s_25_1_1_U15/tmp_product/DSP_M_DATA_INST      | ARITHMETIC.DSP.DSP48E2 |
    | mul_16s_10s_25_1_1_U15/tmp_product/DSP_ALU_INST         | ARITHMETIC.DSP.DSP48E2 |
    | mul_16s_10s_25_1_1_U15/tmp_product/DSP_OUTPUT_INST      | ARITHMETIC.DSP.DSP48E2 |
    | mul_16s_10s_25_1_1_U15/data_p2[7]_i_29                  | CLB.LUT.LUT2           |
    | mul_16s_10s_25_1_1_U15/data_p2_reg[7]_i_19              | CLB.CARRY.CARRY8       |
    | mul_16s_10s_25_1_1_U15/data_p2_reg[7]_i_18              | CLB.CARRY.CARRY8       |
    | mul_16s_9s_24_1_1_U14/data_p2[7]_i_16                   | CLB.LUT.LUT5           |
    | regslice_both_input_r_U/data_p2_reg[7]_i_1              | CLB.CARRY.CARRY8       |
    | regslice_both_input_r_U/data_p2_reg[15]_i_2             | CLB.CARRY.CARRY8       |
    | regslice_both_output_r_U/data_p1[12]_i_1                | CLB.LUT.LUT4           |
    | regslice_both_output_r_U/data_p1_reg[12]                | REGISTER.SDR.FDRE      |
    | regslice_both_input_r_U/data_p1_reg[0]                  | REGISTER.SDR.FDRE      |
    | regslice_both_input_r_U/tmp_product_i_60__0             | CLB.LUT.LUT2           |
    | regslice_both_input_r_U/tmp_product_i_16__0             | CLB.CARRY.CARRY8       |
    | regslice_both_input_r_U/tmp_product_i_15__0             | CLB.CARRY.CARRY8       |
    | mul_16s_10s_25_1_1_U15/tmp_product/DSP_A_B_DATA_INST    | ARITHMETIC.DSP.DSP48E2 |
    | mul_16s_10s_25_1_1_U15/tmp_product/DSP_PREADD_DATA_INST | ARITHMETIC.DSP.DSP48E2 |
    | mul_16s_10s_25_1_1_U15/tmp_product/DSP_MULTIPLIER_INST  | ARITHMETIC.DSP.DSP48E2 |
    | mul_16s_10s_25_1_1_U15/tmp_product/DSP_M_DATA_INST      | ARITHMETIC.DSP.DSP48E2 |
    | mul_16s_10s_25_1_1_U15/tmp_product/DSP_ALU_INST         | ARITHMETIC.DSP.DSP48E2 |
    | mul_16s_10s_25_1_1_U15/tmp_product/DSP_OUTPUT_INST      | ARITHMETIC.DSP.DSP48E2 |
    | mul_16s_10s_25_1_1_U15/data_p2[7]_i_29                  | CLB.LUT.LUT2           |
    | mul_16s_10s_25_1_1_U15/data_p2_reg[7]_i_19              | CLB.CARRY.CARRY8       |
    | mul_16s_10s_25_1_1_U15/data_p2_reg[7]_i_18              | CLB.CARRY.CARRY8       |
    | mul_16s_9s_24_1_1_U14/data_p2[7]_i_16                   | CLB.LUT.LUT5           |
    | regslice_both_input_r_U/data_p2_reg[7]_i_1              | CLB.CARRY.CARRY8       |
    | regslice_both_input_r_U/data_p2_reg[15]_i_2             | CLB.CARRY.CARRY8       |
    | regslice_both_output_r_U/data_p1[15]_i_2                | CLB.LUT.LUT4           |
    | regslice_both_output_r_U/data_p1_reg[15]                | REGISTER.SDR.FDRE      |
    | regslice_both_input_r_U/data_p1_reg[0]                  | REGISTER.SDR.FDRE      |
    | regslice_both_input_r_U/tmp_product_i_60__0             | CLB.LUT.LUT2           |
    | regslice_both_input_r_U/tmp_product_i_16__0             | CLB.CARRY.CARRY8       |
    | regslice_both_input_r_U/tmp_product_i_15__0             | CLB.CARRY.CARRY8       |
    | mul_16s_10s_25_1_1_U15/tmp_product/DSP_A_B_DATA_INST    | ARITHMETIC.DSP.DSP48E2 |
    | mul_16s_10s_25_1_1_U15/tmp_product/DSP_PREADD_DATA_INST | ARITHMETIC.DSP.DSP48E2 |
    | mul_16s_10s_25_1_1_U15/tmp_product/DSP_MULTIPLIER_INST  | ARITHMETIC.DSP.DSP48E2 |
    | mul_16s_10s_25_1_1_U15/tmp_product/DSP_M_DATA_INST      | ARITHMETIC.DSP.DSP48E2 |
    | mul_16s_10s_25_1_1_U15/tmp_product/DSP_ALU_INST         | ARITHMETIC.DSP.DSP48E2 |
    | mul_16s_10s_25_1_1_U15/tmp_product/DSP_OUTPUT_INST      | ARITHMETIC.DSP.DSP48E2 |
    | mul_16s_10s_25_1_1_U15/data_p2[7]_i_29                  | CLB.LUT.LUT2           |
    | mul_16s_10s_25_1_1_U15/data_p2_reg[7]_i_19              | CLB.CARRY.CARRY8       |
    | mul_16s_10s_25_1_1_U15/data_p2_reg[7]_i_18              | CLB.CARRY.CARRY8       |
    | mul_16s_9s_24_1_1_U14/data_p2[7]_i_16                   | CLB.LUT.LUT5           |
    | regslice_both_input_r_U/data_p2_reg[7]_i_1              | CLB.CARRY.CARRY8       |
    | regslice_both_input_r_U/data_p2_reg[15]_i_2             | CLB.CARRY.CARRY8       |
    | regslice_both_output_r_U/data_p1[9]_i_1                 | CLB.LUT.LUT4           |
    | regslice_both_output_r_U/data_p1_reg[9]                 | REGISTER.SDR.FDRE      |
    | regslice_both_input_r_U/data_p1_reg[0]                  | REGISTER.SDR.FDRE      |
    | regslice_both_input_r_U/tmp_product_i_60__0             | CLB.LUT.LUT2           |
    | regslice_both_input_r_U/tmp_product_i_16__0             | CLB.CARRY.CARRY8       |
    | regslice_both_input_r_U/tmp_product_i_15__0             | CLB.CARRY.CARRY8       |
    | mul_16s_10s_25_1_1_U15/tmp_product/DSP_A_B_DATA_INST    | ARITHMETIC.DSP.DSP48E2 |
    | mul_16s_10s_25_1_1_U15/tmp_product/DSP_PREADD_DATA_INST | ARITHMETIC.DSP.DSP48E2 |
    | mul_16s_10s_25_1_1_U15/tmp_product/DSP_MULTIPLIER_INST  | ARITHMETIC.DSP.DSP48E2 |
    | mul_16s_10s_25_1_1_U15/tmp_product/DSP_M_DATA_INST      | ARITHMETIC.DSP.DSP48E2 |
    | mul_16s_10s_25_1_1_U15/tmp_product/DSP_ALU_INST         | ARITHMETIC.DSP.DSP48E2 |
    | mul_16s_10s_25_1_1_U15/tmp_product/DSP_OUTPUT_INST      | ARITHMETIC.DSP.DSP48E2 |
    | mul_16s_10s_25_1_1_U15/data_p2[7]_i_29                  | CLB.LUT.LUT2           |
    | mul_16s_10s_25_1_1_U15/data_p2_reg[7]_i_19              | CLB.CARRY.CARRY8       |
    | mul_16s_10s_25_1_1_U15/data_p2_reg[7]_i_18              | CLB.CARRY.CARRY8       |
    | mul_16s_9s_24_1_1_U14/data_p2[7]_i_16                   | CLB.LUT.LUT5           |
    | regslice_both_input_r_U/data_p2_reg[7]_i_1              | CLB.CARRY.CARRY8       |
    | regslice_both_input_r_U/data_p2_reg[15]_i_2             | CLB.CARRY.CARRY8       |
    | regslice_both_output_r_U/data_p1[14]_i_1                | CLB.LUT.LUT4           |
    | regslice_both_output_r_U/data_p1_reg[14]                | REGISTER.SDR.FDRE      |
    | regslice_both_input_r_U/data_p1_reg[0]                  | REGISTER.SDR.FDRE      |
    | regslice_both_input_r_U/tmp_product_i_60__0             | CLB.LUT.LUT2           |
    | regslice_both_input_r_U/tmp_product_i_16__0             | CLB.CARRY.CARRY8       |
    | regslice_both_input_r_U/tmp_product_i_15__0             | CLB.CARRY.CARRY8       |
    | mul_16s_10s_25_1_1_U15/tmp_product/DSP_A_B_DATA_INST    | ARITHMETIC.DSP.DSP48E2 |
    | mul_16s_10s_25_1_1_U15/tmp_product/DSP_PREADD_DATA_INST | ARITHMETIC.DSP.DSP48E2 |
    | mul_16s_10s_25_1_1_U15/tmp_product/DSP_MULTIPLIER_INST  | ARITHMETIC.DSP.DSP48E2 |
    | mul_16s_10s_25_1_1_U15/tmp_product/DSP_M_DATA_INST      | ARITHMETIC.DSP.DSP48E2 |
    | mul_16s_10s_25_1_1_U15/tmp_product/DSP_ALU_INST         | ARITHMETIC.DSP.DSP48E2 |
    | mul_16s_10s_25_1_1_U15/tmp_product/DSP_OUTPUT_INST      | ARITHMETIC.DSP.DSP48E2 |
    | mul_16s_10s_25_1_1_U15/data_p2[7]_i_29                  | CLB.LUT.LUT2           |
    | mul_16s_10s_25_1_1_U15/data_p2_reg[7]_i_19              | CLB.CARRY.CARRY8       |
    | mul_16s_10s_25_1_1_U15/data_p2_reg[7]_i_18              | CLB.CARRY.CARRY8       |
    | mul_16s_9s_24_1_1_U14/data_p2[7]_i_16                   | CLB.LUT.LUT5           |
    | regslice_both_input_r_U/data_p2_reg[7]_i_1              | CLB.CARRY.CARRY8       |
    | regslice_both_input_r_U/data_p2_reg[15]_i_2             | CLB.CARRY.CARRY8       |
    | regslice_both_output_r_U/data_p1[10]_i_1                | CLB.LUT.LUT4           |
    | regslice_both_output_r_U/data_p1_reg[10]                | REGISTER.SDR.FDRE      |
    +---------------------------------------------------------+------------------------+

    +---------------------------------------------------------+------------------------+
    | Path5 Cells                                             | Primitive Type         |
    +---------------------------------------------------------+------------------------+
    | regslice_both_input_r_U/data_p1_reg[0]                  | REGISTER.SDR.FDRE      |
    | regslice_both_input_r_U/tmp_product_i_60__0             | CLB.LUT.LUT2           |
    | regslice_both_input_r_U/tmp_product_i_16__0             | CLB.CARRY.CARRY8       |
    | regslice_both_input_r_U/tmp_product_i_15__0             | CLB.CARRY.CARRY8       |
    | mul_16s_10s_25_1_1_U15/tmp_product/DSP_A_B_DATA_INST    | ARITHMETIC.DSP.DSP48E2 |
    | mul_16s_10s_25_1_1_U15/tmp_product/DSP_PREADD_DATA_INST | ARITHMETIC.DSP.DSP48E2 |
    | mul_16s_10s_25_1_1_U15/tmp_product/DSP_MULTIPLIER_INST  | ARITHMETIC.DSP.DSP48E2 |
    | mul_16s_10s_25_1_1_U15/tmp_product/DSP_M_DATA_INST      | ARITHMETIC.DSP.DSP48E2 |
    | mul_16s_10s_25_1_1_U15/tmp_product/DSP_ALU_INST         | ARITHMETIC.DSP.DSP48E2 |
    | mul_16s_10s_25_1_1_U15/tmp_product/DSP_OUTPUT_INST      | ARITHMETIC.DSP.DSP48E2 |
    | mul_16s_10s_25_1_1_U15/data_p2[7]_i_29                  | CLB.LUT.LUT2           |
    | mul_16s_10s_25_1_1_U15/data_p2_reg[7]_i_19              | CLB.CARRY.CARRY8       |
    | mul_16s_10s_25_1_1_U15/data_p2_reg[7]_i_18              | CLB.CARRY.CARRY8       |
    | mul_16s_9s_24_1_1_U14/data_p2[7]_i_16                   | CLB.LUT.LUT5           |
    | regslice_both_input_r_U/data_p2_reg[7]_i_1              | CLB.CARRY.CARRY8       |
    | regslice_both_input_r_U/data_p2_reg[15]_i_2             | CLB.CARRY.CARRY8       |
    | regslice_both_output_r_U/data_p1[12]_i_1                | CLB.LUT.LUT4           |
    | regslice_both_output_r_U/data_p1_reg[12]                | REGISTER.SDR.FDRE      |
    | regslice_both_input_r_U/data_p1_reg[0]                  | REGISTER.SDR.FDRE      |
    | regslice_both_input_r_U/tmp_product_i_60__0             | CLB.LUT.LUT2           |
    | regslice_both_input_r_U/tmp_product_i_16__0             | CLB.CARRY.CARRY8       |
    | regslice_both_input_r_U/tmp_product_i_15__0             | CLB.CARRY.CARRY8       |
    | mul_16s_10s_25_1_1_U15/tmp_product/DSP_A_B_DATA_INST    | ARITHMETIC.DSP.DSP48E2 |
    | mul_16s_10s_25_1_1_U15/tmp_product/DSP_PREADD_DATA_INST | ARITHMETIC.DSP.DSP48E2 |
    | mul_16s_10s_25_1_1_U15/tmp_product/DSP_MULTIPLIER_INST  | ARITHMETIC.DSP.DSP48E2 |
    | mul_16s_10s_25_1_1_U15/tmp_product/DSP_M_DATA_INST      | ARITHMETIC.DSP.DSP48E2 |
    | mul_16s_10s_25_1_1_U15/tmp_product/DSP_ALU_INST         | ARITHMETIC.DSP.DSP48E2 |
    | mul_16s_10s_25_1_1_U15/tmp_product/DSP_OUTPUT_INST      | ARITHMETIC.DSP.DSP48E2 |
    | mul_16s_10s_25_1_1_U15/data_p2[7]_i_29                  | CLB.LUT.LUT2           |
    | mul_16s_10s_25_1_1_U15/data_p2_reg[7]_i_19              | CLB.CARRY.CARRY8       |
    | mul_16s_10s_25_1_1_U15/data_p2_reg[7]_i_18              | CLB.CARRY.CARRY8       |
    | mul_16s_9s_24_1_1_U14/data_p2[7]_i_16                   | CLB.LUT.LUT5           |
    | regslice_both_input_r_U/data_p2_reg[7]_i_1              | CLB.CARRY.CARRY8       |
    | regslice_both_input_r_U/data_p2_reg[15]_i_2             | CLB.CARRY.CARRY8       |
    | regslice_both_output_r_U/data_p1[15]_i_2                | CLB.LUT.LUT4           |
    | regslice_both_output_r_U/data_p1_reg[15]                | REGISTER.SDR.FDRE      |
    | regslice_both_input_r_U/data_p1_reg[0]                  | REGISTER.SDR.FDRE      |
    | regslice_both_input_r_U/tmp_product_i_60__0             | CLB.LUT.LUT2           |
    | regslice_both_input_r_U/tmp_product_i_16__0             | CLB.CARRY.CARRY8       |
    | regslice_both_input_r_U/tmp_product_i_15__0             | CLB.CARRY.CARRY8       |
    | mul_16s_10s_25_1_1_U15/tmp_product/DSP_A_B_DATA_INST    | ARITHMETIC.DSP.DSP48E2 |
    | mul_16s_10s_25_1_1_U15/tmp_product/DSP_PREADD_DATA_INST | ARITHMETIC.DSP.DSP48E2 |
    | mul_16s_10s_25_1_1_U15/tmp_product/DSP_MULTIPLIER_INST  | ARITHMETIC.DSP.DSP48E2 |
    | mul_16s_10s_25_1_1_U15/tmp_product/DSP_M_DATA_INST      | ARITHMETIC.DSP.DSP48E2 |
    | mul_16s_10s_25_1_1_U15/tmp_product/DSP_ALU_INST         | ARITHMETIC.DSP.DSP48E2 |
    | mul_16s_10s_25_1_1_U15/tmp_product/DSP_OUTPUT_INST      | ARITHMETIC.DSP.DSP48E2 |
    | mul_16s_10s_25_1_1_U15/data_p2[7]_i_29                  | CLB.LUT.LUT2           |
    | mul_16s_10s_25_1_1_U15/data_p2_reg[7]_i_19              | CLB.CARRY.CARRY8       |
    | mul_16s_10s_25_1_1_U15/data_p2_reg[7]_i_18              | CLB.CARRY.CARRY8       |
    | mul_16s_9s_24_1_1_U14/data_p2[7]_i_16                   | CLB.LUT.LUT5           |
    | regslice_both_input_r_U/data_p2_reg[7]_i_1              | CLB.CARRY.CARRY8       |
    | regslice_both_input_r_U/data_p2_reg[15]_i_2             | CLB.CARRY.CARRY8       |
    | regslice_both_output_r_U/data_p1[9]_i_1                 | CLB.LUT.LUT4           |
    | regslice_both_output_r_U/data_p1_reg[9]                 | REGISTER.SDR.FDRE      |
    | regslice_both_input_r_U/data_p1_reg[0]                  | REGISTER.SDR.FDRE      |
    | regslice_both_input_r_U/tmp_product_i_60__0             | CLB.LUT.LUT2           |
    | regslice_both_input_r_U/tmp_product_i_16__0             | CLB.CARRY.CARRY8       |
    | regslice_both_input_r_U/tmp_product_i_15__0             | CLB.CARRY.CARRY8       |
    | mul_16s_10s_25_1_1_U15/tmp_product/DSP_A_B_DATA_INST    | ARITHMETIC.DSP.DSP48E2 |
    | mul_16s_10s_25_1_1_U15/tmp_product/DSP_PREADD_DATA_INST | ARITHMETIC.DSP.DSP48E2 |
    | mul_16s_10s_25_1_1_U15/tmp_product/DSP_MULTIPLIER_INST  | ARITHMETIC.DSP.DSP48E2 |
    | mul_16s_10s_25_1_1_U15/tmp_product/DSP_M_DATA_INST      | ARITHMETIC.DSP.DSP48E2 |
    | mul_16s_10s_25_1_1_U15/tmp_product/DSP_ALU_INST         | ARITHMETIC.DSP.DSP48E2 |
    | mul_16s_10s_25_1_1_U15/tmp_product/DSP_OUTPUT_INST      | ARITHMETIC.DSP.DSP48E2 |
    | mul_16s_10s_25_1_1_U15/data_p2[7]_i_29                  | CLB.LUT.LUT2           |
    | mul_16s_10s_25_1_1_U15/data_p2_reg[7]_i_19              | CLB.CARRY.CARRY8       |
    | mul_16s_10s_25_1_1_U15/data_p2_reg[7]_i_18              | CLB.CARRY.CARRY8       |
    | mul_16s_9s_24_1_1_U14/data_p2[7]_i_16                   | CLB.LUT.LUT5           |
    | regslice_both_input_r_U/data_p2_reg[7]_i_1              | CLB.CARRY.CARRY8       |
    | regslice_both_input_r_U/data_p2_reg[15]_i_2             | CLB.CARRY.CARRY8       |
    | regslice_both_output_r_U/data_p1[14]_i_1                | CLB.LUT.LUT4           |
    | regslice_both_output_r_U/data_p1_reg[14]                | REGISTER.SDR.FDRE      |
    | regslice_both_input_r_U/data_p1_reg[0]                  | REGISTER.SDR.FDRE      |
    | regslice_both_input_r_U/tmp_product_i_60__0             | CLB.LUT.LUT2           |
    | regslice_both_input_r_U/tmp_product_i_16__0             | CLB.CARRY.CARRY8       |
    | regslice_both_input_r_U/tmp_product_i_15__0             | CLB.CARRY.CARRY8       |
    | mul_16s_10s_25_1_1_U15/tmp_product/DSP_A_B_DATA_INST    | ARITHMETIC.DSP.DSP48E2 |
    | mul_16s_10s_25_1_1_U15/tmp_product/DSP_PREADD_DATA_INST | ARITHMETIC.DSP.DSP48E2 |
    | mul_16s_10s_25_1_1_U15/tmp_product/DSP_MULTIPLIER_INST  | ARITHMETIC.DSP.DSP48E2 |
    | mul_16s_10s_25_1_1_U15/tmp_product/DSP_M_DATA_INST      | ARITHMETIC.DSP.DSP48E2 |
    | mul_16s_10s_25_1_1_U15/tmp_product/DSP_ALU_INST         | ARITHMETIC.DSP.DSP48E2 |
    | mul_16s_10s_25_1_1_U15/tmp_product/DSP_OUTPUT_INST      | ARITHMETIC.DSP.DSP48E2 |
    | mul_16s_10s_25_1_1_U15/data_p2[7]_i_29                  | CLB.LUT.LUT2           |
    | mul_16s_10s_25_1_1_U15/data_p2_reg[7]_i_19              | CLB.CARRY.CARRY8       |
    | mul_16s_10s_25_1_1_U15/data_p2_reg[7]_i_18              | CLB.CARRY.CARRY8       |
    | mul_16s_9s_24_1_1_U14/data_p2[7]_i_16                   | CLB.LUT.LUT5           |
    | regslice_both_input_r_U/data_p2_reg[7]_i_1              | CLB.CARRY.CARRY8       |
    | regslice_both_input_r_U/data_p2_reg[15]_i_2             | CLB.CARRY.CARRY8       |
    | regslice_both_output_r_U/data_p1[10]_i_1                | CLB.LUT.LUT4           |
    | regslice_both_output_r_U/data_p1_reg[10]                | REGISTER.SDR.FDRE      |
    +---------------------------------------------------------+------------------------+


================================================================
== RTL Synthesis Vivado Reports
================================================================
+--------------------------+-----------------------------------------------------------------------------+
| Report Type              | Report Location                                                             |
+--------------------------+-----------------------------------------------------------------------------+
| design_analysis          | impl/verilog/report/Fast_Running_FIR_HLS_design_analysis_synth.rpt          |
| failfast                 | impl/verilog/report/Fast_Running_FIR_HLS_failfast_synth.rpt                 |
| power                    | impl/verilog/report/Fast_Running_FIR_HLS_power_synth.rpt                    |
| timing                   | impl/verilog/report/Fast_Running_FIR_HLS_timing_synth.rpt                   |
| timing_paths             | impl/verilog/report/Fast_Running_FIR_HLS_timing_paths_synth.rpt             |
| utilization              | impl/verilog/report/Fast_Running_FIR_HLS_utilization_synth.rpt              |
| utilization_hierarchical | impl/verilog/report/Fast_Running_FIR_HLS_utilization_hierarchical_synth.rpt |
+--------------------------+-----------------------------------------------------------------------------+


