================================================================
== Vivado Place & Route Results
================================================================
+ General Information:
    * Date:            Mon Nov 24 00:05:04 +0100 2025
    * Version:         2024.2 (Build 5238294 on Nov  8 2024)
    * Project:         FIR_Halfband_v2
    * Solution:        hls (Vivado IP Flow Target)
    * Product family:  zynquplus
    * Target device:   xck26-sfvc784-2LV-c


================================================================
== Run Constraints & Options
================================================================
+ Design Constraints & Options:
    * Place & Route target clock:  10 ns
    * C-Synthesis uncertainty:     27%

+ RTL Synthesis Options:
    * config_export -vivado_synth_strategy:     default
    * config_export -vivado_synth_design_args:  -directive sdx_optimization_effort_high

+ Place & Route Options:
    * config_export -vivado_impl_strategy:  default
    * config_export -vivado_phys_opt:       auto

+ Reporting Options:
    * config_export -vivado_report_level:      2
    * config_export -vivado_max_timing_paths:  10


================================================================
== Place & Route Resource Summary
================================================================
LUT:              1174
FF:               1023
DSP:              109
BRAM:             0
URAM:             0
SRL:              138


================================================================
== Place & Route Timing Summary
================================================================
* Timing was met
+----------------+-------------+
| Timing         | Period (ns) |
+----------------+-------------+
| Target         | 10.000      |
| Post-Synthesis | 3.116       |
| Post-Route     | 6.280       |
+----------------+-------------+


================================================================
== Place & Route Resources
================================================================
+-----------------------------------------------+------+------+-----+------+------+-----+--------+------+---------+----------+--------+
| Name                                          | LUT  | FF   | DSP | BRAM | URAM | SRL | Pragma | Impl | Latency | Variable | Source |
+-----------------------------------------------+------+------+-----+------+------+-----+--------+------+---------+----------+--------+
| inst                                          | 1174 | 1023 | 109 |      |      |     |        |      |         |          |        |
|   (inst)                                      | 2    | 372  |     |      |      |     |        |      |         |          |        |
|   H_dec_1_20_V_U                              | 22   | 32   |     |      |      |     |        |      |         |          |        |
|   H_dec_2_20_V_U                              | 30   | 16   |     |      |      |     |        |      |         |          |        |
|   H_int_1_20_V_U                              | 2    | 32   |     |      |      |     |        |      |         |          |        |
|   H_int_2_20_V_U                              | 8    | 32   |     |      |      |     |        |      |         |          |        |
|   grp_FIR_filter_1_fu_431                     | 24   | 32   | 2   |      |      |     |        |      |         |          |        |
|     (grp_FIR_filter_1_fu_431)                 | 24   | 32   |     |      |      |     |        |      |         |          |        |
|     am_addmul_16s_16s_15ns_32_4_1_U80         |      |      | 1   |      |      |     |        |      |         |          |        |
|     ama_addmuladd_16s_16s_13s_32s_32_4_1_U81  |      |      | 1   |      |      |     |        |      |         |          |        |
|   grp_FIR_filter_1_fu_440                     | 32   | 32   | 2   |      |      |     |        |      |         |          |        |
|     (grp_FIR_filter_1_fu_440)                 | 24   | 32   |     |      |      |     |        |      |         |          |        |
|     am_addmul_16s_16s_15ns_32_4_1_U80         |      |      | 1   |      |      |     |        |      |         |          |        |
|     ama_addmuladd_16s_16s_13s_32s_32_4_1_U81  | 8    |      | 1   |      |      |     |        |      |         |          |        |
|   grp_FIR_filter_fu_411                       | 40   | 80   | 3   |      |      |     |        |      |         |          |        |
|     (grp_FIR_filter_fu_411)                   | 40   | 80   |     |      |      |     |        |      |         |          |        |
|     am_addmul_16s_16s_15ns_32_4_1_U68         |      |      | 1   |      |      |     |        |      |         |          |        |
|     ama_addmuladd_16s_16s_10ns_32s_32_4_1_U69 |      |      | 1   |      |      |     |        |      |         |          |        |
|     ama_addmuladd_16s_16s_14s_32s_32_4_1_U70  |      |      | 1   |      |      |     |        |      |         |          |        |
|   grp_FIR_filter_fu_421                       | 48   | 80   | 3   |      |      |     |        |      |         |          |        |
|     (grp_FIR_filter_fu_421)                   | 40   | 80   |     |      |      |     |        |      |         |          |        |
|     am_addmul_16s_16s_15ns_32_4_1_U68         |      |      | 1   |      |      |     |        |      |         |          |        |
|     ama_addmuladd_16s_16s_10ns_32s_32_4_1_U69 |      |      | 1   |      |      |     |        |      |         |          |        |
|     ama_addmuladd_16s_16s_14s_32s_32_4_1_U70  | 8    |      | 1   |      |      |     |        |      |         |          |        |
|   p_2_FIR_filter_transposed_fu_448            | 893  | 241  | 99  |      |      |     |        |      |         |          |        |
|     (p_2_FIR_filter_transposed_fu_448)        | 893  | 241  | 98  |      |      |     |        |      |         |          |        |
|     mul_16s_8ns_23_1_1_U1                     | 1    |      | 1   |      |      |     |        |      |         |          |        |
|   regslice_both_input_r_U                     | 41   | 37   |     |      |      |     |        |      |         |          |        |
|   regslice_both_output_r_U                    | 32   | 37   |     |      |      |     |        |      |         |          |        |
+-----------------------------------------------+------+------+-----+------+------+-----+--------+------+---------+----------+--------+


================================================================
== Place & Route Fail Fast
================================================================
+-----------------------------------------------------------+-----------+--------+--------+
| Criteria                                                  | Guideline | Actual | Status |
+-----------------------------------------------------------+-----------+--------+--------+
| LUT                                                       | 70%       | 1.00%  | OK     |
| FD                                                        | 50%       | 0.44%  | OK     |
| LUTRAM+SRL                                                | 25%       | 0.24%  | OK     |
| CARRY8                                                    | 25%       | 0.92%  | OK     |
| MUXF7                                                     | 15%       | 0.00%  | OK     |
| DSP                                                       | 80%       | 8.73%  | OK     |
| RAMB/FIFO                                                 | 80%       | 0.00%  | OK     |
| URAM                                                      | 80%       | 0.00%  | OK     |
| DSP+RAMB+URAM (Avg)                                       | 70%       | 8.73%  | OK     |
| BUFGCE* + BUFGCTRL                                        | 24        | 0      | OK     |
| DONT_TOUCH (cells/nets)                                   | 0         | 0      | OK     |
| MARK_DEBUG (nets)                                         | 0         | 0      | OK     |
| Control Sets                                              | 2196      | 21     | OK     |
| Average Fanout for modules > 100k cells                   | 4         | 0.76   | OK     |
| Max Average Fanout for modules > 100k cells               | 4         | 0      | OK     |
| Non-FD high fanout nets > 10k loads                       | 0         | 0      | OK     |
+-----------------------------------------------------------+-----------+--------+--------+
| TIMING-6 (No common primary clock between related clocks) | 0         | 0      | OK     |
| TIMING-7 (No common node between related clocks)          | 0         | 0      | OK     |
| TIMING-8 (No common period between related clocks)        | 0         | 0      | OK     |
| TIMING-14 (LUT on the clock tree)                         | 0         | 0      | OK     |
| TIMING-35 (No common node in paths with the same clock)   | 0         | 0      | OK     |
+-----------------------------------------------------------+-----------+--------+--------+
| Number of paths above max LUT budgeting (0.391ns)         | 0         | 0      | OK     |
| Number of paths above max Net budgeting (0.263ns)         | 0         | 0      | OK     |
+-----------------------------------------------------------+-----------+--------+--------+


================================================================
== Place & Route Timing Paths
================================================================
* Timing was met
+-------+-------+-----------------------------------------------------------------------------------------------+----------------------------------------------------------------------------------+--------------+------------+----------------+----------------+--------------+
| Path  | SLACK | STARTPOINT PIN                                                                                | ENDPOINT PIN                                                                     | LOGIC LEVELS | MAX FANOUT | DATAPATH DELAY | DATAPATH LOGIC | DATAPATH NET |
|       |       |                                                                                               |                                                                                  |              |            |                |          DELAY |        DELAY |
+-------+-------+-----------------------------------------------------------------------------------------------+----------------------------------------------------------------------------------+--------------+------------+----------------+----------------+--------------+
| Path1 | 3.720 | H_dec_2_20_V_U/FIR_Halfband_v2_H_dec_2_20_V_SHIFTREG_AUTO_0R0W_core_U/ShiftRegMem_reg[2][2]/C | p_2_FIR_filter_transposed_fu_448/p_ZL10H_accu_FIR_16_reg/DSP_A_B_DATA_INST/A[19] |            4 |       1486 |          5.760 |          0.977 |        4.783 |
| Path2 | 3.829 | H_dec_2_20_V_U/FIR_Halfband_v2_H_dec_2_20_V_SHIFTREG_AUTO_0R0W_core_U/ShiftRegMem_reg[2][2]/C | p_2_FIR_filter_transposed_fu_448/p_ZL10H_accu_FIR_93_reg/DSP_A_B_DATA_INST/A[8]  |            4 |        100 |          5.634 |          0.720 |        4.914 |
| Path3 | 3.900 | H_dec_2_20_V_U/FIR_Halfband_v2_H_dec_2_20_V_SHIFTREG_AUTO_0R0W_core_U/ShiftRegMem_reg[2][2]/C | p_2_FIR_filter_transposed_fu_448/p_ZL10H_accu_FIR_94_reg/DSP_A_B_DATA_INST/A[11] |            4 |        100 |          5.571 |          0.838 |        4.733 |
| Path4 | 3.941 | H_dec_2_20_V_U/FIR_Halfband_v2_H_dec_2_20_V_SHIFTREG_AUTO_0R0W_core_U/ShiftRegMem_reg[2][2]/C | p_2_FIR_filter_transposed_fu_448/p_ZL10H_accu_FIR_93_reg/DSP_A_B_DATA_INST/A[11] |            4 |        100 |          5.530 |          0.838 |        4.692 |
| Path5 | 3.951 | H_dec_2_20_V_U/FIR_Halfband_v2_H_dec_2_20_V_SHIFTREG_AUTO_0R0W_core_U/ShiftRegMem_reg[2][2]/C | p_2_FIR_filter_transposed_fu_448/p_ZL10H_accu_FIR_91_reg/DSP_A_B_DATA_INST/A[13] |            4 |        100 |          5.501 |          0.976 |        4.525 |
+-------+-------+-----------------------------------------------------------------------------------------------+----------------------------------------------------------------------------------+--------------+------------+----------------+----------------+--------------+

    +---------------------------------------------------------------------------------------------+------------------------+
    | Path1 Cells                                                                                 | Primitive Type         |
    +---------------------------------------------------------------------------------------------+------------------------+
    | H_dec_2_20_V_U/FIR_Halfband_v2_H_dec_2_20_V_SHIFTREG_AUTO_0R0W_core_U/ShiftRegMem_reg[2][2] | REGISTER.SDR.FDRE      |
    | H_dec_2_20_V_U/FIR_Halfband_v2_H_dec_2_20_V_SHIFTREG_AUTO_0R0W_core_U/tmp_product_i_24      | CLB.LUT.LUT6           |
    | H_dec_2_20_V_U/FIR_Halfband_v2_H_dec_2_20_V_SHIFTREG_AUTO_0R0W_core_U/tmp_product_i_23      | CLB.LUT.LUT4           |
    | H_dec_2_20_V_U/FIR_Halfband_v2_H_dec_2_20_V_SHIFTREG_AUTO_0R0W_core_U/tmp_product_i_10      | CLB.LUT.LUT4           |
    | H_dec_2_20_V_U/FIR_Halfband_v2_H_dec_2_20_V_SHIFTREG_AUTO_0R0W_core_U/tmp_product_i_1       | CLB.CARRY.CARRY8       |
    | p_2_FIR_filter_transposed_fu_448/p_ZL10H_accu_FIR_16_reg/DSP_A_B_DATA_INST                  | ARITHMETIC.DSP.DSP48E2 |
    | H_dec_2_20_V_U/FIR_Halfband_v2_H_dec_2_20_V_SHIFTREG_AUTO_0R0W_core_U/ShiftRegMem_reg[2][2] | REGISTER.SDR.FDRE      |
    | H_dec_2_20_V_U/FIR_Halfband_v2_H_dec_2_20_V_SHIFTREG_AUTO_0R0W_core_U/tmp_product_i_24      | CLB.LUT.LUT6           |
    | H_dec_2_20_V_U/FIR_Halfband_v2_H_dec_2_20_V_SHIFTREG_AUTO_0R0W_core_U/tmp_product_i_23      | CLB.LUT.LUT4           |
    | H_dec_2_20_V_U/FIR_Halfband_v2_H_dec_2_20_V_SHIFTREG_AUTO_0R0W_core_U/tmp_product_i_10      | CLB.LUT.LUT4           |
    | H_dec_2_20_V_U/FIR_Halfband_v2_H_dec_2_20_V_SHIFTREG_AUTO_0R0W_core_U/tmp_product_i_1       | CLB.CARRY.CARRY8       |
    | p_2_FIR_filter_transposed_fu_448/p_ZL10H_accu_FIR_93_reg/DSP_A_B_DATA_INST                  | ARITHMETIC.DSP.DSP48E2 |
    | H_dec_2_20_V_U/FIR_Halfband_v2_H_dec_2_20_V_SHIFTREG_AUTO_0R0W_core_U/ShiftRegMem_reg[2][2] | REGISTER.SDR.FDRE      |
    | H_dec_2_20_V_U/FIR_Halfband_v2_H_dec_2_20_V_SHIFTREG_AUTO_0R0W_core_U/tmp_product_i_24      | CLB.LUT.LUT6           |
    | H_dec_2_20_V_U/FIR_Halfband_v2_H_dec_2_20_V_SHIFTREG_AUTO_0R0W_core_U/tmp_product_i_23      | CLB.LUT.LUT4           |
    | H_dec_2_20_V_U/FIR_Halfband_v2_H_dec_2_20_V_SHIFTREG_AUTO_0R0W_core_U/tmp_product_i_10      | CLB.LUT.LUT4           |
    | H_dec_2_20_V_U/FIR_Halfband_v2_H_dec_2_20_V_SHIFTREG_AUTO_0R0W_core_U/tmp_product_i_1       | CLB.CARRY.CARRY8       |
    | p_2_FIR_filter_transposed_fu_448/p_ZL10H_accu_FIR_94_reg/DSP_A_B_DATA_INST                  | ARITHMETIC.DSP.DSP48E2 |
    | H_dec_2_20_V_U/FIR_Halfband_v2_H_dec_2_20_V_SHIFTREG_AUTO_0R0W_core_U/ShiftRegMem_reg[2][2] | REGISTER.SDR.FDRE      |
    | H_dec_2_20_V_U/FIR_Halfband_v2_H_dec_2_20_V_SHIFTREG_AUTO_0R0W_core_U/tmp_product_i_24      | CLB.LUT.LUT6           |
    | H_dec_2_20_V_U/FIR_Halfband_v2_H_dec_2_20_V_SHIFTREG_AUTO_0R0W_core_U/tmp_product_i_23      | CLB.LUT.LUT4           |
    | H_dec_2_20_V_U/FIR_Halfband_v2_H_dec_2_20_V_SHIFTREG_AUTO_0R0W_core_U/tmp_product_i_10      | CLB.LUT.LUT4           |
    | H_dec_2_20_V_U/FIR_Halfband_v2_H_dec_2_20_V_SHIFTREG_AUTO_0R0W_core_U/tmp_product_i_1       | CLB.CARRY.CARRY8       |
    | p_2_FIR_filter_transposed_fu_448/p_ZL10H_accu_FIR_93_reg/DSP_A_B_DATA_INST                  | ARITHMETIC.DSP.DSP48E2 |
    | H_dec_2_20_V_U/FIR_Halfband_v2_H_dec_2_20_V_SHIFTREG_AUTO_0R0W_core_U/ShiftRegMem_reg[2][2] | REGISTER.SDR.FDRE      |
    | H_dec_2_20_V_U/FIR_Halfband_v2_H_dec_2_20_V_SHIFTREG_AUTO_0R0W_core_U/tmp_product_i_24      | CLB.LUT.LUT6           |
    | H_dec_2_20_V_U/FIR_Halfband_v2_H_dec_2_20_V_SHIFTREG_AUTO_0R0W_core_U/tmp_product_i_23      | CLB.LUT.LUT4           |
    | H_dec_2_20_V_U/FIR_Halfband_v2_H_dec_2_20_V_SHIFTREG_AUTO_0R0W_core_U/tmp_product_i_10      | CLB.LUT.LUT4           |
    | H_dec_2_20_V_U/FIR_Halfband_v2_H_dec_2_20_V_SHIFTREG_AUTO_0R0W_core_U/tmp_product_i_1       | CLB.CARRY.CARRY8       |
    | p_2_FIR_filter_transposed_fu_448/p_ZL10H_accu_FIR_91_reg/DSP_A_B_DATA_INST                  | ARITHMETIC.DSP.DSP48E2 |
    +---------------------------------------------------------------------------------------------+------------------------+

    +---------------------------------------------------------------------------------------------+------------------------+
    | Path2 Cells                                                                                 | Primitive Type         |
    +---------------------------------------------------------------------------------------------+------------------------+
    | H_dec_2_20_V_U/FIR_Halfband_v2_H_dec_2_20_V_SHIFTREG_AUTO_0R0W_core_U/ShiftRegMem_reg[2][2] | REGISTER.SDR.FDRE      |
    | H_dec_2_20_V_U/FIR_Halfband_v2_H_dec_2_20_V_SHIFTREG_AUTO_0R0W_core_U/tmp_product_i_24      | CLB.LUT.LUT6           |
    | H_dec_2_20_V_U/FIR_Halfband_v2_H_dec_2_20_V_SHIFTREG_AUTO_0R0W_core_U/tmp_product_i_23      | CLB.LUT.LUT4           |
    | H_dec_2_20_V_U/FIR_Halfband_v2_H_dec_2_20_V_SHIFTREG_AUTO_0R0W_core_U/tmp_product_i_10      | CLB.LUT.LUT4           |
    | H_dec_2_20_V_U/FIR_Halfband_v2_H_dec_2_20_V_SHIFTREG_AUTO_0R0W_core_U/tmp_product_i_1       | CLB.CARRY.CARRY8       |
    | p_2_FIR_filter_transposed_fu_448/p_ZL10H_accu_FIR_16_reg/DSP_A_B_DATA_INST                  | ARITHMETIC.DSP.DSP48E2 |
    | H_dec_2_20_V_U/FIR_Halfband_v2_H_dec_2_20_V_SHIFTREG_AUTO_0R0W_core_U/ShiftRegMem_reg[2][2] | REGISTER.SDR.FDRE      |
    | H_dec_2_20_V_U/FIR_Halfband_v2_H_dec_2_20_V_SHIFTREG_AUTO_0R0W_core_U/tmp_product_i_24      | CLB.LUT.LUT6           |
    | H_dec_2_20_V_U/FIR_Halfband_v2_H_dec_2_20_V_SHIFTREG_AUTO_0R0W_core_U/tmp_product_i_23      | CLB.LUT.LUT4           |
    | H_dec_2_20_V_U/FIR_Halfband_v2_H_dec_2_20_V_SHIFTREG_AUTO_0R0W_core_U/tmp_product_i_10      | CLB.LUT.LUT4           |
    | H_dec_2_20_V_U/FIR_Halfband_v2_H_dec_2_20_V_SHIFTREG_AUTO_0R0W_core_U/tmp_product_i_1       | CLB.CARRY.CARRY8       |
    | p_2_FIR_filter_transposed_fu_448/p_ZL10H_accu_FIR_93_reg/DSP_A_B_DATA_INST                  | ARITHMETIC.DSP.DSP48E2 |
    | H_dec_2_20_V_U/FIR_Halfband_v2_H_dec_2_20_V_SHIFTREG_AUTO_0R0W_core_U/ShiftRegMem_reg[2][2] | REGISTER.SDR.FDRE      |
    | H_dec_2_20_V_U/FIR_Halfband_v2_H_dec_2_20_V_SHIFTREG_AUTO_0R0W_core_U/tmp_product_i_24      | CLB.LUT.LUT6           |
    | H_dec_2_20_V_U/FIR_Halfband_v2_H_dec_2_20_V_SHIFTREG_AUTO_0R0W_core_U/tmp_product_i_23      | CLB.LUT.LUT4           |
    | H_dec_2_20_V_U/FIR_Halfband_v2_H_dec_2_20_V_SHIFTREG_AUTO_0R0W_core_U/tmp_product_i_10      | CLB.LUT.LUT4           |
    | H_dec_2_20_V_U/FIR_Halfband_v2_H_dec_2_20_V_SHIFTREG_AUTO_0R0W_core_U/tmp_product_i_1       | CLB.CARRY.CARRY8       |
    | p_2_FIR_filter_transposed_fu_448/p_ZL10H_accu_FIR_94_reg/DSP_A_B_DATA_INST                  | ARITHMETIC.DSP.DSP48E2 |
    | H_dec_2_20_V_U/FIR_Halfband_v2_H_dec_2_20_V_SHIFTREG_AUTO_0R0W_core_U/ShiftRegMem_reg[2][2] | REGISTER.SDR.FDRE      |
    | H_dec_2_20_V_U/FIR_Halfband_v2_H_dec_2_20_V_SHIFTREG_AUTO_0R0W_core_U/tmp_product_i_24      | CLB.LUT.LUT6           |
    | H_dec_2_20_V_U/FIR_Halfband_v2_H_dec_2_20_V_SHIFTREG_AUTO_0R0W_core_U/tmp_product_i_23      | CLB.LUT.LUT4           |
    | H_dec_2_20_V_U/FIR_Halfband_v2_H_dec_2_20_V_SHIFTREG_AUTO_0R0W_core_U/tmp_product_i_10      | CLB.LUT.LUT4           |
    | H_dec_2_20_V_U/FIR_Halfband_v2_H_dec_2_20_V_SHIFTREG_AUTO_0R0W_core_U/tmp_product_i_1       | CLB.CARRY.CARRY8       |
    | p_2_FIR_filter_transposed_fu_448/p_ZL10H_accu_FIR_93_reg/DSP_A_B_DATA_INST                  | ARITHMETIC.DSP.DSP48E2 |
    | H_dec_2_20_V_U/FIR_Halfband_v2_H_dec_2_20_V_SHIFTREG_AUTO_0R0W_core_U/ShiftRegMem_reg[2][2] | REGISTER.SDR.FDRE      |
    | H_dec_2_20_V_U/FIR_Halfband_v2_H_dec_2_20_V_SHIFTREG_AUTO_0R0W_core_U/tmp_product_i_24      | CLB.LUT.LUT6           |
    | H_dec_2_20_V_U/FIR_Halfband_v2_H_dec_2_20_V_SHIFTREG_AUTO_0R0W_core_U/tmp_product_i_23      | CLB.LUT.LUT4           |
    | H_dec_2_20_V_U/FIR_Halfband_v2_H_dec_2_20_V_SHIFTREG_AUTO_0R0W_core_U/tmp_product_i_10      | CLB.LUT.LUT4           |
    | H_dec_2_20_V_U/FIR_Halfband_v2_H_dec_2_20_V_SHIFTREG_AUTO_0R0W_core_U/tmp_product_i_1       | CLB.CARRY.CARRY8       |
    | p_2_FIR_filter_transposed_fu_448/p_ZL10H_accu_FIR_91_reg/DSP_A_B_DATA_INST                  | ARITHMETIC.DSP.DSP48E2 |
    +---------------------------------------------------------------------------------------------+------------------------+

    +---------------------------------------------------------------------------------------------+------------------------+
    | Path3 Cells                                                                                 | Primitive Type         |
    +---------------------------------------------------------------------------------------------+------------------------+
    | H_dec_2_20_V_U/FIR_Halfband_v2_H_dec_2_20_V_SHIFTREG_AUTO_0R0W_core_U/ShiftRegMem_reg[2][2] | REGISTER.SDR.FDRE      |
    | H_dec_2_20_V_U/FIR_Halfband_v2_H_dec_2_20_V_SHIFTREG_AUTO_0R0W_core_U/tmp_product_i_24      | CLB.LUT.LUT6           |
    | H_dec_2_20_V_U/FIR_Halfband_v2_H_dec_2_20_V_SHIFTREG_AUTO_0R0W_core_U/tmp_product_i_23      | CLB.LUT.LUT4           |
    | H_dec_2_20_V_U/FIR_Halfband_v2_H_dec_2_20_V_SHIFTREG_AUTO_0R0W_core_U/tmp_product_i_10      | CLB.LUT.LUT4           |
    | H_dec_2_20_V_U/FIR_Halfband_v2_H_dec_2_20_V_SHIFTREG_AUTO_0R0W_core_U/tmp_product_i_1       | CLB.CARRY.CARRY8       |
    | p_2_FIR_filter_transposed_fu_448/p_ZL10H_accu_FIR_16_reg/DSP_A_B_DATA_INST                  | ARITHMETIC.DSP.DSP48E2 |
    | H_dec_2_20_V_U/FIR_Halfband_v2_H_dec_2_20_V_SHIFTREG_AUTO_0R0W_core_U/ShiftRegMem_reg[2][2] | REGISTER.SDR.FDRE      |
    | H_dec_2_20_V_U/FIR_Halfband_v2_H_dec_2_20_V_SHIFTREG_AUTO_0R0W_core_U/tmp_product_i_24      | CLB.LUT.LUT6           |
    | H_dec_2_20_V_U/FIR_Halfband_v2_H_dec_2_20_V_SHIFTREG_AUTO_0R0W_core_U/tmp_product_i_23      | CLB.LUT.LUT4           |
    | H_dec_2_20_V_U/FIR_Halfband_v2_H_dec_2_20_V_SHIFTREG_AUTO_0R0W_core_U/tmp_product_i_10      | CLB.LUT.LUT4           |
    | H_dec_2_20_V_U/FIR_Halfband_v2_H_dec_2_20_V_SHIFTREG_AUTO_0R0W_core_U/tmp_product_i_1       | CLB.CARRY.CARRY8       |
    | p_2_FIR_filter_transposed_fu_448/p_ZL10H_accu_FIR_93_reg/DSP_A_B_DATA_INST                  | ARITHMETIC.DSP.DSP48E2 |
    | H_dec_2_20_V_U/FIR_Halfband_v2_H_dec_2_20_V_SHIFTREG_AUTO_0R0W_core_U/ShiftRegMem_reg[2][2] | REGISTER.SDR.FDRE      |
    | H_dec_2_20_V_U/FIR_Halfband_v2_H_dec_2_20_V_SHIFTREG_AUTO_0R0W_core_U/tmp_product_i_24      | CLB.LUT.LUT6           |
    | H_dec_2_20_V_U/FIR_Halfband_v2_H_dec_2_20_V_SHIFTREG_AUTO_0R0W_core_U/tmp_product_i_23      | CLB.LUT.LUT4           |
    | H_dec_2_20_V_U/FIR_Halfband_v2_H_dec_2_20_V_SHIFTREG_AUTO_0R0W_core_U/tmp_product_i_10      | CLB.LUT.LUT4           |
    | H_dec_2_20_V_U/FIR_Halfband_v2_H_dec_2_20_V_SHIFTREG_AUTO_0R0W_core_U/tmp_product_i_1       | CLB.CARRY.CARRY8       |
    | p_2_FIR_filter_transposed_fu_448/p_ZL10H_accu_FIR_94_reg/DSP_A_B_DATA_INST                  | ARITHMETIC.DSP.DSP48E2 |
    | H_dec_2_20_V_U/FIR_Halfband_v2_H_dec_2_20_V_SHIFTREG_AUTO_0R0W_core_U/ShiftRegMem_reg[2][2] | REGISTER.SDR.FDRE      |
    | H_dec_2_20_V_U/FIR_Halfband_v2_H_dec_2_20_V_SHIFTREG_AUTO_0R0W_core_U/tmp_product_i_24      | CLB.LUT.LUT6           |
    | H_dec_2_20_V_U/FIR_Halfband_v2_H_dec_2_20_V_SHIFTREG_AUTO_0R0W_core_U/tmp_product_i_23      | CLB.LUT.LUT4           |
    | H_dec_2_20_V_U/FIR_Halfband_v2_H_dec_2_20_V_SHIFTREG_AUTO_0R0W_core_U/tmp_product_i_10      | CLB.LUT.LUT4           |
    | H_dec_2_20_V_U/FIR_Halfband_v2_H_dec_2_20_V_SHIFTREG_AUTO_0R0W_core_U/tmp_product_i_1       | CLB.CARRY.CARRY8       |
    | p_2_FIR_filter_transposed_fu_448/p_ZL10H_accu_FIR_93_reg/DSP_A_B_DATA_INST                  | ARITHMETIC.DSP.DSP48E2 |
    | H_dec_2_20_V_U/FIR_Halfband_v2_H_dec_2_20_V_SHIFTREG_AUTO_0R0W_core_U/ShiftRegMem_reg[2][2] | REGISTER.SDR.FDRE      |
    | H_dec_2_20_V_U/FIR_Halfband_v2_H_dec_2_20_V_SHIFTREG_AUTO_0R0W_core_U/tmp_product_i_24      | CLB.LUT.LUT6           |
    | H_dec_2_20_V_U/FIR_Halfband_v2_H_dec_2_20_V_SHIFTREG_AUTO_0R0W_core_U/tmp_product_i_23      | CLB.LUT.LUT4           |
    | H_dec_2_20_V_U/FIR_Halfband_v2_H_dec_2_20_V_SHIFTREG_AUTO_0R0W_core_U/tmp_product_i_10      | CLB.LUT.LUT4           |
    | H_dec_2_20_V_U/FIR_Halfband_v2_H_dec_2_20_V_SHIFTREG_AUTO_0R0W_core_U/tmp_product_i_1       | CLB.CARRY.CARRY8       |
    | p_2_FIR_filter_transposed_fu_448/p_ZL10H_accu_FIR_91_reg/DSP_A_B_DATA_INST                  | ARITHMETIC.DSP.DSP48E2 |
    +---------------------------------------------------------------------------------------------+------------------------+

    +---------------------------------------------------------------------------------------------+------------------------+
    | Path4 Cells                                                                                 | Primitive Type         |
    +---------------------------------------------------------------------------------------------+------------------------+
    | H_dec_2_20_V_U/FIR_Halfband_v2_H_dec_2_20_V_SHIFTREG_AUTO_0R0W_core_U/ShiftRegMem_reg[2][2] | REGISTER.SDR.FDRE      |
    | H_dec_2_20_V_U/FIR_Halfband_v2_H_dec_2_20_V_SHIFTREG_AUTO_0R0W_core_U/tmp_product_i_24      | CLB.LUT.LUT6           |
    | H_dec_2_20_V_U/FIR_Halfband_v2_H_dec_2_20_V_SHIFTREG_AUTO_0R0W_core_U/tmp_product_i_23      | CLB.LUT.LUT4           |
    | H_dec_2_20_V_U/FIR_Halfband_v2_H_dec_2_20_V_SHIFTREG_AUTO_0R0W_core_U/tmp_product_i_10      | CLB.LUT.LUT4           |
    | H_dec_2_20_V_U/FIR_Halfband_v2_H_dec_2_20_V_SHIFTREG_AUTO_0R0W_core_U/tmp_product_i_1       | CLB.CARRY.CARRY8       |
    | p_2_FIR_filter_transposed_fu_448/p_ZL10H_accu_FIR_16_reg/DSP_A_B_DATA_INST                  | ARITHMETIC.DSP.DSP48E2 |
    | H_dec_2_20_V_U/FIR_Halfband_v2_H_dec_2_20_V_SHIFTREG_AUTO_0R0W_core_U/ShiftRegMem_reg[2][2] | REGISTER.SDR.FDRE      |
    | H_dec_2_20_V_U/FIR_Halfband_v2_H_dec_2_20_V_SHIFTREG_AUTO_0R0W_core_U/tmp_product_i_24      | CLB.LUT.LUT6           |
    | H_dec_2_20_V_U/FIR_Halfband_v2_H_dec_2_20_V_SHIFTREG_AUTO_0R0W_core_U/tmp_product_i_23      | CLB.LUT.LUT4           |
    | H_dec_2_20_V_U/FIR_Halfband_v2_H_dec_2_20_V_SHIFTREG_AUTO_0R0W_core_U/tmp_product_i_10      | CLB.LUT.LUT4           |
    | H_dec_2_20_V_U/FIR_Halfband_v2_H_dec_2_20_V_SHIFTREG_AUTO_0R0W_core_U/tmp_product_i_1       | CLB.CARRY.CARRY8       |
    | p_2_FIR_filter_transposed_fu_448/p_ZL10H_accu_FIR_93_reg/DSP_A_B_DATA_INST                  | ARITHMETIC.DSP.DSP48E2 |
    | H_dec_2_20_V_U/FIR_Halfband_v2_H_dec_2_20_V_SHIFTREG_AUTO_0R0W_core_U/ShiftRegMem_reg[2][2] | REGISTER.SDR.FDRE      |
    | H_dec_2_20_V_U/FIR_Halfband_v2_H_dec_2_20_V_SHIFTREG_AUTO_0R0W_core_U/tmp_product_i_24      | CLB.LUT.LUT6           |
    | H_dec_2_20_V_U/FIR_Halfband_v2_H_dec_2_20_V_SHIFTREG_AUTO_0R0W_core_U/tmp_product_i_23      | CLB.LUT.LUT4           |
    | H_dec_2_20_V_U/FIR_Halfband_v2_H_dec_2_20_V_SHIFTREG_AUTO_0R0W_core_U/tmp_product_i_10      | CLB.LUT.LUT4           |
    | H_dec_2_20_V_U/FIR_Halfband_v2_H_dec_2_20_V_SHIFTREG_AUTO_0R0W_core_U/tmp_product_i_1       | CLB.CARRY.CARRY8       |
    | p_2_FIR_filter_transposed_fu_448/p_ZL10H_accu_FIR_94_reg/DSP_A_B_DATA_INST                  | ARITHMETIC.DSP.DSP48E2 |
    | H_dec_2_20_V_U/FIR_Halfband_v2_H_dec_2_20_V_SHIFTREG_AUTO_0R0W_core_U/ShiftRegMem_reg[2][2] | REGISTER.SDR.FDRE      |
    | H_dec_2_20_V_U/FIR_Halfband_v2_H_dec_2_20_V_SHIFTREG_AUTO_0R0W_core_U/tmp_product_i_24      | CLB.LUT.LUT6           |
    | H_dec_2_20_V_U/FIR_Halfband_v2_H_dec_2_20_V_SHIFTREG_AUTO_0R0W_core_U/tmp_product_i_23      | CLB.LUT.LUT4           |
    | H_dec_2_20_V_U/FIR_Halfband_v2_H_dec_2_20_V_SHIFTREG_AUTO_0R0W_core_U/tmp_product_i_10      | CLB.LUT.LUT4           |
    | H_dec_2_20_V_U/FIR_Halfband_v2_H_dec_2_20_V_SHIFTREG_AUTO_0R0W_core_U/tmp_product_i_1       | CLB.CARRY.CARRY8       |
    | p_2_FIR_filter_transposed_fu_448/p_ZL10H_accu_FIR_93_reg/DSP_A_B_DATA_INST                  | ARITHMETIC.DSP.DSP48E2 |
    | H_dec_2_20_V_U/FIR_Halfband_v2_H_dec_2_20_V_SHIFTREG_AUTO_0R0W_core_U/ShiftRegMem_reg[2][2] | REGISTER.SDR.FDRE      |
    | H_dec_2_20_V_U/FIR_Halfband_v2_H_dec_2_20_V_SHIFTREG_AUTO_0R0W_core_U/tmp_product_i_24      | CLB.LUT.LUT6           |
    | H_dec_2_20_V_U/FIR_Halfband_v2_H_dec_2_20_V_SHIFTREG_AUTO_0R0W_core_U/tmp_product_i_23      | CLB.LUT.LUT4           |
    | H_dec_2_20_V_U/FIR_Halfband_v2_H_dec_2_20_V_SHIFTREG_AUTO_0R0W_core_U/tmp_product_i_10      | CLB.LUT.LUT4           |
    | H_dec_2_20_V_U/FIR_Halfband_v2_H_dec_2_20_V_SHIFTREG_AUTO_0R0W_core_U/tmp_product_i_1       | CLB.CARRY.CARRY8       |
    | p_2_FIR_filter_transposed_fu_448/p_ZL10H_accu_FIR_91_reg/DSP_A_B_DATA_INST                  | ARITHMETIC.DSP.DSP48E2 |
    +---------------------------------------------------------------------------------------------+------------------------+

    +---------------------------------------------------------------------------------------------+------------------------+
    | Path5 Cells                                                                                 | Primitive Type         |
    +---------------------------------------------------------------------------------------------+------------------------+
    | H_dec_2_20_V_U/FIR_Halfband_v2_H_dec_2_20_V_SHIFTREG_AUTO_0R0W_core_U/ShiftRegMem_reg[2][2] | REGISTER.SDR.FDRE      |
    | H_dec_2_20_V_U/FIR_Halfband_v2_H_dec_2_20_V_SHIFTREG_AUTO_0R0W_core_U/tmp_product_i_24      | CLB.LUT.LUT6           |
    | H_dec_2_20_V_U/FIR_Halfband_v2_H_dec_2_20_V_SHIFTREG_AUTO_0R0W_core_U/tmp_product_i_23      | CLB.LUT.LUT4           |
    | H_dec_2_20_V_U/FIR_Halfband_v2_H_dec_2_20_V_SHIFTREG_AUTO_0R0W_core_U/tmp_product_i_10      | CLB.LUT.LUT4           |
    | H_dec_2_20_V_U/FIR_Halfband_v2_H_dec_2_20_V_SHIFTREG_AUTO_0R0W_core_U/tmp_product_i_1       | CLB.CARRY.CARRY8       |
    | p_2_FIR_filter_transposed_fu_448/p_ZL10H_accu_FIR_16_reg/DSP_A_B_DATA_INST                  | ARITHMETIC.DSP.DSP48E2 |
    | H_dec_2_20_V_U/FIR_Halfband_v2_H_dec_2_20_V_SHIFTREG_AUTO_0R0W_core_U/ShiftRegMem_reg[2][2] | REGISTER.SDR.FDRE      |
    | H_dec_2_20_V_U/FIR_Halfband_v2_H_dec_2_20_V_SHIFTREG_AUTO_0R0W_core_U/tmp_product_i_24      | CLB.LUT.LUT6           |
    | H_dec_2_20_V_U/FIR_Halfband_v2_H_dec_2_20_V_SHIFTREG_AUTO_0R0W_core_U/tmp_product_i_23      | CLB.LUT.LUT4           |
    | H_dec_2_20_V_U/FIR_Halfband_v2_H_dec_2_20_V_SHIFTREG_AUTO_0R0W_core_U/tmp_product_i_10      | CLB.LUT.LUT4           |
    | H_dec_2_20_V_U/FIR_Halfband_v2_H_dec_2_20_V_SHIFTREG_AUTO_0R0W_core_U/tmp_product_i_1       | CLB.CARRY.CARRY8       |
    | p_2_FIR_filter_transposed_fu_448/p_ZL10H_accu_FIR_93_reg/DSP_A_B_DATA_INST                  | ARITHMETIC.DSP.DSP48E2 |
    | H_dec_2_20_V_U/FIR_Halfband_v2_H_dec_2_20_V_SHIFTREG_AUTO_0R0W_core_U/ShiftRegMem_reg[2][2] | REGISTER.SDR.FDRE      |
    | H_dec_2_20_V_U/FIR_Halfband_v2_H_dec_2_20_V_SHIFTREG_AUTO_0R0W_core_U/tmp_product_i_24      | CLB.LUT.LUT6           |
    | H_dec_2_20_V_U/FIR_Halfband_v2_H_dec_2_20_V_SHIFTREG_AUTO_0R0W_core_U/tmp_product_i_23      | CLB.LUT.LUT4           |
    | H_dec_2_20_V_U/FIR_Halfband_v2_H_dec_2_20_V_SHIFTREG_AUTO_0R0W_core_U/tmp_product_i_10      | CLB.LUT.LUT4           |
    | H_dec_2_20_V_U/FIR_Halfband_v2_H_dec_2_20_V_SHIFTREG_AUTO_0R0W_core_U/tmp_product_i_1       | CLB.CARRY.CARRY8       |
    | p_2_FIR_filter_transposed_fu_448/p_ZL10H_accu_FIR_94_reg/DSP_A_B_DATA_INST                  | ARITHMETIC.DSP.DSP48E2 |
    | H_dec_2_20_V_U/FIR_Halfband_v2_H_dec_2_20_V_SHIFTREG_AUTO_0R0W_core_U/ShiftRegMem_reg[2][2] | REGISTER.SDR.FDRE      |
    | H_dec_2_20_V_U/FIR_Halfband_v2_H_dec_2_20_V_SHIFTREG_AUTO_0R0W_core_U/tmp_product_i_24      | CLB.LUT.LUT6           |
    | H_dec_2_20_V_U/FIR_Halfband_v2_H_dec_2_20_V_SHIFTREG_AUTO_0R0W_core_U/tmp_product_i_23      | CLB.LUT.LUT4           |
    | H_dec_2_20_V_U/FIR_Halfband_v2_H_dec_2_20_V_SHIFTREG_AUTO_0R0W_core_U/tmp_product_i_10      | CLB.LUT.LUT4           |
    | H_dec_2_20_V_U/FIR_Halfband_v2_H_dec_2_20_V_SHIFTREG_AUTO_0R0W_core_U/tmp_product_i_1       | CLB.CARRY.CARRY8       |
    | p_2_FIR_filter_transposed_fu_448/p_ZL10H_accu_FIR_93_reg/DSP_A_B_DATA_INST                  | ARITHMETIC.DSP.DSP48E2 |
    | H_dec_2_20_V_U/FIR_Halfband_v2_H_dec_2_20_V_SHIFTREG_AUTO_0R0W_core_U/ShiftRegMem_reg[2][2] | REGISTER.SDR.FDRE      |
    | H_dec_2_20_V_U/FIR_Halfband_v2_H_dec_2_20_V_SHIFTREG_AUTO_0R0W_core_U/tmp_product_i_24      | CLB.LUT.LUT6           |
    | H_dec_2_20_V_U/FIR_Halfband_v2_H_dec_2_20_V_SHIFTREG_AUTO_0R0W_core_U/tmp_product_i_23      | CLB.LUT.LUT4           |
    | H_dec_2_20_V_U/FIR_Halfband_v2_H_dec_2_20_V_SHIFTREG_AUTO_0R0W_core_U/tmp_product_i_10      | CLB.LUT.LUT4           |
    | H_dec_2_20_V_U/FIR_Halfband_v2_H_dec_2_20_V_SHIFTREG_AUTO_0R0W_core_U/tmp_product_i_1       | CLB.CARRY.CARRY8       |
    | p_2_FIR_filter_transposed_fu_448/p_ZL10H_accu_FIR_91_reg/DSP_A_B_DATA_INST                  | ARITHMETIC.DSP.DSP48E2 |
    +---------------------------------------------------------------------------------------------+------------------------+


================================================================
== Place & Route Vivado Reports
================================================================
+--------------------------+-------------------------------------------------------------------------+
| Report Type              | Report Location                                                         |
+--------------------------+-------------------------------------------------------------------------+
| design_analysis          | impl/verilog/report/FIR_Halfband_v2_design_analysis_routed.rpt          |
| failfast                 | impl/verilog/report/FIR_Halfband_v2_failfast_routed.rpt                 |
| power                    | impl/verilog/report/FIR_Halfband_v2_power_routed.rpt                    |
| status                   | impl/verilog/report/FIR_Halfband_v2_status_routed.rpt                   |
| timing                   | impl/verilog/report/FIR_Halfband_v2_timing_routed.rpt                   |
| timing_paths             | impl/verilog/report/FIR_Halfband_v2_timing_paths_routed.rpt             |
| utilization              | impl/verilog/report/FIR_Halfband_v2_utilization_routed.rpt              |
| utilization_hierarchical | impl/verilog/report/FIR_Halfband_v2_utilization_hierarchical_routed.rpt |
+--------------------------+-------------------------------------------------------------------------+


