================================================================
== Vivado RTL Synthesis Results
================================================================
+ General Information:
    * Date:            Mon Nov 24 00:05:04 +0100 2025
    * Version:         2024.2 (Build 5238294 on Nov  8 2024)
    * Project:         FIR_Halfband_v2
    * Solution:        hls (Vivado IP Flow Target)
    * Product family:  zynquplus
    * Target device:   xck26-sfvc784-2LV-c


================================================================
== Run Constraints & Options
================================================================
+ Design Constraints & Options:
    * RTL Synthesis target clock:  10 ns
    * C-Synthesis uncertainty:     27%

+ RTL Synthesis Options:
    * config_export -vivado_synth_strategy:     default
    * config_export -vivado_synth_design_args:  -directive sdx_optimization_effort_high

+ Reporting Options:
    * config_export -vivado_report_level:      2
    * config_export -vivado_max_timing_paths:  10


================================================================
== RTL Synthesis Resource Summary
================================================================
LUT:              1312
FF:               1023
DSP:              109
BRAM:             0
URAM:             0
SRL:              274


================================================================
== RTL Synthesis Timing Summary
================================================================
* Timing was met
+----------------+-------------+
| Timing         | Period (ns) |
+----------------+-------------+
| Target         | 10.000      |
| Post-Synthesis | 3.116       |
+----------------+-------------+


================================================================
== RTL Synthesis Resources
================================================================
+-----------------------------------------------+------+------+-----+------+------+-----+--------+------+---------+----------+--------+
| Name                                          | LUT  | FF   | DSP | BRAM | URAM | SRL | Pragma | Impl | Latency | Variable | Source |
+-----------------------------------------------+------+------+-----+------+------+-----+--------+------+---------+----------+--------+
| inst                                          | 1312 | 1023 | 109 |      |      |     |        |      |         |          |        |
|   (inst)                                      | 2    | 372  |     |      |      |     |        |      |         |          |        |
|   H_dec_1_20_V_U                              | 22   | 32   |     |      |      |     |        |      |         |          |        |
|   H_dec_2_20_V_U                              | 38   | 16   |     |      |      |     |        |      |         |          |        |
|   H_int_1_20_V_U                              | 2    | 32   |     |      |      |     |        |      |         |          |        |
|   H_int_2_20_V_U                              | 8    | 32   |     |      |      |     |        |      |         |          |        |
|   grp_FIR_filter_1_fu_431                     | 48   | 32   | 2   |      |      |     |        |      |         |          |        |
|     (grp_FIR_filter_1_fu_431)                 | 48   | 32   |     |      |      |     |        |      |         |          |        |
|     am_addmul_16s_16s_15ns_32_4_1_U80         |      |      | 1   |      |      |     |        |      |         |          |        |
|     ama_addmuladd_16s_16s_13s_32s_32_4_1_U81  |      |      | 1   |      |      |     |        |      |         |          |        |
|   grp_FIR_filter_1_fu_440                     | 56   | 32   | 2   |      |      |     |        |      |         |          |        |
|     (grp_FIR_filter_1_fu_440)                 | 48   | 32   |     |      |      |     |        |      |         |          |        |
|     am_addmul_16s_16s_15ns_32_4_1_U80         |      |      | 1   |      |      |     |        |      |         |          |        |
|     ama_addmuladd_16s_16s_13s_32s_32_4_1_U81  | 8    |      | 1   |      |      |     |        |      |         |          |        |
|   grp_FIR_filter_fu_411                       | 80   | 80   | 3   |      |      |     |        |      |         |          |        |
|     (grp_FIR_filter_fu_411)                   | 80   | 80   |     |      |      |     |        |      |         |          |        |
|     am_addmul_16s_16s_15ns_32_4_1_U68         |      |      | 1   |      |      |     |        |      |         |          |        |
|     ama_addmuladd_16s_16s_10ns_32s_32_4_1_U69 |      |      | 1   |      |      |     |        |      |         |          |        |
|     ama_addmuladd_16s_16s_14s_32s_32_4_1_U70  |      |      | 1   |      |      |     |        |      |         |          |        |
|   grp_FIR_filter_fu_421                       | 88   | 80   | 3   |      |      |     |        |      |         |          |        |
|     (grp_FIR_filter_fu_421)                   | 80   | 80   |     |      |      |     |        |      |         |          |        |
|     am_addmul_16s_16s_15ns_32_4_1_U68         |      |      | 1   |      |      |     |        |      |         |          |        |
|     ama_addmuladd_16s_16s_10ns_32s_32_4_1_U69 |      |      | 1   |      |      |     |        |      |         |          |        |
|     ama_addmuladd_16s_16s_14s_32s_32_4_1_U70  | 8    |      | 1   |      |      |     |        |      |         |          |        |
|   p_2_FIR_filter_transposed_fu_448            | 893  | 241  | 99  |      |      |     |        |      |         |          |        |
|     (p_2_FIR_filter_transposed_fu_448)        | 893  | 241  | 98  |      |      |     |        |      |         |          |        |
|     mul_16s_8ns_23_1_1_U1                     | 1    |      | 1   |      |      |     |        |      |         |          |        |
|   regslice_both_input_r_U                     | 42   | 37   |     |      |      |     |        |      |         |          |        |
|   regslice_both_output_r_U                    | 33   | 37   |     |      |      |     |        |      |         |          |        |
+-----------------------------------------------+------+------+-----+------+------+-----+--------+------+---------+----------+--------+


================================================================
== RTL Synthesis Fail Fast
================================================================
+-----------------------------------------------------------+-----------+--------+--------+
| Criteria                                                  | Guideline | Actual | Status |
+-----------------------------------------------------------+-----------+--------+--------+
| LUT                                                       | 70%       | 1.12%  | OK     |
| FD                                                        | 50%       | 0.44%  | OK     |
| LUTRAM+SRL                                                | 25%       | 0.48%  | OK     |
| CARRY8                                                    | 25%       | 0.92%  | OK     |
| MUXF7                                                     | 15%       | 0.00%  | OK     |
| DSP                                                       | 80%       | 8.73%  | OK     |
| RAMB/FIFO                                                 | 80%       | 0.00%  | OK     |
| URAM                                                      | 80%       | 0.00%  | OK     |
| DSP+RAMB+URAM (Avg)                                       | 70%       | 8.73%  | OK     |
| BUFGCE* + BUFGCTRL                                        | 24        | 0      | OK     |
| DONT_TOUCH (cells/nets)                                   | 0         | 0      | OK     |
| MARK_DEBUG (nets)                                         | 0         | 0      | OK     |
| Control Sets                                              | 2196      | 16     | OK     |
| Average Fanout for modules > 100k cells                   | 4         | 0.80   | OK     |
| Max Average Fanout for modules > 100k cells               | 4         | 0      | OK     |
| Non-FD high fanout nets > 10k loads                       | 0         | 0      | OK     |
+-----------------------------------------------------------+-----------+--------+--------+
| TIMING-6 (No common primary clock between related clocks) | 0         | 0      | OK     |
| TIMING-7 (No common node between related clocks)          | 0         | 0      | OK     |
| TIMING-8 (No common period between related clocks)        | 0         | 0      | OK     |
| TIMING-14 (LUT on the clock tree)                         | 0         | 0      | OK     |
| TIMING-35 (No common node in paths with the same clock)   | 0         | 0      | OK     |
+-----------------------------------------------------------+-----------+--------+--------+
| Number of paths above max LUT budgeting (0.391ns)         | 0         | 0      | OK     |
| Number of paths above max Net budgeting (0.263ns)         | 0         | 0      | OK     |
+-----------------------------------------------------------+-----------+--------+--------+


================================================================
== RTL Synthesis Timing Paths
================================================================
* Timing was met
+-------+-------+-----------------------------------------------------------------------------------------------+--------------------------------------------------------------------------------------------+--------------+------------+----------------+----------------+--------------+
| Path  | SLACK | STARTPOINT PIN                                                                                | ENDPOINT PIN                                                                               | LOGIC LEVELS | MAX FANOUT | DATAPATH DELAY | DATAPATH LOGIC | DATAPATH NET |
|       |       |                                                                                               |                                                                                            |              |            |                |          DELAY |        DELAY |
+-------+-------+-----------------------------------------------------------------------------------------------+--------------------------------------------------------------------------------------------+--------------+------------+----------------+----------------+--------------+
| Path1 | 6.884 | p_2_FIR_filter_transposed_fu_448/mul_16s_8ns_23_1_1_U1/tmp_product/DSP_A_B_DATA_INST/CLK      | y3_reg[15]/D                                                                               |           10 |          3 |          3.078 |          2.737 |        0.341 |
| Path2 | 6.884 | H_dec_2_20_V_U/FIR_Halfband_v2_H_dec_2_20_V_SHIFTREG_AUTO_0R0W_core_U/ShiftRegMem_reg[2][4]/C | p_2_FIR_filter_transposed_fu_448/mul_16s_8ns_23_1_1_U1/tmp_product/DSP_A_B_DATA_INST/A[23] |            5 |       1486 |          2.554 |          0.708 |        1.846 |
| Path3 | 6.884 | H_dec_2_20_V_U/FIR_Halfband_v2_H_dec_2_20_V_SHIFTREG_AUTO_0R0W_core_U/ShiftRegMem_reg[2][4]/C | p_2_FIR_filter_transposed_fu_448/p_ZL10H_accu_FIR_102_reg/DSP_A_B_DATA_INST/A[23]          |            5 |       1486 |          2.554 |          0.708 |        1.846 |
| Path4 | 6.884 | H_dec_2_20_V_U/FIR_Halfband_v2_H_dec_2_20_V_SHIFTREG_AUTO_0R0W_core_U/ShiftRegMem_reg[2][4]/C | p_2_FIR_filter_transposed_fu_448/p_ZL10H_accu_FIR_103_reg/DSP_A_B_DATA_INST/A[23]          |            5 |       1486 |          2.554 |          0.708 |        1.846 |
| Path5 | 6.884 | H_dec_2_20_V_U/FIR_Halfband_v2_H_dec_2_20_V_SHIFTREG_AUTO_0R0W_core_U/ShiftRegMem_reg[2][4]/C | p_2_FIR_filter_transposed_fu_448/p_ZL10H_accu_FIR_104_reg/DSP_A_B_DATA_INST/A[23]          |            5 |       1486 |          2.554 |          0.708 |        1.846 |
+-------+-------+-----------------------------------------------------------------------------------------------+--------------------------------------------------------------------------------------------+--------------+------------+----------------+----------------+--------------+

    +---------------------------------------------------------------------------------------------+------------------------+
    | Path1 Cells                                                                                 | Primitive Type         |
    +---------------------------------------------------------------------------------------------+------------------------+
    | p_2_FIR_filter_transposed_fu_448/mul_16s_8ns_23_1_1_U1/tmp_product/DSP_A_B_DATA_INST        | ARITHMETIC.DSP.DSP48E2 |
    | p_2_FIR_filter_transposed_fu_448/mul_16s_8ns_23_1_1_U1/tmp_product/DSP_PREADD_DATA_INST     | ARITHMETIC.DSP.DSP48E2 |
    | p_2_FIR_filter_transposed_fu_448/mul_16s_8ns_23_1_1_U1/tmp_product/DSP_MULTIPLIER_INST      | ARITHMETIC.DSP.DSP48E2 |
    | p_2_FIR_filter_transposed_fu_448/mul_16s_8ns_23_1_1_U1/tmp_product/DSP_M_DATA_INST          | ARITHMETIC.DSP.DSP48E2 |
    | p_2_FIR_filter_transposed_fu_448/mul_16s_8ns_23_1_1_U1/tmp_product/DSP_ALU_INST             | ARITHMETIC.DSP.DSP48E2 |
    | p_2_FIR_filter_transposed_fu_448/mul_16s_8ns_23_1_1_U1/tmp_product/DSP_OUTPUT_INST          | ARITHMETIC.DSP.DSP48E2 |
    | p_2_FIR_filter_transposed_fu_448/y3[7]_i_28                                                 | CLB.LUT.LUT2           |
    | p_2_FIR_filter_transposed_fu_448/y3_reg[7]_i_12                                             | CLB.CARRY.CARRY8       |
    | p_2_FIR_filter_transposed_fu_448/y3_reg[7]_i_2                                              | CLB.CARRY.CARRY8       |
    | p_2_FIR_filter_transposed_fu_448/y3_reg[7]_i_1                                              | CLB.CARRY.CARRY8       |
    | p_2_FIR_filter_transposed_fu_448/y3_reg[15]_i_1                                             | CLB.CARRY.CARRY8       |
    | y3_reg[15]                                                                                  | REGISTER.SDR.FDRE      |
    | H_dec_2_20_V_U/FIR_Halfband_v2_H_dec_2_20_V_SHIFTREG_AUTO_0R0W_core_U/ShiftRegMem_reg[2][4] | REGISTER.SDR.FDRE      |
    | H_dec_2_20_V_U/FIR_Halfband_v2_H_dec_2_20_V_SHIFTREG_AUTO_0R0W_core_U/tmp_product_i_24      | CLB.LUT.LUT6           |
    | H_dec_2_20_V_U/FIR_Halfband_v2_H_dec_2_20_V_SHIFTREG_AUTO_0R0W_core_U/tmp_product_i_21      | CLB.LUT.LUT6           |
    | H_dec_2_20_V_U/FIR_Halfband_v2_H_dec_2_20_V_SHIFTREG_AUTO_0R0W_core_U/tmp_product_i_20      | CLB.LUT.LUT4           |
    | H_dec_2_20_V_U/FIR_Halfband_v2_H_dec_2_20_V_SHIFTREG_AUTO_0R0W_core_U/tmp_product_i_5       | CLB.LUT.LUT4           |
    | H_dec_2_20_V_U/FIR_Halfband_v2_H_dec_2_20_V_SHIFTREG_AUTO_0R0W_core_U/tmp_product_i_1       | CLB.CARRY.CARRY8       |
    | p_2_FIR_filter_transposed_fu_448/mul_16s_8ns_23_1_1_U1/tmp_product/DSP_A_B_DATA_INST        | ARITHMETIC.DSP.DSP48E2 |
    | H_dec_2_20_V_U/FIR_Halfband_v2_H_dec_2_20_V_SHIFTREG_AUTO_0R0W_core_U/ShiftRegMem_reg[2][4] | REGISTER.SDR.FDRE      |
    | H_dec_2_20_V_U/FIR_Halfband_v2_H_dec_2_20_V_SHIFTREG_AUTO_0R0W_core_U/tmp_product_i_24      | CLB.LUT.LUT6           |
    | H_dec_2_20_V_U/FIR_Halfband_v2_H_dec_2_20_V_SHIFTREG_AUTO_0R0W_core_U/tmp_product_i_21      | CLB.LUT.LUT6           |
    | H_dec_2_20_V_U/FIR_Halfband_v2_H_dec_2_20_V_SHIFTREG_AUTO_0R0W_core_U/tmp_product_i_20      | CLB.LUT.LUT4           |
    | H_dec_2_20_V_U/FIR_Halfband_v2_H_dec_2_20_V_SHIFTREG_AUTO_0R0W_core_U/tmp_product_i_5       | CLB.LUT.LUT4           |
    | H_dec_2_20_V_U/FIR_Halfband_v2_H_dec_2_20_V_SHIFTREG_AUTO_0R0W_core_U/tmp_product_i_1       | CLB.CARRY.CARRY8       |
    | p_2_FIR_filter_transposed_fu_448/p_ZL10H_accu_FIR_102_reg/DSP_A_B_DATA_INST                 | ARITHMETIC.DSP.DSP48E2 |
    | H_dec_2_20_V_U/FIR_Halfband_v2_H_dec_2_20_V_SHIFTREG_AUTO_0R0W_core_U/ShiftRegMem_reg[2][4] | REGISTER.SDR.FDRE      |
    | H_dec_2_20_V_U/FIR_Halfband_v2_H_dec_2_20_V_SHIFTREG_AUTO_0R0W_core_U/tmp_product_i_24      | CLB.LUT.LUT6           |
    | H_dec_2_20_V_U/FIR_Halfband_v2_H_dec_2_20_V_SHIFTREG_AUTO_0R0W_core_U/tmp_product_i_21      | CLB.LUT.LUT6           |
    | H_dec_2_20_V_U/FIR_Halfband_v2_H_dec_2_20_V_SHIFTREG_AUTO_0R0W_core_U/tmp_product_i_20      | CLB.LUT.LUT4           |
    | H_dec_2_20_V_U/FIR_Halfband_v2_H_dec_2_20_V_SHIFTREG_AUTO_0R0W_core_U/tmp_product_i_5       | CLB.LUT.LUT4           |
    | H_dec_2_20_V_U/FIR_Halfband_v2_H_dec_2_20_V_SHIFTREG_AUTO_0R0W_core_U/tmp_product_i_1       | CLB.CARRY.CARRY8       |
    | p_2_FIR_filter_transposed_fu_448/p_ZL10H_accu_FIR_103_reg/DSP_A_B_DATA_INST                 | ARITHMETIC.DSP.DSP48E2 |
    | H_dec_2_20_V_U/FIR_Halfband_v2_H_dec_2_20_V_SHIFTREG_AUTO_0R0W_core_U/ShiftRegMem_reg[2][4] | REGISTER.SDR.FDRE      |
    | H_dec_2_20_V_U/FIR_Halfband_v2_H_dec_2_20_V_SHIFTREG_AUTO_0R0W_core_U/tmp_product_i_24      | CLB.LUT.LUT6           |
    | H_dec_2_20_V_U/FIR_Halfband_v2_H_dec_2_20_V_SHIFTREG_AUTO_0R0W_core_U/tmp_product_i_21      | CLB.LUT.LUT6           |
    | H_dec_2_20_V_U/FIR_Halfband_v2_H_dec_2_20_V_SHIFTREG_AUTO_0R0W_core_U/tmp_product_i_20      | CLB.LUT.LUT4           |
    | H_dec_2_20_V_U/FIR_Halfband_v2_H_dec_2_20_V_SHIFTREG_AUTO_0R0W_core_U/tmp_product_i_5       | CLB.LUT.LUT4           |
    | H_dec_2_20_V_U/FIR_Halfband_v2_H_dec_2_20_V_SHIFTREG_AUTO_0R0W_core_U/tmp_product_i_1       | CLB.CARRY.CARRY8       |
    | p_2_FIR_filter_transposed_fu_448/p_ZL10H_accu_FIR_104_reg/DSP_A_B_DATA_INST                 | ARITHMETIC.DSP.DSP48E2 |
    +---------------------------------------------------------------------------------------------+------------------------+

    +---------------------------------------------------------------------------------------------+------------------------+
    | Path2 Cells                                                                                 | Primitive Type         |
    +---------------------------------------------------------------------------------------------+------------------------+
    | p_2_FIR_filter_transposed_fu_448/mul_16s_8ns_23_1_1_U1/tmp_product/DSP_A_B_DATA_INST        | ARITHMETIC.DSP.DSP48E2 |
    | p_2_FIR_filter_transposed_fu_448/mul_16s_8ns_23_1_1_U1/tmp_product/DSP_PREADD_DATA_INST     | ARITHMETIC.DSP.DSP48E2 |
    | p_2_FIR_filter_transposed_fu_448/mul_16s_8ns_23_1_1_U1/tmp_product/DSP_MULTIPLIER_INST      | ARITHMETIC.DSP.DSP48E2 |
    | p_2_FIR_filter_transposed_fu_448/mul_16s_8ns_23_1_1_U1/tmp_product/DSP_M_DATA_INST          | ARITHMETIC.DSP.DSP48E2 |
    | p_2_FIR_filter_transposed_fu_448/mul_16s_8ns_23_1_1_U1/tmp_product/DSP_ALU_INST             | ARITHMETIC.DSP.DSP48E2 |
    | p_2_FIR_filter_transposed_fu_448/mul_16s_8ns_23_1_1_U1/tmp_product/DSP_OUTPUT_INST          | ARITHMETIC.DSP.DSP48E2 |
    | p_2_FIR_filter_transposed_fu_448/y3[7]_i_28                                                 | CLB.LUT.LUT2           |
    | p_2_FIR_filter_transposed_fu_448/y3_reg[7]_i_12                                             | CLB.CARRY.CARRY8       |
    | p_2_FIR_filter_transposed_fu_448/y3_reg[7]_i_2                                              | CLB.CARRY.CARRY8       |
    | p_2_FIR_filter_transposed_fu_448/y3_reg[7]_i_1                                              | CLB.CARRY.CARRY8       |
    | p_2_FIR_filter_transposed_fu_448/y3_reg[15]_i_1                                             | CLB.CARRY.CARRY8       |
    | y3_reg[15]                                                                                  | REGISTER.SDR.FDRE      |
    | H_dec_2_20_V_U/FIR_Halfband_v2_H_dec_2_20_V_SHIFTREG_AUTO_0R0W_core_U/ShiftRegMem_reg[2][4] | REGISTER.SDR.FDRE      |
    | H_dec_2_20_V_U/FIR_Halfband_v2_H_dec_2_20_V_SHIFTREG_AUTO_0R0W_core_U/tmp_product_i_24      | CLB.LUT.LUT6           |
    | H_dec_2_20_V_U/FIR_Halfband_v2_H_dec_2_20_V_SHIFTREG_AUTO_0R0W_core_U/tmp_product_i_21      | CLB.LUT.LUT6           |
    | H_dec_2_20_V_U/FIR_Halfband_v2_H_dec_2_20_V_SHIFTREG_AUTO_0R0W_core_U/tmp_product_i_20      | CLB.LUT.LUT4           |
    | H_dec_2_20_V_U/FIR_Halfband_v2_H_dec_2_20_V_SHIFTREG_AUTO_0R0W_core_U/tmp_product_i_5       | CLB.LUT.LUT4           |
    | H_dec_2_20_V_U/FIR_Halfband_v2_H_dec_2_20_V_SHIFTREG_AUTO_0R0W_core_U/tmp_product_i_1       | CLB.CARRY.CARRY8       |
    | p_2_FIR_filter_transposed_fu_448/mul_16s_8ns_23_1_1_U1/tmp_product/DSP_A_B_DATA_INST        | ARITHMETIC.DSP.DSP48E2 |
    | H_dec_2_20_V_U/FIR_Halfband_v2_H_dec_2_20_V_SHIFTREG_AUTO_0R0W_core_U/ShiftRegMem_reg[2][4] | REGISTER.SDR.FDRE      |
    | H_dec_2_20_V_U/FIR_Halfband_v2_H_dec_2_20_V_SHIFTREG_AUTO_0R0W_core_U/tmp_product_i_24      | CLB.LUT.LUT6           |
    | H_dec_2_20_V_U/FIR_Halfband_v2_H_dec_2_20_V_SHIFTREG_AUTO_0R0W_core_U/tmp_product_i_21      | CLB.LUT.LUT6           |
    | H_dec_2_20_V_U/FIR_Halfband_v2_H_dec_2_20_V_SHIFTREG_AUTO_0R0W_core_U/tmp_product_i_20      | CLB.LUT.LUT4           |
    | H_dec_2_20_V_U/FIR_Halfband_v2_H_dec_2_20_V_SHIFTREG_AUTO_0R0W_core_U/tmp_product_i_5       | CLB.LUT.LUT4           |
    | H_dec_2_20_V_U/FIR_Halfband_v2_H_dec_2_20_V_SHIFTREG_AUTO_0R0W_core_U/tmp_product_i_1       | CLB.CARRY.CARRY8       |
    | p_2_FIR_filter_transposed_fu_448/p_ZL10H_accu_FIR_102_reg/DSP_A_B_DATA_INST                 | ARITHMETIC.DSP.DSP48E2 |
    | H_dec_2_20_V_U/FIR_Halfband_v2_H_dec_2_20_V_SHIFTREG_AUTO_0R0W_core_U/ShiftRegMem_reg[2][4] | REGISTER.SDR.FDRE      |
    | H_dec_2_20_V_U/FIR_Halfband_v2_H_dec_2_20_V_SHIFTREG_AUTO_0R0W_core_U/tmp_product_i_24      | CLB.LUT.LUT6           |
    | H_dec_2_20_V_U/FIR_Halfband_v2_H_dec_2_20_V_SHIFTREG_AUTO_0R0W_core_U/tmp_product_i_21      | CLB.LUT.LUT6           |
    | H_dec_2_20_V_U/FIR_Halfband_v2_H_dec_2_20_V_SHIFTREG_AUTO_0R0W_core_U/tmp_product_i_20      | CLB.LUT.LUT4           |
    | H_dec_2_20_V_U/FIR_Halfband_v2_H_dec_2_20_V_SHIFTREG_AUTO_0R0W_core_U/tmp_product_i_5       | CLB.LUT.LUT4           |
    | H_dec_2_20_V_U/FIR_Halfband_v2_H_dec_2_20_V_SHIFTREG_AUTO_0R0W_core_U/tmp_product_i_1       | CLB.CARRY.CARRY8       |
    | p_2_FIR_filter_transposed_fu_448/p_ZL10H_accu_FIR_103_reg/DSP_A_B_DATA_INST                 | ARITHMETIC.DSP.DSP48E2 |
    | H_dec_2_20_V_U/FIR_Halfband_v2_H_dec_2_20_V_SHIFTREG_AUTO_0R0W_core_U/ShiftRegMem_reg[2][4] | REGISTER.SDR.FDRE      |
    | H_dec_2_20_V_U/FIR_Halfband_v2_H_dec_2_20_V_SHIFTREG_AUTO_0R0W_core_U/tmp_product_i_24      | CLB.LUT.LUT6           |
    | H_dec_2_20_V_U/FIR_Halfband_v2_H_dec_2_20_V_SHIFTREG_AUTO_0R0W_core_U/tmp_product_i_21      | CLB.LUT.LUT6           |
    | H_dec_2_20_V_U/FIR_Halfband_v2_H_dec_2_20_V_SHIFTREG_AUTO_0R0W_core_U/tmp_product_i_20      | CLB.LUT.LUT4           |
    | H_dec_2_20_V_U/FIR_Halfband_v2_H_dec_2_20_V_SHIFTREG_AUTO_0R0W_core_U/tmp_product_i_5       | CLB.LUT.LUT4           |
    | H_dec_2_20_V_U/FIR_Halfband_v2_H_dec_2_20_V_SHIFTREG_AUTO_0R0W_core_U/tmp_product_i_1       | CLB.CARRY.CARRY8       |
    | p_2_FIR_filter_transposed_fu_448/p_ZL10H_accu_FIR_104_reg/DSP_A_B_DATA_INST                 | ARITHMETIC.DSP.DSP48E2 |
    +---------------------------------------------------------------------------------------------+------------------------+

    +---------------------------------------------------------------------------------------------+------------------------+
    | Path3 Cells                                                                                 | Primitive Type         |
    +---------------------------------------------------------------------------------------------+------------------------+
    | p_2_FIR_filter_transposed_fu_448/mul_16s_8ns_23_1_1_U1/tmp_product/DSP_A_B_DATA_INST        | ARITHMETIC.DSP.DSP48E2 |
    | p_2_FIR_filter_transposed_fu_448/mul_16s_8ns_23_1_1_U1/tmp_product/DSP_PREADD_DATA_INST     | ARITHMETIC.DSP.DSP48E2 |
    | p_2_FIR_filter_transposed_fu_448/mul_16s_8ns_23_1_1_U1/tmp_product/DSP_MULTIPLIER_INST      | ARITHMETIC.DSP.DSP48E2 |
    | p_2_FIR_filter_transposed_fu_448/mul_16s_8ns_23_1_1_U1/tmp_product/DSP_M_DATA_INST          | ARITHMETIC.DSP.DSP48E2 |
    | p_2_FIR_filter_transposed_fu_448/mul_16s_8ns_23_1_1_U1/tmp_product/DSP_ALU_INST             | ARITHMETIC.DSP.DSP48E2 |
    | p_2_FIR_filter_transposed_fu_448/mul_16s_8ns_23_1_1_U1/tmp_product/DSP_OUTPUT_INST          | ARITHMETIC.DSP.DSP48E2 |
    | p_2_FIR_filter_transposed_fu_448/y3[7]_i_28                                                 | CLB.LUT.LUT2           |
    | p_2_FIR_filter_transposed_fu_448/y3_reg[7]_i_12                                             | CLB.CARRY.CARRY8       |
    | p_2_FIR_filter_transposed_fu_448/y3_reg[7]_i_2                                              | CLB.CARRY.CARRY8       |
    | p_2_FIR_filter_transposed_fu_448/y3_reg[7]_i_1                                              | CLB.CARRY.CARRY8       |
    | p_2_FIR_filter_transposed_fu_448/y3_reg[15]_i_1                                             | CLB.CARRY.CARRY8       |
    | y3_reg[15]                                                                                  | REGISTER.SDR.FDRE      |
    | H_dec_2_20_V_U/FIR_Halfband_v2_H_dec_2_20_V_SHIFTREG_AUTO_0R0W_core_U/ShiftRegMem_reg[2][4] | REGISTER.SDR.FDRE      |
    | H_dec_2_20_V_U/FIR_Halfband_v2_H_dec_2_20_V_SHIFTREG_AUTO_0R0W_core_U/tmp_product_i_24      | CLB.LUT.LUT6           |
    | H_dec_2_20_V_U/FIR_Halfband_v2_H_dec_2_20_V_SHIFTREG_AUTO_0R0W_core_U/tmp_product_i_21      | CLB.LUT.LUT6           |
    | H_dec_2_20_V_U/FIR_Halfband_v2_H_dec_2_20_V_SHIFTREG_AUTO_0R0W_core_U/tmp_product_i_20      | CLB.LUT.LUT4           |
    | H_dec_2_20_V_U/FIR_Halfband_v2_H_dec_2_20_V_SHIFTREG_AUTO_0R0W_core_U/tmp_product_i_5       | CLB.LUT.LUT4           |
    | H_dec_2_20_V_U/FIR_Halfband_v2_H_dec_2_20_V_SHIFTREG_AUTO_0R0W_core_U/tmp_product_i_1       | CLB.CARRY.CARRY8       |
    | p_2_FIR_filter_transposed_fu_448/mul_16s_8ns_23_1_1_U1/tmp_product/DSP_A_B_DATA_INST        | ARITHMETIC.DSP.DSP48E2 |
    | H_dec_2_20_V_U/FIR_Halfband_v2_H_dec_2_20_V_SHIFTREG_AUTO_0R0W_core_U/ShiftRegMem_reg[2][4] | REGISTER.SDR.FDRE      |
    | H_dec_2_20_V_U/FIR_Halfband_v2_H_dec_2_20_V_SHIFTREG_AUTO_0R0W_core_U/tmp_product_i_24      | CLB.LUT.LUT6           |
    | H_dec_2_20_V_U/FIR_Halfband_v2_H_dec_2_20_V_SHIFTREG_AUTO_0R0W_core_U/tmp_product_i_21      | CLB.LUT.LUT6           |
    | H_dec_2_20_V_U/FIR_Halfband_v2_H_dec_2_20_V_SHIFTREG_AUTO_0R0W_core_U/tmp_product_i_20      | CLB.LUT.LUT4           |
    | H_dec_2_20_V_U/FIR_Halfband_v2_H_dec_2_20_V_SHIFTREG_AUTO_0R0W_core_U/tmp_product_i_5       | CLB.LUT.LUT4           |
    | H_dec_2_20_V_U/FIR_Halfband_v2_H_dec_2_20_V_SHIFTREG_AUTO_0R0W_core_U/tmp_product_i_1       | CLB.CARRY.CARRY8       |
    | p_2_FIR_filter_transposed_fu_448/p_ZL10H_accu_FIR_102_reg/DSP_A_B_DATA_INST                 | ARITHMETIC.DSP.DSP48E2 |
    | H_dec_2_20_V_U/FIR_Halfband_v2_H_dec_2_20_V_SHIFTREG_AUTO_0R0W_core_U/ShiftRegMem_reg[2][4] | REGISTER.SDR.FDRE      |
    | H_dec_2_20_V_U/FIR_Halfband_v2_H_dec_2_20_V_SHIFTREG_AUTO_0R0W_core_U/tmp_product_i_24      | CLB.LUT.LUT6           |
    | H_dec_2_20_V_U/FIR_Halfband_v2_H_dec_2_20_V_SHIFTREG_AUTO_0R0W_core_U/tmp_product_i_21      | CLB.LUT.LUT6           |
    | H_dec_2_20_V_U/FIR_Halfband_v2_H_dec_2_20_V_SHIFTREG_AUTO_0R0W_core_U/tmp_product_i_20      | CLB.LUT.LUT4           |
    | H_dec_2_20_V_U/FIR_Halfband_v2_H_dec_2_20_V_SHIFTREG_AUTO_0R0W_core_U/tmp_product_i_5       | CLB.LUT.LUT4           |
    | H_dec_2_20_V_U/FIR_Halfband_v2_H_dec_2_20_V_SHIFTREG_AUTO_0R0W_core_U/tmp_product_i_1       | CLB.CARRY.CARRY8       |
    | p_2_FIR_filter_transposed_fu_448/p_ZL10H_accu_FIR_103_reg/DSP_A_B_DATA_INST                 | ARITHMETIC.DSP.DSP48E2 |
    | H_dec_2_20_V_U/FIR_Halfband_v2_H_dec_2_20_V_SHIFTREG_AUTO_0R0W_core_U/ShiftRegMem_reg[2][4] | REGISTER.SDR.FDRE      |
    | H_dec_2_20_V_U/FIR_Halfband_v2_H_dec_2_20_V_SHIFTREG_AUTO_0R0W_core_U/tmp_product_i_24      | CLB.LUT.LUT6           |
    | H_dec_2_20_V_U/FIR_Halfband_v2_H_dec_2_20_V_SHIFTREG_AUTO_0R0W_core_U/tmp_product_i_21      | CLB.LUT.LUT6           |
    | H_dec_2_20_V_U/FIR_Halfband_v2_H_dec_2_20_V_SHIFTREG_AUTO_0R0W_core_U/tmp_product_i_20      | CLB.LUT.LUT4           |
    | H_dec_2_20_V_U/FIR_Halfband_v2_H_dec_2_20_V_SHIFTREG_AUTO_0R0W_core_U/tmp_product_i_5       | CLB.LUT.LUT4           |
    | H_dec_2_20_V_U/FIR_Halfband_v2_H_dec_2_20_V_SHIFTREG_AUTO_0R0W_core_U/tmp_product_i_1       | CLB.CARRY.CARRY8       |
    | p_2_FIR_filter_transposed_fu_448/p_ZL10H_accu_FIR_104_reg/DSP_A_B_DATA_INST                 | ARITHMETIC.DSP.DSP48E2 |
    +---------------------------------------------------------------------------------------------+------------------------+

    +---------------------------------------------------------------------------------------------+------------------------+
    | Path4 Cells                                                                                 | Primitive Type         |
    +---------------------------------------------------------------------------------------------+------------------------+
    | p_2_FIR_filter_transposed_fu_448/mul_16s_8ns_23_1_1_U1/tmp_product/DSP_A_B_DATA_INST        | ARITHMETIC.DSP.DSP48E2 |
    | p_2_FIR_filter_transposed_fu_448/mul_16s_8ns_23_1_1_U1/tmp_product/DSP_PREADD_DATA_INST     | ARITHMETIC.DSP.DSP48E2 |
    | p_2_FIR_filter_transposed_fu_448/mul_16s_8ns_23_1_1_U1/tmp_product/DSP_MULTIPLIER_INST      | ARITHMETIC.DSP.DSP48E2 |
    | p_2_FIR_filter_transposed_fu_448/mul_16s_8ns_23_1_1_U1/tmp_product/DSP_M_DATA_INST          | ARITHMETIC.DSP.DSP48E2 |
    | p_2_FIR_filter_transposed_fu_448/mul_16s_8ns_23_1_1_U1/tmp_product/DSP_ALU_INST             | ARITHMETIC.DSP.DSP48E2 |
    | p_2_FIR_filter_transposed_fu_448/mul_16s_8ns_23_1_1_U1/tmp_product/DSP_OUTPUT_INST          | ARITHMETIC.DSP.DSP48E2 |
    | p_2_FIR_filter_transposed_fu_448/y3[7]_i_28                                                 | CLB.LUT.LUT2           |
    | p_2_FIR_filter_transposed_fu_448/y3_reg[7]_i_12                                             | CLB.CARRY.CARRY8       |
    | p_2_FIR_filter_transposed_fu_448/y3_reg[7]_i_2                                              | CLB.CARRY.CARRY8       |
    | p_2_FIR_filter_transposed_fu_448/y3_reg[7]_i_1                                              | CLB.CARRY.CARRY8       |
    | p_2_FIR_filter_transposed_fu_448/y3_reg[15]_i_1                                             | CLB.CARRY.CARRY8       |
    | y3_reg[15]                                                                                  | REGISTER.SDR.FDRE      |
    | H_dec_2_20_V_U/FIR_Halfband_v2_H_dec_2_20_V_SHIFTREG_AUTO_0R0W_core_U/ShiftRegMem_reg[2][4] | REGISTER.SDR.FDRE      |
    | H_dec_2_20_V_U/FIR_Halfband_v2_H_dec_2_20_V_SHIFTREG_AUTO_0R0W_core_U/tmp_product_i_24      | CLB.LUT.LUT6           |
    | H_dec_2_20_V_U/FIR_Halfband_v2_H_dec_2_20_V_SHIFTREG_AUTO_0R0W_core_U/tmp_product_i_21      | CLB.LUT.LUT6           |
    | H_dec_2_20_V_U/FIR_Halfband_v2_H_dec_2_20_V_SHIFTREG_AUTO_0R0W_core_U/tmp_product_i_20      | CLB.LUT.LUT4           |
    | H_dec_2_20_V_U/FIR_Halfband_v2_H_dec_2_20_V_SHIFTREG_AUTO_0R0W_core_U/tmp_product_i_5       | CLB.LUT.LUT4           |
    | H_dec_2_20_V_U/FIR_Halfband_v2_H_dec_2_20_V_SHIFTREG_AUTO_0R0W_core_U/tmp_product_i_1       | CLB.CARRY.CARRY8       |
    | p_2_FIR_filter_transposed_fu_448/mul_16s_8ns_23_1_1_U1/tmp_product/DSP_A_B_DATA_INST        | ARITHMETIC.DSP.DSP48E2 |
    | H_dec_2_20_V_U/FIR_Halfband_v2_H_dec_2_20_V_SHIFTREG_AUTO_0R0W_core_U/ShiftRegMem_reg[2][4] | REGISTER.SDR.FDRE      |
    | H_dec_2_20_V_U/FIR_Halfband_v2_H_dec_2_20_V_SHIFTREG_AUTO_0R0W_core_U/tmp_product_i_24      | CLB.LUT.LUT6           |
    | H_dec_2_20_V_U/FIR_Halfband_v2_H_dec_2_20_V_SHIFTREG_AUTO_0R0W_core_U/tmp_product_i_21      | CLB.LUT.LUT6           |
    | H_dec_2_20_V_U/FIR_Halfband_v2_H_dec_2_20_V_SHIFTREG_AUTO_0R0W_core_U/tmp_product_i_20      | CLB.LUT.LUT4           |
    | H_dec_2_20_V_U/FIR_Halfband_v2_H_dec_2_20_V_SHIFTREG_AUTO_0R0W_core_U/tmp_product_i_5       | CLB.LUT.LUT4           |
    | H_dec_2_20_V_U/FIR_Halfband_v2_H_dec_2_20_V_SHIFTREG_AUTO_0R0W_core_U/tmp_product_i_1       | CLB.CARRY.CARRY8       |
    | p_2_FIR_filter_transposed_fu_448/p_ZL10H_accu_FIR_102_reg/DSP_A_B_DATA_INST                 | ARITHMETIC.DSP.DSP48E2 |
    | H_dec_2_20_V_U/FIR_Halfband_v2_H_dec_2_20_V_SHIFTREG_AUTO_0R0W_core_U/ShiftRegMem_reg[2][4] | REGISTER.SDR.FDRE      |
    | H_dec_2_20_V_U/FIR_Halfband_v2_H_dec_2_20_V_SHIFTREG_AUTO_0R0W_core_U/tmp_product_i_24      | CLB.LUT.LUT6           |
    | H_dec_2_20_V_U/FIR_Halfband_v2_H_dec_2_20_V_SHIFTREG_AUTO_0R0W_core_U/tmp_product_i_21      | CLB.LUT.LUT6           |
    | H_dec_2_20_V_U/FIR_Halfband_v2_H_dec_2_20_V_SHIFTREG_AUTO_0R0W_core_U/tmp_product_i_20      | CLB.LUT.LUT4           |
    | H_dec_2_20_V_U/FIR_Halfband_v2_H_dec_2_20_V_SHIFTREG_AUTO_0R0W_core_U/tmp_product_i_5       | CLB.LUT.LUT4           |
    | H_dec_2_20_V_U/FIR_Halfband_v2_H_dec_2_20_V_SHIFTREG_AUTO_0R0W_core_U/tmp_product_i_1       | CLB.CARRY.CARRY8       |
    | p_2_FIR_filter_transposed_fu_448/p_ZL10H_accu_FIR_103_reg/DSP_A_B_DATA_INST                 | ARITHMETIC.DSP.DSP48E2 |
    | H_dec_2_20_V_U/FIR_Halfband_v2_H_dec_2_20_V_SHIFTREG_AUTO_0R0W_core_U/ShiftRegMem_reg[2][4] | REGISTER.SDR.FDRE      |
    | H_dec_2_20_V_U/FIR_Halfband_v2_H_dec_2_20_V_SHIFTREG_AUTO_0R0W_core_U/tmp_product_i_24      | CLB.LUT.LUT6           |
    | H_dec_2_20_V_U/FIR_Halfband_v2_H_dec_2_20_V_SHIFTREG_AUTO_0R0W_core_U/tmp_product_i_21      | CLB.LUT.LUT6           |
    | H_dec_2_20_V_U/FIR_Halfband_v2_H_dec_2_20_V_SHIFTREG_AUTO_0R0W_core_U/tmp_product_i_20      | CLB.LUT.LUT4           |
    | H_dec_2_20_V_U/FIR_Halfband_v2_H_dec_2_20_V_SHIFTREG_AUTO_0R0W_core_U/tmp_product_i_5       | CLB.LUT.LUT4           |
    | H_dec_2_20_V_U/FIR_Halfband_v2_H_dec_2_20_V_SHIFTREG_AUTO_0R0W_core_U/tmp_product_i_1       | CLB.CARRY.CARRY8       |
    | p_2_FIR_filter_transposed_fu_448/p_ZL10H_accu_FIR_104_reg/DSP_A_B_DATA_INST                 | ARITHMETIC.DSP.DSP48E2 |
    +---------------------------------------------------------------------------------------------+------------------------+

    +---------------------------------------------------------------------------------------------+------------------------+
    | Path5 Cells                                                                                 | Primitive Type         |
    +---------------------------------------------------------------------------------------------+------------------------+
    | p_2_FIR_filter_transposed_fu_448/mul_16s_8ns_23_1_1_U1/tmp_product/DSP_A_B_DATA_INST        | ARITHMETIC.DSP.DSP48E2 |
    | p_2_FIR_filter_transposed_fu_448/mul_16s_8ns_23_1_1_U1/tmp_product/DSP_PREADD_DATA_INST     | ARITHMETIC.DSP.DSP48E2 |
    | p_2_FIR_filter_transposed_fu_448/mul_16s_8ns_23_1_1_U1/tmp_product/DSP_MULTIPLIER_INST      | ARITHMETIC.DSP.DSP48E2 |
    | p_2_FIR_filter_transposed_fu_448/mul_16s_8ns_23_1_1_U1/tmp_product/DSP_M_DATA_INST          | ARITHMETIC.DSP.DSP48E2 |
    | p_2_FIR_filter_transposed_fu_448/mul_16s_8ns_23_1_1_U1/tmp_product/DSP_ALU_INST             | ARITHMETIC.DSP.DSP48E2 |
    | p_2_FIR_filter_transposed_fu_448/mul_16s_8ns_23_1_1_U1/tmp_product/DSP_OUTPUT_INST          | ARITHMETIC.DSP.DSP48E2 |
    | p_2_FIR_filter_transposed_fu_448/y3[7]_i_28                                                 | CLB.LUT.LUT2           |
    | p_2_FIR_filter_transposed_fu_448/y3_reg[7]_i_12                                             | CLB.CARRY.CARRY8       |
    | p_2_FIR_filter_transposed_fu_448/y3_reg[7]_i_2                                              | CLB.CARRY.CARRY8       |
    | p_2_FIR_filter_transposed_fu_448/y3_reg[7]_i_1                                              | CLB.CARRY.CARRY8       |
    | p_2_FIR_filter_transposed_fu_448/y3_reg[15]_i_1                                             | CLB.CARRY.CARRY8       |
    | y3_reg[15]                                                                                  | REGISTER.SDR.FDRE      |
    | H_dec_2_20_V_U/FIR_Halfband_v2_H_dec_2_20_V_SHIFTREG_AUTO_0R0W_core_U/ShiftRegMem_reg[2][4] | REGISTER.SDR.FDRE      |
    | H_dec_2_20_V_U/FIR_Halfband_v2_H_dec_2_20_V_SHIFTREG_AUTO_0R0W_core_U/tmp_product_i_24      | CLB.LUT.LUT6           |
    | H_dec_2_20_V_U/FIR_Halfband_v2_H_dec_2_20_V_SHIFTREG_AUTO_0R0W_core_U/tmp_product_i_21      | CLB.LUT.LUT6           |
    | H_dec_2_20_V_U/FIR_Halfband_v2_H_dec_2_20_V_SHIFTREG_AUTO_0R0W_core_U/tmp_product_i_20      | CLB.LUT.LUT4           |
    | H_dec_2_20_V_U/FIR_Halfband_v2_H_dec_2_20_V_SHIFTREG_AUTO_0R0W_core_U/tmp_product_i_5       | CLB.LUT.LUT4           |
    | H_dec_2_20_V_U/FIR_Halfband_v2_H_dec_2_20_V_SHIFTREG_AUTO_0R0W_core_U/tmp_product_i_1       | CLB.CARRY.CARRY8       |
    | p_2_FIR_filter_transposed_fu_448/mul_16s_8ns_23_1_1_U1/tmp_product/DSP_A_B_DATA_INST        | ARITHMETIC.DSP.DSP48E2 |
    | H_dec_2_20_V_U/FIR_Halfband_v2_H_dec_2_20_V_SHIFTREG_AUTO_0R0W_core_U/ShiftRegMem_reg[2][4] | REGISTER.SDR.FDRE      |
    | H_dec_2_20_V_U/FIR_Halfband_v2_H_dec_2_20_V_SHIFTREG_AUTO_0R0W_core_U/tmp_product_i_24      | CLB.LUT.LUT6           |
    | H_dec_2_20_V_U/FIR_Halfband_v2_H_dec_2_20_V_SHIFTREG_AUTO_0R0W_core_U/tmp_product_i_21      | CLB.LUT.LUT6           |
    | H_dec_2_20_V_U/FIR_Halfband_v2_H_dec_2_20_V_SHIFTREG_AUTO_0R0W_core_U/tmp_product_i_20      | CLB.LUT.LUT4           |
    | H_dec_2_20_V_U/FIR_Halfband_v2_H_dec_2_20_V_SHIFTREG_AUTO_0R0W_core_U/tmp_product_i_5       | CLB.LUT.LUT4           |
    | H_dec_2_20_V_U/FIR_Halfband_v2_H_dec_2_20_V_SHIFTREG_AUTO_0R0W_core_U/tmp_product_i_1       | CLB.CARRY.CARRY8       |
    | p_2_FIR_filter_transposed_fu_448/p_ZL10H_accu_FIR_102_reg/DSP_A_B_DATA_INST                 | ARITHMETIC.DSP.DSP48E2 |
    | H_dec_2_20_V_U/FIR_Halfband_v2_H_dec_2_20_V_SHIFTREG_AUTO_0R0W_core_U/ShiftRegMem_reg[2][4] | REGISTER.SDR.FDRE      |
    | H_dec_2_20_V_U/FIR_Halfband_v2_H_dec_2_20_V_SHIFTREG_AUTO_0R0W_core_U/tmp_product_i_24      | CLB.LUT.LUT6           |
    | H_dec_2_20_V_U/FIR_Halfband_v2_H_dec_2_20_V_SHIFTREG_AUTO_0R0W_core_U/tmp_product_i_21      | CLB.LUT.LUT6           |
    | H_dec_2_20_V_U/FIR_Halfband_v2_H_dec_2_20_V_SHIFTREG_AUTO_0R0W_core_U/tmp_product_i_20      | CLB.LUT.LUT4           |
    | H_dec_2_20_V_U/FIR_Halfband_v2_H_dec_2_20_V_SHIFTREG_AUTO_0R0W_core_U/tmp_product_i_5       | CLB.LUT.LUT4           |
    | H_dec_2_20_V_U/FIR_Halfband_v2_H_dec_2_20_V_SHIFTREG_AUTO_0R0W_core_U/tmp_product_i_1       | CLB.CARRY.CARRY8       |
    | p_2_FIR_filter_transposed_fu_448/p_ZL10H_accu_FIR_103_reg/DSP_A_B_DATA_INST                 | ARITHMETIC.DSP.DSP48E2 |
    | H_dec_2_20_V_U/FIR_Halfband_v2_H_dec_2_20_V_SHIFTREG_AUTO_0R0W_core_U/ShiftRegMem_reg[2][4] | REGISTER.SDR.FDRE      |
    | H_dec_2_20_V_U/FIR_Halfband_v2_H_dec_2_20_V_SHIFTREG_AUTO_0R0W_core_U/tmp_product_i_24      | CLB.LUT.LUT6           |
    | H_dec_2_20_V_U/FIR_Halfband_v2_H_dec_2_20_V_SHIFTREG_AUTO_0R0W_core_U/tmp_product_i_21      | CLB.LUT.LUT6           |
    | H_dec_2_20_V_U/FIR_Halfband_v2_H_dec_2_20_V_SHIFTREG_AUTO_0R0W_core_U/tmp_product_i_20      | CLB.LUT.LUT4           |
    | H_dec_2_20_V_U/FIR_Halfband_v2_H_dec_2_20_V_SHIFTREG_AUTO_0R0W_core_U/tmp_product_i_5       | CLB.LUT.LUT4           |
    | H_dec_2_20_V_U/FIR_Halfband_v2_H_dec_2_20_V_SHIFTREG_AUTO_0R0W_core_U/tmp_product_i_1       | CLB.CARRY.CARRY8       |
    | p_2_FIR_filter_transposed_fu_448/p_ZL10H_accu_FIR_104_reg/DSP_A_B_DATA_INST                 | ARITHMETIC.DSP.DSP48E2 |
    +---------------------------------------------------------------------------------------------+------------------------+


================================================================
== RTL Synthesis Vivado Reports
================================================================
+--------------------------+------------------------------------------------------------------------+
| Report Type              | Report Location                                                        |
+--------------------------+------------------------------------------------------------------------+
| design_analysis          | impl/verilog/report/FIR_Halfband_v2_design_analysis_synth.rpt          |
| failfast                 | impl/verilog/report/FIR_Halfband_v2_failfast_synth.rpt                 |
| power                    | impl/verilog/report/FIR_Halfband_v2_power_synth.rpt                    |
| timing                   | impl/verilog/report/FIR_Halfband_v2_timing_synth.rpt                   |
| timing_paths             | impl/verilog/report/FIR_Halfband_v2_timing_paths_synth.rpt             |
| utilization              | impl/verilog/report/FIR_Halfband_v2_utilization_synth.rpt              |
| utilization_hierarchical | impl/verilog/report/FIR_Halfband_v2_utilization_hierarchical_synth.rpt |
+--------------------------+------------------------------------------------------------------------+


