

================================================================
== Synthesis Summary Report of 'FIR_Halfband_v2'
================================================================
+ General Information: 
    * Date:           Sun Nov 23 23:51:52 2025
    * Version:        2024.2 (Build 5238294 on Nov  8 2024)
    * Project:        FIR_Halfband_v2
    * Solution:       hls (Vivado IP Flow Target)
    * Product family: zynquplus
    * Target device:  xck26-sfvc784-2LV-c
    

+ Performance & Resource Estimates: 
    
    PS: '+' for module; 'o' for loop; '*' for dataflow
    +--------------------------+------+------+---------+--------+----------+---------+------+----------+------+---------+-----------+-----------+-----+
    |          Modules         | Issue|      | Latency | Latency| Iteration|         | Trip |          |      |         |           |           |     |
    |          & Loops         | Type | Slack| (cycles)|  (ns)  |  Latency | Interval| Count| Pipelined| BRAM |   DSP   |     FF    |    LUT    | URAM|
    +--------------------------+------+------+---------+--------+----------+---------+------+----------+------+---------+-----------+-----------+-----+
    |+ FIR_Halfband_v2         |     -|  0.56|        7|  70.000|         -|        8|     -|        no|     -|  57 (4%)|  6175 (2%)|  6304 (5%)|    -|
    | + FIR_filter             |     -|  3.91|        5|  50.000|         -|        1|     -|       yes|     -|  3 (~0%)|  512 (~0%)|  160 (~0%)|    -|
    | + FIR_filter             |     -|  3.91|        5|  50.000|         -|        1|     -|       yes|     -|  3 (~0%)|  512 (~0%)|  160 (~0%)|    -|
    | + FIR_filter_1           |     -|  3.91|        4|  40.000|         -|        1|     -|       yes|     -|  2 (~0%)|  320 (~0%)|   96 (~0%)|    -|
    | + FIR_filter_1           |     -|  3.91|        4|  40.000|         -|        1|     -|       yes|     -|  2 (~0%)|  320 (~0%)|   96 (~0%)|    -|
    | + FIR_filter_transposed  |     -|  3.90|        0|   0.000|         -|        1|     -|       yes|     -|  47 (3%)|  3882 (1%)|  5370 (4%)|    -|
    +--------------------------+------+------+---------+--------+----------+---------+------+----------+------+---------+-----------+-----------+-----+


================================================================
== HW Interfaces
================================================================
* AXIS
+-----------+-----------+---------------+-------+--------+--------+
| Interface | Direction | Register Mode | TDATA | TREADY | TVALID |
+-----------+-----------+---------------+-------+--------+--------+
| input_r   | in        | both          | 16    | 1      | 1      |
| output_r  | out       | both          | 16    | 1      | 1      |
+-----------+-----------+---------------+-------+--------+--------+

* TOP LEVEL CONTROL
+-----------+--------------+----------+
| Interface | Type         | Ports    |
+-----------+--------------+----------+
| ap_clk    | clock        | ap_clk   |
| ap_rst_n  | reset        | ap_rst_n |
| ap_ctrl   | ap_ctrl_none |          |
+-----------+--------------+----------+


================================================================
== SW I/O Information
================================================================
* Top Function Arguments
+----------+-----------+-------------------------------------------------+
| Argument | Direction | Datatype                                        |
+----------+-----------+-------------------------------------------------+
| input    | in        | stream<ap_fixed<16, 1, AP_TRN, AP_WRAP, 0>, 0>& |
| output   | out       | stream<ap_fixed<16, 1, AP_TRN, AP_WRAP, 0>, 0>& |
+----------+-----------+-------------------------------------------------+

* SW-to-HW Mapping
+----------+--------------+-----------+
| Argument | HW Interface | HW Type   |
+----------+--------------+-----------+
| input    | input_r      | interface |
| output   | output_r     | interface |
+----------+--------------+-----------+


================================================================
== Bind Op Report
================================================================
+----------------------------------------------+-----+--------+--------------+--------+-----------+---------+
| Name                                         | DSP | Pragma | Variable     | Op     | Impl      | Latency |
+----------------------------------------------+-----+--------+--------------+--------+-----------+---------+
| + FIR_Halfband_v2                            | 57  |        |              |        |           |         |
|   sub_ln29_fu_725_p2                         |     |        | sub_ln29     | sub    | fabric    | 0       |
|   sub_ln29_1_fu_751_p2                       |     |        | sub_ln29_1   | sub    | fabric    | 0       |
|   select_ln29_fu_757_p3                      |     |        | select_ln29  | select | auto_sel  | 0       |
|   add_ln29_fu_773_p2                         |     |        | add_ln29     | add    | fabric    | 0       |
|   sub_ln35_fu_806_p2                         |     |        | sub_ln35     | sub    | fabric    | 0       |
|   sub_ln35_1_fu_832_p2                       |     |        | sub_ln35_1   | sub    | fabric    | 0       |
|   select_ln35_fu_838_p3                      |     |        | select_ln35  | select | auto_sel  | 0       |
|   add_ln35_fu_854_p2                         |     |        | add_ln35     | add    | fabric    | 0       |
|  + FIR_filter (grp_FIR_filter_fu_411)        | 3   |        |              |        |           |         |
|    am_addmul_16s_16s_15ns_32_4_1_U68         | 1   |        | tmp          | add    | dsp_slice | 3       |
|    am_addmul_16s_16s_15ns_32_4_1_U68         | 1   |        | tmp_cast     | sext   | dsp_slice | 3       |
|    am_addmul_16s_16s_15ns_32_4_1_U68         | 1   |        | tmp1         | mul    | dsp_slice | 3       |
|    ama_addmuladd_16s_16s_14s_32s_32_4_1_U70  | 1   |        | tmp2         | add    | dsp_slice | 3       |
|    ama_addmuladd_16s_16s_14s_32s_32_4_1_U70  | 1   |        | tmp2_cast    | sext   | dsp_slice | 3       |
|    ama_addmuladd_16s_16s_14s_32s_32_4_1_U70  | 1   |        | tmp3         | mul    | dsp_slice | 3       |
|    ama_addmuladd_16s_16s_14s_32s_32_4_1_U70  | 1   |        | tmp3_cast    | sext   | dsp_slice | 3       |
|    ama_addmuladd_16s_16s_10ns_32s_32_4_1_U69 | 1   |        | tmp4         | add    | dsp_slice | 3       |
|    ama_addmuladd_16s_16s_10ns_32s_32_4_1_U69 | 1   |        | tmp4_cast    | sext   | dsp_slice | 3       |
|    ama_addmuladd_16s_16s_10ns_32s_32_4_1_U69 | 1   |        | tmp5         | mul    | dsp_slice | 3       |
|    ama_addmuladd_16s_16s_10ns_32s_32_4_1_U69 | 1   |        | sext_ln71_6  | sext   | dsp_slice | 3       |
|    ama_addmuladd_16s_16s_10ns_32s_32_4_1_U69 | 1   |        | add_ln71     | add    | dsp_slice | 3       |
|    ama_addmuladd_16s_16s_14s_32s_32_4_1_U70  | 1   |        | FIR_accu32   | add    | dsp_slice | 3       |
|  + FIR_filter (grp_FIR_filter_fu_421)        | 3   |        |              |        |           |         |
|    am_addmul_16s_16s_15ns_32_4_1_U68         | 1   |        | tmp          | add    | dsp_slice | 3       |
|    am_addmul_16s_16s_15ns_32_4_1_U68         | 1   |        | tmp_cast     | sext   | dsp_slice | 3       |
|    am_addmul_16s_16s_15ns_32_4_1_U68         | 1   |        | tmp1         | mul    | dsp_slice | 3       |
|    ama_addmuladd_16s_16s_14s_32s_32_4_1_U70  | 1   |        | tmp2         | add    | dsp_slice | 3       |
|    ama_addmuladd_16s_16s_14s_32s_32_4_1_U70  | 1   |        | tmp2_cast    | sext   | dsp_slice | 3       |
|    ama_addmuladd_16s_16s_14s_32s_32_4_1_U70  | 1   |        | tmp3         | mul    | dsp_slice | 3       |
|    ama_addmuladd_16s_16s_14s_32s_32_4_1_U70  | 1   |        | tmp3_cast    | sext   | dsp_slice | 3       |
|    ama_addmuladd_16s_16s_10ns_32s_32_4_1_U69 | 1   |        | tmp4         | add    | dsp_slice | 3       |
|    ama_addmuladd_16s_16s_10ns_32s_32_4_1_U69 | 1   |        | tmp4_cast    | sext   | dsp_slice | 3       |
|    ama_addmuladd_16s_16s_10ns_32s_32_4_1_U69 | 1   |        | tmp5         | mul    | dsp_slice | 3       |
|    ama_addmuladd_16s_16s_10ns_32s_32_4_1_U69 | 1   |        | sext_ln71_6  | sext   | dsp_slice | 3       |
|    ama_addmuladd_16s_16s_10ns_32s_32_4_1_U69 | 1   |        | add_ln71     | add    | dsp_slice | 3       |
|    ama_addmuladd_16s_16s_14s_32s_32_4_1_U70  | 1   |        | FIR_accu32   | add    | dsp_slice | 3       |
|  + FIR_filter_1 (grp_FIR_filter_1_fu_431)    | 2   |        |              |        |           |         |
|    am_addmul_16s_16s_15ns_32_4_1_U80         | 1   |        | tmp          | add    | dsp_slice | 3       |
|    am_addmul_16s_16s_15ns_32_4_1_U80         | 1   |        | tmp_cast     | sext   | dsp_slice | 3       |
|    am_addmul_16s_16s_15ns_32_4_1_U80         | 1   |        | tmp1         | mul    | dsp_slice | 3       |
|    ama_addmuladd_16s_16s_13s_32s_32_4_1_U81  | 1   |        | tmp2         | add    | dsp_slice | 3       |
|    ama_addmuladd_16s_16s_13s_32s_32_4_1_U81  | 1   |        | tmp2_cast    | sext   | dsp_slice | 3       |
|    ama_addmuladd_16s_16s_13s_32s_32_4_1_U81  | 1   |        | tmp3         | mul    | dsp_slice | 3       |
|    ama_addmuladd_16s_16s_13s_32s_32_4_1_U81  | 1   |        | sext_ln71_2  | sext   | dsp_slice | 3       |
|    ama_addmuladd_16s_16s_13s_32s_32_4_1_U81  | 1   |        | FIR_accu32   | add    | dsp_slice | 3       |
|  + FIR_filter_1 (grp_FIR_filter_1_fu_440)    | 2   |        |              |        |           |         |
|    am_addmul_16s_16s_15ns_32_4_1_U80         | 1   |        | tmp          | add    | dsp_slice | 3       |
|    am_addmul_16s_16s_15ns_32_4_1_U80         | 1   |        | tmp_cast     | sext   | dsp_slice | 3       |
|    am_addmul_16s_16s_15ns_32_4_1_U80         | 1   |        | tmp1         | mul    | dsp_slice | 3       |
|    ama_addmuladd_16s_16s_13s_32s_32_4_1_U81  | 1   |        | tmp2         | add    | dsp_slice | 3       |
|    ama_addmuladd_16s_16s_13s_32s_32_4_1_U81  | 1   |        | tmp2_cast    | sext   | dsp_slice | 3       |
|    ama_addmuladd_16s_16s_13s_32s_32_4_1_U81  | 1   |        | tmp3         | mul    | dsp_slice | 3       |
|    ama_addmuladd_16s_16s_13s_32s_32_4_1_U81  | 1   |        | sext_ln71_2  | sext   | dsp_slice | 3       |
|    ama_addmuladd_16s_16s_13s_32s_32_4_1_U81  | 1   |        | FIR_accu32   | add    | dsp_slice | 3       |
|  + FIR_filter_transposed                     | 47  |        |              |        |           |         |
|    mul_16s_8ns_23_1_1_U1                     | 1   |        | mul_ln87     | mul    | auto      | 0       |
|    add_ln87_fu_466_p2                        |     |        | add_ln87     | add    | fabric    | 0       |
|    sub_ln90_fu_510_p2                        |     |        | sub_ln90     | sub    | fabric    | 0       |
|    add_ln90_fu_520_p2                        |     |        | add_ln90     | add    | fabric    | 0       |
|    mul_16s_7ns_23_1_1_U2                     | 1   |        | mul_ln90     | mul    | auto      | 0       |
|    sub_ln90_1_fu_556_p2                      |     |        | sub_ln90_1   | sub    | fabric    | 0       |
|    sub_ln90_2_fu_582_p2                      |     |        | sub_ln90_2   | sub    | fabric    | 0       |
|    mul_16s_8s_24_1_1_U3                      | 1   |        | mul_ln90_1   | mul    | auto      | 0       |
|    mul_16s_7ns_23_1_1_U4                     | 1   |        | mul_ln90_2   | mul    | auto      | 0       |
|    mul_16s_8ns_24_1_1_U5                     | 1   |        | mul_ln90_3   | mul    | auto      | 0       |
|    mul_16s_8ns_24_1_1_U6                     | 1   |        | mul_ln90_4   | mul    | auto      | 0       |
|    add_ln90_122_fu_704_p2                    |     |        | add_ln90_122 | add    | fabric    | 0       |
|    sub_ln90_5_fu_730_p2                      |     |        | sub_ln90_5   | sub    | fabric    | 0       |
|    mul_16s_8s_24_1_1_U7                      | 1   |        | mul_ln90_5   | mul    | auto      | 0       |
|    mul_16s_9ns_25_1_1_U8                     | 1   |        | mul_ln90_6   | mul    | auto      | 0       |
|    mul_16s_9s_25_1_1_U9                      | 1   |        | mul_ln90_7   | mul    | auto      | 0       |
|    mul_16s_7s_23_1_1_U10                     | 1   |        | mul_ln90_8   | mul    | auto      | 0       |
|    mul_16s_9ns_25_1_1_U11                    | 1   |        | mul_ln90_9   | mul    | auto      | 0       |
|    mul_16s_6ns_22_1_1_U12                    | 1   |        | mul_ln90_10  | mul    | auto      | 0       |
|    mul_16s_9s_25_1_1_U13                     | 1   |        | mul_ln90_11  | mul    | auto      | 0       |
|    add_ln90_123_fu_822_p2                    |     |        | add_ln90_123 | add    | fabric    | 0       |
|    mul_16s_7s_23_1_1_U14                     | 1   |        | mul_ln90_12  | mul    | auto      | 0       |
|    mul_16s_10s_26_1_1_U15                    | 1   |        | mul_ln90_13  | mul    | auto      | 0       |
|    mul_16s_8ns_24_1_1_U16                    | 1   |        | mul_ln90_14  | mul    | auto      | 0       |
|    mul_16s_10ns_26_1_1_U17                   | 1   |        | mul_ln90_15  | mul    | auto      | 0       |
|    mul_16s_10s_26_1_1_U18                    | 1   |        | mul_ln90_16  | mul    | auto      | 0       |
|    mul_16s_9ns_25_1_1_U19                    | 1   |        | mul_ln90_17  | mul    | auto      | 0       |
|    mul_16s_10ns_26_1_1_U20                   | 1   |        | mul_ln90_18  | mul    | auto      | 0       |
|    mul_16s_10s_26_1_1_U21                    | 1   |        | mul_ln90_19  | mul    | auto      | 0       |
|    mul_16s_10s_26_1_1_U22                    | 1   |        | mul_ln90_20  | mul    | auto      | 0       |
|    mul_16s_10ns_26_1_1_U23                   | 1   |        | mul_ln90_21  | mul    | auto      | 0       |
|    mul_16s_10ns_26_1_1_U24                   | 1   |        | mul_ln90_22  | mul    | auto      | 0       |
|    mul_16s_10s_26_1_1_U25                    | 1   |        | mul_ln90_23  | mul    | auto      | 0       |
|    mul_16s_10s_26_1_1_U26                    | 1   |        | mul_ln90_24  | mul    | auto      | 0       |
|    mul_16s_11ns_27_1_1_U27                   | 1   |        | mul_ln90_25  | mul    | auto      | 0       |
|    mul_16s_11s_27_1_1_U28                    | 1   |        | mul_ln90_26  | mul    | auto      | 0       |
|    mul_16s_10s_26_1_1_U29                    | 1   |        | mul_ln90_27  | mul    | auto      | 0       |
|    mul_16s_11ns_27_1_1_U30                   | 1   |        | mul_ln90_28  | mul    | auto      | 0       |
|    mul_16s_10ns_26_1_1_U31                   | 1   |        | mul_ln90_29  | mul    | auto      | 0       |
|    mul_16s_11s_27_1_1_U32                    | 1   |        | mul_ln90_30  | mul    | auto      | 0       |
|    mul_16s_9s_25_1_1_U33                     | 1   |        | mul_ln90_31  | mul    | auto      | 0       |
|    mul_16s_12ns_28_1_1_U34                   | 1   |        | mul_ln90_32  | mul    | auto      | 0       |
|    mul_16s_8ns_24_1_1_U35                    | 1   |        | mul_ln90_33  | mul    | auto      | 0       |
|    mul_16s_12s_28_1_1_U36                    | 1   |        | mul_ln90_34  | mul    | auto      | 0       |
|    sub_ln90_8_fu_1102_p2                     |     |        | sub_ln90_8   | sub    | fabric    | 0       |
|    mul_16s_12ns_28_1_1_U37                   | 1   |        | mul_ln90_35  | mul    | auto      | 0       |
|    mul_16s_9s_25_1_1_U38                     | 1   |        | mul_ln90_36  | mul    | auto      | 0       |
|    mul_16s_12s_28_1_1_U39                    | 1   |        | mul_ln90_37  | mul    | auto      | 0       |
|    add_ln90_124_fu_1158_p2                   |     |        | add_ln90_124 | add    | fabric    | 0       |
|    mul_16s_13ns_29_1_1_U40                   | 1   |        | mul_ln90_38  | mul    | auto      | 0       |
|    mul_16s_11s_27_1_1_U41                    | 1   |        | mul_ln90_39  | mul    | auto      | 0       |
|    mul_16s_13s_29_1_1_U42                    | 1   |        | mul_ln90_40  | mul    | auto      | 0       |
|    mul_16s_12ns_28_1_1_U43                   | 1   |        | mul_ln90_41  | mul    | auto      | 0       |
|    sub_ln90_9_fu_1224_p2                     |     |        | sub_ln90_9   | sub    | fabric    | 0       |
|    mul_16s_13s_29_1_1_U44                    | 1   |        | mul_ln90_42  | mul    | auto      | 0       |
|    mul_16s_14s_30_1_1_U45                    | 1   |        | mul_ln90_43  | mul    | auto      | 0       |
|    mul_16s_15ns_31_1_1_U46                   | 1   |        | mul_ln90_44  | mul    | auto      | 0       |
|    mul_16s_16ns_32_1_1_U47                   | 1   |        | mul_ln90_45  | mul    | auto      | 0       |
|    add_ln90_1_fu_1274_p2                     |     |        | add_ln90_1   | add    | fabric    | 0       |
|    add_ln90_2_fu_1284_p2                     |     |        | add_ln90_2   | add    | fabric    | 0       |
|    add_ln90_3_fu_1294_p2                     |     |        | add_ln90_3   | add    | fabric    | 0       |
|    add_ln90_4_fu_1304_p2                     |     |        | add_ln90_4   | add    | fabric    | 0       |
|    add_ln90_5_fu_1314_p2                     |     |        | add_ln90_5   | add    | fabric    | 0       |
|    add_ln90_6_fu_1324_p2                     |     |        | add_ln90_6   | add    | fabric    | 0       |
|    add_ln90_7_fu_1334_p2                     |     |        | add_ln90_7   | add    | fabric    | 0       |
|    add_ln90_8_fu_1344_p2                     |     |        | add_ln90_8   | add    | fabric    | 0       |
|    add_ln90_9_fu_1354_p2                     |     |        | add_ln90_9   | add    | fabric    | 0       |
|    add_ln90_10_fu_1364_p2                    |     |        | add_ln90_10  | add    | fabric    | 0       |
|    add_ln90_11_fu_1374_p2                    |     |        | add_ln90_11  | add    | fabric    | 0       |
|    add_ln90_12_fu_1384_p2                    |     |        | add_ln90_12  | add    | fabric    | 0       |
|    add_ln90_13_fu_1394_p2                    |     |        | add_ln90_13  | add    | fabric    | 0       |
|    add_ln90_14_fu_1404_p2                    |     |        | add_ln90_14  | add    | fabric    | 0       |
|    add_ln90_15_fu_1414_p2                    |     |        | add_ln90_15  | add    | fabric    | 0       |
|    add_ln90_16_fu_1424_p2                    |     |        | add_ln90_16  | add    | fabric    | 0       |
|    add_ln90_17_fu_1434_p2                    |     |        | add_ln90_17  | add    | fabric    | 0       |
|    add_ln90_18_fu_1444_p2                    |     |        | add_ln90_18  | add    | fabric    | 0       |
|    add_ln90_19_fu_1454_p2                    |     |        | add_ln90_19  | add    | fabric    | 0       |
|    add_ln90_20_fu_1464_p2                    |     |        | add_ln90_20  | add    | fabric    | 0       |
|    add_ln90_21_fu_1474_p2                    |     |        | add_ln90_21  | add    | fabric    | 0       |
|    add_ln90_22_fu_1484_p2                    |     |        | add_ln90_22  | add    | fabric    | 0       |
|    add_ln90_23_fu_1494_p2                    |     |        | add_ln90_23  | add    | fabric    | 0       |
|    add_ln90_24_fu_1504_p2                    |     |        | add_ln90_24  | add    | fabric    | 0       |
|    add_ln90_25_fu_1514_p2                    |     |        | add_ln90_25  | add    | fabric    | 0       |
|    add_ln90_26_fu_1524_p2                    |     |        | add_ln90_26  | add    | fabric    | 0       |
|    add_ln90_27_fu_1534_p2                    |     |        | add_ln90_27  | add    | fabric    | 0       |
|    add_ln90_28_fu_1544_p2                    |     |        | add_ln90_28  | add    | fabric    | 0       |
|    add_ln90_29_fu_1554_p2                    |     |        | add_ln90_29  | add    | fabric    | 0       |
|    add_ln90_30_fu_1564_p2                    |     |        | add_ln90_30  | add    | fabric    | 0       |
|    add_ln90_31_fu_1574_p2                    |     |        | add_ln90_31  | add    | fabric    | 0       |
|    add_ln90_32_fu_1584_p2                    |     |        | add_ln90_32  | add    | fabric    | 0       |
|    add_ln90_33_fu_1594_p2                    |     |        | add_ln90_33  | add    | fabric    | 0       |
|    add_ln90_34_fu_1604_p2                    |     |        | add_ln90_34  | add    | fabric    | 0       |
|    add_ln90_35_fu_1614_p2                    |     |        | add_ln90_35  | add    | fabric    | 0       |
|    add_ln90_36_fu_1624_p2                    |     |        | add_ln90_36  | add    | fabric    | 0       |
|    add_ln90_37_fu_1634_p2                    |     |        | add_ln90_37  | add    | fabric    | 0       |
|    add_ln90_38_fu_1644_p2                    |     |        | add_ln90_38  | add    | fabric    | 0       |
|    add_ln90_39_fu_1654_p2                    |     |        | add_ln90_39  | add    | fabric    | 0       |
|    add_ln90_40_fu_1664_p2                    |     |        | add_ln90_40  | add    | fabric    | 0       |
|    add_ln90_41_fu_1674_p2                    |     |        | add_ln90_41  | add    | fabric    | 0       |
|    add_ln90_42_fu_1684_p2                    |     |        | add_ln90_42  | add    | fabric    | 0       |
|    add_ln90_43_fu_1694_p2                    |     |        | add_ln90_43  | add    | fabric    | 0       |
|    add_ln90_44_fu_1704_p2                    |     |        | add_ln90_44  | add    | fabric    | 0       |
|    add_ln90_45_fu_1714_p2                    |     |        | add_ln90_45  | add    | fabric    | 0       |
|    add_ln90_46_fu_1724_p2                    |     |        | add_ln90_46  | add    | fabric    | 0       |
|    add_ln90_47_fu_1734_p2                    |     |        | add_ln90_47  | add    | fabric    | 0       |
|    add_ln90_48_fu_1744_p2                    |     |        | add_ln90_48  | add    | fabric    | 0       |
|    add_ln90_49_fu_1754_p2                    |     |        | add_ln90_49  | add    | fabric    | 0       |
|    add_ln90_50_fu_1764_p2                    |     |        | add_ln90_50  | add    | fabric    | 0       |
|    add_ln90_51_fu_1774_p2                    |     |        | add_ln90_51  | add    | fabric    | 0       |
|    add_ln90_52_fu_1784_p2                    |     |        | add_ln90_52  | add    | fabric    | 0       |
|    add_ln90_53_fu_1794_p2                    |     |        | add_ln90_53  | add    | fabric    | 0       |
|    add_ln90_54_fu_1804_p2                    |     |        | add_ln90_54  | add    | fabric    | 0       |
|    add_ln90_55_fu_1814_p2                    |     |        | add_ln90_55  | add    | fabric    | 0       |
|    add_ln90_56_fu_1824_p2                    |     |        | add_ln90_56  | add    | fabric    | 0       |
|    add_ln90_57_fu_1834_p2                    |     |        | add_ln90_57  | add    | fabric    | 0       |
|    add_ln90_58_fu_1844_p2                    |     |        | add_ln90_58  | add    | fabric    | 0       |
|    add_ln90_59_fu_1854_p2                    |     |        | add_ln90_59  | add    | fabric    | 0       |
|    add_ln90_60_fu_1864_p2                    |     |        | add_ln90_60  | add    | fabric    | 0       |
|    add_ln90_61_fu_1874_p2                    |     |        | add_ln90_61  | add    | fabric    | 0       |
|    add_ln90_62_fu_1884_p2                    |     |        | add_ln90_62  | add    | fabric    | 0       |
|    add_ln90_63_fu_1894_p2                    |     |        | add_ln90_63  | add    | fabric    | 0       |
|    add_ln90_64_fu_1904_p2                    |     |        | add_ln90_64  | add    | fabric    | 0       |
|    add_ln90_65_fu_1914_p2                    |     |        | add_ln90_65  | add    | fabric    | 0       |
|    add_ln90_66_fu_1924_p2                    |     |        | add_ln90_66  | add    | fabric    | 0       |
|    add_ln90_67_fu_1934_p2                    |     |        | add_ln90_67  | add    | fabric    | 0       |
|    add_ln90_68_fu_1944_p2                    |     |        | add_ln90_68  | add    | fabric    | 0       |
|    add_ln90_69_fu_1954_p2                    |     |        | add_ln90_69  | add    | fabric    | 0       |
|    add_ln90_70_fu_1964_p2                    |     |        | add_ln90_70  | add    | fabric    | 0       |
|    add_ln90_71_fu_1974_p2                    |     |        | add_ln90_71  | add    | fabric    | 0       |
|    add_ln90_72_fu_1984_p2                    |     |        | add_ln90_72  | add    | fabric    | 0       |
|    add_ln90_73_fu_1994_p2                    |     |        | add_ln90_73  | add    | fabric    | 0       |
|    add_ln90_74_fu_2004_p2                    |     |        | add_ln90_74  | add    | fabric    | 0       |
|    add_ln90_75_fu_2014_p2                    |     |        | add_ln90_75  | add    | fabric    | 0       |
|    add_ln90_76_fu_2024_p2                    |     |        | add_ln90_76  | add    | fabric    | 0       |
|    add_ln90_77_fu_2034_p2                    |     |        | add_ln90_77  | add    | fabric    | 0       |
|    add_ln90_78_fu_2044_p2                    |     |        | add_ln90_78  | add    | fabric    | 0       |
|    add_ln90_79_fu_2054_p2                    |     |        | add_ln90_79  | add    | fabric    | 0       |
|    add_ln90_80_fu_2064_p2                    |     |        | add_ln90_80  | add    | fabric    | 0       |
|    add_ln90_81_fu_2074_p2                    |     |        | add_ln90_81  | add    | fabric    | 0       |
|    add_ln90_82_fu_2084_p2                    |     |        | add_ln90_82  | add    | fabric    | 0       |
|    add_ln90_83_fu_2094_p2                    |     |        | add_ln90_83  | add    | fabric    | 0       |
|    add_ln90_84_fu_2104_p2                    |     |        | add_ln90_84  | add    | fabric    | 0       |
|    add_ln90_85_fu_2114_p2                    |     |        | add_ln90_85  | add    | fabric    | 0       |
|    add_ln90_86_fu_2124_p2                    |     |        | add_ln90_86  | add    | fabric    | 0       |
|    add_ln90_87_fu_2134_p2                    |     |        | add_ln90_87  | add    | fabric    | 0       |
|    add_ln90_88_fu_2144_p2                    |     |        | add_ln90_88  | add    | fabric    | 0       |
|    add_ln90_89_fu_2154_p2                    |     |        | add_ln90_89  | add    | fabric    | 0       |
|    add_ln90_90_fu_2164_p2                    |     |        | add_ln90_90  | add    | fabric    | 0       |
|    add_ln90_91_fu_2174_p2                    |     |        | add_ln90_91  | add    | fabric    | 0       |
|    add_ln90_92_fu_2184_p2                    |     |        | add_ln90_92  | add    | fabric    | 0       |
|    add_ln90_93_fu_2194_p2                    |     |        | add_ln90_93  | add    | fabric    | 0       |
|    add_ln90_94_fu_2204_p2                    |     |        | add_ln90_94  | add    | fabric    | 0       |
|    add_ln90_95_fu_2214_p2                    |     |        | add_ln90_95  | add    | fabric    | 0       |
|    add_ln90_96_fu_2224_p2                    |     |        | add_ln90_96  | add    | fabric    | 0       |
|    add_ln90_97_fu_2234_p2                    |     |        | add_ln90_97  | add    | fabric    | 0       |
|    add_ln90_98_fu_2244_p2                    |     |        | add_ln90_98  | add    | fabric    | 0       |
|    add_ln90_99_fu_2254_p2                    |     |        | add_ln90_99  | add    | fabric    | 0       |
|    add_ln90_100_fu_2264_p2                   |     |        | add_ln90_100 | add    | fabric    | 0       |
|    add_ln90_101_fu_2274_p2                   |     |        | add_ln90_101 | add    | fabric    | 0       |
|    add_ln90_102_fu_2284_p2                   |     |        | add_ln90_102 | add    | fabric    | 0       |
|    add_ln90_103_fu_2294_p2                   |     |        | add_ln90_103 | add    | fabric    | 0       |
|    add_ln90_104_fu_2304_p2                   |     |        | add_ln90_104 | add    | fabric    | 0       |
|    add_ln90_105_fu_2314_p2                   |     |        | add_ln90_105 | add    | fabric    | 0       |
|    add_ln90_106_fu_2324_p2                   |     |        | add_ln90_106 | add    | fabric    | 0       |
|    add_ln90_107_fu_2334_p2                   |     |        | add_ln90_107 | add    | fabric    | 0       |
|    add_ln90_108_fu_2344_p2                   |     |        | add_ln90_108 | add    | fabric    | 0       |
|    add_ln90_109_fu_2354_p2                   |     |        | add_ln90_109 | add    | fabric    | 0       |
|    add_ln90_110_fu_2364_p2                   |     |        | add_ln90_110 | add    | fabric    | 0       |
|    add_ln90_111_fu_2378_p2                   |     |        | add_ln90_111 | add    | fabric    | 0       |
|    add_ln90_112_fu_2392_p2                   |     |        | add_ln90_112 | add    | fabric    | 0       |
|    add_ln90_113_fu_2406_p2                   |     |        | add_ln90_113 | add    | fabric    | 0       |
|    add_ln90_114_fu_2420_p2                   |     |        | add_ln90_114 | add    | fabric    | 0       |
|    add_ln90_115_fu_2434_p2                   |     |        | add_ln90_115 | add    | fabric    | 0       |
|    add_ln90_116_fu_2444_p2                   |     |        | add_ln90_116 | add    | fabric    | 0       |
|    add_ln90_117_fu_2458_p2                   |     |        | add_ln90_117 | add    | fabric    | 0       |
|    add_ln90_118_fu_2468_p2                   |     |        | add_ln90_118 | add    | fabric    | 0       |
|    add_ln90_119_fu_2482_p2                   |     |        | add_ln90_119 | add    | fabric    | 0       |
|    add_ln90_120_fu_2492_p2                   |     |        | add_ln90_120 | add    | fabric    | 0       |
|    add_ln90_121_fu_2506_p2                   |     |        | add_ln90_121 | add    | fabric    | 0       |
+----------------------------------------------+-----+--------+--------------+--------+-----------+---------+


================================================================
== Storage Report
================================================================
+-------------------+--------+------+------+------+--------+--------------+------+---------+------------------+
| Name              | Usage  | Type | BRAM | URAM | Pragma | Variable     | Impl | Latency | Bitwidth, Depth, |
|                   |        |      |      |      |        |              |      |         | Banks            |
+-------------------+--------+------+------+------+--------+--------------+------+---------+------------------+
| + FIR_Halfband_v2 |        |      | 0    | 0    |        |              |      |         |                  |
|   H_dec_1_20_V_U  | ram_1p |      |      |      |        | H_dec_1_20_V | auto | 0       | 16, 2, 1         |
|   H_dec_2_20_V_U  | ram_1p |      |      |      |        | H_dec_2_20_V | auto | 0       | 16, 3, 1         |
|   H_int_2_20_V_U  | ram_1p |      |      |      |        | H_int_2_20_V | auto | 0       | 16, 3, 1         |
|   H_int_1_20_V_U  | ram_1p |      |      |      |        | H_int_1_20_V | auto | 0       | 16, 2, 1         |
+-------------------+--------+------+------+------+--------+--------------+------+---------+------------------+


================================================================
== Pragma Report
================================================================
* Valid Pragma Syntax
+-----------+-------------------------------+-------------------------------------------+
| Type      | Options                       | Location                                  |
+-----------+-------------------------------+-------------------------------------------+
| interface | mode=axis port=input          | FIR_HLS.cpp:21 in fir_halfband_v2, input  |
| interface | mode=axis port=output         | FIR_HLS.cpp:22 in fir_halfband_v2, output |
| interface | mode=ap_ctrl_none port=return | FIR_HLS.cpp:23 in fir_halfband_v2, return |
| pipeline  |                               | FIR_HLS.cpp:64 in fir_filter              |
| pipeline  |                               | FIR_HLS.cpp:84 in fir_filter_transposed   |
+-----------+-------------------------------+-------------------------------------------+


