

================================================================
== Vitis HLS Report for 'FIR_filter'
================================================================
* Date:           Sun Nov 16 16:03:42 2025

* Version:        2024.2 (Build 5238294 on Nov  8 2024)
* Project:        Folded_FIR_HLS
* Solution:       hls (Vivado IP Flow Target)
* Product family: zynquplus
* Target device:  xck26-sfvc784-2LV-c


================================================================
== Performance Estimates
================================================================
+ Timing: 
    * Summary: 
    +--------+----------+----------+------------+
    |  Clock |  Target  | Estimated| Uncertainty|
    +--------+----------+----------+------------+
    |ap_clk  |  10.00 ns|  5.297 ns|     2.70 ns|
    +--------+----------+----------+------------+

+ Latency: 
    * Summary: 
    +---------+---------+-----------+-----------+-----+-----+---------+
    |  Latency (cycles) |   Latency (absolute)  |  Interval | Pipeline|
    |   min   |   max   |    min    |    max    | min | max |   Type  |
    +---------+---------+-----------+-----------+-----+-----+---------+
    |        5|        5|  50.000 ns|  50.000 ns|    1|    1|      yes|
    +---------+---------+-----------+-----------+-----+-----+---------+

    + Detail: 
        * Instance: 
        N/A

        * Loop: 
        N/A



================================================================
== Utilization Estimates
================================================================
* Summary: 
+-----------------+---------+------+--------+--------+-----+
|       Name      | BRAM_18K|  DSP |   FF   |   LUT  | URAM|
+-----------------+---------+------+--------+--------+-----+
|DSP              |        -|    80|       -|       -|    -|
|Expression       |        -|     -|       0|    7855|    -|
|FIFO             |        -|     -|       -|       -|    -|
|Instance         |        -|     1|       0|       6|    -|
|Memory           |        -|     -|       -|       -|    -|
|Multiplexer      |        -|     -|       -|       -|    -|
|Register         |        -|     -|    9887|     352|    -|
+-----------------+---------+------+--------+--------+-----+
|Total            |        0|    81|    9887|    8213|    0|
+-----------------+---------+------+--------+--------+-----+
|Available        |      288|  1248|  234240|  117120|   64|
+-----------------+---------+------+--------+--------+-----+
|Utilization (%)  |        0|     6|       4|       7|    0|
+-----------------+---------+------+--------+--------+-----+

+ Detail: 
    * Instance: 
    +-----------------------+--------------------+---------+----+---+----+-----+
    |        Instance       |       Module       | BRAM_18K| DSP| FF| LUT| URAM|
    +-----------------------+--------------------+---------+----+---+----+-----+
    |mul_19s_8ns_27_1_1_U1  |mul_19s_8ns_27_1_1  |        0|   1|  0|   6|    0|
    +-----------------------+--------------------+---------+----+---+----+-----+
    |Total                  |                    |        0|   1|  0|   6|    0|
    +-----------------------+--------------------+---------+----+---+----+-----+

    * DSP: 
    +-------------------------------------------+---------------------------------------+---------------------+
    |                  Instance                 |                 Module                |      Expression     |
    +-------------------------------------------+---------------------------------------+---------------------+
    |am_addmul_16s_16s_10ns_28_4_1_U26          |am_addmul_16s_16s_10ns_28_4_1          |       (i0 + i1) * i2|
    |am_addmul_16s_16s_10ns_28_4_1_U28          |am_addmul_16s_16s_10ns_28_4_1          |       (i0 + i1) * i2|
    |am_addmul_16s_16s_10s_27_4_1_U19           |am_addmul_16s_16s_10s_27_4_1           |       (i0 + i1) * i2|
    |am_addmul_16s_16s_10s_27_4_1_U20           |am_addmul_16s_16s_10s_27_4_1           |       (i0 + i1) * i2|
    |am_addmul_16s_16s_10s_27_4_1_U23           |am_addmul_16s_16s_10s_27_4_1           |       (i0 + i1) * i2|
    |am_addmul_16s_16s_11ns_28_4_1_U33          |am_addmul_16s_16s_11ns_28_4_1          |       (i0 + i1) * i2|
    |am_addmul_16s_16s_11s_28_4_1_U24           |am_addmul_16s_16s_11s_28_4_1           |       (i0 + i1) * i2|
    |am_addmul_16s_16s_11s_28_4_1_U25           |am_addmul_16s_16s_11s_28_4_1           |       (i0 + i1) * i2|
    |am_addmul_16s_16s_12ns_30_4_1_U34          |am_addmul_16s_16s_12ns_30_4_1          |       (i0 + i1) * i2|
    |am_addmul_16s_16s_12s_29_4_1_U30           |am_addmul_16s_16s_12s_29_4_1           |       (i0 + i1) * i2|
    |am_addmul_16s_16s_12s_29_4_1_U31           |am_addmul_16s_16s_12s_29_4_1           |       (i0 + i1) * i2|
    |am_addmul_16s_16s_12s_29_4_1_U32           |am_addmul_16s_16s_12s_29_4_1           |       (i0 + i1) * i2|
    |am_addmul_16s_16s_13ns_31_4_1_U35          |am_addmul_16s_16s_13ns_31_4_1          |       (i0 + i1) * i2|
    |am_addmul_16s_16s_13ns_31_4_1_U36          |am_addmul_16s_16s_13ns_31_4_1          |       (i0 + i1) * i2|
    |am_addmul_16s_16s_8ns_26_4_1_U10           |am_addmul_16s_16s_8ns_26_4_1           |       (i0 + i1) * i2|
    |am_addmul_16s_16s_9ns_26_4_1_U14           |am_addmul_16s_16s_9ns_26_4_1           |       (i0 + i1) * i2|
    |am_addmul_16s_16s_9ns_27_4_1_U17           |am_addmul_16s_16s_9ns_27_4_1           |       (i0 + i1) * i2|
    |am_addmul_16s_16s_9ns_27_4_1_U21           |am_addmul_16s_16s_9ns_27_4_1           |       (i0 + i1) * i2|
    |am_addmul_16s_16s_9s_26_4_1_U12            |am_addmul_16s_16s_9s_26_4_1            |       (i0 + i1) * i2|
    |am_addmul_17s_17s_7ns_25_4_1_U52           |am_addmul_17s_17s_7ns_25_4_1           |       (i0 + i1) * i2|
    |am_addmul_17s_17s_8s_26_4_1_U47            |am_addmul_17s_17s_8s_26_4_1            |       (i0 + i1) * i2|
    |am_submul_17s_17s_6ns_25_4_1_U49           |am_submul_17s_17s_6ns_25_4_1           |       (i0 - i1) * i2|
    |am_submul_17s_17s_8ns_26_4_1_U46           |am_submul_17s_17s_8ns_26_4_1           |       (i0 - i1) * i2|
    |am_submul_17s_17s_9ns_27_4_1_U43           |am_submul_17s_17s_9ns_27_4_1           |       (i0 - i1) * i2|
    |am_submul_18s_17s_7ns_27_4_1_U42           |am_submul_18s_17s_7ns_27_4_1           |       (i0 - i1) * i2|
    |ama_addmuladd_16s_16s_10ns_27s_27_4_1_U64  |ama_addmuladd_16s_16s_10ns_27s_27_4_1  |  i0 + (i1 + i2) * i3|
    |ama_addmuladd_16s_16s_10ns_28s_28_4_1_U69  |ama_addmuladd_16s_16s_10ns_28s_28_4_1  |  i0 + (i1 + i2) * i3|
    |ama_addmuladd_16s_16s_10s_24s_26_4_1_U2    |ama_addmuladd_16s_16s_10s_24s_26_4_1   |  (i0 + i1) * i2 + i3|
    |ama_addmuladd_16s_16s_10s_27s_27_4_1_U60   |ama_addmuladd_16s_16s_10s_27s_27_4_1   |  (i0 + i1) * i2 + i3|
    |ama_addmuladd_16s_16s_10s_27s_27_4_1_U62   |ama_addmuladd_16s_16s_10s_27s_27_4_1   |  i0 + (i1 + i2) * i3|
    |ama_addmuladd_16s_16s_10s_27s_27_4_1_U63   |ama_addmuladd_16s_16s_10s_27s_27_4_1   |  i0 + (i1 + i2) * i3|
    |ama_addmuladd_16s_16s_10s_28s_28_4_1_U67   |ama_addmuladd_16s_16s_10s_28s_28_4_1   |  i0 + (i1 + i2) * i3|
    |ama_addmuladd_16s_16s_11ns_28s_29_4_1_U27  |ama_addmuladd_16s_16s_11ns_28s_29_4_1  |  i0 + (i1 + i2) * i3|
    |ama_addmuladd_16s_16s_11s_20s_27_4_1_U29   |ama_addmuladd_16s_16s_11s_20s_27_4_1   |  i0 + (i1 + i2) * i3|
    |ama_addmuladd_16s_16s_11s_27s_27_4_1_U65   |ama_addmuladd_16s_16s_11s_27s_27_4_1   |  i0 + (i1 + i2) * i3|
    |ama_addmuladd_16s_16s_11s_28s_28_4_1_U66   |ama_addmuladd_16s_16s_11s_28s_28_4_1   |  i0 + (i1 + i2) * i3|
    |ama_addmuladd_16s_16s_11s_29s_29_4_1_U73   |ama_addmuladd_16s_16s_11s_29s_29_4_1   |  i0 + (i1 + i2) * i3|
    |ama_addmuladd_16s_16s_12s_29s_29_4_1_U71   |ama_addmuladd_16s_16s_12s_29s_29_4_1   |  i0 + (i1 + i2) * i3|
    |ama_addmuladd_16s_16s_12s_29s_29_4_1_U72   |ama_addmuladd_16s_16s_12s_29s_29_4_1   |  i0 + (i1 + i2) * i3|
    |ama_addmuladd_16s_16s_13ns_30s_30_4_1_U75  |ama_addmuladd_16s_16s_13ns_30s_30_4_1  |  i0 + (i1 + i2) * i3|
    |ama_addmuladd_16s_16s_13ns_31s_31_4_1_U76  |ama_addmuladd_16s_16s_13ns_31s_31_4_1  |  i0 + (i1 + i2) * i3|
    |ama_addmuladd_16s_16s_14ns_31s_31_4_1_U77  |ama_addmuladd_16s_16s_14ns_31s_31_4_1  |  i0 + (i1 + i2) * i3|
    |ama_addmuladd_16s_16s_6ns_22s_23_4_1_U3    |ama_addmuladd_16s_16s_6ns_22s_23_4_1   |  (i0 + i1) * i2 + i3|
    |ama_addmuladd_16s_16s_7ns_25s_25_4_1_U54   |ama_addmuladd_16s_16s_7ns_25s_25_4_1   |  i0 + (i1 + i2) * i3|
    |ama_addmuladd_16s_16s_7ns_25s_25_4_1_U55   |ama_addmuladd_16s_16s_7ns_25s_25_4_1   |  (i0 + i1) * i2 + i3|
    |ama_addmuladd_16s_16s_7ns_26s_26_4_1_U53   |ama_addmuladd_16s_16s_7ns_26s_26_4_1   |  i0 + (i1 + i2) * i3|
    |ama_addmuladd_16s_16s_7ns_27s_27_4_1_U16   |ama_addmuladd_16s_16s_7ns_27s_27_4_1   |  (i0 + i1) * i2 + i3|
    |ama_addmuladd_16s_16s_8ns_25s_26_4_1_U13   |ama_addmuladd_16s_16s_8ns_25s_26_4_1   |  i0 + (i1 + i2) * i3|
    |ama_addmuladd_16s_16s_8ns_26s_26_4_1_U7    |ama_addmuladd_16s_16s_8ns_26s_26_4_1   |  i0 + (i1 + i2) * i3|
    |ama_addmuladd_16s_16s_8ns_26s_26_4_1_U9    |ama_addmuladd_16s_16s_8ns_26s_26_4_1   |  i0 + (i1 + i2) * i3|
    |ama_addmuladd_16s_16s_8ns_26s_26_4_1_U57   |ama_addmuladd_16s_16s_8ns_26s_26_4_1   |  i0 + (i1 + i2) * i3|
    |ama_addmuladd_16s_16s_8ns_26s_26_4_1_U59   |ama_addmuladd_16s_16s_8ns_26s_26_4_1   |  i0 + (i1 + i2) * i3|
    |ama_addmuladd_16s_16s_8ns_26s_27_4_1_U80   |ama_addmuladd_16s_16s_8ns_26s_27_4_1   |  i0 + (i1 + i2) * i3|
    |ama_addmuladd_16s_16s_8s_24s_25_4_1_U4     |ama_addmuladd_16s_16s_8s_24s_25_4_1    |  i0 + (i1 + i2) * i3|
    |ama_addmuladd_16s_16s_8s_26s_26_4_1_U5     |ama_addmuladd_16s_16s_8s_26s_26_4_1    |  i0 + (i1 + i2) * i3|
    |ama_addmuladd_16s_16s_8s_26s_26_4_1_U56    |ama_addmuladd_16s_16s_8s_26s_26_4_1    |  (i0 + i1) * i2 + i3|
    |ama_addmuladd_16s_16s_9ns_25s_26_4_1_U22   |ama_addmuladd_16s_16s_9ns_25s_26_4_1   |  (i0 + i1) * i2 + i3|
    |ama_addmuladd_16s_16s_9ns_26s_26_4_1_U68   |ama_addmuladd_16s_16s_9ns_26s_26_4_1   |  i0 + (i1 + i2) * i3|
    |ama_addmuladd_16s_16s_9ns_26s_27_4_1_U18   |ama_addmuladd_16s_16s_9ns_26s_27_4_1   |  (i0 + i1) * i2 + i3|
    |ama_addmuladd_16s_16s_9ns_27s_27_4_1_U61   |ama_addmuladd_16s_16s_9ns_27s_27_4_1   |  i0 + (i1 + i2) * i3|
    |ama_addmuladd_16s_16s_9ns_28s_28_4_1_U70   |ama_addmuladd_16s_16s_9ns_28s_28_4_1   |  i0 + (i1 + i2) * i3|
    |ama_addmuladd_16s_16s_9ns_28s_28_4_1_U74   |ama_addmuladd_16s_16s_9ns_28s_28_4_1   |  (i0 + i1) * i2 + i3|
    |ama_addmuladd_16s_16s_9s_26s_26_4_1_U6     |ama_addmuladd_16s_16s_9s_26s_26_4_1    |  (i0 + i1) * i2 + i3|
    |ama_addmuladd_16s_16s_9s_26s_26_4_1_U11    |ama_addmuladd_16s_16s_9s_26s_26_4_1    |  i0 + (i1 + i2) * i3|
    |ama_addmuladd_16s_16s_9s_26s_26_4_1_U15    |ama_addmuladd_16s_16s_9s_26s_26_4_1    |  (i0 + i1) * i2 + i3|
    |ama_addmuladd_16s_16s_9s_26s_26_4_1_U58    |ama_addmuladd_16s_16s_9s_26s_26_4_1    |  i0 + (i1 + i2) * i3|
    |ama_addmuladd_16s_16s_9s_27s_27_4_1_U8     |ama_addmuladd_16s_16s_9s_27s_27_4_1    |  (i0 + i1) * i2 + i3|
    |ama_addmuladd_17s_17s_7s_24s_25_4_1_U48    |ama_addmuladd_17s_17s_7s_24s_25_4_1    |  i0 + (i1 + i2) * i3|
    |ama_addmuladd_17s_17s_9s_25s_26_4_1_U45    |ama_addmuladd_17s_17s_9s_25s_26_4_1    |  i0 + (i1 + i2) * i3|
    |ama_addmuladd_17s_17s_9s_27s_28_4_1_U44    |ama_addmuladd_17s_17s_9s_27s_28_4_1    |  i0 + (i1 + i2) * i3|
    |ama_addmuladd_17s_17s_9s_27s_28_4_1_U81    |ama_addmuladd_17s_17s_9s_27s_28_4_1    |  i0 + (i1 + i2) * i3|
    |ama_addmuladd_18s_17s_7ns_27s_27_4_1_U78   |ama_addmuladd_18s_17s_7ns_27s_27_4_1   |  (i0 + i1) * i2 + i3|
    |ama_addmuladd_18s_18s_6ns_26s_26_4_1_U37   |ama_addmuladd_18s_18s_6ns_26s_26_4_1   |  (i0 + i1) * i2 + i3|
    |ama_submuladd_17s_17s_5ns_22s_23_4_1_U51   |ama_submuladd_17s_17s_5ns_22s_23_4_1   |  i0 + (i1 - i2) * i3|
    |ama_submuladd_17s_17s_5ns_24s_24_4_1_U50   |ama_submuladd_17s_17s_5ns_24s_24_4_1   |  (i0 - i1) * i2 + i3|
    |ama_submuladd_17s_17s_6ns_26s_27_4_1_U79   |ama_submuladd_17s_17s_6ns_26s_27_4_1   |  i0 + (i1 - i2) * i3|
    |ama_submuladd_17s_18s_6ns_23s_25_4_1_U40   |ama_submuladd_17s_18s_6ns_23s_25_4_1   |  (i0 - i1) * i2 + i3|
    |ama_submuladd_17s_18s_7ns_26s_27_4_1_U38   |ama_submuladd_17s_18s_7ns_26s_27_4_1   |  i0 + (i1 - i2) * i3|
    |ama_submuladd_18s_17s_6ns_22s_25_4_1_U41   |ama_submuladd_18s_17s_6ns_22s_25_4_1   |  (i0 - i1) * i2 + i3|
    |ama_submuladd_18s_17s_7ns_25s_26_4_1_U39   |ama_submuladd_18s_17s_7ns_25s_26_4_1   |  (i0 - i1) * i2 + i3|
    +-------------------------------------------+---------------------------------------+---------------------+

    * Memory: 
    N/A

    * FIFO: 
    N/A

    * Expression: 
    +-------------------------+----------+----+---+----+------------+------------+
    |      Variable Name      | Operation| DSP| FF| LUT| Bitwidth P0| Bitwidth P1|
    +-------------------------+----------+----+---+----+------------+------------+
    |FIR_accu32_fu_9987_p2    |         +|   0|  0|  32|          32|          32|
    |add_ln28_100_fu_3588_p2  |         +|   0|  0|  24|          17|          17|
    |add_ln28_101_fu_3610_p2  |         +|   0|  0|  24|          17|          17|
    |add_ln28_103_fu_3644_p2  |         +|   0|  0|  24|          17|          17|
    |add_ln28_105_fu_3686_p2  |         +|   0|  0|  24|          17|          17|
    |add_ln28_106_fu_3712_p2  |         +|   0|  0|  24|          17|          17|
    |add_ln28_107_fu_3738_p2  |         +|   0|  0|  24|          17|          17|
    |add_ln28_108_fu_3764_p2  |         +|   0|  0|  24|          17|          17|
    |add_ln28_109_fu_3790_p2  |         +|   0|  0|  24|          17|          17|
    |add_ln28_10_fu_1298_p2   |         +|   0|  0|  24|          17|          17|
    |add_ln28_110_fu_3842_p2  |         +|   0|  0|  24|          17|          17|
    |add_ln28_115_fu_3916_p2  |         +|   0|  0|  24|          17|          17|
    |add_ln28_116_fu_3942_p2  |         +|   0|  0|  24|          17|          17|
    |add_ln28_117_fu_3968_p2  |         +|   0|  0|  24|          17|          17|
    |add_ln28_118_fu_3994_p2  |         +|   0|  0|  24|          17|          17|
    |add_ln28_119_fu_4016_p2  |         +|   0|  0|  24|          17|          17|
    |add_ln28_11_fu_1324_p2   |         +|   0|  0|  24|          17|          17|
    |add_ln28_123_fu_4078_p2  |         +|   0|  0|  24|          17|          17|
    |add_ln28_124_fu_4104_p2  |         +|   0|  0|  24|          17|          17|
    |add_ln28_125_fu_4130_p2  |         +|   0|  0|  24|          17|          17|
    |add_ln28_127_fu_4168_p2  |         +|   0|  0|  24|          17|          17|
    |add_ln28_129_fu_4210_p2  |         +|   0|  0|  24|          17|          17|
    |add_ln28_12_fu_1350_p2   |         +|   0|  0|  24|          17|          17|
    |add_ln28_131_fu_4244_p2  |         +|   0|  0|  24|          17|          17|
    |add_ln28_132_fu_4266_p2  |         +|   0|  0|  24|          17|          17|
    |add_ln28_133_fu_4292_p2  |         +|   0|  0|  24|          17|          17|
    |add_ln28_135_fu_4326_p2  |         +|   0|  0|  24|          17|          17|
    |add_ln28_136_fu_4352_p2  |         +|   0|  0|  24|          17|          17|
    |add_ln28_137_fu_4378_p2  |         +|   0|  0|  24|          17|          17|
    |add_ln28_139_fu_4420_p2  |         +|   0|  0|  24|          17|          17|
    |add_ln28_13_fu_1376_p2   |         +|   0|  0|  24|          17|          17|
    |add_ln28_141_fu_4462_p2  |         +|   0|  0|  24|          17|          17|
    |add_ln28_145_fu_4528_p2  |         +|   0|  0|  24|          17|          17|
    |add_ln28_146_fu_4550_p2  |         +|   0|  0|  24|          17|          17|
    |add_ln28_147_fu_4576_p2  |         +|   0|  0|  24|          17|          17|
    |add_ln28_148_fu_4602_p2  |         +|   0|  0|  24|          17|          17|
    |add_ln28_14_fu_1402_p2   |         +|   0|  0|  24|          17|          17|
    |add_ln28_153_fu_4672_p2  |         +|   0|  0|  24|          17|          17|
    |add_ln28_154_fu_4698_p2  |         +|   0|  0|  24|          17|          17|
    |add_ln28_155_fu_4724_p2  |         +|   0|  0|  24|          17|          17|
    |add_ln28_156_fu_4750_p2  |         +|   0|  0|  24|          17|          17|
    |add_ln28_159_fu_4796_p2  |         +|   0|  0|  24|          17|          17|
    |add_ln28_15_fu_1428_p2   |         +|   0|  0|  24|          17|          17|
    |add_ln28_160_fu_4818_p2  |         +|   0|  0|  24|          17|          17|
    |add_ln28_162_fu_4856_p2  |         +|   0|  0|  24|          17|          17|
    |add_ln28_163_fu_4878_p2  |         +|   0|  0|  24|          17|          17|
    |add_ln28_16_fu_1454_p2   |         +|   0|  0|  24|          17|          17|
    |add_ln28_170_fu_4972_p2  |         +|   0|  0|  24|          17|          17|
    |add_ln28_174_fu_5030_p2  |         +|   0|  0|  24|          17|          17|
    |add_ln28_178_fu_5092_p2  |         +|   0|  0|  24|          17|          17|
    |add_ln28_17_fu_1480_p2   |         +|   0|  0|  24|          17|          17|
    |add_ln28_18_fu_1506_p2   |         +|   0|  0|  24|          17|          17|
    |add_ln28_198_fu_9284_p2  |         +|   0|  0|  32|          25|          25|
    |add_ln28_199_fu_9457_p2  |         +|   0|  0|  34|          27|          27|
    |add_ln28_19_fu_1532_p2   |         +|   0|  0|  24|          17|          17|
    |add_ln28_1_fu_1082_p2    |         +|   0|  0|  24|          17|          17|
    |add_ln28_201_fu_9293_p2  |         +|   0|  0|  26|          26|          26|
    |add_ln28_202_fu_9299_p2  |         +|   0|  0|  26|          26|          26|
    |add_ln28_204_fu_5846_p2  |         +|   0|  0|  24|          24|          24|
    |add_ln28_205_fu_9476_p2  |         +|   0|  0|  33|          26|          26|
    |add_ln28_206_fu_9486_p2  |         +|   0|  0|  34|          27|          27|
    |add_ln28_207_fu_9496_p2  |         +|   0|  0|  35|          28|          28|
    |add_ln28_209_fu_9305_p2  |         +|   0|  0|  32|          25|          25|
    |add_ln28_20_fu_1558_p2   |         +|   0|  0|  24|          17|          17|
    |add_ln28_211_fu_5852_p2  |         +|   0|  0|  24|          24|          24|
    |add_ln28_212_fu_9317_p2  |         +|   0|  0|  32|          25|          25|
    |add_ln28_213_fu_9326_p2  |         +|   0|  0|  33|          26|          26|
    |add_ln28_216_fu_9512_p2  |         +|   0|  0|  34|          27|          27|
    |add_ln28_219_fu_9338_p2  |         +|   0|  0|  34|          27|          27|
    |add_ln28_220_fu_9524_p2  |         +|   0|  0|  28|          28|          28|
    |add_ln28_221_fu_9530_p2  |         +|   0|  0|  28|          28|          28|
    |add_ln28_222_fu_9540_p2  |         +|   0|  0|  36|          29|          29|
    |add_ln28_224_fu_9347_p2  |         +|   0|  0|  26|          26|          26|
    |add_ln28_227_fu_9363_p2  |         +|   0|  0|  27|          27|          27|
    |add_ln28_228_fu_9369_p2  |         +|   0|  0|  27|          27|          27|
    |add_ln28_22_fu_1600_p2   |         +|   0|  0|  24|          17|          17|
    |add_ln28_231_fu_9552_p2  |         +|   0|  0|  34|          27|          27|
    |add_ln28_232_fu_5858_p2  |         +|   0|  0|  24|          24|          24|
    |add_ln28_234_fu_9381_p2  |         +|   0|  0|  34|          27|          27|
    |add_ln28_235_fu_9564_p2  |         +|   0|  0|  35|          28|          28|
    |add_ln28_236_fu_9574_p2  |         +|   0|  0|  36|          29|          29|
    |add_ln28_23_fu_1622_p2   |         +|   0|  0|  24|          17|          17|
    |add_ln28_241_fu_9586_p2  |         +|   0|  0|  34|          27|          27|
    |add_ln28_242_fu_9888_p2  |         +|   0|  0|  35|          28|          28|
    |add_ln28_245_fu_9597_p2  |         +|   0|  0|  34|          27|          27|
    |add_ln28_248_fu_9613_p2  |         +|   0|  0|  34|          27|          27|
    |add_ln28_249_fu_9623_p2  |         +|   0|  0|  35|          28|          28|
    |add_ln28_24_fu_1648_p2   |         +|   0|  0|  24|          17|          17|
    |add_ln28_250_fu_9901_p2  |         +|   0|  0|  36|          29|          29|
    |add_ln28_251_fu_9911_p2  |         +|   0|  0|  37|          30|          30|
    |add_ln28_252_fu_9921_p2  |         +|   0|  0|  38|          31|          31|
    |add_ln28_257_fu_9638_p2  |         +|   0|  0|  28|          28|          28|
    |add_ln28_258_fu_9644_p2  |         +|   0|  0|  28|          28|          28|
    |add_ln28_25_fu_1674_p2   |         +|   0|  0|  24|          17|          17|
    |add_ln28_261_fu_9660_p2  |         +|   0|  0|  35|          28|          28|
    |add_ln28_263_fu_5864_p2  |         +|   0|  0|  26|          26|          26|
    |add_ln28_264_fu_9393_p2  |         +|   0|  0|  34|          27|          27|
    |add_ln28_265_fu_9673_p2  |         +|   0|  0|  29|          29|          29|
    |add_ln28_266_fu_9679_p2  |         +|   0|  0|  29|          29|          29|
    |add_ln28_26_fu_1700_p2   |         +|   0|  0|  24|          17|          17|
    |add_ln28_271_fu_9943_p2  |         +|   0|  0|  29|          29|          29|
    |add_ln28_272_fu_9949_p2  |         +|   0|  0|  29|          29|          29|
    |add_ln28_275_fu_9694_p2  |         +|   0|  0|  35|          28|          28|
    |add_ln28_276_fu_9398_p2  |         +|   0|  0|  28|          28|          28|
    |add_ln28_278_fu_9407_p2  |         +|   0|  0|  28|          28|          28|
    |add_ln28_279_fu_9707_p2  |         +|   0|  0|  36|          29|          29|
    |add_ln28_27_fu_1726_p2   |         +|   0|  0|  24|          17|          17|
    |add_ln28_280_fu_9962_p2  |         +|   0|  0|  37|          30|          30|
    |add_ln28_281_fu_9972_p2  |         +|   0|  0|  38|          31|          31|
    |add_ln28_283_fu_9716_p2  |         +|   0|  0|  35|          28|          28|
    |add_ln28_286_fu_9732_p2  |         +|   0|  0|  29|          29|          29|
    |add_ln28_287_fu_9738_p2  |         +|   0|  0|  29|          29|          29|
    |add_ln28_28_fu_1752_p2   |         +|   0|  0|  24|          17|          17|
    |add_ln28_290_fu_9751_p2  |         +|   0|  0|  35|          28|          28|
    |add_ln28_293_fu_9763_p2  |         +|   0|  0|  36|          29|          29|
    |add_ln28_294_fu_9772_p2  |         +|   0|  0|  37|          30|          30|
    |add_ln28_295_fu_9782_p2  |         +|   0|  0|  38|          31|          31|
    |add_ln28_298_fu_9795_p2  |         +|   0|  0|  36|          29|          29|
    |add_ln28_29_fu_1778_p2   |         +|   0|  0|  24|          17|          17|
    |add_ln28_2_fu_1108_p2    |         +|   0|  0|  24|          17|          17|
    |add_ln28_301_fu_9810_p2  |         +|   0|  0|  37|          30|          30|
    |add_ln28_302_fu_9820_p2  |         +|   0|  0|  38|          31|          31|
    |add_ln28_305_fu_9836_p2  |         +|   0|  0|  38|          31|          31|
    |add_ln28_308_fu_9852_p2  |         +|   0|  0|  32|          32|          32|
    |add_ln28_309_fu_9858_p2  |         +|   0|  0|  32|          32|          32|
    |add_ln28_30_fu_1804_p2   |         +|   0|  0|  24|          17|          17|
    |add_ln28_310_fu_9864_p2  |         +|   0|  0|  32|          32|          32|
    |add_ln28_311_fu_9870_p2  |         +|   0|  0|  32|          32|          32|
    |add_ln28_312_fu_9982_p2  |         +|   0|  0|  32|          32|          32|
    |add_ln28_316_fu_9120_p2  |         +|   0|  0|  35|          28|          28|
    |add_ln28_31_fu_1830_p2   |         +|   0|  0|  24|          17|          17|
    |add_ln28_32_fu_1856_p2   |         +|   0|  0|  24|          17|          17|
    |add_ln28_33_fu_1882_p2   |         +|   0|  0|  24|          17|          17|
    |add_ln28_34_fu_1908_p2   |         +|   0|  0|  24|          17|          17|
    |add_ln28_35_fu_1934_p2   |         +|   0|  0|  24|          17|          17|
    |add_ln28_36_fu_1960_p2   |         +|   0|  0|  24|          17|          17|
    |add_ln28_37_fu_1986_p2   |         +|   0|  0|  24|          17|          17|
    |add_ln28_38_fu_2008_p2   |         +|   0|  0|  24|          17|          17|
    |add_ln28_39_fu_2034_p2   |         +|   0|  0|  24|          17|          17|
    |add_ln28_3_fu_1134_p2    |         +|   0|  0|  24|          17|          17|
    |add_ln28_40_fu_2060_p2   |         +|   0|  0|  24|          17|          17|
    |add_ln28_41_fu_2086_p2   |         +|   0|  0|  24|          17|          17|
    |add_ln28_42_fu_2112_p2   |         +|   0|  0|  24|          17|          17|
    |add_ln28_43_fu_2138_p2   |         +|   0|  0|  24|          17|          17|
    |add_ln28_44_fu_2164_p2   |         +|   0|  0|  24|          17|          17|
    |add_ln28_45_fu_2190_p2   |         +|   0|  0|  24|          17|          17|
    |add_ln28_46_fu_2216_p2   |         +|   0|  0|  24|          17|          17|
    |add_ln28_47_fu_2242_p2   |         +|   0|  0|  24|          17|          17|
    |add_ln28_48_fu_2268_p2   |         +|   0|  0|  24|          17|          17|
    |add_ln28_49_fu_2294_p2   |         +|   0|  0|  24|          17|          17|
    |add_ln28_50_fu_2320_p2   |         +|   0|  0|  24|          17|          17|
    |add_ln28_52_fu_2354_p2   |         +|   0|  0|  24|          17|          17|
    |add_ln28_53_fu_2380_p2   |         +|   0|  0|  24|          17|          17|
    |add_ln28_54_fu_2406_p2   |         +|   0|  0|  24|          17|          17|
    |add_ln28_55_fu_2432_p2   |         +|   0|  0|  24|          17|          17|
    |add_ln28_56_fu_2458_p2   |         +|   0|  0|  24|          17|          17|
    |add_ln28_57_fu_2510_p2   |         +|   0|  0|  24|          17|          17|
    |add_ln28_58_fu_2536_p2   |         +|   0|  0|  24|          17|          17|
    |add_ln28_59_fu_2562_p2   |         +|   0|  0|  24|          17|          17|
    |add_ln28_5_fu_1168_p2    |         +|   0|  0|  24|          17|          17|
    |add_ln28_60_fu_2588_p2   |         +|   0|  0|  24|          17|          17|
    |add_ln28_61_fu_2610_p2   |         +|   0|  0|  24|          17|          17|
    |add_ln28_62_fu_2636_p2   |         +|   0|  0|  24|          17|          17|
    |add_ln28_63_fu_2662_p2   |         +|   0|  0|  24|          17|          17|
    |add_ln28_64_fu_2688_p2   |         +|   0|  0|  24|          17|          17|
    |add_ln28_65_fu_2714_p2   |         +|   0|  0|  24|          17|          17|
    |add_ln28_66_fu_2740_p2   |         +|   0|  0|  24|          17|          17|
    |add_ln28_67_fu_2766_p2   |         +|   0|  0|  24|          17|          17|
    |add_ln28_68_fu_2788_p2   |         +|   0|  0|  24|          17|          17|
    |add_ln28_69_fu_2814_p2   |         +|   0|  0|  24|          17|          17|
    |add_ln28_6_fu_1194_p2    |         +|   0|  0|  24|          17|          17|
    |add_ln28_70_fu_2840_p2   |         +|   0|  0|  24|          17|          17|
    |add_ln28_71_fu_2866_p2   |         +|   0|  0|  24|          17|          17|
    |add_ln28_72_fu_2892_p2   |         +|   0|  0|  24|          17|          17|
    |add_ln28_73_fu_2918_p2   |         +|   0|  0|  24|          17|          17|
    |add_ln28_74_fu_2944_p2   |         +|   0|  0|  24|          17|          17|
    |add_ln28_76_fu_2986_p2   |         +|   0|  0|  24|          17|          17|
    |add_ln28_77_fu_3012_p2   |         +|   0|  0|  24|          17|          17|
    |add_ln28_78_fu_3068_p2   |         +|   0|  0|  24|          17|          17|
    |add_ln28_79_fu_3094_p2   |         +|   0|  0|  24|          17|          17|
    |add_ln28_7_fu_1220_p2    |         +|   0|  0|  24|          17|          17|
    |add_ln28_80_fu_3120_p2   |         +|   0|  0|  24|          17|          17|
    |add_ln28_81_fu_3146_p2   |         +|   0|  0|  24|          17|          17|
    |add_ln28_83_fu_3180_p2   |         +|   0|  0|  24|          17|          17|
    |add_ln28_84_fu_3206_p2   |         +|   0|  0|  24|          17|          17|
    |add_ln28_85_fu_3232_p2   |         +|   0|  0|  24|          17|          17|
    |add_ln28_86_fu_3258_p2   |         +|   0|  0|  24|          17|          17|
    |add_ln28_89_fu_3316_p2   |         +|   0|  0|  24|          17|          17|
    |add_ln28_8_fu_1246_p2    |         +|   0|  0|  24|          17|          17|
    |add_ln28_90_fu_3338_p2   |         +|   0|  0|  24|          17|          17|
    |add_ln28_91_fu_3364_p2   |         +|   0|  0|  24|          17|          17|
    |add_ln28_92_fu_3390_p2   |         +|   0|  0|  24|          17|          17|
    |add_ln28_93_fu_3416_p2   |         +|   0|  0|  24|          17|          17|
    |add_ln28_94_fu_3442_p2   |         +|   0|  0|  24|          17|          17|
    |add_ln28_95_fu_3468_p2   |         +|   0|  0|  24|          17|          17|
    |add_ln28_96_fu_3494_p2   |         +|   0|  0|  24|          17|          17|
    |add_ln28_97_fu_3520_p2   |         +|   0|  0|  24|          17|          17|
    |add_ln28_99_fu_3562_p2   |         +|   0|  0|  24|          17|          17|
    |add_ln28_9_fu_1272_p2    |         +|   0|  0|  24|          17|          17|
    |grp_fu_10078_p3          |         +|   0|  0|  33|          26|          26|
    |grp_fu_10115_p30         |         +|   0|  0|  33|          26|          26|
    |grp_fu_10161_p30         |         +|   0|  0|  34|          27|          27|
    |grp_fu_10239_p30         |         +|   0|  0|  36|          29|          29|
    |grp_fu_10323_p3          |         +|   0|  0|  33|          26|          26|
    |grp_fu_10333_p30         |         +|   0|  0|  34|          27|          27|
    |sum1_fu_5538_p2          |         +|   0|  0|  25|          18|          18|
    |sum_fu_5518_p2           |         +|   0|  0|  25|          18|          18|
    |tmp100_fu_5666_p2        |         +|   0|  0|  25|          18|          18|
    |tmp102_fu_5672_p2        |         +|   0|  0|  25|          18|          18|
    |tmp114_fu_5684_p2        |         +|   0|  0|  25|          18|          18|
    |tmp115_fu_9236_p2        |         +|   0|  0|  30|          23|          23|
    |tmp116_fu_5690_p2        |         +|   0|  0|  25|          18|          18|
    |tmp11_fu_5330_p2         |         +|   0|  0|  19|          19|          19|
    |tmp126_fu_5732_p2        |         +|   0|  0|  24|          24|          24|
    |tmp127_fu_5738_p2        |         +|   0|  0|  25|          18|          18|
    |tmp129_fu_5780_p2        |         +|   0|  0|  25|          18|          18|
    |tmp130_fu_8971_p2        |         +|   0|  0|  31|          24|          24|
    |tmp140_fu_5822_p2        |         +|   0|  0|  25|          18|          18|
    |tmp142_fu_5828_p2        |         +|   0|  0|  25|          18|          18|
    |tmp147_fu_5840_p2        |         +|   0|  0|  25|          18|          18|
    |tmp148_fu_9088_p2        |         +|   0|  0|  32|          25|          25|
    |tmp16_fu_5362_p2         |         +|   0|  0|  26|          19|          19|
    |tmp18_fu_5420_p2         |         +|   0|  0|  25|          18|          18|
    |tmp1_fu_5342_p2          |         +|   0|  0|  25|          18|          18|
    |tmp25_fu_5430_p2         |         +|   0|  0|  26|          19|          19|
    |tmp27_fu_5502_p2         |         +|   0|  0|  25|          18|          18|
    |tmp28_fu_5560_p2         |         +|   0|  0|  25|          18|          18|
    |tmp2_fu_5352_p2          |         +|   0|  0|  25|          18|          18|
    |tmp31_fu_5452_p2         |         +|   0|  0|  19|          19|          19|
    |tmp33_fu_5602_p2         |         +|   0|  0|  25|          18|          18|
    |tmp37_fu_5474_p2         |         +|   0|  0|  19|          19|          19|
    |tmp38_fu_9180_p2         |         +|   0|  0|  33|          26|          26|
    |tmp43_fu_5496_p2         |         +|   0|  0|  19|          19|          19|
    |tmp46_fu_5512_p2         |         +|   0|  0|  26|          19|          19|
    |tmp4_fu_5298_p2          |         +|   0|  0|  19|          19|          19|
    |tmp54_fu_5528_p2         |         +|   0|  0|  25|          18|          18|
    |tmp633_fu_5570_p2        |         +|   0|  0|  26|          19|          19|
    |tmp66_fu_5576_p2         |         +|   0|  0|  25|          18|          18|
    |tmp78_fu_5608_p2         |         +|   0|  0|  25|          18|          18|
    |tmp81_fu_5618_p2         |         +|   0|  0|  25|          18|          18|
    |tmp8_fu_5400_p2          |         +|   0|  0|  25|          18|          18|
    |tmp92_fu_5624_p2         |         +|   0|  0|  25|          18|          18|
    |tmp93_fu_5654_p2         |         +|   0|  0|  26|          26|          26|
    |tmp9_fu_5410_p2          |         +|   0|  0|  25|          18|          18|
    |tmp_fu_5282_p2           |         +|   0|  0|  25|          18|          18|
    |grp_fu_10035_p3          |         -|   0|  0|  33|          26|          26|
    |grp_fu_10046_p3          |         -|   0|  0|  26|          26|          26|
    |grp_fu_10057_p3          |         -|   0|  0|  33|          26|          26|
    |grp_fu_10097_p3          |         -|   0|  0|  33|          26|          26|
    |grp_fu_10133_p3          |         -|   0|  0|  26|          26|          26|
    |grp_fu_10143_p3          |         -|   0|  0|  34|          27|          27|
    |grp_fu_10447_p3          |         -|   0|  0|  31|          24|          24|
    |p_neg209_fu_8767_p2      |         -|   0|  0|  27|           1|          27|
    |p_neg218_fu_8677_p2      |         -|   0|  0|  26|           1|          26|
    |p_neg_fu_5756_p2         |         -|   0|  0|  24|           1|          24|
    |sub_ln28_10_fu_8623_p2   |         -|   0|  0|  27|           1|          20|
    |sub_ln28_1_fu_3042_p2    |         -|   0|  0|  29|          22|          22|
    |sub_ln28_2_fu_8405_p2    |         -|   0|  0|  26|           1|          26|
    |sub_ln28_4_fu_3820_p2    |         -|   0|  0|  24|          24|          24|
    |sub_ln28_6_fu_9148_p2    |         -|   0|  0|  34|          27|          27|
    |sub_ln28_7_fu_8574_p2    |         -|   0|  0|  32|          25|          25|
    |sub_ln28_8_fu_9424_p2    |         -|   0|  0|  26|           1|          26|
    |sub_ln28_9_fu_9441_p2    |         -|   0|  0|  26|          26|          26|
    |sub_ln28_fu_2488_p2      |         -|   0|  0|  24|          24|          24|
    |tmp103_fu_8928_p2        |         -|   0|  0|  32|           1|          25|
    |tmp105_fu_5678_p2        |         -|   0|  0|  25|          18|          18|
    |tmp106_fu_9208_p2        |         -|   0|  0|  26|          26|          26|
    |tmp10_fu_5320_p2         |         -|   0|  0|  25|          18|          18|
    |tmp117_fu_9268_p2        |         -|   0|  0|  32|          25|          25|
    |tmp119_fu_5696_p2        |         -|   0|  0|  25|          18|          18|
    |tmp125_fu_5702_p2        |         -|   0|  0|  25|          18|          18|
    |tmp128_fu_5774_p2        |         -|   0|  0|  24|          24|          24|
    |tmp12_fu_5336_p2         |         -|   0|  0|  19|          19|          19|
    |tmp135_fu_5786_p2        |         -|   0|  0|  25|          18|          18|
    |tmp136_fu_5816_p2        |         -|   0|  0|  31|          24|          24|
    |tmp141_fu_8992_p2        |         -|   0|  0|  29|           1|          22|
    |tmp143_fu_9024_p2        |         -|   0|  0|  29|          22|          22|
    |tmp145_fu_5834_p2        |         -|   0|  0|  25|          18|          18|
    |tmp146_fu_9056_p2        |         -|   0|  0|  31|          24|          24|
    |tmp17_fu_5380_p2         |         -|   0|  0|  28|           1|          21|
    |tmp19_fu_5390_p2         |         -|   0|  0|  25|          18|          18|
    |tmp29_fu_5436_p2         |         -|   0|  0|  25|          18|          18|
    |tmp30_fu_5446_p2         |         -|   0|  0|  19|          19|          19|
    |tmp32_fu_8722_p2         |         -|   0|  0|  32|          25|          25|
    |tmp35_fu_5458_p2         |         -|   0|  0|  25|          18|          18|
    |tmp36_fu_5468_p2         |         -|   0|  0|  19|          19|          19|
    |tmp3_fu_5292_p2          |         -|   0|  0|  19|          19|          19|
    |tmp41_fu_5480_p2         |         -|   0|  0|  25|          18|          18|
    |tmp42_fu_5490_p2         |         -|   0|  0|  19|          19|          19|
    |tmp47_fu_8784_p2         |         -|   0|  0|  27|          27|          27|
    |tmp5_fu_5308_p2          |         -|   0|  0|  20|          20|          20|
    |tmp6_fu_5314_p2          |         -|   0|  0|  20|          20|          20|
    |tmp71_fu_5586_p2         |         -|   0|  0|  25|          18|          18|
    |tmp72_fu_5596_p2         |         -|   0|  0|  26|          19|          19|
    |tmp98_fu_5660_p2         |         -|   0|  0|  25|          18|          18|
    |ap_enable_pp0            |       xor|   0|  0|   2|           1|           2|
    +-------------------------+----------+----+---+----+------------+------------+
    |Total                    |          |   0|  0|7855|        5959|        6168|
    +-------------------------+----------+----+---+----+------------+------------+

    * Multiplexer: 
    N/A

    * Register: 
    +-----------------------------------------------------+----+----+-----+-----------+
    |                         Name                        | FF | LUT| Bits| Const Bits|
    +-----------------------------------------------------+----+----+-----+-----------+
    |add_ln28_118_reg_10871                               |  17|   0|   17|          0|
    |add_ln28_118_reg_10871_pp0_iter1_reg                 |  17|   0|   17|          0|
    |add_ln28_119_reg_10876                               |  17|   0|   17|          0|
    |add_ln28_119_reg_10876_pp0_iter1_reg                 |  17|   0|   17|          0|
    |add_ln28_125_reg_10892                               |  17|   0|   17|          0|
    |add_ln28_125_reg_10892_pp0_iter1_reg                 |  17|   0|   17|          0|
    |add_ln28_131_reg_10908                               |  17|   0|   17|          0|
    |add_ln28_145_reg_10933                               |  17|   0|   17|          0|
    |add_ln28_145_reg_10933_pp0_iter1_reg                 |  17|   0|   17|          0|
    |add_ln28_148_reg_10939                               |  17|   0|   17|          0|
    |add_ln28_148_reg_10939_pp0_iter1_reg                 |  17|   0|   17|          0|
    |add_ln28_156_reg_10964                               |  17|   0|   17|          0|
    |add_ln28_156_reg_10964_pp0_iter1_reg                 |  17|   0|   17|          0|
    |add_ln28_159_reg_10980                               |  17|   0|   17|          0|
    |add_ln28_160_reg_10986                               |  17|   0|   17|          0|
    |add_ln28_162_reg_10992                               |  17|   0|   17|          0|
    |add_ln28_162_reg_10992_pp0_iter1_reg                 |  17|   0|   17|          0|
    |add_ln28_163_reg_10998                               |  17|   0|   17|          0|
    |add_ln28_174_reg_11054                               |  17|   0|   17|          0|
    |add_ln28_174_reg_11054_pp0_iter1_reg                 |  17|   0|   17|          0|
    |add_ln28_178_reg_11070                               |  17|   0|   17|          0|
    |add_ln28_178_reg_11070_pp0_iter1_reg                 |  17|   0|   17|          0|
    |add_ln28_198_reg_11557                               |  25|   0|   25|          0|
    |add_ln28_202_reg_11562                               |  26|   0|   26|          0|
    |add_ln28_204_reg_11277                               |  23|   0|   24|          1|
    |add_ln28_211_reg_11282                               |  22|   0|   24|          2|
    |add_ln28_213_reg_11567                               |  26|   0|   26|          0|
    |add_ln28_214_reg_11572                               |  27|   0|   27|          0|
    |add_ln28_219_reg_11577                               |  27|   0|   27|          0|
    |add_ln28_222_reg_11657                               |  29|   0|   29|          0|
    |add_ln28_228_reg_11582                               |  27|   0|   27|          0|
    |add_ln28_230_reg_11587                               |  27|   0|   27|          0|
    |add_ln28_232_reg_11287                               |  22|   0|   24|          2|
    |add_ln28_234_reg_11592                               |  27|   0|   27|          0|
    |add_ln28_236_reg_11662                               |  29|   0|   29|          0|
    |add_ln28_240_reg_11597                               |  26|   0|   26|          0|
    |add_ln28_241_reg_11672                               |  27|   0|   27|          0|
    |add_ln28_244_reg_11602                               |  26|   0|   26|          0|
    |add_ln28_246_reg_11607                               |  26|   0|   26|          0|
    |add_ln28_249_reg_11677                               |  28|   0|   28|          0|
    |add_ln28_256_reg_11617                               |  26|   0|   26|          0|
    |add_ln28_259_reg_11622                               |  27|   0|   27|          0|
    |add_ln28_263_reg_11292                               |  25|   0|   26|          1|
    |add_ln28_264_reg_11627                               |  27|   0|   27|          0|
    |add_ln28_266_reg_11682                               |  29|   0|   29|          0|
    |add_ln28_269_reg_11692                               |  27|   0|   27|          0|
    |add_ln28_270_reg_11632                               |  28|   0|   28|          0|
    |add_ln28_270_reg_11632_pp0_iter4_reg                 |  28|   0|   28|          0|
    |add_ln28_273_reg_11637                               |  26|   0|   26|          0|
    |add_ln28_278_reg_11642                               |  28|   0|   28|          0|
    |add_ln28_279_reg_11697                               |  29|   0|   29|          0|
    |add_ln28_291_reg_11647                               |  29|   0|   29|          0|
    |add_ln28_296_reg_11652                               |  27|   0|   27|          0|
    |add_ln28_311_reg_11702                               |  32|   0|   32|          0|
    |add_ln28_60_reg_10815                                |  17|   0|   17|          0|
    |add_ln28_67_reg_10820                                |  17|   0|   17|          0|
    |add_ln28_89_reg_10835                                |  17|   0|   17|          0|
    |add_ln28_89_reg_10835_pp0_iter1_reg                  |  17|   0|   17|          0|
    |ap_CS_fsm                                            |   1|   0|    1|          0|
    |ap_enable_reg_pp0_iter1                              |   1|   0|    1|          0|
    |ap_enable_reg_pp0_iter2                              |   1|   0|    1|          0|
    |ap_enable_reg_pp0_iter3                              |   1|   0|    1|          0|
    |ap_enable_reg_pp0_iter4                              |   1|   0|    1|          0|
    |ap_enable_reg_pp0_iter5                              |   1|   0|    1|          0|
    |p_ZL12H_filter_FIR_0                                 |  16|   0|   16|          0|
    |p_ZL12H_filter_FIR_1                                 |  16|   0|   16|          0|
    |p_ZL12H_filter_FIR_10                                |  16|   0|   16|          0|
    |p_ZL12H_filter_FIR_100                               |  16|   0|   16|          0|
    |p_ZL12H_filter_FIR_101                               |  16|   0|   16|          0|
    |p_ZL12H_filter_FIR_102                               |  16|   0|   16|          0|
    |p_ZL12H_filter_FIR_103                               |  16|   0|   16|          0|
    |p_ZL12H_filter_FIR_104                               |  16|   0|   16|          0|
    |p_ZL12H_filter_FIR_104_load_reg_10841                |  16|   0|   16|          0|
    |p_ZL12H_filter_FIR_105                               |  16|   0|   16|          0|
    |p_ZL12H_filter_FIR_106                               |  16|   0|   16|          0|
    |p_ZL12H_filter_FIR_107                               |  16|   0|   16|          0|
    |p_ZL12H_filter_FIR_108                               |  16|   0|   16|          0|
    |p_ZL12H_filter_FIR_109                               |  16|   0|   16|          0|
    |p_ZL12H_filter_FIR_11                                |  16|   0|   16|          0|
    |p_ZL12H_filter_FIR_110                               |  16|   0|   16|          0|
    |p_ZL12H_filter_FIR_111                               |  16|   0|   16|          0|
    |p_ZL12H_filter_FIR_112                               |  16|   0|   16|          0|
    |p_ZL12H_filter_FIR_113                               |  16|   0|   16|          0|
    |p_ZL12H_filter_FIR_114                               |  16|   0|   16|          0|
    |p_ZL12H_filter_FIR_114_load_reg_10851                |  16|   0|   16|          0|
    |p_ZL12H_filter_FIR_114_load_reg_10851_pp0_iter1_reg  |  16|   0|   16|          0|
    |p_ZL12H_filter_FIR_115                               |  16|   0|   16|          0|
    |p_ZL12H_filter_FIR_116                               |  16|   0|   16|          0|
    |p_ZL12H_filter_FIR_116_load_reg_10861                |  16|   0|   16|          0|
    |p_ZL12H_filter_FIR_117                               |  16|   0|   16|          0|
    |p_ZL12H_filter_FIR_118                               |  16|   0|   16|          0|
    |p_ZL12H_filter_FIR_119                               |  16|   0|   16|          0|
    |p_ZL12H_filter_FIR_12                                |  16|   0|   16|          0|
    |p_ZL12H_filter_FIR_120                               |  16|   0|   16|          0|
    |p_ZL12H_filter_FIR_121                               |  16|   0|   16|          0|
    |p_ZL12H_filter_FIR_122                               |  16|   0|   16|          0|
    |p_ZL12H_filter_FIR_123                               |  16|   0|   16|          0|
    |p_ZL12H_filter_FIR_124                               |  16|   0|   16|          0|
    |p_ZL12H_filter_FIR_124_load_reg_10882                |  16|   0|   16|          0|
    |p_ZL12H_filter_FIR_125                               |  16|   0|   16|          0|
    |p_ZL12H_filter_FIR_126                               |  16|   0|   16|          0|
    |p_ZL12H_filter_FIR_127                               |  16|   0|   16|          0|
    |p_ZL12H_filter_FIR_128                               |  16|   0|   16|          0|
    |p_ZL12H_filter_FIR_129                               |  16|   0|   16|          0|
    |p_ZL12H_filter_FIR_13                                |  16|   0|   16|          0|
    |p_ZL12H_filter_FIR_130                               |  16|   0|   16|          0|
    |p_ZL12H_filter_FIR_131                               |  16|   0|   16|          0|
    |p_ZL12H_filter_FIR_132                               |  16|   0|   16|          0|
    |p_ZL12H_filter_FIR_132_load_reg_10898                |  16|   0|   16|          0|
    |p_ZL12H_filter_FIR_133                               |  16|   0|   16|          0|
    |p_ZL12H_filter_FIR_134                               |  16|   0|   16|          0|
    |p_ZL12H_filter_FIR_135                               |  16|   0|   16|          0|
    |p_ZL12H_filter_FIR_136                               |  16|   0|   16|          0|
    |p_ZL12H_filter_FIR_136_load_reg_10913                |  16|   0|   16|          0|
    |p_ZL12H_filter_FIR_137                               |  16|   0|   16|          0|
    |p_ZL12H_filter_FIR_138                               |  16|   0|   16|          0|
    |p_ZL12H_filter_FIR_139                               |  16|   0|   16|          0|
    |p_ZL12H_filter_FIR_14                                |  16|   0|   16|          0|
    |p_ZL12H_filter_FIR_140                               |  16|   0|   16|          0|
    |p_ZL12H_filter_FIR_141                               |  16|   0|   16|          0|
    |p_ZL12H_filter_FIR_142                               |  16|   0|   16|          0|
    |p_ZL12H_filter_FIR_143                               |  16|   0|   16|          0|
    |p_ZL12H_filter_FIR_144                               |  16|   0|   16|          0|
    |p_ZL12H_filter_FIR_145                               |  16|   0|   16|          0|
    |p_ZL12H_filter_FIR_145_load_reg_10923                |  16|   0|   16|          0|
    |p_ZL12H_filter_FIR_146                               |  16|   0|   16|          0|
    |p_ZL12H_filter_FIR_147                               |  16|   0|   16|          0|
    |p_ZL12H_filter_FIR_148                               |  16|   0|   16|          0|
    |p_ZL12H_filter_FIR_149                               |  16|   0|   16|          0|
    |p_ZL12H_filter_FIR_15                                |  16|   0|   16|          0|
    |p_ZL12H_filter_FIR_150                               |  16|   0|   16|          0|
    |p_ZL12H_filter_FIR_151                               |  16|   0|   16|          0|
    |p_ZL12H_filter_FIR_152                               |  16|   0|   16|          0|
    |p_ZL12H_filter_FIR_152_load_reg_10944                |  16|   0|   16|          0|
    |p_ZL12H_filter_FIR_153                               |  16|   0|   16|          0|
    |p_ZL12H_filter_FIR_154                               |  16|   0|   16|          0|
    |p_ZL12H_filter_FIR_154_load_reg_10954                |  16|   0|   16|          0|
    |p_ZL12H_filter_FIR_155                               |  16|   0|   16|          0|
    |p_ZL12H_filter_FIR_156                               |  16|   0|   16|          0|
    |p_ZL12H_filter_FIR_157                               |  16|   0|   16|          0|
    |p_ZL12H_filter_FIR_158                               |  16|   0|   16|          0|
    |p_ZL12H_filter_FIR_159                               |  16|   0|   16|          0|
    |p_ZL12H_filter_FIR_16                                |  16|   0|   16|          0|
    |p_ZL12H_filter_FIR_160                               |  16|   0|   16|          0|
    |p_ZL12H_filter_FIR_160_load_reg_10970                |  16|   0|   16|          0|
    |p_ZL12H_filter_FIR_161                               |  16|   0|   16|          0|
    |p_ZL12H_filter_FIR_162                               |  16|   0|   16|          0|
    |p_ZL12H_filter_FIR_163                               |  16|   0|   16|          0|
    |p_ZL12H_filter_FIR_164                               |  16|   0|   16|          0|
    |p_ZL12H_filter_FIR_165                               |  16|   0|   16|          0|
    |p_ZL12H_filter_FIR_166                               |  16|   0|   16|          0|
    |p_ZL12H_filter_FIR_167                               |  16|   0|   16|          0|
    |p_ZL12H_filter_FIR_167_load_reg_11004                |  16|   0|   16|          0|
    |p_ZL12H_filter_FIR_168                               |  16|   0|   16|          0|
    |p_ZL12H_filter_FIR_169                               |  16|   0|   16|          0|
    |p_ZL12H_filter_FIR_169_load_reg_11014                |  16|   0|   16|          0|
    |p_ZL12H_filter_FIR_17                                |  16|   0|   16|          0|
    |p_ZL12H_filter_FIR_170                               |  16|   0|   16|          0|
    |p_ZL12H_filter_FIR_171                               |  16|   0|   16|          0|
    |p_ZL12H_filter_FIR_171_load_reg_11024                |  16|   0|   16|          0|
    |p_ZL12H_filter_FIR_172                               |  16|   0|   16|          0|
    |p_ZL12H_filter_FIR_173                               |  16|   0|   16|          0|
    |p_ZL12H_filter_FIR_173_load_reg_11034                |  16|   0|   16|          0|
    |p_ZL12H_filter_FIR_174                               |  16|   0|   16|          0|
    |p_ZL12H_filter_FIR_175                               |  16|   0|   16|          0|
    |p_ZL12H_filter_FIR_175_load_reg_11044                |  16|   0|   16|          0|
    |p_ZL12H_filter_FIR_176                               |  16|   0|   16|          0|
    |p_ZL12H_filter_FIR_177                               |  16|   0|   16|          0|
    |p_ZL12H_filter_FIR_178                               |  16|   0|   16|          0|
    |p_ZL12H_filter_FIR_179                               |  16|   0|   16|          0|
    |p_ZL12H_filter_FIR_179_load_reg_11060                |  16|   0|   16|          0|
    |p_ZL12H_filter_FIR_18                                |  16|   0|   16|          0|
    |p_ZL12H_filter_FIR_180                               |  16|   0|   16|          0|
    |p_ZL12H_filter_FIR_181                               |  16|   0|   16|          0|
    |p_ZL12H_filter_FIR_182                               |  16|   0|   16|          0|
    |p_ZL12H_filter_FIR_183                               |  16|   0|   16|          0|
    |p_ZL12H_filter_FIR_183_load_reg_11075                |  16|   0|   16|          0|
    |p_ZL12H_filter_FIR_184                               |  16|   0|   16|          0|
    |p_ZL12H_filter_FIR_185                               |  16|   0|   16|          0|
    |p_ZL12H_filter_FIR_185_load_reg_11085                |  16|   0|   16|          0|
    |p_ZL12H_filter_FIR_186                               |  16|   0|   16|          0|
    |p_ZL12H_filter_FIR_187                               |  16|   0|   16|          0|
    |p_ZL12H_filter_FIR_187_load_reg_11095                |  16|   0|   16|          0|
    |p_ZL12H_filter_FIR_188                               |  16|   0|   16|          0|
    |p_ZL12H_filter_FIR_188_load_reg_11105                |  16|   0|   16|          0|
    |p_ZL12H_filter_FIR_189                               |  16|   0|   16|          0|
    |p_ZL12H_filter_FIR_19                                |  16|   0|   16|          0|
    |p_ZL12H_filter_FIR_190                               |  16|   0|   16|          0|
    |p_ZL12H_filter_FIR_191                               |  16|   0|   16|          0|
    |p_ZL12H_filter_FIR_191_load_reg_11115                |  16|   0|   16|          0|
    |p_ZL12H_filter_FIR_192                               |  16|   0|   16|          0|
    |p_ZL12H_filter_FIR_193                               |  16|   0|   16|          0|
    |p_ZL12H_filter_FIR_193_load_reg_11125                |  16|   0|   16|          0|
    |p_ZL12H_filter_FIR_194                               |  16|   0|   16|          0|
    |p_ZL12H_filter_FIR_195                               |  16|   0|   16|          0|
    |p_ZL12H_filter_FIR_195_load_reg_11135                |  16|   0|   16|          0|
    |p_ZL12H_filter_FIR_196                               |  16|   0|   16|          0|
    |p_ZL12H_filter_FIR_196_load_reg_11140                |  16|   0|   16|          0|
    |p_ZL12H_filter_FIR_197                               |  16|   0|   16|          0|
    |p_ZL12H_filter_FIR_198                               |  16|   0|   16|          0|
    |p_ZL12H_filter_FIR_198_load_reg_11130                |  16|   0|   16|          0|
    |p_ZL12H_filter_FIR_199                               |  16|   0|   16|          0|
    |p_ZL12H_filter_FIR_2                                 |  16|   0|   16|          0|
    |p_ZL12H_filter_FIR_20                                |  16|   0|   16|          0|
    |p_ZL12H_filter_FIR_200                               |  16|   0|   16|          0|
    |p_ZL12H_filter_FIR_200_load_reg_11120                |  16|   0|   16|          0|
    |p_ZL12H_filter_FIR_201                               |  16|   0|   16|          0|
    |p_ZL12H_filter_FIR_202                               |  16|   0|   16|          0|
    |p_ZL12H_filter_FIR_203                               |  16|   0|   16|          0|
    |p_ZL12H_filter_FIR_203_load_reg_11110                |  16|   0|   16|          0|
    |p_ZL12H_filter_FIR_204                               |  16|   0|   16|          0|
    |p_ZL12H_filter_FIR_204_load_reg_11100                |  16|   0|   16|          0|
    |p_ZL12H_filter_FIR_205                               |  16|   0|   16|          0|
    |p_ZL12H_filter_FIR_206                               |  16|   0|   16|          0|
    |p_ZL12H_filter_FIR_206_load_reg_11090                |  16|   0|   16|          0|
    |p_ZL12H_filter_FIR_207                               |  16|   0|   16|          0|
    |p_ZL12H_filter_FIR_208                               |  16|   0|   16|          0|
    |p_ZL12H_filter_FIR_208_load_reg_11080                |  16|   0|   16|          0|
    |p_ZL12H_filter_FIR_209                               |  16|   0|   16|          0|
    |p_ZL12H_filter_FIR_21                                |  16|   0|   16|          0|
    |p_ZL12H_filter_FIR_210                               |  16|   0|   16|          0|
    |p_ZL12H_filter_FIR_211                               |  16|   0|   16|          0|
    |p_ZL12H_filter_FIR_212                               |  16|   0|   16|          0|
    |p_ZL12H_filter_FIR_212_load_reg_11065                |  16|   0|   16|          0|
    |p_ZL12H_filter_FIR_213                               |  16|   0|   16|          0|
    |p_ZL12H_filter_FIR_214                               |  16|   0|   16|          0|
    |p_ZL12H_filter_FIR_215                               |  16|   0|   16|          0|
    |p_ZL12H_filter_FIR_216                               |  16|   0|   16|          0|
    |p_ZL12H_filter_FIR_216_load_reg_11049                |  16|   0|   16|          0|
    |p_ZL12H_filter_FIR_217                               |  16|   0|   16|          0|
    |p_ZL12H_filter_FIR_218                               |  16|   0|   16|          0|
    |p_ZL12H_filter_FIR_218_load_reg_11039                |  16|   0|   16|          0|
    |p_ZL12H_filter_FIR_219                               |  16|   0|   16|          0|
    |p_ZL12H_filter_FIR_22                                |  16|   0|   16|          0|
    |p_ZL12H_filter_FIR_220                               |  16|   0|   16|          0|
    |p_ZL12H_filter_FIR_220_load_reg_11029                |  16|   0|   16|          0|
    |p_ZL12H_filter_FIR_221                               |  16|   0|   16|          0|
    |p_ZL12H_filter_FIR_222                               |  16|   0|   16|          0|
    |p_ZL12H_filter_FIR_222_load_reg_11019                |  16|   0|   16|          0|
    |p_ZL12H_filter_FIR_223                               |  16|   0|   16|          0|
    |p_ZL12H_filter_FIR_224                               |  16|   0|   16|          0|
    |p_ZL12H_filter_FIR_224_load_reg_11009                |  16|   0|   16|          0|
    |p_ZL12H_filter_FIR_225                               |  16|   0|   16|          0|
    |p_ZL12H_filter_FIR_226                               |  16|   0|   16|          0|
    |p_ZL12H_filter_FIR_227                               |  16|   0|   16|          0|
    |p_ZL12H_filter_FIR_228                               |  16|   0|   16|          0|
    |p_ZL12H_filter_FIR_229                               |  16|   0|   16|          0|
    |p_ZL12H_filter_FIR_23                                |  16|   0|   16|          0|
    |p_ZL12H_filter_FIR_230                               |  16|   0|   16|          0|
    |p_ZL12H_filter_FIR_231                               |  16|   0|   16|          0|
    |p_ZL12H_filter_FIR_231_load_reg_10975                |  16|   0|   16|          0|
    |p_ZL12H_filter_FIR_232                               |  16|   0|   16|          0|
    |p_ZL12H_filter_FIR_233                               |  16|   0|   16|          0|
    |p_ZL12H_filter_FIR_234                               |  16|   0|   16|          0|
    |p_ZL12H_filter_FIR_235                               |  16|   0|   16|          0|
    |p_ZL12H_filter_FIR_236                               |  16|   0|   16|          0|
    |p_ZL12H_filter_FIR_237                               |  16|   0|   16|          0|
    |p_ZL12H_filter_FIR_237_load_reg_10959                |  16|   0|   16|          0|
    |p_ZL12H_filter_FIR_238                               |  16|   0|   16|          0|
    |p_ZL12H_filter_FIR_239                               |  16|   0|   16|          0|
    |p_ZL12H_filter_FIR_239_load_reg_10949                |  16|   0|   16|          0|
    |p_ZL12H_filter_FIR_24                                |  16|   0|   16|          0|
    |p_ZL12H_filter_FIR_240                               |  16|   0|   16|          0|
    |p_ZL12H_filter_FIR_241                               |  16|   0|   16|          0|
    |p_ZL12H_filter_FIR_242                               |  16|   0|   16|          0|
    |p_ZL12H_filter_FIR_243                               |  16|   0|   16|          0|
    |p_ZL12H_filter_FIR_244                               |  16|   0|   16|          0|
    |p_ZL12H_filter_FIR_245                               |  16|   0|   16|          0|
    |p_ZL12H_filter_FIR_246                               |  16|   0|   16|          0|
    |p_ZL12H_filter_FIR_246_load_reg_10928                |  16|   0|   16|          0|
    |p_ZL12H_filter_FIR_247                               |  16|   0|   16|          0|
    |p_ZL12H_filter_FIR_248                               |  16|   0|   16|          0|
    |p_ZL12H_filter_FIR_249                               |  16|   0|   16|          0|
    |p_ZL12H_filter_FIR_25                                |  16|   0|   16|          0|
    |p_ZL12H_filter_FIR_250                               |  16|   0|   16|          0|
    |p_ZL12H_filter_FIR_251                               |  16|   0|   16|          0|
    |p_ZL12H_filter_FIR_252                               |  16|   0|   16|          0|
    |p_ZL12H_filter_FIR_253                               |  16|   0|   16|          0|
    |p_ZL12H_filter_FIR_254                               |  16|   0|   16|          0|
    |p_ZL12H_filter_FIR_255                               |  16|   0|   16|          0|
    |p_ZL12H_filter_FIR_255_load_reg_10918                |  16|   0|   16|          0|
    |p_ZL12H_filter_FIR_256                               |  16|   0|   16|          0|
    |p_ZL12H_filter_FIR_257                               |  16|   0|   16|          0|
    |p_ZL12H_filter_FIR_258                               |  16|   0|   16|          0|
    |p_ZL12H_filter_FIR_259                               |  16|   0|   16|          0|
    |p_ZL12H_filter_FIR_259_load_reg_10903                |  16|   0|   16|          0|
    |p_ZL12H_filter_FIR_26                                |  16|   0|   16|          0|
    |p_ZL12H_filter_FIR_260                               |  16|   0|   16|          0|
    |p_ZL12H_filter_FIR_261                               |  16|   0|   16|          0|
    |p_ZL12H_filter_FIR_262                               |  16|   0|   16|          0|
    |p_ZL12H_filter_FIR_263                               |  16|   0|   16|          0|
    |p_ZL12H_filter_FIR_264                               |  16|   0|   16|          0|
    |p_ZL12H_filter_FIR_265                               |  16|   0|   16|          0|
    |p_ZL12H_filter_FIR_266                               |  16|   0|   16|          0|
    |p_ZL12H_filter_FIR_267                               |  16|   0|   16|          0|
    |p_ZL12H_filter_FIR_267_load_reg_10887                |  16|   0|   16|          0|
    |p_ZL12H_filter_FIR_268                               |  16|   0|   16|          0|
    |p_ZL12H_filter_FIR_269                               |  16|   0|   16|          0|
    |p_ZL12H_filter_FIR_27                                |  16|   0|   16|          0|
    |p_ZL12H_filter_FIR_270                               |  16|   0|   16|          0|
    |p_ZL12H_filter_FIR_271                               |  16|   0|   16|          0|
    |p_ZL12H_filter_FIR_272                               |  16|   0|   16|          0|
    |p_ZL12H_filter_FIR_273                               |  16|   0|   16|          0|
    |p_ZL12H_filter_FIR_274                               |  16|   0|   16|          0|
    |p_ZL12H_filter_FIR_275                               |  16|   0|   16|          0|
    |p_ZL12H_filter_FIR_275_load_reg_10866                |  16|   0|   16|          0|
    |p_ZL12H_filter_FIR_276                               |  16|   0|   16|          0|
    |p_ZL12H_filter_FIR_277                               |  16|   0|   16|          0|
    |p_ZL12H_filter_FIR_277_load_reg_10856                |  16|   0|   16|          0|
    |p_ZL12H_filter_FIR_277_load_reg_10856_pp0_iter1_reg  |  16|   0|   16|          0|
    |p_ZL12H_filter_FIR_278                               |  16|   0|   16|          0|
    |p_ZL12H_filter_FIR_279                               |  16|   0|   16|          0|
    |p_ZL12H_filter_FIR_28                                |  16|   0|   16|          0|
    |p_ZL12H_filter_FIR_280                               |  16|   0|   16|          0|
    |p_ZL12H_filter_FIR_281                               |  16|   0|   16|          0|
    |p_ZL12H_filter_FIR_282                               |  16|   0|   16|          0|
    |p_ZL12H_filter_FIR_283                               |  16|   0|   16|          0|
    |p_ZL12H_filter_FIR_284                               |  16|   0|   16|          0|
    |p_ZL12H_filter_FIR_285                               |  16|   0|   16|          0|
    |p_ZL12H_filter_FIR_286                               |  16|   0|   16|          0|
    |p_ZL12H_filter_FIR_287                               |  16|   0|   16|          0|
    |p_ZL12H_filter_FIR_287_load_reg_10846                |  16|   0|   16|          0|
    |p_ZL12H_filter_FIR_288                               |  16|   0|   16|          0|
    |p_ZL12H_filter_FIR_289                               |  16|   0|   16|          0|
    |p_ZL12H_filter_FIR_29                                |  16|   0|   16|          0|
    |p_ZL12H_filter_FIR_290                               |  16|   0|   16|          0|
    |p_ZL12H_filter_FIR_291                               |  16|   0|   16|          0|
    |p_ZL12H_filter_FIR_292                               |  16|   0|   16|          0|
    |p_ZL12H_filter_FIR_293                               |  16|   0|   16|          0|
    |p_ZL12H_filter_FIR_294                               |  16|   0|   16|          0|
    |p_ZL12H_filter_FIR_295                               |  16|   0|   16|          0|
    |p_ZL12H_filter_FIR_296                               |  16|   0|   16|          0|
    |p_ZL12H_filter_FIR_297                               |  16|   0|   16|          0|
    |p_ZL12H_filter_FIR_298                               |  16|   0|   16|          0|
    |p_ZL12H_filter_FIR_299                               |  16|   0|   16|          0|
    |p_ZL12H_filter_FIR_3                                 |  16|   0|   16|          0|
    |p_ZL12H_filter_FIR_30                                |  16|   0|   16|          0|
    |p_ZL12H_filter_FIR_300                               |  16|   0|   16|          0|
    |p_ZL12H_filter_FIR_301                               |  16|   0|   16|          0|
    |p_ZL12H_filter_FIR_302                               |  16|   0|   16|          0|
    |p_ZL12H_filter_FIR_303                               |  16|   0|   16|          0|
    |p_ZL12H_filter_FIR_304                               |  16|   0|   16|          0|
    |p_ZL12H_filter_FIR_305                               |  16|   0|   16|          0|
    |p_ZL12H_filter_FIR_306                               |  16|   0|   16|          0|
    |p_ZL12H_filter_FIR_307                               |  16|   0|   16|          0|
    |p_ZL12H_filter_FIR_307_load_reg_10830                |  16|   0|   16|          0|
    |p_ZL12H_filter_FIR_308                               |  16|   0|   16|          0|
    |p_ZL12H_filter_FIR_309                               |  16|   0|   16|          0|
    |p_ZL12H_filter_FIR_31                                |  16|   0|   16|          0|
    |p_ZL12H_filter_FIR_310                               |  16|   0|   16|          0|
    |p_ZL12H_filter_FIR_311                               |  16|   0|   16|          0|
    |p_ZL12H_filter_FIR_312                               |  16|   0|   16|          0|
    |p_ZL12H_filter_FIR_313                               |  16|   0|   16|          0|
    |p_ZL12H_filter_FIR_314                               |  16|   0|   16|          0|
    |p_ZL12H_filter_FIR_315                               |  16|   0|   16|          0|
    |p_ZL12H_filter_FIR_316                               |  16|   0|   16|          0|
    |p_ZL12H_filter_FIR_317                               |  16|   0|   16|          0|
    |p_ZL12H_filter_FIR_318                               |  16|   0|   16|          0|
    |p_ZL12H_filter_FIR_319                               |  16|   0|   16|          0|
    |p_ZL12H_filter_FIR_32                                |  16|   0|   16|          0|
    |p_ZL12H_filter_FIR_320                               |  16|   0|   16|          0|
    |p_ZL12H_filter_FIR_321                               |  16|   0|   16|          0|
    |p_ZL12H_filter_FIR_322                               |  16|   0|   16|          0|
    |p_ZL12H_filter_FIR_323                               |  16|   0|   16|          0|
    |p_ZL12H_filter_FIR_324                               |  16|   0|   16|          0|
    |p_ZL12H_filter_FIR_325                               |  16|   0|   16|          0|
    |p_ZL12H_filter_FIR_326                               |  16|   0|   16|          0|
    |p_ZL12H_filter_FIR_327                               |  16|   0|   16|          0|
    |p_ZL12H_filter_FIR_328                               |  16|   0|   16|          0|
    |p_ZL12H_filter_FIR_329                               |  16|   0|   16|          0|
    |p_ZL12H_filter_FIR_33                                |  16|   0|   16|          0|
    |p_ZL12H_filter_FIR_330                               |  16|   0|   16|          0|
    |p_ZL12H_filter_FIR_331                               |  16|   0|   16|          0|
    |p_ZL12H_filter_FIR_332                               |  16|   0|   16|          0|
    |p_ZL12H_filter_FIR_333                               |  16|   0|   16|          0|
    |p_ZL12H_filter_FIR_334                               |  16|   0|   16|          0|
    |p_ZL12H_filter_FIR_335                               |  16|   0|   16|          0|
    |p_ZL12H_filter_FIR_336                               |  16|   0|   16|          0|
    |p_ZL12H_filter_FIR_337                               |  16|   0|   16|          0|
    |p_ZL12H_filter_FIR_338                               |  16|   0|   16|          0|
    |p_ZL12H_filter_FIR_338_load_reg_10810                |  16|   0|   16|          0|
    |p_ZL12H_filter_FIR_339                               |  16|   0|   16|          0|
    |p_ZL12H_filter_FIR_34                                |  16|   0|   16|          0|
    |p_ZL12H_filter_FIR_340                               |  16|   0|   16|          0|
    |p_ZL12H_filter_FIR_341                               |  16|   0|   16|          0|
    |p_ZL12H_filter_FIR_342                               |  16|   0|   16|          0|
    |p_ZL12H_filter_FIR_343                               |  16|   0|   16|          0|
    |p_ZL12H_filter_FIR_344                               |  16|   0|   16|          0|
    |p_ZL12H_filter_FIR_345                               |  16|   0|   16|          0|
    |p_ZL12H_filter_FIR_346                               |  16|   0|   16|          0|
    |p_ZL12H_filter_FIR_347                               |  16|   0|   16|          0|
    |p_ZL12H_filter_FIR_348                               |  16|   0|   16|          0|
    |p_ZL12H_filter_FIR_349                               |  16|   0|   16|          0|
    |p_ZL12H_filter_FIR_35                                |  16|   0|   16|          0|
    |p_ZL12H_filter_FIR_350                               |  16|   0|   16|          0|
    |p_ZL12H_filter_FIR_351                               |  16|   0|   16|          0|
    |p_ZL12H_filter_FIR_352                               |  16|   0|   16|          0|
    |p_ZL12H_filter_FIR_353                               |  16|   0|   16|          0|
    |p_ZL12H_filter_FIR_354                               |  16|   0|   16|          0|
    |p_ZL12H_filter_FIR_355                               |  16|   0|   16|          0|
    |p_ZL12H_filter_FIR_356                               |  16|   0|   16|          0|
    |p_ZL12H_filter_FIR_357                               |  16|   0|   16|          0|
    |p_ZL12H_filter_FIR_358                               |  16|   0|   16|          0|
    |p_ZL12H_filter_FIR_359                               |  16|   0|   16|          0|
    |p_ZL12H_filter_FIR_36                                |  16|   0|   16|          0|
    |p_ZL12H_filter_FIR_360                               |  16|   0|   16|          0|
    |p_ZL12H_filter_FIR_361                               |  16|   0|   16|          0|
    |p_ZL12H_filter_FIR_362                               |  16|   0|   16|          0|
    |p_ZL12H_filter_FIR_363                               |  16|   0|   16|          0|
    |p_ZL12H_filter_FIR_364                               |  16|   0|   16|          0|
    |p_ZL12H_filter_FIR_365                               |  16|   0|   16|          0|
    |p_ZL12H_filter_FIR_366                               |  16|   0|   16|          0|
    |p_ZL12H_filter_FIR_367                               |  16|   0|   16|          0|
    |p_ZL12H_filter_FIR_368                               |  16|   0|   16|          0|
    |p_ZL12H_filter_FIR_369                               |  16|   0|   16|          0|
    |p_ZL12H_filter_FIR_37                                |  16|   0|   16|          0|
    |p_ZL12H_filter_FIR_370                               |  16|   0|   16|          0|
    |p_ZL12H_filter_FIR_371                               |  16|   0|   16|          0|
    |p_ZL12H_filter_FIR_372                               |  16|   0|   16|          0|
    |p_ZL12H_filter_FIR_373                               |  16|   0|   16|          0|
    |p_ZL12H_filter_FIR_374                               |  16|   0|   16|          0|
    |p_ZL12H_filter_FIR_375                               |  16|   0|   16|          0|
    |p_ZL12H_filter_FIR_376                               |  16|   0|   16|          0|
    |p_ZL12H_filter_FIR_377                               |  16|   0|   16|          0|
    |p_ZL12H_filter_FIR_378                               |  16|   0|   16|          0|
    |p_ZL12H_filter_FIR_379                               |  16|   0|   16|          0|
    |p_ZL12H_filter_FIR_38                                |  16|   0|   16|          0|
    |p_ZL12H_filter_FIR_380                               |  16|   0|   16|          0|
    |p_ZL12H_filter_FIR_381                               |  16|   0|   16|          0|
    |p_ZL12H_filter_FIR_382                               |  16|   0|   16|          0|
    |p_ZL12H_filter_FIR_383                               |  16|   0|   16|          0|
    |p_ZL12H_filter_FIR_384                               |  16|   0|   16|          0|
    |p_ZL12H_filter_FIR_385                               |  16|   0|   16|          0|
    |p_ZL12H_filter_FIR_386                               |  16|   0|   16|          0|
    |p_ZL12H_filter_FIR_387                               |  16|   0|   16|          0|
    |p_ZL12H_filter_FIR_387_load_reg_10800                |  16|   0|   16|          0|
    |p_ZL12H_filter_FIR_388                               |  16|   0|   16|          0|
    |p_ZL12H_filter_FIR_389                               |  16|   0|   16|          0|
    |p_ZL12H_filter_FIR_39                                |  16|   0|   16|          0|
    |p_ZL12H_filter_FIR_390                               |  16|   0|   16|          0|
    |p_ZL12H_filter_FIR_4                                 |  16|   0|   16|          0|
    |p_ZL12H_filter_FIR_40                                |  16|   0|   16|          0|
    |p_ZL12H_filter_FIR_41                                |  16|   0|   16|          0|
    |p_ZL12H_filter_FIR_42                                |  16|   0|   16|          0|
    |p_ZL12H_filter_FIR_43                                |  16|   0|   16|          0|
    |p_ZL12H_filter_FIR_44                                |  16|   0|   16|          0|
    |p_ZL12H_filter_FIR_45                                |  16|   0|   16|          0|
    |p_ZL12H_filter_FIR_46                                |  16|   0|   16|          0|
    |p_ZL12H_filter_FIR_47                                |  16|   0|   16|          0|
    |p_ZL12H_filter_FIR_48                                |  16|   0|   16|          0|
    |p_ZL12H_filter_FIR_49                                |  16|   0|   16|          0|
    |p_ZL12H_filter_FIR_4_load_reg_10795                  |  16|   0|   16|          0|
    |p_ZL12H_filter_FIR_5                                 |  16|   0|   16|          0|
    |p_ZL12H_filter_FIR_50                                |  16|   0|   16|          0|
    |p_ZL12H_filter_FIR_51                                |  16|   0|   16|          0|
    |p_ZL12H_filter_FIR_52                                |  16|   0|   16|          0|
    |p_ZL12H_filter_FIR_53                                |  16|   0|   16|          0|
    |p_ZL12H_filter_FIR_53_load_reg_10805                 |  16|   0|   16|          0|
    |p_ZL12H_filter_FIR_54                                |  16|   0|   16|          0|
    |p_ZL12H_filter_FIR_55                                |  16|   0|   16|          0|
    |p_ZL12H_filter_FIR_56                                |  16|   0|   16|          0|
    |p_ZL12H_filter_FIR_57                                |  16|   0|   16|          0|
    |p_ZL12H_filter_FIR_58                                |  16|   0|   16|          0|
    |p_ZL12H_filter_FIR_59                                |  16|   0|   16|          0|
    |p_ZL12H_filter_FIR_6                                 |  16|   0|   16|          0|
    |p_ZL12H_filter_FIR_60                                |  16|   0|   16|          0|
    |p_ZL12H_filter_FIR_61                                |  16|   0|   16|          0|
    |p_ZL12H_filter_FIR_62                                |  16|   0|   16|          0|
    |p_ZL12H_filter_FIR_63                                |  16|   0|   16|          0|
    |p_ZL12H_filter_FIR_64                                |  16|   0|   16|          0|
    |p_ZL12H_filter_FIR_65                                |  16|   0|   16|          0|
    |p_ZL12H_filter_FIR_66                                |  16|   0|   16|          0|
    |p_ZL12H_filter_FIR_67                                |  16|   0|   16|          0|
    |p_ZL12H_filter_FIR_68                                |  16|   0|   16|          0|
    |p_ZL12H_filter_FIR_69                                |  16|   0|   16|          0|
    |p_ZL12H_filter_FIR_7                                 |  16|   0|   16|          0|
    |p_ZL12H_filter_FIR_70                                |  16|   0|   16|          0|
    |p_ZL12H_filter_FIR_71                                |  16|   0|   16|          0|
    |p_ZL12H_filter_FIR_72                                |  16|   0|   16|          0|
    |p_ZL12H_filter_FIR_73                                |  16|   0|   16|          0|
    |p_ZL12H_filter_FIR_74                                |  16|   0|   16|          0|
    |p_ZL12H_filter_FIR_75                                |  16|   0|   16|          0|
    |p_ZL12H_filter_FIR_76                                |  16|   0|   16|          0|
    |p_ZL12H_filter_FIR_77                                |  16|   0|   16|          0|
    |p_ZL12H_filter_FIR_78                                |  16|   0|   16|          0|
    |p_ZL12H_filter_FIR_79                                |  16|   0|   16|          0|
    |p_ZL12H_filter_FIR_8                                 |  16|   0|   16|          0|
    |p_ZL12H_filter_FIR_80                                |  16|   0|   16|          0|
    |p_ZL12H_filter_FIR_81                                |  16|   0|   16|          0|
    |p_ZL12H_filter_FIR_82                                |  16|   0|   16|          0|
    |p_ZL12H_filter_FIR_83                                |  16|   0|   16|          0|
    |p_ZL12H_filter_FIR_84                                |  16|   0|   16|          0|
    |p_ZL12H_filter_FIR_84_load_reg_10825                 |  16|   0|   16|          0|
    |p_ZL12H_filter_FIR_85                                |  16|   0|   16|          0|
    |p_ZL12H_filter_FIR_86                                |  16|   0|   16|          0|
    |p_ZL12H_filter_FIR_87                                |  16|   0|   16|          0|
    |p_ZL12H_filter_FIR_88                                |  16|   0|   16|          0|
    |p_ZL12H_filter_FIR_89                                |  16|   0|   16|          0|
    |p_ZL12H_filter_FIR_9                                 |  16|   0|   16|          0|
    |p_ZL12H_filter_FIR_90                                |  16|   0|   16|          0|
    |p_ZL12H_filter_FIR_91                                |  16|   0|   16|          0|
    |p_ZL12H_filter_FIR_92                                |  16|   0|   16|          0|
    |p_ZL12H_filter_FIR_93                                |  16|   0|   16|          0|
    |p_ZL12H_filter_FIR_94                                |  16|   0|   16|          0|
    |p_ZL12H_filter_FIR_95                                |  16|   0|   16|          0|
    |p_ZL12H_filter_FIR_96                                |  16|   0|   16|          0|
    |p_ZL12H_filter_FIR_97                                |  16|   0|   16|          0|
    |p_ZL12H_filter_FIR_98                                |  16|   0|   16|          0|
    |p_ZL12H_filter_FIR_99                                |  16|   0|   16|          0|
    |tmp100_reg_11214                                     |  18|   0|   18|          0|
    |tmp100_reg_11214_pp0_iter1_reg                       |  18|   0|   18|          0|
    |tmp102_reg_11220                                     |  18|   0|   18|          0|
    |tmp102_reg_11220_pp0_iter1_reg                       |  18|   0|   18|          0|
    |tmp105_reg_11225                                     |  18|   0|   18|          0|
    |tmp114_reg_11231                                     |  18|   0|   18|          0|
    |tmp116_reg_11237                                     |  18|   0|   18|          0|
    |tmp119_reg_11243                                     |  18|   0|   18|          0|
    |tmp119_reg_11243_pp0_iter1_reg                       |  18|   0|   18|          0|
    |tmp129_reg_11248                                     |  18|   0|   18|          0|
    |tmp129_reg_11248_pp0_iter1_reg                       |  18|   0|   18|          0|
    |tmp12_reg_11151                                      |  19|   0|   19|          0|
    |tmp12_reg_11151_pp0_iter1_reg                        |  19|   0|   19|          0|
    |tmp140_reg_11254                                     |  18|   0|   18|          0|
    |tmp140_reg_11254_pp0_iter1_reg                       |  18|   0|   18|          0|
    |tmp142_reg_11259                                     |  18|   0|   18|          0|
    |tmp142_reg_11259_pp0_iter1_reg                       |  18|   0|   18|          0|
    |tmp145_reg_11265                                     |  18|   0|   18|          0|
    |tmp145_reg_11265_pp0_iter1_reg                       |  18|   0|   18|          0|
    |tmp147_reg_11271                                     |  18|   0|   18|          0|
    |tmp147_reg_11271_pp0_iter1_reg                       |  18|   0|   18|          0|
    |tmp25_reg_11156                                      |  19|   0|   19|          0|
    |tmp25_reg_11156_pp0_iter1_reg                        |  19|   0|   19|          0|
    |tmp31_reg_11162                                      |  19|   0|   19|          0|
    |tmp31_reg_11162_pp0_iter1_reg                        |  19|   0|   19|          0|
    |tmp33_reg_11197                                      |  18|   0|   18|          0|
    |tmp37_reg_11168                                      |  19|   0|   19|          0|
    |tmp43_reg_11174                                      |  19|   0|   19|          0|
    |tmp43_reg_11174_pp0_iter1_reg                        |  19|   0|   19|          0|
    |tmp46_reg_11180                                      |  19|   0|   19|          0|
    |tmp46_reg_11180_pp0_iter1_reg                        |  19|   0|   19|          0|
    |tmp633_reg_11186                                     |  19|   0|   19|          0|
    |tmp633_reg_11186_pp0_iter1_reg                       |  19|   0|   19|          0|
    |tmp6_reg_11145                                       |  20|   0|   20|          0|
    |tmp6_reg_11145_pp0_iter1_reg                         |  20|   0|   20|          0|
    |tmp72_reg_11191                                      |  19|   0|   19|          0|
    |tmp72_reg_11191_pp0_iter1_reg                        |  19|   0|   19|          0|
    |tmp81_reg_11202                                      |  18|   0|   18|          0|
    |tmp81_reg_11202_pp0_iter1_reg                        |  18|   0|   18|          0|
    |tmp98_reg_11208                                      |  18|   0|   18|          0|
    |tmp98_reg_11208_pp0_iter1_reg                        |  18|   0|   18|          0|
    |add_ln28_159_reg_10980                               |  64|  32|   17|          0|
    |add_ln28_160_reg_10986                               |  64|  32|   17|          0|
    |add_ln28_163_reg_10998                               |  64|  32|   17|          0|
    |add_ln28_204_reg_11277                               |  64|  32|   24|          1|
    |add_ln28_211_reg_11282                               |  64|  32|   24|          2|
    |add_ln28_232_reg_11287                               |  64|  32|   24|          2|
    |add_ln28_263_reg_11292                               |  64|  32|   26|          1|
    |tmp105_reg_11225                                     |  64|  32|   18|          0|
    |tmp114_reg_11231                                     |  64|  32|   18|          0|
    |tmp116_reg_11237                                     |  64|  32|   18|          0|
    |tmp37_reg_11168                                      |  64|  32|   19|          0|
    +-----------------------------------------------------+----+----+-----+-----------+
    |Total                                                |9887| 352| 9411|         12|
    +-----------------------------------------------------+----+----+-----+-----------+



================================================================
== Interface
================================================================
* Summary: 
+-----------+-----+-----+------------+--------------+--------------+
| RTL Ports | Dir | Bits|  Protocol  | Source Object|    C Type    |
+-----------+-----+-----+------------+--------------+--------------+
|ap_clk     |   in|    1|  ap_ctrl_hs|    FIR_filter|  return value|
|ap_rst     |   in|    1|  ap_ctrl_hs|    FIR_filter|  return value|
|ap_start   |   in|    1|  ap_ctrl_hs|    FIR_filter|  return value|
|ap_done    |  out|    1|  ap_ctrl_hs|    FIR_filter|  return value|
|ap_idle    |  out|    1|  ap_ctrl_hs|    FIR_filter|  return value|
|ap_ready   |  out|    1|  ap_ctrl_hs|    FIR_filter|  return value|
|ap_return  |  out|   16|  ap_ctrl_hs|    FIR_filter|  return value|
|x_n        |   in|   16|     ap_none|           x_n|        scalar|
+-----------+-----+-----+------------+--------------+--------------+

