

================================================================
== Synthesis Summary Report of 'Multirate_v3'
================================================================
+ General Information: 
    * Date:           Sun Nov 16 16:27:13 2025
    * Version:        2024.2 (Build 5238294 on Nov  8 2024)
    * Project:        Multirate_v3
    * Solution:       hls (Vivado IP Flow Target)
    * Product family: zynquplus
    * Target device:  xck26-sfvc784-2LV-c
    

+ Performance & Resource Estimates: 
    
    PS: '+' for module; 'o' for loop; '*' for dataflow
    +----------------------------+------+------+---------+---------+----------+---------+------+----------+------+---------+-----------+-----------+-----+
    |           Modules          | Issue|      | Latency | Latency | Iteration|         | Trip |          |      |         |           |           |     |
    |           & Loops          | Type | Slack| (cycles)|   (ns)  |  Latency | Interval| Count| Pipelined| BRAM |   DSP   |     FF    |    LUT    | URAM|
    +----------------------------+------+------+---------+---------+----------+---------+------+----------+------+---------+-----------+-----------+-----+
    |+ Multirate_v3              |     -|  0.65|       14|  140.000|         -|       15|     -|        no|     -|  59 (4%)|  5476 (2%)|  2983 (2%)|    -|
    | + FIR_filter_transposed    |     -|  3.90|        0|    0.000|         -|        1|     -|       yes|     -|  5 (~0%)|          -|  181 (~0%)|    -|
    | + FIR_filter_transposed    |     -|  3.90|        0|    0.000|         -|        1|     -|       yes|     -|  5 (~0%)|          -|  181 (~0%)|    -|
    | + FIR_filter_transposed_1  |     -|  3.90|        3|   30.000|         -|        1|     -|       yes|     -|  4 (~0%)|  881 (~0%)|  415 (~0%)|    -|
    | + FIR_filter               |     -|  2.89|        5|   50.000|         -|        1|     -|       yes|     -|  45 (3%)|  3419 (1%)|  1551 (1%)|    -|
    +----------------------------+------+------+---------+---------+----------+---------+------+----------+------+---------+-----------+-----------+-----+


================================================================
== HW Interfaces
================================================================
* AXIS
+-----------+-----------+---------------+-------+--------+--------+
| Interface | Direction | Register Mode | TDATA | TREADY | TVALID |
+-----------+-----------+---------------+-------+--------+--------+
| input_r   | in        | both          | 16    | 1      | 1      |
| output_r  | out       | both          | 16    | 1      | 1      |
+-----------+-----------+---------------+-------+--------+--------+

* TOP LEVEL CONTROL
+-----------+--------------+----------+
| Interface | Type         | Ports    |
+-----------+--------------+----------+
| ap_clk    | clock        | ap_clk   |
| ap_rst_n  | reset        | ap_rst_n |
| ap_ctrl   | ap_ctrl_none |          |
+-----------+--------------+----------+


================================================================
== SW I/O Information
================================================================
* Top Function Arguments
+----------+-----------+-------------------------------------------------+
| Argument | Direction | Datatype                                        |
+----------+-----------+-------------------------------------------------+
| input    | in        | stream<ap_fixed<16, 1, AP_TRN, AP_WRAP, 0>, 0>& |
| output   | out       | stream<ap_fixed<16, 1, AP_TRN, AP_WRAP, 0>, 0>& |
+----------+-----------+-------------------------------------------------+

* SW-to-HW Mapping
+----------+--------------+-----------+
| Argument | HW Interface | HW Type   |
+----------+--------------+-----------+
| input    | input_r      | interface |
| output   | output_r     | interface |
+----------+--------------+-----------+


================================================================
== Bind Op Report
================================================================
+-------------------------------------------------------------+-----+--------+-------------+------+-----------+---------+
| Name                                                        | DSP | Pragma | Variable    | Op   | Impl      | Latency |
+-------------------------------------------------------------+-----+--------+-------------+------+-----------+---------+
| + Multirate_v3                                              | 59  |        |             |      |           |         |
|   add_ln32_1_fu_1160_p2                                     |     |        | add_ln32_1  | add  | fabric    | 0       |
|  + FIR_filter_transposed (grp_FIR_filter_transposed_fu_405) | 5   |        |             |      |           |         |
|    mul_10s_16s_25_1_1_U1                                    | 1   |        | mul_ln84    | mul  | auto      | 0       |
|    add_ln84_fu_142_p2                                       |     |        | add_ln84    | add  | fabric    | 0       |
|    mul_16s_13s_29_1_1_U2                                    | 1   |        | mul_ln87_3  | mul  | auto      | 0       |
|    add_ln87_fu_192_p2                                       |     |        | add_ln87    | add  | fabric    | 0       |
|    mul_16s_14ns_30_1_1_U3                                   | 1   |        | mul_ln87    | mul  | auto      | 0       |
|    mul_16s_13s_29_1_1_U4                                    | 1   |        | mul_ln87_4  | mul  | auto      | 0       |
|    mul_16s_10s_26_1_1_U5                                    | 1   |        | mul_ln87_5  | mul  | auto      | 0       |
|    add_ln87_4_fu_264_p2                                     |     |        | add_ln87_4  | add  | fabric    | 0       |
|    add_ln87_5_fu_270_p2                                     |     |        | add_ln87_5  | add  | fabric    | 0       |
|  + FIR_filter_transposed (grp_FIR_filter_transposed_fu_425) | 5   |        |             |      |           |         |
|    mul_10s_16s_25_1_1_U1                                    | 1   |        | mul_ln84    | mul  | auto      | 0       |
|    add_ln84_fu_142_p2                                       |     |        | add_ln84    | add  | fabric    | 0       |
|    mul_16s_13s_29_1_1_U2                                    | 1   |        | mul_ln87_3  | mul  | auto      | 0       |
|    add_ln87_fu_192_p2                                       |     |        | add_ln87    | add  | fabric    | 0       |
|    mul_16s_14ns_30_1_1_U3                                   | 1   |        | mul_ln87    | mul  | auto      | 0       |
|    mul_16s_13s_29_1_1_U4                                    | 1   |        | mul_ln87_4  | mul  | auto      | 0       |
|    mul_16s_10s_26_1_1_U5                                    | 1   |        | mul_ln87_5  | mul  | auto      | 0       |
|    add_ln87_4_fu_264_p2                                     |     |        | add_ln87_4  | add  | fabric    | 0       |
|    add_ln87_5_fu_270_p2                                     |     |        | add_ln87_5  | add  | fabric    | 0       |
|  + FIR_filter_transposed_1                                  | 4   |        |             |      |           |         |
|    mac_muladd_16s_9ns_32s_32_4_0_U23                        | 1   |        | mul_ln84    | mul  | dsp_slice | 3       |
|    mac_muladd_16s_9ns_32s_32_4_0_U23                        | 1   |        | sext_ln84_4 | sext | dsp_slice | 3       |
|    mac_muladd_16s_9ns_32s_32_4_0_U23                        | 1   |        | add_ln84    | add  | dsp_slice | 3       |
|    mul_16s_13s_29_1_1_U20                                   | 1   |        | mul_ln87    | mul  | auto      | 0       |
|    add_ln87_fu_108_p2                                       |     |        | add_ln87    | add  | fabric    | 0       |
|    mul_16s_15ns_31_1_0_U21                                  | 1   |        | mul_ln87_1  | mul  | auto      | 0       |
|    mul_16s_10ns_26_1_0_U22                                  | 1   |        | mul_ln87_2  | mul  | auto      | 0       |
|    add_ln87_1_fu_133_p2                                     |     |        | add_ln87_1  | add  | fabric    | 0       |
|    add_ln87_2_fu_138_p2                                     |     |        | add_ln87_2  | add  | fabric    | 0       |
|    add_ln87_3_fu_143_p2                                     |     |        | add_ln87_3  | add  | fabric    | 0       |
|  + FIR_filter                                               | 45  |        |             |      |           |         |
|    mul_16s_17ns_32_1_1_U33                                  | 1   |        | mul_ln68    | mul  | auto      | 0       |
|    tmp4_fu_1120_p2                                          |     |        | tmp4        | add  | fabric    | 0       |
|    tmp5_fu_1130_p2                                          |     |        | tmp5        | add  | fabric    | 0       |
|    am_addmul_17s_17s_11ns_29_4_1_U34                        | 1   |        | tmp2        | add  | dsp_slice | 3       |
|    am_addmul_17s_17s_11ns_29_4_1_U34                        | 1   |        | tmp2_cast   | sext | dsp_slice | 3       |
|    am_addmul_17s_17s_11ns_29_4_1_U34                        | 1   |        | tmp3        | mul  | dsp_slice | 3       |
|    tmp6_fu_1156_p2                                          |     |        | tmp6        | add  | fabric    | 0       |
|    tmp12_fu_1166_p2                                         |     |        | tmp12       | add  | fabric    | 0       |
|    tmp610_fu_1176_p2                                        |     |        | tmp610      | add  | fabric    | 0       |
|    tmp117_fu_1182_p2                                        |     |        | tmp117      | add  | fabric    | 0       |
|    tmp118_fu_1192_p2                                        |     |        | tmp118      | add  | fabric    | 0       |
|    ama_addmuladd_17s_17s_7s_25s_25_4_1_U35                  | 1   |        | tmp10       | add  | dsp_slice | 3       |
|    ama_addmuladd_17s_17s_7s_25s_25_4_1_U35                  | 1   |        | tmp10_cast  | sext | dsp_slice | 3       |
|    ama_addmuladd_17s_17s_7s_25s_25_4_1_U35                  | 1   |        | tmp11       | mul  | dsp_slice | 3       |
|    tmp13_fu_1202_p2                                         |     |        | tmp13       | sub  | fabric    | 0       |
|    grp_fu_2671_p0                                           |     |        | tmp14       | add  | fabric    | 0       |
|    ama_submuladd_18s_16s_7ns_23s_25_4_1_U36                 | 1   |        | tmp15       | sub  | dsp_slice | 3       |
|    ama_submuladd_18s_16s_7ns_23s_25_4_1_U36                 | 1   |        | tmp15_cast  | sext | dsp_slice | 3       |
|    ama_submuladd_18s_16s_7ns_23s_25_4_1_U36                 | 1   |        | tmp16       | mul  | dsp_slice | 3       |
|    tmp119_fu_1218_p2                                        |     |        | tmp119      | add  | fabric    | 0       |
|    tmp120_fu_1228_p2                                        |     |        | tmp120      | add  | fabric    | 0       |
|    tmp19_fu_1238_p2                                         |     |        | tmp19       | add  | fabric    | 0       |
|    grp_fu_2841_p3                                           |     |        | tmp20       | sub  | fabric    | 0       |
|    ama_addmuladd_16s_16s_15ns_32s_32_4_1_U56                | 1   |        | tmp21       | add  | dsp_slice | 3       |
|    ama_addmuladd_16s_16s_15ns_32s_32_4_1_U56                | 1   |        | tmp21_cast  | sext | dsp_slice | 3       |
|    ama_addmuladd_16s_16s_15ns_32s_32_4_1_U56                | 1   |        | tmp22       | mul  | dsp_slice | 3       |
|    ama_addmuladd_16s_16s_12s_32s_32_4_1_U37                 | 1   |        | tmp23       | add  | dsp_slice | 3       |
|    ama_addmuladd_16s_16s_12s_32s_32_4_1_U37                 | 1   |        | tmp23_cast  | sext | dsp_slice | 3       |
|    ama_addmuladd_16s_16s_12s_32s_32_4_1_U37                 | 1   |        | tmp24       | mul  | dsp_slice | 3       |
|    ama_addmuladd_16s_16s_12s_32s_32_4_1_U37                 | 1   |        | tmp24_cast  | sext | dsp_slice | 3       |
|    ama_addmuladd_16s_16s_14s_30s_31_4_1_U73                 | 1   |        | tmp25       | add  | dsp_slice | 3       |
|    ama_addmuladd_16s_16s_14s_30s_31_4_1_U73                 | 1   |        | tmp25_cast  | sext | dsp_slice | 3       |
|    ama_addmuladd_16s_16s_14s_30s_31_4_1_U73                 | 1   |        | tmp26       | mul  | dsp_slice | 3       |
|    am_addmul_16s_16s_12ns_30_4_1_U38                        | 1   |        | tmp27       | add  | dsp_slice | 3       |
|    am_addmul_16s_16s_12ns_30_4_1_U38                        | 1   |        | tmp27_cast  | sext | dsp_slice | 3       |
|    am_addmul_16s_16s_12ns_30_4_1_U38                        | 1   |        | tmp28       | mul  | dsp_slice | 3       |
|    ama_addmuladd_16s_16s_12s_30s_30_4_1_U57                 | 1   |        | tmp29       | add  | dsp_slice | 3       |
|    ama_addmuladd_16s_16s_12s_30s_30_4_1_U57                 | 1   |        | tmp29_cast  | sext | dsp_slice | 3       |
|    ama_addmuladd_16s_16s_12s_30s_30_4_1_U57                 | 1   |        | tmp30       | mul  | dsp_slice | 3       |
|    ama_addmuladd_16s_16s_12s_30s_30_4_1_U57                 | 1   |        | tmp30_cast  | sext | dsp_slice | 3       |
|    ama_addmuladd_16s_16s_13s_29s_30_4_1_U74                 | 1   |        | tmp31       | add  | dsp_slice | 3       |
|    ama_addmuladd_16s_16s_13s_29s_30_4_1_U74                 | 1   |        | tmp31_cast  | sext | dsp_slice | 3       |
|    ama_addmuladd_16s_16s_13s_29s_30_4_1_U74                 | 1   |        | tmp32       | mul  | dsp_slice | 3       |
|    am_addmul_16s_16s_11ns_29_4_1_U39                        | 1   |        | tmp33       | add  | dsp_slice | 3       |
|    am_addmul_16s_16s_11ns_29_4_1_U39                        | 1   |        | tmp33_cast  | sext | dsp_slice | 3       |
|    am_addmul_16s_16s_11ns_29_4_1_U39                        | 1   |        | tmp34       | mul  | dsp_slice | 3       |
|    ama_addmuladd_16s_16s_11ns_29s_29_4_1_U58                | 1   |        | tmp35       | add  | dsp_slice | 3       |
|    ama_addmuladd_16s_16s_11ns_29s_29_4_1_U58                | 1   |        | tmp35_cast  | sext | dsp_slice | 3       |
|    ama_addmuladd_16s_16s_11ns_29s_29_4_1_U58                | 1   |        | tmp36       | mul  | dsp_slice | 3       |
|    am_addmul_16s_16s_12s_29_4_1_U40                         | 1   |        | tmp37       | add  | dsp_slice | 3       |
|    am_addmul_16s_16s_12s_29_4_1_U40                         | 1   |        | tmp37_cast  | sext | dsp_slice | 3       |
|    am_addmul_16s_16s_12s_29_4_1_U40                         | 1   |        | tmp38       | mul  | dsp_slice | 3       |
|    ama_addmuladd_16s_16s_12s_29s_29_4_1_U59                 | 1   |        | tmp39       | add  | dsp_slice | 3       |
|    ama_addmuladd_16s_16s_12s_29s_29_4_1_U59                 | 1   |        | tmp39_cast  | sext | dsp_slice | 3       |
|    ama_addmuladd_16s_16s_12s_29s_29_4_1_U59                 | 1   |        | tmp40       | mul  | dsp_slice | 3       |
|    ama_addmuladd_16s_16s_10ns_29s_29_4_1_U60                | 1   |        | tmp41       | add  | dsp_slice | 3       |
|    ama_addmuladd_16s_16s_10ns_29s_29_4_1_U60                | 1   |        | tmp41_cast  | sext | dsp_slice | 3       |
|    ama_addmuladd_16s_16s_10ns_29s_29_4_1_U60                | 1   |        | tmp42       | mul  | dsp_slice | 3       |
|    ama_addmuladd_16s_16s_10ns_29s_29_4_1_U60                | 1   |        | tmp42_cast  | sext | dsp_slice | 3       |
|    ama_addmuladd_16s_16s_11s_28s_29_4_1_U75                 | 1   |        | tmp43       | add  | dsp_slice | 3       |
|    ama_addmuladd_16s_16s_11s_28s_29_4_1_U75                 | 1   |        | tmp43_cast  | sext | dsp_slice | 3       |
|    ama_addmuladd_16s_16s_11s_28s_29_4_1_U75                 | 1   |        | tmp44       | mul  | dsp_slice | 3       |
|    ama_addmuladd_16s_16s_11s_28s_29_4_1_U75                 | 1   |        | tmp44_cast  | sext | dsp_slice | 3       |
|    am_addmul_16s_16s_11s_28_4_1_U41                         | 1   |        | tmp45       | add  | dsp_slice | 3       |
|    am_addmul_16s_16s_11s_28_4_1_U41                         | 1   |        | tmp45_cast  | sext | dsp_slice | 3       |
|    am_addmul_16s_16s_11s_28_4_1_U41                         | 1   |        | tmp46       | mul  | dsp_slice | 3       |
|    ama_addmuladd_16s_16s_10ns_28s_28_4_1_U61                | 1   |        | tmp47       | add  | dsp_slice | 3       |
|    ama_addmuladd_16s_16s_10ns_28s_28_4_1_U61                | 1   |        | tmp47_cast  | sext | dsp_slice | 3       |
|    ama_addmuladd_16s_16s_10ns_28s_28_4_1_U61                | 1   |        | tmp48       | mul  | dsp_slice | 3       |
|    am_addmul_16s_16s_10ns_28_4_1_U42                        | 1   |        | tmp49       | add  | dsp_slice | 3       |
|    am_addmul_16s_16s_10ns_28_4_1_U42                        | 1   |        | tmp49_cast  | sext | dsp_slice | 3       |
|    am_addmul_16s_16s_10ns_28_4_1_U42                        | 1   |        | tmp50       | mul  | dsp_slice | 3       |
|    ama_addmuladd_16s_16s_11s_28s_28_4_1_U62                 | 1   |        | tmp51       | add  | dsp_slice | 3       |
|    ama_addmuladd_16s_16s_11s_28s_28_4_1_U62                 | 1   |        | tmp51_cast  | sext | dsp_slice | 3       |
|    ama_addmuladd_16s_16s_11s_28s_28_4_1_U62                 | 1   |        | tmp52       | mul  | dsp_slice | 3       |
|    ama_addmuladd_16s_16s_10s_28s_28_4_1_U63                 | 1   |        | tmp53       | add  | dsp_slice | 3       |
|    ama_addmuladd_16s_16s_10s_28s_28_4_1_U63                 | 1   |        | tmp53_cast  | sext | dsp_slice | 3       |
|    ama_addmuladd_16s_16s_10s_28s_28_4_1_U63                 | 1   |        | tmp54       | mul  | dsp_slice | 3       |
|    ama_addmuladd_16s_16s_10s_28s_28_4_1_U63                 | 1   |        | tmp54_cast  | sext | dsp_slice | 3       |
|    am_addmul_16s_16s_10ns_28_4_1_U43                        | 1   |        | tmp55       | add  | dsp_slice | 3       |
|    am_addmul_16s_16s_10ns_28_4_1_U43                        | 1   |        | tmp55_cast  | sext | dsp_slice | 3       |
|    am_addmul_16s_16s_10ns_28_4_1_U43                        | 1   |        | tmp56       | mul  | dsp_slice | 3       |
|    ama_addmuladd_16s_16s_9ns_27s_28_4_1_U76                 | 1   |        | tmp57       | add  | dsp_slice | 3       |
|    ama_addmuladd_16s_16s_9ns_27s_28_4_1_U76                 | 1   |        | tmp57_cast  | sext | dsp_slice | 3       |
|    ama_addmuladd_16s_16s_9ns_27s_28_4_1_U76                 | 1   |        | tmp58       | mul  | dsp_slice | 3       |
|    ama_addmuladd_16s_16s_9ns_27s_28_4_1_U76                 | 1   |        | tmp58_cast  | sext | dsp_slice | 3       |
|    am_addmul_16s_16s_11s_27_4_1_U44                         | 1   |        | tmp59       | add  | dsp_slice | 3       |
|    am_addmul_16s_16s_11s_27_4_1_U44                         | 1   |        | tmp59_cast  | sext | dsp_slice | 3       |
|    am_addmul_16s_16s_11s_27_4_1_U44                         | 1   |        | tmp60       | mul  | dsp_slice | 3       |
|    ama_addmuladd_16s_16s_9s_27s_27_4_1_U64                  | 1   |        | tmp61       | add  | dsp_slice | 3       |
|    ama_addmuladd_16s_16s_9s_27s_27_4_1_U64                  | 1   |        | tmp61_cast  | sext | dsp_slice | 3       |
|    ama_addmuladd_16s_16s_9s_27s_27_4_1_U64                  | 1   |        | tmp62       | mul  | dsp_slice | 3       |
|    ama_addmuladd_16s_16s_9s_27s_27_4_1_U64                  | 1   |        | tmp62_cast  | sext | dsp_slice | 3       |
|    ama_addmuladd_16s_16s_10ns_25s_27_4_1_U45                | 1   |        | tmp63       | add  | dsp_slice | 3       |
|    ama_addmuladd_16s_16s_10ns_25s_27_4_1_U45                | 1   |        | tmp63_cast  | sext | dsp_slice | 3       |
|    ama_addmuladd_16s_16s_10ns_25s_27_4_1_U45                | 1   |        | tmp64       | mul  | dsp_slice | 3       |
|    tmp65_fu_1244_p2                                         |     |        | tmp65       | add  | fabric    | 0       |
|    tmp66_fu_2184_p2                                         |     |        | tmp66       | sub  | fabric    | 0       |
|    am_addmul_16s_16s_11s_28_4_1_U46                         | 1   |        | tmp67       | add  | dsp_slice | 3       |
|    am_addmul_16s_16s_11s_28_4_1_U46                         | 1   |        | tmp67_cast  | sext | dsp_slice | 3       |
|    am_addmul_16s_16s_11s_28_4_1_U46                         | 1   |        | tmp68       | mul  | dsp_slice | 3       |
|    ama_addmuladd_16s_16s_10ns_28s_28_4_1_U65                | 1   |        | tmp69       | add  | dsp_slice | 3       |
|    ama_addmuladd_16s_16s_10ns_28s_28_4_1_U65                | 1   |        | tmp69_cast  | sext | dsp_slice | 3       |
|    ama_addmuladd_16s_16s_10ns_28s_28_4_1_U65                | 1   |        | tmp70       | mul  | dsp_slice | 3       |
|    tmp71_fu_1250_p2                                         |     |        | tmp71       | add  | fabric    | 0       |
|    am_addmul_16s_16s_10s_27_4_1_U47                         | 1   |        | tmp73       | add  | dsp_slice | 3       |
|    am_addmul_16s_16s_10s_27_4_1_U47                         | 1   |        | tmp73_cast  | sext | dsp_slice | 3       |
|    am_addmul_16s_16s_10s_27_4_1_U47                         | 1   |        | tmp74       | mul  | dsp_slice | 3       |
|    ama_addmuladd_16s_16s_9ns_27s_27_4_1_U66                 | 1   |        | tmp75       | add  | dsp_slice | 3       |
|    ama_addmuladd_16s_16s_9ns_27s_27_4_1_U66                 | 1   |        | tmp75_cast  | sext | dsp_slice | 3       |
|    ama_addmuladd_16s_16s_9ns_27s_27_4_1_U66                 | 1   |        | tmp76       | mul  | dsp_slice | 3       |
|    ama_addmuladd_16s_16s_8s_26s_27_4_1_U67                  | 1   |        | tmp77       | add  | dsp_slice | 3       |
|    ama_addmuladd_16s_16s_8s_26s_27_4_1_U67                  | 1   |        | tmp77_cast  | sext | dsp_slice | 3       |
|    ama_addmuladd_16s_16s_8s_26s_27_4_1_U67                  | 1   |        | tmp78       | mul  | dsp_slice | 3       |
|    ama_addmuladd_16s_16s_8s_26s_27_4_1_U67                  | 1   |        | tmp78_cast  | sext | dsp_slice | 3       |
|    ama_addmuladd_16s_16s_10s_25s_26_4_1_U48                 | 1   |        | tmp79       | add  | dsp_slice | 3       |
|    ama_addmuladd_16s_16s_10s_25s_26_4_1_U48                 | 1   |        | tmp79_cast  | sext | dsp_slice | 3       |
|    ama_addmuladd_16s_16s_10s_25s_26_4_1_U48                 | 1   |        | tmp80       | mul  | dsp_slice | 3       |
|    tmp81_fu_1256_p2                                         |     |        | tmp81       | add  | fabric    | 0       |
|    tmp82_fu_2216_p2                                         |     |        | tmp82       | sub  | fabric    | 0       |
|    ama_addmuladd_16s_16s_9ns_26s_27_4_1_U68                 | 1   |        | tmp83       | add  | dsp_slice | 3       |
|    ama_addmuladd_16s_16s_9ns_26s_27_4_1_U68                 | 1   |        | tmp83_cast  | sext | dsp_slice | 3       |
|    ama_addmuladd_16s_16s_9ns_26s_27_4_1_U68                 | 1   |        | tmp84       | mul  | dsp_slice | 3       |
|    tmp85_fu_1262_p2                                         |     |        | tmp85       | add  | fabric    | 0       |
|    ama_addmuladd_16s_16s_9s_26s_26_4_1_U49                  | 1   |        | tmp87       | add  | dsp_slice | 3       |
|    ama_addmuladd_16s_16s_9s_26s_26_4_1_U49                  | 1   |        | tmp87_cast  | sext | dsp_slice | 3       |
|    ama_addmuladd_16s_16s_9s_26s_26_4_1_U49                  | 1   |        | tmp88       | mul  | dsp_slice | 3       |
|    am_addmul_16s_16s_8ns_26_4_1_U50                         | 1   |        | tmp89       | add  | dsp_slice | 3       |
|    am_addmul_16s_16s_8ns_26_4_1_U50                         | 1   |        | tmp89_cast  | sext | dsp_slice | 3       |
|    am_addmul_16s_16s_8ns_26_4_1_U50                         | 1   |        | tmp90       | mul  | dsp_slice | 3       |
|    ama_addmuladd_16s_16s_8ns_26s_26_4_1_U69                 | 1   |        | tmp91       | add  | dsp_slice | 3       |
|    ama_addmuladd_16s_16s_8ns_26s_26_4_1_U69                 | 1   |        | tmp91_cast  | sext | dsp_slice | 3       |
|    ama_addmuladd_16s_16s_8ns_26s_26_4_1_U69                 | 1   |        | tmp92       | mul  | dsp_slice | 3       |
|    am_addmul_16s_16s_9s_26_4_1_U51                          | 1   |        | tmp93       | add  | dsp_slice | 3       |
|    am_addmul_16s_16s_9s_26_4_1_U51                          | 1   |        | tmp93_cast  | sext | dsp_slice | 3       |
|    am_addmul_16s_16s_9s_26_4_1_U51                          | 1   |        | tmp94       | mul  | dsp_slice | 3       |
|    ama_addmuladd_16s_16s_9s_26s_26_4_1_U70                  | 1   |        | tmp95       | add  | dsp_slice | 3       |
|    ama_addmuladd_16s_16s_9s_26s_26_4_1_U70                  | 1   |        | tmp95_cast  | sext | dsp_slice | 3       |
|    ama_addmuladd_16s_16s_9s_26s_26_4_1_U70                  | 1   |        | tmp96       | mul  | dsp_slice | 3       |
|    ama_addmuladd_16s_16s_8ns_25s_26_4_1_U77                 | 1   |        | tmp97       | add  | dsp_slice | 3       |
|    ama_addmuladd_16s_16s_8ns_25s_26_4_1_U77                 | 1   |        | tmp97_cast  | sext | dsp_slice | 3       |
|    ama_addmuladd_16s_16s_8ns_25s_26_4_1_U77                 | 1   |        | tmp98       | mul  | dsp_slice | 3       |
|    am_addmul_16s_16s_9s_25_4_1_U52                          | 1   |        | tmp99       | add  | dsp_slice | 3       |
|    am_addmul_16s_16s_9s_25_4_1_U52                          | 1   |        | tmp99_cast  | sext | dsp_slice | 3       |
|    am_addmul_16s_16s_9s_25_4_1_U52                          | 1   |        | tmp100      | mul  | dsp_slice | 3       |
|    ama_addmuladd_16s_16s_8s_25s_25_4_1_U71                  | 1   |        | tmp101      | add  | dsp_slice | 3       |
|    ama_addmuladd_16s_16s_8s_25s_25_4_1_U71                  | 1   |        | tmp101_cast | sext | dsp_slice | 3       |
|    ama_addmuladd_16s_16s_8s_25s_25_4_1_U71                  | 1   |        | tmp102      | mul  | dsp_slice | 3       |
|    ama_addmuladd_16s_16s_8ns_24s_26_4_1_U53                 | 1   |        | tmp103      | add  | dsp_slice | 3       |
|    ama_addmuladd_16s_16s_8ns_24s_26_4_1_U53                 | 1   |        | tmp103_cast | sext | dsp_slice | 3       |
|    ama_addmuladd_16s_16s_8ns_24s_26_4_1_U53                 | 1   |        | tmp104      | mul  | dsp_slice | 3       |
|    tmp105_fu_1268_p2                                        |     |        | tmp105      | add  | fabric    | 0       |
|    ama_addmuladd_16s_16s_5ns_25s_26_4_1_U72                 | 1   |        | tmp107      | add  | dsp_slice | 3       |
|    ama_addmuladd_16s_16s_5ns_25s_26_4_1_U72                 | 1   |        | tmp107_cast | sext | dsp_slice | 3       |
|    ama_addmuladd_16s_16s_5ns_25s_26_4_1_U72                 | 1   |        | tmp108      | mul  | dsp_slice | 3       |
|    ama_addmuladd_16s_16s_5ns_25s_26_4_1_U72                 | 1   |        | tmp108_cast | sext | dsp_slice | 3       |
|    tmp109_fu_1274_p2                                        |     |        | tmp109      | add  | fabric    | 0       |
|    tmp110_fu_2305_p2                                        |     |        | tmp110      | sub  | fabric    | 0       |
|    ama_addmuladd_16s_16s_7ns_19s_24_4_1_U54                 | 1   |        | tmp111      | add  | dsp_slice | 3       |
|    ama_addmuladd_16s_16s_7ns_19s_24_4_1_U54                 | 1   |        | tmp111_cast | sext | dsp_slice | 3       |
|    ama_addmuladd_16s_16s_7ns_19s_24_4_1_U54                 | 1   |        | tmp112      | mul  | dsp_slice | 3       |
|    tmp113_fu_1280_p2                                        |     |        | tmp113      | add  | fabric    | 0       |
|    tmp114_fu_2326_p2                                        |     |        | tmp114      | sub  | fabric    | 0       |
|    ama_addmuladd_16s_16s_9s_26s_26_4_1_U55                  | 1   |        | tmp115      | add  | dsp_slice | 3       |
|    ama_addmuladd_16s_16s_9s_26s_26_4_1_U55                  | 1   |        | tmp115_cast | sext | dsp_slice | 3       |
|    ama_addmuladd_16s_16s_9s_26s_26_4_1_U55                  | 1   |        | tmp116      | mul  | dsp_slice | 3       |
|    ama_addmuladd_16s_16s_12s_32s_32_4_1_U37                 | 1   |        | add_ln68    | add  | dsp_slice | 3       |
|    ama_addmuladd_16s_16s_15ns_32s_32_4_1_U56                | 1   |        | add_ln68_1  | add  | dsp_slice | 3       |
|    ama_addmuladd_16s_16s_12s_30s_30_4_1_U57                 | 1   |        | add_ln68_2  | add  | dsp_slice | 3       |
|    ama_addmuladd_16s_16s_14s_30s_31_4_1_U73                 | 1   |        | add_ln68_3  | add  | dsp_slice | 3       |
|    ama_addmuladd_16s_16s_11ns_29s_29_4_1_U58                | 1   |        | add_ln68_5  | add  | dsp_slice | 3       |
|    ama_addmuladd_16s_16s_13s_29s_30_4_1_U74                 | 1   |        | add_ln68_6  | add  | dsp_slice | 3       |
|    ama_addmuladd_16s_16s_12s_29s_29_4_1_U59                 | 1   |        | add_ln68_7  | add  | dsp_slice | 3       |
|    ama_addmuladd_16s_16s_10ns_29s_29_4_1_U60                | 1   |        | add_ln68_8  | add  | dsp_slice | 3       |
|    add_ln68_9_fu_2403_p2                                    |     |        | add_ln68_9  | add  | fabric    | 0       |
|    add_ln68_10_fu_2530_p2                                   |     |        | add_ln68_10 | add  | fabric    | 0       |
|    ama_addmuladd_16s_16s_10ns_28s_28_4_1_U61                | 1   |        | add_ln68_12 | add  | dsp_slice | 3       |
|    ama_addmuladd_16s_16s_11s_28s_29_4_1_U75                 | 1   |        | add_ln68_13 | add  | dsp_slice | 3       |
|    ama_addmuladd_16s_16s_11s_28s_28_4_1_U62                 | 1   |        | add_ln68_14 | add  | dsp_slice | 3       |
|    ama_addmuladd_16s_16s_10s_28s_28_4_1_U63                 | 1   |        | add_ln68_15 | add  | dsp_slice | 3       |
|    add_ln68_16_fu_2418_p2                                   |     |        | add_ln68_16 | add  | fabric    | 0       |
|    add_ln68_17_fu_2552_p2                                   |     |        | add_ln68_17 | add  | fabric    | 0       |
|    ama_addmuladd_16s_16s_9s_27s_27_4_1_U64                  | 1   |        | add_ln68_18 | add  | dsp_slice | 3       |
|    ama_addmuladd_16s_16s_9ns_27s_28_4_1_U76                 | 1   |        | add_ln68_19 | add  | dsp_slice | 3       |
|    ama_addmuladd_16s_16s_10ns_25s_27_4_1_U45                | 1   |        | add_ln68_20 | add  | dsp_slice | 3       |
|    ama_addmuladd_16s_16s_10ns_28s_28_4_1_U65                | 1   |        | add_ln68_21 | add  | dsp_slice | 3       |
|    add_ln68_22_fu_2430_p2                                   |     |        | add_ln68_22 | add  | fabric    | 0       |
|    add_ln68_23_fu_2568_p2                                   |     |        | add_ln68_23 | add  | fabric    | 0       |
|    add_ln68_24_fu_2578_p2                                   |     |        | add_ln68_24 | add  | fabric    | 0       |
|    ama_addmuladd_16s_16s_9ns_27s_27_4_1_U66                 | 1   |        | add_ln68_26 | add  | dsp_slice | 3       |
|    add_ln68_27_fu_2435_p2                                   |     |        | add_ln68_27 | add  | fabric    | 0       |
|    ama_addmuladd_16s_16s_10s_25s_26_4_1_U48                 | 1   |        | add_ln68_28 | add  | dsp_slice | 3       |
|    ama_addmuladd_16s_16s_8s_26s_27_4_1_U67                  | 1   |        | add_ln68_29 | add  | dsp_slice | 3       |
|    add_ln68_30_fu_2447_p2                                   |     |        | add_ln68_30 | add  | fabric    | 0       |
|    ama_addmuladd_16s_16s_9s_26s_26_4_1_U49                  | 1   |        | add_ln68_31 | add  | dsp_slice | 3       |
|    ama_addmuladd_16s_16s_9ns_26s_27_4_1_U68                 | 1   |        | add_ln68_32 | add  | dsp_slice | 3       |
|    ama_addmuladd_16s_16s_8ns_26s_26_4_1_U69                 | 1   |        | add_ln68_33 | add  | dsp_slice | 3       |
|    ama_addmuladd_16s_16s_9s_26s_26_4_1_U70                  | 1   |        | add_ln68_34 | add  | dsp_slice | 3       |
|    add_ln68_35_fu_2466_p2                                   |     |        | add_ln68_35 | add  | fabric    | 0       |
|    add_ln68_36_fu_2476_p2                                   |     |        | add_ln68_36 | add  | fabric    | 0       |
|    add_ln68_37_fu_2486_p2                                   |     |        | add_ln68_37 | add  | fabric    | 0       |
|    ama_addmuladd_16s_16s_8s_25s_25_4_1_U71                  | 1   |        | add_ln68_38 | add  | dsp_slice | 3       |
|    ama_addmuladd_16s_16s_8ns_25s_26_4_1_U77                 | 1   |        | add_ln68_39 | add  | dsp_slice | 3       |
|    ama_addmuladd_16s_16s_8ns_24s_26_4_1_U53                 | 1   |        | add_ln68_40 | add  | dsp_slice | 3       |
|    ama_addmuladd_17s_17s_7s_25s_25_4_1_U35                  | 1   |        | add_ln68_41 | add  | dsp_slice | 3       |
|    add_ln68_42_fu_2345_p2                                   |     |        | add_ln68_42 | add  | fabric    | 0       |
|    add_ln68_43_fu_2603_p2                                   |     |        | add_ln68_43 | add  | fabric    | 0       |
|    ama_submuladd_18s_16s_7ns_23s_25_4_1_U36                 | 1   |        | add_ln68_44 | add  | dsp_slice | 3       |
|    ama_addmuladd_16s_16s_5ns_25s_26_4_1_U72                 | 1   |        | add_ln68_45 | add  | dsp_slice | 3       |
|    ama_addmuladd_16s_16s_7ns_19s_24_4_1_U54                 | 1   |        | add_ln68_46 | add  | dsp_slice | 3       |
|    ama_addmuladd_16s_16s_9s_26s_26_4_1_U55                  | 1   |        | add_ln68_47 | add  | dsp_slice | 3       |
|    add_ln68_50_fu_2616_p2                                   |     |        | add_ln68_50 | add  | fabric    | 0       |
|    add_ln68_51_fu_2626_p2                                   |     |        | add_ln68_51 | add  | fabric    | 0       |
+-------------------------------------------------------------+-----+--------+-------------+------+-----------+---------+


================================================================
== Storage Report
================================================================
  No bind storage info in design

================================================================
== Pragma Report
================================================================
* Valid Pragma Syntax
+-----------+-------------------------------+-----------------------------------------+
| Type      | Options                       | Location                                |
+-----------+-------------------------------+-----------------------------------------+
| interface | mode=axis port=input          | FIR_HLS.cpp:15 in multirate_v3, input   |
| interface | mode=axis port=output         | FIR_HLS.cpp:16 in multirate_v3, output  |
| interface | mode=ap_ctrl_none port=return | FIR_HLS.cpp:17 in multirate_v3, return  |
| pipeline  |                               | FIR_HLS.cpp:61 in fir_filter            |
| pipeline  |                               | FIR_HLS.cpp:81 in fir_filter_transposed |
+-----------+-------------------------------+-----------------------------------------+


